prep U50 5 ticks 273 train universe size med 16 p90 25 secs 0.4
prep U50 15 ticks 91 train universe size med 15 p90 25 secs 16.0
prep U100 5 ticks 273 train universe size med 12 p90 20 secs 26.3
prep U100 15 ticks 91 train universe size med 12 p90 20 secs 38.3
prep U250 5 ticks 273 train universe size med 5 p90 12 secs 47.5
prep U250 15 ticks 91 train universe size med 5 p90 12 secs 56.1
configs tried in grid 720 secs 61.7
=== random controls (same mechanics) ===
U50  e5  random:r1                K1 b0 stopNone  n 134 pairs 31 top0.13 mean50  -3.19 med  -3.42 win  11.9 pf 0.235  sum   -856.1 mean0  -2.22 hold   6.0 | h1  -3.63 (67) h2  -2.76 (67)
U50  e5  random:r1                K1 b0 stop-8.0  n 135 pairs 31 top0.13 mean50  -3.48 med  -3.57 win  11.1 pf 0.199  sum   -941.0 mean0  -2.52 hold   5.5 | h1  -4.07 (68) h2  -2.89 (67)
U50  e5  random:r1                K1 b2 stopNone  n 112 pairs 31 top0.11 mean50  -3.31 med  -3.40 win  12.5 pf 0.23   sum   -742.2 mean0  -2.34 hold   7.2 | h1  -4.01 (47) h2  -2.81 (65)
U50  e5  random:r1                K1 b2 stop-8.0  n 115 pairs 31 top0.11 mean50  -3.57 med  -3.56 win  11.3 pf 0.219  sum   -821.6 mean0  -2.60 hold   6.5 | h1   -4.4 (50) h2  -2.94 (65)
U50  e5  random:r1                K3 b0 stopNone  n 332 pairs 39 top0.09 mean50  -3.35 med  -3.26 win  13.6 pf 0.255  sum  -2220.8 mean0  -2.37 hold   7.3 | h1  -3.95 (139) h2  -2.91 (193)
U50  e5  random:r1                K3 b0 stop-8.0  n 342 pairs 39 top0.09 mean50  -3.50 med  -3.42 win  12.9 pf 0.22   sum  -2391.2 mean0  -2.53 hold   6.3 | h1  -4.36 (149) h2  -2.83 (193)
U50  e5  random:r1                K3 b2 stopNone  n 237 pairs 36 top0.07 mean50  -3.26 med  -3.04 win  14.8 pf 0.274  sum  -1545.5 mean0  -2.29 hold  10.3 | h1  -3.12 (70) h2  -3.32 (167)
U50  e5  random:r1                K3 b2 stop-8.0  n 251 pairs 36 top0.08 mean50  -3.30 med  -3.18 win  15.1 pf 0.25   sum  -1657.7 mean0  -2.33 hold   9.1 | h1  -3.87 (82) h2  -3.03 (169)
U50  e15 random:r1                K1 b0 stopNone  n  47 pairs 22 top0.13 mean50  -4.79 med  -3.72 win   8.5 pf 0.059  sum   -450.0 mean0  -3.83 hold  16.9 | h1   -5.8 (25) h2  -3.63 (22)
U50  e15 random:r1                K1 b0 stop-8.0  n  47 pairs 22 top0.13 mean50  -4.82 med  -3.85 win   6.4 pf 0.046  sum   -453.2 mean0  -3.87 hold  14.1 | h1  -5.58 (25) h2  -3.97 (22)
U50  e15 random:r1                K1 b2 stopNone  n  34 pairs 21 top0.12 mean50  -2.85 med  -2.87 win  14.7 pf 0.281  sum   -193.7 mean0  -1.87 hold  23.8 | h1  -3.25 (13) h2   -2.6 (21)
U50  e15 random:r1                K1 b2 stop-8.0  n  42 pairs 22 top0.10 mean50  -4.65 med  -3.72 win   7.1 pf 0.074  sum   -390.4 mean0  -3.69 hold  16.1 | h1   -5.4 (20) h2  -3.97 (22)
U50  e15 random:r1                K3 b0 stopNone  n 102 pairs 34 top0.10 mean50  -3.16 med  -3.24 win  16.7 pf 0.316  sum   -643.8 mean0  -2.18 hold  23.8 | h1  -3.99 (45) h2  -2.49 (57)
U50  e15 random:r1                K3 b0 stop-8.0  n 113 pairs 34 top0.10 mean50  -3.79 med  -3.66 win  14.2 pf 0.234  sum   -857.3 mean0  -2.83 hold  17.4 | h1  -4.51 (56) h2  -3.08 (57)
U50  e15 random:r1                K3 b2 stopNone  n  79 pairs 33 top0.10 mean50  -3.26 med  -2.97 win  19.0 pf 0.31   sum   -515.1 mean0  -2.29 hold  30.8 | h1  -4.48 (26) h2  -2.66 (53)
U50  e15 random:r1                K3 b2 stop-8.0  n  88 pairs 33 top0.11 mean50  -3.16 med  -3.28 win  18.2 pf 0.342  sum   -556.7 mean0  -2.19 hold  24.6 | h1  -3.01 (34) h2  -3.26 (54)
U100 e5  random:r1                K1 b0 stopNone  n 121 pairs 25 top0.17 mean50  -2.79 med  -2.92 win  13.2 pf 0.251  sum   -675.9 mean0  -1.82 hold   6.7 | h1  -2.67 (54) h2  -2.89 (67)
U100 e5  random:r1                K1 b0 stop-8.0  n 123 pairs 25 top0.17 mean50  -3.04 med  -2.93 win  12.2 pf 0.213  sum   -746.6 mean0  -2.06 hold   6.1 | h1  -3.02 (56) h2  -3.05 (67)
U100 e5  random:r1                K1 b2 stopNone  n  74 pairs 23 top0.08 mean50  -3.30 med  -2.93 win   5.4 pf 0.073  sum   -489.0 mean0  -2.33 hold  11.1 | h1  -3.79 (16) h2  -3.17 (58)
U100 e5  random:r1                K1 b2 stop-8.0  n  75 pairs 23 top0.08 mean50  -3.65 med  -2.97 win   4.0 pf 0.016  sum   -547.4 mean0  -2.68 hold  10.6 | h1  -4.65 (17) h2  -3.36 (58)
U100 e5  random:r1                K3 b0 stopNone  n 234 pairs 28 top0.09 mean50  -2.76 med  -2.86 win  10.7 pf 0.187  sum  -1292.0 mean0  -1.78 hold  10.0 | h1  -3.52 (59) h2  -2.51 (175)
U100 e5  random:r1                K3 b0 stop-8.0  n 240 pairs 28 top0.10 mean50  -2.92 med  -2.92 win  10.0 pf 0.211  sum  -1402.8 mean0  -1.95 hold   9.3 | h1  -3.86 (65) h2  -2.57 (175)
U100 e5  random:r1                K3 b2 stopNone  n 195 pairs 27 top0.08 mean50  -2.78 med  -2.89 win  10.3 pf 0.235  sum  -1085.2 mean0  -1.81 hold  12.0 | h1   -2.9 (41) h2  -2.75 (154)
U100 e5  random:r1                K3 b2 stop-8.0  n 207 pairs 28 top0.09 mean50  -3.12 med  -2.97 win   9.7 pf 0.217  sum  -1293.9 mean0  -2.15 hold  10.7 | h1  -3.95 (52) h2  -2.85 (155)
U100 e15 random:r1                K1 b0 stopNone  n  43 pairs 21 top0.19 mean50  -3.76 med  -2.87 win  11.6 pf 0.156  sum   -323.5 mean0  -2.80 hold  18.8 | h1  -4.61 (21) h2  -2.95 (22)
U100 e15 random:r1                K1 b0 stop-8.0  n  44 pairs 21 top0.18 mean50  -4.09 med  -2.97 win  11.4 pf 0.142  sum   -360.1 mean0  -3.13 hold  14.3 | h1  -4.87 (22) h2  -3.32 (22)
U100 e15 random:r1                K1 b2 stopNone  n  30 pairs 20 top0.13 mean50  -0.26 med  -2.65 win  13.3 pf 0.916  sum    -15.4 mean0   0.74 hold  27.0 | h1   4.69 (10) h2  -2.73 (20)
U100 e15 random:r1                K1 b2 stop-8.0  n  31 pairs 20 top0.13 mean50  -3.44 med  -2.87 win   6.5 pf 0.087  sum   -213.2 mean0  -2.47 hold  24.7 | h1   -4.0 (11) h2  -3.13 (20)
U100 e15 random:r1                K3 b0 stopNone  n  83 pairs 26 top0.10 mean50  -3.31 med  -2.95 win  15.7 pf 0.271  sum   -549.5 mean0  -2.34 hold  27.9 | h1  -4.47 (27) h2  -2.75 (56)
U100 e15 random:r1                K3 b0 stop-8.0  n  92 pairs 26 top0.11 mean50  -3.45 med  -3.28 win  13.0 pf 0.314  sum   -634.5 mean0  -2.48 hold  20.9 | h1  -4.83 (36) h2  -2.56 (56)
U100 e15 random:r1                K3 b2 stopNone  n  70 pairs 25 top0.10 mean50  -2.60 med  -2.92 win  15.7 pf 0.432  sum   -363.2 mean0  -1.62 hold  32.8 | h1  -2.49 (21) h2  -2.64 (49)
U100 e15 random:r1                K3 b2 stop-8.0  n  84 pairs 26 top0.11 mean50  -3.30 med  -3.25 win  13.1 pf 0.344  sum   -553.9 mean0  -2.33 hold  23.1 | h1  -4.72 (34) h2  -2.33 (50)
U250 e5  random:r1                K1 b0 stopNone  n  79 pairs 15 top0.14 mean50  -3.06 med  -2.79 win   3.8 pf 0.005  sum   -484.1 mean0  -2.09 hold   6.6 | h1  -3.88 (16) h2  -2.86 (63)
U250 e5  random:r1                K1 b0 stop-8.0  n  79 pairs 15 top0.14 mean50  -2.96 med  -2.79 win   3.8 pf 0.005  sum   -467.8 mean0  -1.99 hold   6.5 | h1  -3.37 (16) h2  -2.86 (63)
U250 e5  random:r1                K1 b2 stopNone  n  53 pairs 14 top0.11 mean50  -3.20 med  -2.86 win   5.7 pf 0.056  sum   -339.1 mean0  -2.23 hold   9.8 | h1  -3.83 (8) h2  -3.09 (45)
U250 e5  random:r1                K1 b2 stop-8.0  n  53 pairs 14 top0.11 mean50  -3.05 med  -2.86 win   5.7 pf 0.059  sum   -322.9 mean0  -2.07 hold   9.6 | h1  -2.82 (8) h2  -3.09 (45)
U250 e5  random:r1                K3 b0 stopNone  n 165 pairs 16 top0.13 mean50  -2.58 med  -2.71 win   7.3 pf 0.128  sum   -850.5 mean0  -1.60 hold   9.1 | h1  -2.81 (22) h2  -2.54 (143)
U250 e5  random:r1                K3 b0 stop-8.0  n 165 pairs 16 top0.13 mean50  -2.53 med  -2.71 win   7.3 pf 0.13   sum   -834.3 mean0  -1.55 hold   9.0 | h1  -2.44 (22) h2  -2.54 (143)
U250 e5  random:r1                K3 b2 stopNone  n  94 pairs 16 top0.12 mean50  -3.12 med  -2.70 win   7.4 pf 0.07   sum   -587.3 mean0  -2.15 hold  15.9 | h1  -6.21 (6) h2  -2.91 (88)
U250 e5  random:r1                K3 b2 stop-8.0  n  95 pairs 16 top0.12 mean50  -3.06 med  -2.70 win   7.4 pf 0.07   sum   -581.0 mean0  -2.08 hold  15.7 | h1  -4.94 (7) h2  -2.91 (88)
U250 e15 random:r1                K1 b0 stopNone  n  29 pairs 15 top0.17 mean50  -3.69 med  -2.70 win   3.4 pf 0.004  sum   -214.0 mean0  -2.72 hold  18.2 | h1  -5.73 (7) h2  -3.04 (22)
U250 e15 random:r1                K1 b0 stop-8.0  n  29 pairs 15 top0.17 mean50  -3.26 med  -2.70 win   3.4 pf 0.005  sum   -189.3 mean0  -2.29 hold  17.5 | h1  -3.97 (7) h2  -3.04 (22)
U250 e15 random:r1                K1 b2 stopNone  n  22 pairs 14 top0.14 mean50  -3.65 med  -2.92 win   9.1 pf 0.103  sum   -160.4 mean0  -2.68 hold  24.0 | h1  -5.02 (5) h2  -3.24 (17)
U250 e15 random:r1                K1 b2 stop-8.0  n  22 pairs 14 top0.14 mean50  -3.09 med  -2.92 win   9.1 pf 0.119  sum   -136.0 mean0  -2.12 hold  23.0 | h1  -2.55 (5) h2  -3.25 (17)
U250 e15 random:r1                K3 b0 stopNone  n  60 pairs 15 top0.15 mean50  -2.24 med  -2.41 win  13.3 pf 0.321  sum   -268.3 mean0  -1.25 hold  25.3 | h1  -3.02 (12) h2  -2.04 (48)
U250 e15 random:r1                K3 b0 stop-8.0  n  60 pairs 15 top0.15 mean50  -2.03 med  -2.41 win  13.3 pf 0.343  sum   -243.1 mean0  -1.04 hold  24.8 | h1  -1.99 (12) h2  -2.03 (48)
U250 e15 random:r1                K3 b2 stopNone  n  39 pairs 15 top0.10 mean50  -1.88 med  -2.39 win  12.8 pf 0.405  sum   -146.6 mean0  -0.89 hold  38.5 | h1  -7.39 (5) h2  -1.07 (34)
U250 e15 random:r1                K3 b2 stop-8.0  n  40 pairs 15 top0.10 mean50  -1.57 med  -2.11 win  12.5 pf 0.442  sum   -126.0 mean0  -0.59 hold  37.2 | h1  -4.71 (6) h2  -1.02 (34)
=== top 40 by train mean net50 (n>=20) ===
U50  e15 factor:liq               K3 b2 stopNone  n  22 pairs  9 top0.18 mean50   1.22 med  -1.75 win  22.7 pf 1.271  sum     53.6 mean0   2.23 hold 115.2 | h1   0.03 (13) h2   2.93 (9)
U100 e15 factor:neg_pc6h          K1 b0 stopNone  n  22 pairs  9 top0.41 mean50   0.99 med   0.50 win  50.0 pf 1.173  sum     43.5 mean0   2.00 hold  36.9 | h1   1.89 (11) h2   0.09 (11)
U50  e5  factor:neg_pc6h          K3 b2 stopNone  n  32 pairs 14 top0.16 mean50   0.80 med  -1.79 win  46.9 pf 1.103  sum     51.1 mean0   1.81 hold  83.6 | h1   3.38 (15) h2  -1.48 (17)
U50  e5  factor:liq               K3 b2 stopNone  n  22 pairs  9 top0.18 mean50   0.76 med  -1.26 win  27.3 pf 1.187  sum     33.5 mean0   1.77 hold 120.2 | h1  -0.75 (13) h2   2.95 (9)
U50  e15 factor:liq               K3 b0 stopNone  n  26 pairs 10 top0.15 mean50   0.29 med  -1.99 win  15.4 pf 1.065  sum     15.3 mean0   1.30 hold  95.2 | h1  -0.95 (16) h2   2.29 (10)
U100 e15 factor:neg_turn1h        K3 b2 stopNone  n  25 pairs 15 top0.12 mean50   0.12 med  -2.94 win  24.0 pf 1.026  sum      6.1 mean0   1.13 hold 100.8 | h1   -0.2 (13) h2   0.48 (12)
U100 e5  rank:liq+neg_vol15       K3 b2 stopNone  n  35 pairs 14 top0.14 mean50   0.10 med  -1.90 win  20.0 pf 1.022  sum      6.8 mean0   1.10 hold  74.4 | h1   0.23 (16) h2  -0.01 (19)
U100 e15 random:r1                K1 b2 stopNone  n  30 pairs 20 top0.13 mean50  -0.26 med  -2.65 win  13.3 pf 0.916  sum    -15.4 mean0   0.74 hold  27.0 | h1   4.69 (10) h2  -2.73 (20)
U100 e15 rank:liq+neg_vol15       K3 b0 stopNone  n  41 pairs 14 top0.20 mean50  -0.27 med  -2.22 win  19.5 pf 0.927  sum    -21.7 mean0   0.74 hold  56.7 | h1   0.12 (18) h2  -0.57 (23)
U50  e15 rank:liq+neg_pc1h        K3 b2 stopNone  n  39 pairs 18 top0.13 mean50  -0.28 med  -1.89 win  38.5 pf 0.925  sum    -22.0 mean0   0.72 hold  63.8 | h1   -2.0 (18) h2   1.19 (21)
U100 e5  factor:liq               K3 b2 stopNone  n  23 pairs 10 top0.17 mean50  -0.41 med  -2.14 win  21.7 pf 0.922  sum    -19.1 mean0   0.58 hold 110.3 | h1  -2.58 (14) h2   2.95 (9)
U50  e15 rank:liq+neg_vol15       K3 b2 stopNone  n  30 pairs 16 top0.13 mean50  -0.45 med  -2.83 win  30.0 pf 0.889  sum    -26.8 mean0   0.55 hold  88.0 | h1  -1.47 (17) h2   0.89 (13)
U100 e15 factor:liq               K3 b2 stopNone  n  22 pairs  9 top0.18 mean50  -0.46 med  -2.58 win  18.2 pf 0.907  sum    -20.1 mean0   0.54 hold 109.8 | h1   -2.8 (13) h2   2.93 (9)
U100 e15 rank:liq+neg_pc1h        K3 b0 stopNone  n  50 pairs 18 top0.12 mean50  -0.46 med  -2.22 win  26.0 pf 0.856  sum    -46.0 mean0   0.54 hold  47.7 | h1  -2.09 (18) h2   0.46 (32)
U100 e15 factor:neg_vol15         K3 b2 stopNone  n  34 pairs 16 top0.15 mean50  -0.46 med  -2.34 win  23.5 pf 0.883  sum    -31.4 mean0   0.54 hold  70.6 | h1   -0.7 (15) h2  -0.27 (19)
U100 e5  factor:neg_pc6h          K3 b2 stopNone  n  33 pairs 14 top0.21 mean50  -0.54 med  -4.26 win  42.4 pf 0.921  sum    -35.3 mean0   0.46 hold  77.9 | h1   0.65 (15) h2  -1.52 (18)
U100 e15 factor:liq               K3 b0 stopNone  n  23 pairs  9 top0.17 mean50  -0.59 med  -2.50 win  17.4 pf 0.879  sum    -27.1 mean0   0.41 hold 104.4 | h1   -2.8 (13) h2   2.29 (10)
U50  e15 rank:liq+neg_pc1h        K3 b0 stopNone  n  55 pairs 22 top0.09 mean50  -0.74 med  -2.27 win  27.3 pf 0.794  sum    -81.5 mean0   0.26 hold  45.3 | h1   -1.0 (26) h2  -0.51 (29)
U50  e15 factor:neg_turn1h        K3 b2 stopNone  n  27 pairs 15 top0.11 mean50  -0.84 med  -3.64 win  18.5 pf 0.815  sum    -45.6 mean0   0.15 hold  97.2 | h1  -1.59 (14) h2  -0.04 (13)
U250 e5  rank:liq+neg_vol15       K3 b2 stopNone  n  22 pairs  7 top0.23 mean50  -0.98 med  -1.78 win  13.6 pf 0.669  sum    -43.0 mean0   0.02 hold  80.2 | h1  -5.17 (6) h2   0.59 (16)
U50  e15 factor:neg_pc6h          K3 b2 stopNone  n  28 pairs 15 top0.14 mean50  -1.01 med  -1.92 win  46.4 pf 0.896  sum    -56.5 mean0  -0.01 hold  91.1 | h1  -0.63 (15) h2  -1.45 (13)
U250 e15 rank:liq+neg_pc1h        K3 b0 stopNone  n  37 pairs 10 top0.19 mean50  -1.06 med  -1.97 win  18.9 pf 0.6    sum    -78.6 mean0  -0.07 hold  43.4 | h1  -4.76 (8) h2  -0.04 (29)
U100 e15 factor:neg_vol15         K3 b0 stopNone  n  54 pairs 16 top0.17 mean50  -1.08 med  -2.29 win  20.4 pf 0.687  sum   -116.7 mean0  -0.09 hold  43.4 | h1  -0.98 (24) h2  -1.16 (30)
U100 e15 rank:liq+neg_vol15       K3 b2 stopNone  n  26 pairs 14 top0.15 mean50  -1.14 med  -2.14 win  26.9 pf 0.749  sum    -59.4 mean0  -0.15 hold  95.2 | h1  -2.94 (14) h2   0.96 (12)
U100 e5  rank:liq+neg_pc1h        K3 b2 stopNone  n  48 pairs 20 top0.10 mean50  -1.16 med  -2.20 win  25.0 pf 0.665  sum   -111.2 mean0  -0.17 hold  50.7 | h1   -1.1 (22) h2  -1.21 (26)
U100 e15 rank:liq+neg_pc1h        K3 b2 stopNone  n  34 pairs 15 top0.12 mean50  -1.17 med  -1.72 win  38.2 pf 0.685  sum    -79.5 mean0  -0.18 hold  71.1 | h1  -2.64 (15) h2  -0.01 (19)
U50  e5  rank:liq+neg_vol15       K3 b2 stopNone  n  38 pairs 14 top0.13 mean50  -1.23 med  -1.90 win  23.7 pf 0.617  sum    -93.3 mean0  -0.23 hold  71.0 | h1   -2.7 (19) h2   0.25 (19)
U100 e15 factor:neg_pc6h          K3 b0 stopNone  n  31 pairs 14 top0.19 mean50  -1.27 med  -4.68 win  32.3 pf 0.81   sum    -78.7 mean0  -0.28 hold  79.9 | h1   -1.2 (15) h2  -1.33 (16)
U100 e15 factor:neg_turn1h        K3 b0 stopNone  n  38 pairs 16 top0.13 mean50  -1.30 med  -2.92 win  13.2 pf 0.672  sum    -98.7 mean0  -0.31 hold  64.0 | h1  -1.96 (18) h2   -0.7 (20)
U250 e5  rank:liq+neg_vol15       K1 b0 stopNone  n  28 pairs  5 top0.32 mean50  -1.35 med  -2.12 win   7.1 pf 0.537  sum    -75.5 mean0  -0.36 hold  19.1 | h1  -5.14 (8) h2   0.17 (20)
U250 e15 factor:neg_vol15         K1 b0 stopNone  n  20 pairs  7 top0.25 mean50  -1.37 med  -2.37 win  10.0 pf 0.619  sum    -55.0 mean0  -0.38 hold  27.0 | h1  -7.61 (5) h2   0.71 (15)
U100 e5  rank:liq+neg_pc1h        K3 b0 stopNone  n  84 pairs 21 top0.13 mean50  -1.43 med  -2.22 win  20.2 pf 0.561  sum   -239.6 mean0  -0.44 hold  29.0 | h1  -1.62 (29) h2  -1.33 (55)
U250 e15 rank:liq+neg_pc1h        K3 b0 stop-8.0  n  37 pairs 10 top0.19 mean50  -1.54 med  -2.16 win  18.9 pf 0.508  sum   -114.1 mean0  -0.55 hold  39.7 | h1  -3.22 (8) h2  -1.08 (29)
U250 e5  rank:liq+neg_pc1h        K3 b0 stopNone  n  62 pairs 11 top0.16 mean50  -1.57 med  -2.21 win  12.9 pf 0.387  sum   -195.1 mean0  -0.58 hold  26.0 | h1  -3.84 (13) h2  -0.97 (49)
U250 e15 random:r1                K3 b2 stop-8.0  n  40 pairs 15 top0.10 mean50  -1.57 med  -2.11 win  12.5 pf 0.442  sum   -126.0 mean0  -0.59 hold  37.2 | h1  -4.71 (6) h2  -1.02 (34)
U100 e5  factor:liq               K3 b0 stopNone  n  28 pairs 11 top0.14 mean50  -1.58 med  -1.89 win  25.0 pf 0.722  sum    -88.6 mean0  -0.59 hold  90.4 | h1  -3.64 (18) h2   2.13 (10)
U50  e15 rank:liq+neg_pc1h        K3 b2 stop-8.0  n  51 pairs 20 top0.10 mean50  -1.62 med  -3.10 win  33.3 pf 0.613  sum   -165.3 mean0  -0.63 hold  46.8 | h1  -3.55 (27) h2   0.55 (24)
U50  e15 rank:liq+neg_pc1h        K3 b0 stop-8.0  n  62 pairs 22 top0.11 mean50  -1.66 med  -2.63 win  24.2 pf 0.598  sum   -205.2 mean0  -0.67 hold  35.8 | h1  -3.19 (32) h2  -0.01 (30)
U100 e15 factor:neg_pc6h          K3 b2 stopNone  n  22 pairs 12 top0.23 mean50  -1.67 med  -4.26 win  45.5 pf 0.784  sum    -73.4 mean0  -0.68 hold 113.2 | h1  -0.86 (13) h2  -2.84 (9)
U100 e5  factor:neg_turn1h        K3 b2 stopNone  n  33 pairs 17 top0.15 mean50  -1.68 med  -3.20 win  18.2 pf 0.639  sum   -110.6 mean0  -0.69 hold  76.0 | h1   0.59 (15) h2  -3.56 (18)
=== train mean net50 > 0, n >= 30, pairs >= 8, top <= 0.35 ===
U50  e5  factor:neg_pc6h          K3 b2 stopNone  n  32 pairs 14 top0.16 mean50   0.80 med  -1.79 win  46.9 pf 1.103  sum     51.1 mean0   1.81 hold  83.6 | h1   3.38 (15) h2  -1.48 (17)
U100 e5  rank:liq+neg_vol15       K3 b2 stopNone  n  35 pairs 14 top0.14 mean50   0.10 med  -1.90 win  20.0 pf 1.022  sum      6.8 mean0   1.10 hold  74.4 | h1   0.23 (16) h2  -0.01 (19)
=== average train mean50 across all mechanics, by universe x spec ===
U100 factor:neg_pc6h            avg  -2.15 min  -5.16 max   2.65 (16 cfgs)
U50  rank:liq+neg_pc1h          avg  -2.46 min  -5.70 max   2.52 (16 cfgs)
U100 rank:liq+neg_pc1h          avg  -2.51 min  -5.18 max  -0.46 (16 cfgs)
U250 random:r1                  avg  -2.81 min  -3.69 max  -1.57 (16 cfgs)
U100 random:r1                  avg  -3.04 min  -4.09 max  -0.26 (16 cfgs)
U250 rank:liq+neg_pc1h          avg  -3.05 min  -4.80 max  -1.06 (16 cfgs)
U250 factor:neg_ret15           avg  -3.17 min  -5.11 max  -2.38 (16 cfgs)
U250 factor:vacc                avg  -3.28 min  -4.63 max  -2.62 (16 cfgs)
U50  factor:neg_turn1h          avg  -3.36 min  -5.92 max  -0.84 (16 cfgs)
U50  factor:neg_pc6h            avg  -3.47 min  -6.94 max   3.06 (16 cfgs)
U100 factor:neg_turn1h          avg  -3.52 min  -5.80 max   0.55 (16 cfgs)
U250 factor:neg_turn1h          avg  -3.55 min  -5.16 max  -1.14 (16 cfgs)
U50  random:r1                  avg  -3.59 min  -4.82 max  -2.85 (16 cfgs)
U100 factor:neg_vol15           avg  -3.60 min  -6.86 max  -0.46 (16 cfgs)
U250 factor:pc5                 avg  -3.73 min  -5.37 max  -2.91 (16 cfgs)
U100 rank:liq+neg_vol15         avg  -3.82 min -12.88 max   0.10 (16 cfgs)
U100 factor:neg_ret15           avg  -3.82 min  -5.21 max  -2.99 (16 cfgs)
U250 factor:neg_pc1h            avg  -3.82 min  -5.65 max  -2.84 (16 cfgs)
U250 factor:neg_vol15           avg  -3.82 min  -7.65 max  -1.37 (16 cfgs)
U100 factor:vacc                avg  -3.84 min  -5.06 max  -2.81 (16 cfgs)
U250 factor:bshare5             avg  -4.06 min  -5.82 max  -2.97 (16 cfgs)
U50  factor:neg_vol15           avg  -4.21 min  -7.61 max  -2.25 (16 cfgs)
U100 factor:uw5                 avg  -4.21 min  -6.01 max  -1.35 (16 cfgs)
U250 factor:neg_pc6h            avg  -4.26 min  -6.03 max  -2.83 (16 cfgs)
U100 factor:ret15               avg  -4.27 min  -5.63 max  -2.16 (16 cfgs)
U250 factor:liqg15              avg  -4.30 min  -5.48 max  -3.16 (16 cfgs)
U100 factor:liqg15              avg  -4.31 min  -5.80 max  -2.00 (16 cfgs)
U250 factor:uw5                 avg  -4.33 min  -7.05 max  -3.15 (16 cfgs)
U250 factor:ret15               avg  -4.38 min  -6.55 max  -3.16 (16 cfgs)
U100 factor:bshare5             avg  -4.38 min  -7.20 max  -2.33 (16 cfgs)
U250 rank:liq+neg_vol15         avg  -4.62 min -14.72 max  -0.98 (16 cfgs)
U50  rank:liq+neg_vol15         avg  -4.67 min -12.12 max  -0.45 (16 cfgs)
U100 factor:neg_pc1h            avg  -5.02 min  -8.87 max  -3.49 (16 cfgs)
U100 factor:pc5                 avg  -5.25 min  -7.70 max  -4.16 (16 cfgs)
U50  factor:neg_pc1h            avg  -5.44 min  -7.44 max  -3.44 (16 cfgs)
U50  factor:neg_ret15           avg  -5.69 min  -8.90 max  -3.66 (16 cfgs)
U50  factor:bshare5             avg  -5.99 min -12.89 max  -2.42 (16 cfgs)
U50  factor:liqg15              avg  -6.23 min  -7.70 max  -4.90 (16 cfgs)
U50  factor:vacc                avg  -6.24 min  -8.68 max  -3.99 (16 cfgs)
U50  factor:ret15               avg  -6.27 min  -7.51 max  -5.48 (16 cfgs)
U50  factor:pc5                 avg  -6.53 min -10.72 max  -4.76 (16 cfgs)
U50  factor:liq                 avg  -7.24 min -19.07 max   1.22 (16 cfgs)
U100 factor:liq                 avg  -7.62 min -19.07 max  -0.41 (16 cfgs)
U50  factor:uw5                 avg  -8.28 min -14.24 max  -4.81 (16 cfgs)
U250 factor:liq                 avg  -8.48 min -23.60 max  -0.30 (16 cfgs)
