prep U50 5 train universe size med 16 secs 0.5
prep U50 15 train universe size med 15 secs 4.8
prep U100 5 train universe size med 12 secs 8.0
prep U100 15 train universe size med 12 secs 11.4
prep U50old 5 train universe size med 13 secs 14.3
prep U50old 15 train universe size med 13 secs 17.7
prep U100old 5 train universe size med 10 secs 20.4
prep U100old 15 train universe size med 10 secs 23.3
configs tried in grid2 288 secs 25.2
U100    e5  factor:liq               mh120  gate breadth15 n  45 pairs  7 top0.29 mean50  -2.81 med  -2.14 win   4.4 pf 0.006  sum   -252.8 mean0  -1.83 hold   20.0 ci [-8.355, -3.968] | h1  -4.96 (12) h2  -2.03 (33)
U100    e5  factor:liq               mh120  gate medpc1h   n  41 pairs  7 top0.29 mean50  -3.09 med  -2.24 win   4.9 pf 0.015  sum   -253.3 mean0  -2.12 hold   12.8 ci [-8.977, -4.276] | h1  -7.43 (8) h2  -2.04 (33)
U100    e5  factor:liq               mh120  gate none      n  23 pairs 10 top0.17 mean50  -0.41 med  -2.14 win  21.7 pf 0.922  sum    -19.1 mean0   0.58 hold  110.3 ci [-12.601, 12.968] | h1  -2.58 (14) h2   2.95 (9)
U100    e5  factor:liq               mhNone gate breadth15 n  45 pairs  7 top0.29 mean50  -2.81 med  -2.14 win   4.4 pf 0.006  sum   -252.8 mean0  -1.83 hold   20.0 ci [-8.355, -3.968] | h1  -4.96 (12) h2  -2.03 (33)
U100    e5  factor:liq               mhNone gate medpc1h   n  41 pairs  7 top0.29 mean50  -3.09 med  -2.24 win   4.9 pf 0.015  sum   -253.3 mean0  -2.12 hold   12.8 ci [-8.977, -4.276] | h1  -7.43 (8) h2  -2.04 (33)
U100    e5  factor:liq               mhNone gate none      n   9 pairs  9 top0.11 mean50  -3.50 med  -9.63 win  33.3 pf 0.632  sum    -63.0 mean0  -2.53 hold  444.0 ci [-30.155, 23.237] | h1   -3.5 (9) h2   None (0)
U100    e5  factor:neg_pc6h          mh120  gate breadth15 n  48 pairs 11 top0.21 mean50  -3.56 med  -3.12 win  20.8 pf 0.238  sum   -341.9 mean0  -2.59 hold   18.0 ci [-11.409, -2.723] | h1  -4.36 (12) h2  -3.29 (36)
U100    e5  factor:neg_pc6h          mh120  gate medpc1h   n  41 pairs 12 top0.24 mean50  -3.84 med  -3.63 win   9.8 pf 0.254  sum   -314.8 mean0  -2.87 hold   12.1 ci [-12.364, -1.963] | h1  -7.63 (7) h2  -3.06 (34)
U100    e5  factor:neg_pc6h          mh120  gate none      n  33 pairs 14 top0.21 mean50  -0.54 med  -4.26 win  42.4 pf 0.921  sum    -35.3 mean0   0.46 hold   77.9 ci [-12.227, 10.082] | h1   0.65 (15) h2  -1.52 (18)
U100    e5  factor:neg_pc6h          mhNone gate breadth15 n  48 pairs 11 top0.21 mean50  -3.56 med  -3.12 win  20.8 pf 0.238  sum   -341.9 mean0  -2.59 hold   18.0 ci [-11.409, -2.723] | h1  -4.36 (12) h2  -3.29 (36)
U100    e5  factor:neg_pc6h          mhNone gate medpc1h   n  41 pairs 12 top0.24 mean50  -3.84 med  -3.63 win   9.8 pf 0.254  sum   -314.8 mean0  -2.87 hold   12.1 ci [-12.364, -1.963] | h1  -7.63 (7) h2  -3.06 (34)
U100    e5  factor:neg_pc6h          mhNone gate none      n  23 pairs 14 top0.22 mean50  -1.28 med  -3.03 win  47.8 pf 0.832  sum    -59.0 mean0  -0.29 hold  113.6 ci [-16.749, 12.216] | h1   1.81 (10) h2  -3.66 (13)
U100    e5  factor:neg_vol15         mh120  gate breadth15 n  51 pairs 15 top0.18 mean50  -2.91 med  -2.26 win   5.9 pf 0.015  sum   -297.0 mean0  -1.94 hold   13.9 ci [-8.232, -4.248] | h1  -4.72 (12) h2  -2.36 (39)
U100    e5  factor:neg_vol15         mh120  gate medpc1h   n  44 pairs 16 top0.18 mean50  -3.04 med  -2.31 win   2.3 pf 0.005  sum   -267.6 mean0  -2.07 hold   11.5 ci [-8.104, -4.604] | h1  -4.86 (7) h2   -2.7 (37)
U100    e5  factor:neg_vol15         mh120  gate none      n  47 pairs 19 top0.13 mean50  -1.96 med  -2.76 win  17.0 pf 0.507  sum   -184.1 mean0  -0.97 hold   53.2 ci [-8.989, 1.87] | h1   0.35 (17) h2  -3.27 (30)
U100    e5  factor:neg_vol15         mhNone gate breadth15 n  51 pairs 15 top0.18 mean50  -2.91 med  -2.26 win   5.9 pf 0.015  sum   -297.0 mean0  -1.94 hold   13.9 ci [-8.232, -4.248] | h1  -4.72 (12) h2  -2.36 (39)
U100    e5  factor:neg_vol15         mhNone gate medpc1h   n  44 pairs 16 top0.18 mean50  -3.04 med  -2.31 win   2.3 pf 0.005  sum   -267.6 mean0  -2.07 hold   11.5 ci [-8.104, -4.604] | h1  -4.86 (7) h2   -2.7 (37)
U100    e5  factor:neg_vol15         mhNone gate none      n  40 pairs 19 top0.15 mean50  -1.77 med  -2.36 win  20.0 pf 0.535  sum   -141.4 mean0  -0.78 hold   66.6 ci [-8.923, 3.839] | h1   1.41 (12) h2  -3.13 (28)
U100    e5  random:r1                mh120  gate breadth15 n  89 pairs 22 top0.11 mean50  -3.47 med  -2.99 win   6.7 pf 0.031  sum   -617.7 mean0  -2.50 hold    6.9 ci [-8.372, -5.667] | h1  -4.81 (22) h2  -3.03 (67)
U100    e5  random:r1                mh120  gate medpc1h   n  68 pairs 21 top0.10 mean50  -3.88 med  -2.84 win   4.4 pf 0.027  sum   -527.0 mean0  -2.91 hold    7.2 ci [-9.63, -6.184] | h1  -7.05 (10) h2  -3.33 (58)
U100    e5  random:r1                mh120  gate none      n 195 pairs 27 top0.08 mean50  -2.78 med  -2.89 win  10.3 pf 0.235  sum  -1085.2 mean0  -1.81 hold   12.0 ci [-7.271, -3.782] | h1   -2.9 (41) h2  -2.75 (154)
U100    e5  random:r1                mhNone gate breadth15 n  89 pairs 22 top0.11 mean50  -3.47 med  -2.99 win   6.7 pf 0.031  sum   -617.7 mean0  -2.50 hold    6.9 ci [-8.372, -5.667] | h1  -4.81 (22) h2  -3.03 (67)
U100    e5  random:r1                mhNone gate medpc1h   n  68 pairs 21 top0.10 mean50  -3.88 med  -2.84 win   4.4 pf 0.027  sum   -527.0 mean0  -2.91 hold    7.2 ci [-9.63, -6.184] | h1  -7.05 (10) h2  -3.33 (58)
U100    e5  random:r1                mhNone gate none      n 190 pairs 27 top0.07 mean50  -2.75 med  -2.84 win  10.0 pf 0.228  sum  -1045.3 mean0  -1.77 hold   12.4 ci [-7.236, -3.38] | h1  -2.75 (36) h2  -2.75 (154)
U100    e5  rank:liq+neg_pc1h        mh120  gate breadth15 n  48 pairs 15 top0.15 mean50  -2.61 med  -2.14 win  12.5 pf 0.12   sum   -250.5 mean0  -1.63 hold   16.8 ci [-8.318, -2.981] | h1  -3.56 (13) h2  -2.26 (35)
U100    e5  rank:liq+neg_pc1h        mh120  gate medpc1h   n  41 pairs 13 top0.17 mean50  -3.35 med  -2.37 win   9.8 pf 0.034  sum   -274.7 mean0  -2.38 hold   12.8 ci [-9.532, -4.444] | h1  -7.52 (8) h2  -2.34 (33)
U100    e5  rank:liq+neg_pc1h        mh120  gate none      n  48 pairs 20 top0.10 mean50  -1.16 med  -2.20 win  25.0 pf 0.665  sum   -111.2 mean0  -0.17 hold   50.7 ci [-7.687, 4.161] | h1   -1.1 (22) h2  -1.21 (26)
U100    e5  rank:liq+neg_pc1h        mhNone gate breadth15 n  48 pairs 15 top0.15 mean50  -2.61 med  -2.14 win  12.5 pf 0.12   sum   -250.5 mean0  -1.63 hold   16.8 ci [-8.318, -2.981] | h1  -3.56 (13) h2  -2.26 (35)
U100    e5  rank:liq+neg_pc1h        mhNone gate medpc1h   n  41 pairs 13 top0.17 mean50  -3.35 med  -2.37 win   9.8 pf 0.034  sum   -274.7 mean0  -2.38 hold   12.8 ci [-9.532, -4.444] | h1  -7.52 (8) h2  -2.34 (33)
U100    e5  rank:liq+neg_pc1h        mhNone gate none      n  42 pairs 20 top0.12 mean50  -0.84 med  -2.15 win  26.2 pf 0.729  sum    -70.7 mean0   0.15 hold   58.5 ci [-7.516, 5.345] | h1  -0.43 (17) h2  -1.12 (25)
U100    e5  rank:liq+neg_vol15       mh120  gate breadth15 n  48 pairs 11 top0.21 mean50  -2.66 med  -2.14 win   6.2 pf 0.028  sum   -255.2 mean0  -1.68 hold   16.8 ci [-7.97, -3.728] | h1  -4.43 (12) h2  -2.07 (36)
U100    e5  rank:liq+neg_vol15       mh120  gate medpc1h   n  41 pairs 10 top0.22 mean50  -2.69 med  -2.23 win   2.4 pf 0.006  sum   -220.6 mean0  -1.71 hold   12.6 ci [-7.379, -4.224] | h1  -4.88 (7) h2  -2.24 (34)
U100    e5  rank:liq+neg_vol15       mh120  gate none      n  35 pairs 14 top0.14 mean50   0.10 med  -1.90 win  20.0 pf 1.022  sum      6.8 mean0   1.10 hold   74.4 ci [-8.605, 10.968] | h1   0.23 (16) h2  -0.01 (19)
U100    e5  rank:liq+neg_vol15       mhNone gate breadth15 n  48 pairs 11 top0.21 mean50  -2.66 med  -2.14 win   6.2 pf 0.028  sum   -255.2 mean0  -1.68 hold   16.8 ci [-7.97, -3.728] | h1  -4.43 (12) h2  -2.07 (36)
U100    e5  rank:liq+neg_vol15       mhNone gate medpc1h   n  41 pairs 10 top0.22 mean50  -2.69 med  -2.23 win   2.4 pf 0.006  sum   -220.6 mean0  -1.71 hold   12.6 ci [-7.379, -4.224] | h1  -4.88 (7) h2  -2.24 (34)
U100    e5  rank:liq+neg_vol15       mhNone gate none      n  23 pairs 14 top0.13 mean50   1.32 med  -1.60 win  26.1 pf 1.297  sum     60.6 mean0   2.33 hold  153.5 ci [-10.925, 19.012] | h1   1.38 (11) h2   1.26 (12)
U100    e15 factor:liq               mh120  gate breadth15 n  27 pairs  7 top0.26 mean50  -2.56 med  -2.09 win  14.8 pf 0.191  sum   -138.4 mean0  -1.58 hold   20.0 ci [-9.634, -1.343] | h1  -3.97 (12) h2  -1.43 (15)
U100    e15 factor:liq               mh120  gate medpc1h   n  18 pairs  7 top0.28 mean50  -4.10 med  -1.96 win   5.6 pf 0.015  sum   -147.5 mean0  -3.13 hold   25.0 ci [-14.441, -4.081] | h1  -9.04 (6) h2  -1.63 (12)
U100    e15 factor:liq               mh120  gate none      n  22 pairs  9 top0.18 mean50  -0.46 med  -2.58 win  18.2 pf 0.907  sum    -20.1 mean0   0.54 hold  109.8 ci [-12.804, 13.15] | h1   -2.8 (13) h2   2.93 (9)
U100    e15 factor:liq               mhNone gate breadth15 n  27 pairs  7 top0.26 mean50  -2.56 med  -2.09 win  14.8 pf 0.191  sum   -138.4 mean0  -1.58 hold   20.0 ci [-9.634, -1.343] | h1  -3.97 (12) h2  -1.43 (15)
U100    e15 factor:liq               mhNone gate medpc1h   n  18 pairs  7 top0.28 mean50  -4.10 med  -1.96 win   5.6 pf 0.015  sum   -147.5 mean0  -3.13 hold   25.0 ci [-14.441, -4.081] | h1  -9.04 (6) h2  -1.63 (12)
U100    e15 factor:liq               mhNone gate none      n   8 pairs  8 top0.12 mean50  -1.97 med  -4.93 win  37.5 pf 0.779  sum    -31.5 mean0  -0.98 hold  500.6 ci [-29.807, 30.583] | h1  -1.97 (8) h2   None (0)
U100    e15 factor:neg_pc6h          mh120  gate breadth15 n  26 pairs  9 top0.23 mean50  -2.64 med  -2.22 win  23.1 pf 0.383  sum   -137.4 mean0  -1.67 hold   20.2 ci [-11.109, 0.775] | h1  -3.31 (12) h2  -2.07 (14)
U100    e15 factor:neg_pc6h          mh120  gate medpc1h   n  18 pairs 11 top0.17 mean50  -5.26 med  -3.88 win  16.7 pf 0.149  sum   -189.5 mean0  -4.31 hold   25.8 ci [-17.695, -3.798] | h1  -6.96 (6) h2  -4.41 (12)
U100    e15 factor:neg_pc6h          mh120  gate none      n  22 pairs 12 top0.23 mean50  -1.67 med  -4.26 win  45.5 pf 0.784  sum    -73.4 mean0  -0.68 hold  113.2 ci [-19.848, 11.924] | h1  -0.86 (13) h2  -2.84 (9)
U100    e15 factor:neg_pc6h          mhNone gate breadth15 n  26 pairs  9 top0.23 mean50  -2.64 med  -2.22 win  23.1 pf 0.383  sum   -137.4 mean0  -1.67 hold   20.2 ci [-11.109, 0.775] | h1  -3.31 (12) h2  -2.07 (14)
U100    e15 factor:neg_pc6h          mhNone gate medpc1h   n  18 pairs 11 top0.17 mean50  -5.26 med  -3.88 win  16.7 pf 0.149  sum   -189.5 mean0  -4.31 hold   25.8 ci [-17.695, -3.798] | h1  -6.96 (6) h2  -4.41 (12)
U100    e15 factor:neg_pc6h          mhNone gate none      n  14 pairs 12 top0.14 mean50   3.19 med   3.50 win  57.1 pf 1.437  sum     89.2 mean0   4.22 hold  189.7 ci [-17.803, 31.86] | h1   1.41 (9) h2   6.39 (5)
U100    e15 factor:neg_vol15         mh120  gate breadth15 n  30 pairs 13 top0.17 mean50  -2.50 med  -2.38 win  20.0 pf 0.208  sum   -150.1 mean0  -1.52 hold   18.0 ci [-8.859, -1.492] | h1  -3.62 (12) h2  -1.75 (18)
U100    e15 factor:neg_vol15         mh120  gate medpc1h   n  20 pairs 11 top0.15 mean50  -3.12 med  -2.47 win   5.0 pf 0.135  sum   -124.7 mean0  -2.14 hold   22.5 ci [-10.669, -2.121] | h1  -5.06 (6) h2  -2.28 (14)
U100    e15 factor:neg_vol15         mh120  gate none      n  34 pairs 16 top0.15 mean50  -0.46 med  -2.34 win  23.5 pf 0.883  sum    -31.4 mean0   0.54 hold   70.6 ci [-8.629, 7.415] | h1   -0.7 (15) h2  -0.27 (19)
U100    e15 factor:neg_vol15         mhNone gate breadth15 n  30 pairs 13 top0.17 mean50  -2.50 med  -2.38 win  20.0 pf 0.208  sum   -150.1 mean0  -1.52 hold   18.0 ci [-8.859, -1.492] | h1  -3.62 (12) h2  -1.75 (18)
U100    e15 factor:neg_vol15         mhNone gate medpc1h   n  20 pairs 11 top0.15 mean50  -3.12 med  -2.47 win   5.0 pf 0.135  sum   -124.7 mean0  -2.14 hold   22.5 ci [-10.669, -2.121] | h1  -5.06 (6) h2  -2.28 (14)
U100    e15 factor:neg_vol15         mhNone gate none      n  23 pairs 15 top0.22 mean50  -0.72 med  -2.34 win  30.4 pf 0.824  sum    -33.1 mean0   0.28 hold  149.4 ci [-10.37, 9.999] | h1   2.15 (11) h2  -3.35 (12)
U100    e15 random:r1                mh120  gate breadth15 n  31 pairs 18 top0.16 mean50  -3.29 med  -3.00 win  16.1 pf 0.229  sum   -203.8 mean0  -2.31 hold   17.4 ci [-10.607, -2.331] | h1  -3.33 (13) h2  -3.25 (18)
U100    e15 random:r1                mh120  gate medpc1h   n  23 pairs 15 top0.13 mean50  -5.13 med  -3.85 win   4.3 pf 0.076  sum   -236.1 mean0  -4.18 hold   19.6 ci [-15.17, -5.353] | h1 -10.19 (6) h2  -3.35 (17)
U100    e15 random:r1                mh120  gate none      n  70 pairs 25 top0.10 mean50  -2.60 med  -2.92 win  15.7 pf 0.432  sum   -363.2 mean0  -1.62 hold   32.8 ci [-9.402, -0.412] | h1  -2.49 (21) h2  -2.64 (49)
U100    e15 random:r1                mhNone gate breadth15 n  31 pairs 18 top0.16 mean50  -3.29 med  -3.00 win  16.1 pf 0.229  sum   -203.8 mean0  -2.31 hold   17.4 ci [-10.607, -2.331] | h1  -3.33 (13) h2  -3.25 (18)
U100    e15 random:r1                mhNone gate medpc1h   n  23 pairs 15 top0.13 mean50  -5.13 med  -3.85 win   4.3 pf 0.076  sum   -236.1 mean0  -4.18 hold   19.6 ci [-15.17, -5.353] | h1 -10.19 (6) h2  -3.35 (17)
U100    e15 random:r1                mhNone gate none      n  65 pairs 25 top0.08 mean50  -2.33 med  -2.80 win  16.9 pf 0.461  sum   -303.4 mean0  -1.35 hold   36.5 ci [-9.127, 0.616] | h1   -1.4 (16) h2  -2.64 (49)
U100    e15 rank:liq+neg_pc1h        mh120  gate breadth15 n  28 pairs 14 top0.14 mean50  -2.26 med  -1.82 win  21.4 pf 0.239  sum   -126.6 mean0  -1.28 hold   19.3 ci [-8.435, -0.902] | h1  -3.17 (12) h2  -1.58 (16)
U100    e15 rank:liq+neg_pc1h        mh120  gate medpc1h   n  19 pairs 10 top0.16 mean50  -4.25 med  -2.47 win   0.0 pf 0.0    sum   -161.4 mean0  -3.29 hold   23.7 ci [-13.735, -4.456] | h1  -9.04 (6) h2  -2.04 (13)
U100    e15 rank:liq+neg_pc1h        mh120  gate none      n  34 pairs 15 top0.12 mean50  -1.17 med  -1.72 win  38.2 pf 0.685  sum    -79.5 mean0  -0.18 hold   71.1 ci [-8.671, 4.705] | h1  -2.64 (15) h2  -0.01 (19)
U100    e15 rank:liq+neg_pc1h        mhNone gate breadth15 n  28 pairs 14 top0.14 mean50  -2.26 med  -1.82 win  21.4 pf 0.239  sum   -126.6 mean0  -1.28 hold   19.3 ci [-8.435, -0.902] | h1  -3.17 (12) h2  -1.58 (16)
U100    e15 rank:liq+neg_pc1h        mhNone gate medpc1h   n  19 pairs 10 top0.16 mean50  -4.25 med  -2.47 win   0.0 pf 0.0    sum   -161.4 mean0  -3.29 hold   23.7 ci [-13.735, -4.456] | h1  -9.04 (6) h2  -2.04 (13)
U100    e15 rank:liq+neg_pc1h        mhNone gate none      n  24 pairs 15 top0.12 mean50  -0.43 med  -1.89 win  45.8 pf 0.886  sum    -20.7 mean0   0.57 hold  103.8 ci [-9.884, 10.03] | h1  -0.75 (10) h2  -0.21 (14)
U100    e15 rank:liq+neg_vol15       mh120  gate breadth15 n  29 pairs 11 top0.21 mean50  -2.29 med  -2.10 win  20.7 pf 0.23   sum   -132.6 mean0  -1.30 hold   18.6 ci [-8.383, -0.964] | h1  -3.45 (12) h2  -1.46 (17)
U100    e15 rank:liq+neg_vol15       mh120  gate medpc1h   n  19 pairs  8 top0.21 mean50  -2.83 med  -2.38 win   5.3 pf 0.153  sum   -107.4 mean0  -1.85 hold   23.7 ci [-10.284, -1.765] | h1  -4.25 (6) h2  -2.17 (13)
U100    e15 rank:liq+neg_vol15       mh120  gate none      n  26 pairs 14 top0.15 mean50  -1.14 med  -2.14 win  26.9 pf 0.749  sum    -59.4 mean0  -0.15 hold   95.2 ci [-10.937, 7.328] | h1  -2.94 (14) h2   0.96 (12)
U100    e15 rank:liq+neg_vol15       mhNone gate breadth15 n  29 pairs 11 top0.21 mean50  -2.29 med  -2.10 win  20.7 pf 0.23   sum   -132.6 mean0  -1.30 hold   18.6 ci [-8.383, -0.964] | h1  -3.45 (12) h2  -1.46 (17)
U100    e15 rank:liq+neg_vol15       mhNone gate medpc1h   n  19 pairs  8 top0.21 mean50  -2.83 med  -2.38 win   5.3 pf 0.153  sum   -107.4 mean0  -1.85 hold   23.7 ci [-10.284, -1.765] | h1  -4.25 (6) h2  -2.17 (13)
U100    e15 rank:liq+neg_vol15       mhNone gate none      n  17 pairs 13 top0.18 mean50   2.43 med  -1.94 win  35.3 pf 1.524  sum     82.7 mean0   3.46 hold  208.3 ci [-11.227, 24.407] | h1   1.47 (10) h2   3.81 (7)
U100old e5  factor:liq               mh120  gate breadth15 n  39 pairs  4 top0.33 mean50  -2.16 med  -2.14 win   2.6 pf 0.001  sum   -168.2 mean0  -1.17 hold   20.0 ci [-4.783, -3.793] | h1  -2.76 (6) h2  -2.05 (33)
U100old e5  factor:liq               mh120  gate medpc1h   n  33 pairs  4 top0.33 mean50  -2.09 med  -2.23 win   6.1 pf 0.027  sum   -138.1 mean0  -1.11 hold   10.6 ci [-4.689, -3.6] | h1  -2.93 (3) h2  -2.01 (30)
U100old e5  factor:liq               mh120  gate none      n  12 pairs  4 top0.33 mean50   2.08 med  -1.19 win  16.7 pf 2.364  sum     49.9 mean0   3.11 hold  139.1 ci [-4.359, 19.507] | h1  -0.52 (3) h2   2.95 (9)
U100old e5  factor:liq               mhNone gate breadth15 n  39 pairs  4 top0.33 mean50  -2.16 med  -2.14 win   2.6 pf 0.001  sum   -168.2 mean0  -1.17 hold   20.0 ci [-4.783, -3.793] | h1  -2.76 (6) h2  -2.05 (33)
U100old e5  factor:liq               mhNone gate medpc1h   n  33 pairs  4 top0.33 mean50  -2.09 med  -2.23 win   6.1 pf 0.027  sum   -138.1 mean0  -1.11 hold   10.6 ci [-4.689, -3.6] | h1  -2.93 (3) h2  -2.01 (30)
U100old e5  factor:liq               mhNone gate none      n   3 pairs  3 top0.33 mean50  -4.82 med  -4.93 win  33.3 pf 0.006  sum    -28.9 mean0  -3.87 hold 1034.6 ci [-19.255, 0.188] | h1  -4.82 (3) h2   None (0)
U100old e5  factor:neg_pc6h          mh120  gate breadth15 n  41 pairs  9 top0.27 mean50  -2.92 med  -3.24 win  12.2 pf 0.236  sum   -239.1 mean0  -1.94 hold   18.2 ci [-8.645, -2.544] | h1  -1.81 (6) h2  -3.11 (35)
U100old e5  factor:neg_pc6h          mh120  gate medpc1h   n  32 pairs  9 top0.25 mean50  -3.87 med  -3.65 win   9.4 pf 0.156  sum   -247.4 mean0  -2.90 hold   10.2 ci [-10.661, -3.403] | h1  -6.86 (3) h2  -3.56 (29)
U100old e5  factor:neg_pc6h          mh120  gate none      n  18 pairs  8 top0.17 mean50  -0.50 med  -2.63 win  33.3 pf 0.862  sum    -18.0 mean0   0.50 hold   94.2 ci [-9.501, 10.207] | h1  -1.49 (3) h2   -0.3 (15)
U100old e5  factor:neg_pc6h          mhNone gate breadth15 n  41 pairs  9 top0.27 mean50  -2.92 med  -3.24 win  12.2 pf 0.236  sum   -239.1 mean0  -1.94 hold   18.2 ci [-8.645, -2.544] | h1  -1.81 (6) h2  -3.11 (35)
U100old e5  factor:neg_pc6h          mhNone gate medpc1h   n  32 pairs  9 top0.25 mean50  -3.87 med  -3.65 win   9.4 pf 0.156  sum   -247.4 mean0  -2.90 hold   10.2 ci [-10.661, -3.403] | h1  -6.86 (3) h2  -3.56 (29)
U100old e5  factor:neg_pc6h          mhNone gate none      n  12 pairs  8 top0.25 mean50   2.93 med   0.72 win  58.3 pf 2.164  sum     70.2 mean0   3.96 hold  143.3 ci [-7.132, 24.341] | h1  -3.56 (3) h2   5.09 (9)
U100old e5  factor:neg_vol15         mh120  gate breadth15 n  44 pairs 11 top0.20 mean50  -2.29 med  -2.26 win   4.5 pf 0.028  sum   -201.1 mean0  -1.30 hold   13.4 ci [-5.252, -3.871] | h1  -2.06 (6) h2  -2.32 (38)
U100old e5  factor:neg_vol15         mh120  gate medpc1h   n  38 pairs 11 top0.18 mean50  -2.48 med  -2.31 win   2.6 pf 0.007  sum   -188.4 mean0  -1.50 hold    9.0 ci [-5.656, -4.315] | h1  -2.93 (3) h2  -2.44 (35)
U100old e5  factor:neg_vol15         mh120  gate none      n  37 pairs 14 top0.16 mean50  -2.72 med  -2.74 win   8.1 pf 0.042  sum   -201.4 mean0  -1.74 hold   44.0 ci [-7.133, -3.954] | h1  -0.11 (5) h2  -3.13 (32)
U100old e5  factor:neg_vol15         mhNone gate breadth15 n  44 pairs 11 top0.20 mean50  -2.29 med  -2.26 win   4.5 pf 0.028  sum   -201.1 mean0  -1.30 hold   13.4 ci [-5.252, -3.871] | h1  -2.06 (6) h2  -2.32 (38)
U100old e5  factor:neg_vol15         mhNone gate medpc1h   n  38 pairs 11 top0.18 mean50  -2.48 med  -2.31 win   2.6 pf 0.007  sum   -188.4 mean0  -1.50 hold    9.0 ci [-5.656, -4.315] | h1  -2.93 (3) h2  -2.44 (35)
U100old e5  factor:neg_vol15         mhNone gate none      n  33 pairs 13 top0.18 mean50  -2.67 med  -2.74 win  12.1 pf 0.069  sum   -176.5 mean0  -1.70 hold   65.4 ci [-7.299, -3.505] | h1  -0.31 (5) h2   -3.1 (28)
U100old e5  random:r1                mh120  gate breadth15 n  78 pairs 19 top0.10 mean50  -2.81 med  -2.73 win   6.4 pf 0.037  sum   -439.2 mean0  -1.84 hold    6.4 ci [-6.46, -4.722] | h1  -3.42 (14) h2  -2.68 (64)
U100old e5  random:r1                mh120  gate medpc1h   n  51 pairs 18 top0.14 mean50  -3.32 med  -2.83 win   2.0 pf 0.012  sum   -338.3 mean0  -2.35 hold    6.2 ci [-8.35, -5.358] | h1  -3.96 (5) h2  -3.25 (46)
U100old e5  random:r1                mh120  gate none      n 173 pairs 20 top0.08 mean50  -2.77 med  -2.86 win   6.9 pf 0.155  sum   -957.3 mean0  -1.79 hold    8.5 ci [-6.754, -3.92] | h1  -3.33 (26) h2  -2.67 (147)
U100old e5  random:r1                mhNone gate breadth15 n  78 pairs 19 top0.10 mean50  -2.81 med  -2.73 win   6.4 pf 0.037  sum   -439.2 mean0  -1.84 hold    6.4 ci [-6.46, -4.722] | h1  -3.42 (14) h2  -2.68 (64)
U100old e5  random:r1                mhNone gate medpc1h   n  51 pairs 18 top0.14 mean50  -3.32 med  -2.83 win   2.0 pf 0.012  sum   -338.3 mean0  -2.35 hold    6.2 ci [-8.35, -5.358] | h1  -3.96 (5) h2  -3.25 (46)
U100old e5  random:r1                mhNone gate none      n 173 pairs 20 top0.08 mean50  -2.77 med  -2.86 win   6.9 pf 0.155  sum   -957.3 mean0  -1.79 hold    8.5 ci [-6.754, -3.92] | h1  -3.33 (26) h2  -2.67 (147)
U100old e5  rank:liq+neg_pc1h        mh120  gate breadth15 n  43 pairs 13 top0.16 mean50  -1.94 med  -2.14 win  11.6 pf 0.162  sum   -166.9 mean0  -0.96 hold   13.7 ci [-5.417, -2.379] | h1   -0.4 (7) h2  -2.24 (36)
U100old e5  rank:liq+neg_pc1h        mh120  gate medpc1h   n  33 pairs 10 top0.18 mean50  -2.24 med  -2.26 win   9.1 pf 0.061  sum   -147.6 mean0  -1.25 hold   10.7 ci [-5.447, -3.307] | h1  -3.16 (3) h2  -2.14 (30)
U100old e5  rank:liq+neg_pc1h        mh120  gate none      n  36 pairs 13 top0.17 mean50  -1.03 med  -2.02 win  19.4 pf 0.465  sum    -73.9 mean0  -0.03 hold   43.4 ci [-4.271, 0.842] | h1  -0.87 (8) h2  -1.07 (28)
U100old e5  rank:liq+neg_pc1h        mhNone gate breadth15 n  43 pairs 13 top0.16 mean50  -1.94 med  -2.14 win  11.6 pf 0.162  sum   -166.9 mean0  -0.96 hold   13.7 ci [-5.417, -2.379] | h1   -0.4 (7) h2  -2.24 (36)
U100old e5  rank:liq+neg_pc1h        mhNone gate medpc1h   n  33 pairs 10 top0.18 mean50  -2.24 med  -2.26 win   9.1 pf 0.061  sum   -147.6 mean0  -1.25 hold   10.7 ci [-5.447, -3.307] | h1  -3.16 (3) h2  -2.14 (30)
U100old e5  rank:liq+neg_pc1h        mhNone gate none      n  34 pairs 13 top0.15 mean50  -0.88 med  -2.02 win  20.6 pf 0.516  sum    -60.1 mean0   0.11 hold   46.0 ci [-4.048, 1.314] | h1  -0.84 (8) h2   -0.9 (26)
U100old e5  rank:liq+neg_vol15       mh120  gate breadth15 n  42 pairs  8 top0.24 mean50  -2.04 med  -2.21 win   4.8 pf 0.033  sum   -171.1 mean0  -1.05 hold   16.3 ci [-4.619, -3.403] | h1  -1.72 (6) h2  -2.09 (36)
U100old e5  rank:liq+neg_vol15       mh120  gate medpc1h   n  35 pairs  7 top0.23 mean50  -2.29 med  -2.23 win   2.9 pf 0.009  sum   -160.1 mean0  -1.31 hold    9.9 ci [-5.019, -4.045] | h1  -2.93 (3) h2  -2.23 (32)
U100old e5  rank:liq+neg_vol15       mh120  gate none      n  21 pairs  7 top0.24 mean50   0.48 med  -1.78 win  19.0 pf 1.276  sum     20.3 mean0   1.49 hold   76.7 ci [-4.449, 10.388] | h1   0.52 (4) h2   0.47 (17)
U100old e5  rank:liq+neg_vol15       mhNone gate breadth15 n  42 pairs  8 top0.24 mean50  -2.04 med  -2.21 win   4.8 pf 0.033  sum   -171.1 mean0  -1.05 hold   16.3 ci [-4.619, -3.403] | h1  -1.72 (6) h2  -2.09 (36)
U100old e5  rank:liq+neg_vol15       mhNone gate medpc1h   n  35 pairs  7 top0.23 mean50  -2.29 med  -2.23 win   2.9 pf 0.009  sum   -160.1 mean0  -1.31 hold    9.9 ci [-5.019, -4.045] | h1  -2.93 (3) h2  -2.23 (32)
U100old e5  rank:liq+neg_vol15       mhNone gate none      n  15 pairs  7 top0.20 mean50   1.38 med  -1.60 win  20.0 pf 1.8    sum     41.5 mean0   2.40 hold  175.9 ci [-4.771, 15.167] | h1   -0.2 (4) h2   1.96 (11)
U100old e15 factor:liq               mh120  gate breadth15 n  24 pairs  4 top0.33 mean50  -1.75 med  -2.02 win   8.3 pf 0.053  sum    -84.2 mean0  -0.77 hold   30.0 ci [-4.45, -2.678] | h1  -2.76 (6) h2  -1.42 (18)
U100old e15 factor:liq               mh120  gate medpc1h   n  15 pairs  4 top0.33 mean50  -2.14 med  -1.92 win   6.7 pf 0.034  sum    -64.2 mean0  -1.16 hold   18.0 ci [-5.903, -2.786] | h1  -4.31 (3) h2   -1.6 (12)
U100old e15 factor:liq               mh120  gate none      n  12 pairs  4 top0.33 mean50   2.07 med  -1.09 win  16.7 pf 2.268  sum     49.7 mean0   3.10 hold  132.5 ci [-4.5, 20.026] | h1  -0.52 (3) h2   2.93 (9)
U100old e15 factor:liq               mhNone gate breadth15 n  24 pairs  4 top0.33 mean50  -1.75 med  -2.02 win   8.3 pf 0.053  sum    -84.2 mean0  -0.77 hold   30.0 ci [-4.45, -2.678] | h1  -2.76 (6) h2  -1.42 (18)
U100old e15 factor:liq               mhNone gate medpc1h   n  15 pairs  4 top0.33 mean50  -2.14 med  -1.92 win   6.7 pf 0.034  sum    -64.2 mean0  -1.16 hold   18.0 ci [-5.903, -2.786] | h1  -4.31 (3) h2   -1.6 (12)
U100old e15 factor:liq               mhNone gate none      n   3 pairs  3 top0.33 mean50  -4.82 med  -4.93 win  33.3 pf 0.006  sum    -28.9 mean0  -3.87 hold 1034.6 ci [-19.255, 0.188] | h1  -4.82 (3) h2   None (0)
U100old e15 factor:neg_pc6h          mh120  gate breadth15 n  23 pairs  6 top0.26 mean50  -2.14 med  -3.24 win  13.0 pf 0.427  sum    -98.6 mean0  -1.16 hold   30.0 ci [-9.438, 2.33] | h1  -1.81 (6) h2  -2.26 (17)
U100old e15 factor:neg_pc6h          mh120  gate medpc1h   n  15 pairs  6 top0.33 mean50  -7.16 med  -5.60 win   6.7 pf 0.035  sum   -214.8 mean0  -6.23 hold   19.0 ci [-21.418, -8.293] | h1 -11.81 (3) h2   -6.0 (12)
U100old e15 factor:neg_pc6h          mh120  gate none      n  14 pairs  7 top0.21 mean50  -1.35 med  -3.93 win  42.9 pf 0.706  sum    -37.9 mean0  -0.36 hold  116.8 ci [-12.483, 9.645] | h1  -1.49 (3) h2  -1.32 (11)
U100old e15 factor:neg_pc6h          mhNone gate breadth15 n  23 pairs  6 top0.26 mean50  -2.14 med  -3.24 win  13.0 pf 0.427  sum    -98.6 mean0  -1.16 hold   30.0 ci [-9.438, 2.33] | h1  -1.81 (6) h2  -2.26 (17)
U100old e15 factor:neg_pc6h          mhNone gate medpc1h   n  15 pairs  6 top0.33 mean50  -7.16 med  -5.60 win   6.7 pf 0.035  sum   -214.8 mean0  -6.23 hold   19.0 ci [-21.418, -8.293] | h1 -11.81 (3) h2   -6.0 (12)
U100old e15 factor:neg_pc6h          mhNone gate none      n   8 pairs  7 top0.25 mean50   5.60 med   1.52 win  50.0 pf 3.01   sum     89.7 mean0   6.66 hold  219.3 ci [-7.232, 34.801] | h1  -4.76 (3) h2  11.82 (5)
U100old e15 factor:neg_vol15         mh120  gate breadth15 n  27 pairs 10 top0.18 mean50  -1.88 med  -2.34 win  14.8 pf 0.103  sum   -101.2 mean0  -0.89 hold   20.0 ci [-4.85, -2.552] | h1  -2.06 (6) h2  -1.82 (21)
U100old e15 factor:neg_vol15         mh120  gate medpc1h   n  16 pairs  8 top0.19 mean50  -2.96 med  -2.47 win   0.0 pf 0.0    sum    -94.6 mean0  -1.98 hold   16.9 ci [-8.493, -4.175] | h1  -5.89 (3) h2  -2.28 (13)
U100old e15 factor:neg_vol15         mh120  gate none      n  25 pairs 10 top0.20 mean50  -0.50 med  -2.29 win  20.0 pf 0.791  sum    -25.1 mean0   0.50 hold   63.0 ci [-6.233, 7.436] | h1  -0.01 (5) h2  -0.62 (20)
U100old e15 factor:neg_vol15         mhNone gate breadth15 n  27 pairs 10 top0.18 mean50  -1.88 med  -2.34 win  14.8 pf 0.103  sum   -101.2 mean0  -0.89 hold   20.0 ci [-4.85, -2.552] | h1  -2.06 (6) h2  -1.82 (21)
U100old e15 factor:neg_vol15         mhNone gate medpc1h   n  16 pairs  8 top0.19 mean50  -2.96 med  -2.47 win   0.0 pf 0.0    sum    -94.6 mean0  -1.98 hold   16.9 ci [-8.493, -4.175] | h1  -5.89 (3) h2  -2.28 (13)
U100old e15 factor:neg_vol15         mhNone gate none      n  17 pairs 10 top0.23 mean50  -2.63 med  -2.29 win  23.5 pf 0.092  sum    -89.6 mean0  -1.66 hold  149.1 ci [-8.4, -2.265] | h1    0.1 (5) h2  -3.77 (12)
U100old e15 random:r1                mh120  gate breadth15 n  27 pairs 16 top0.15 mean50  -2.87 med  -2.92 win  11.1 pf 0.134  sum   -154.9 mean0  -1.89 hold   16.7 ci [-8.447, -2.854] | h1  -1.58 (6) h2  -3.24 (21)
U100old e15 random:r1                mh120  gate medpc1h   n  18 pairs 12 top0.17 mean50  -3.32 med  -3.52 win   5.6 pf 0.14   sum   -119.4 mean0  -2.35 hold   15.0 ci [-10.932, -1.964] | h1  -6.62 (3) h2  -2.65 (15)
U100old e15 random:r1                mh120  gate none      n  56 pairs 20 top0.09 mean50  -2.92 med  -2.80 win  12.5 pf 0.3    sum   -326.9 mean0  -1.94 hold   26.3 ci [-9.47, -1.1] | h1  -3.55 (12) h2  -2.75 (44)
U100old e15 random:r1                mhNone gate breadth15 n  27 pairs 16 top0.15 mean50  -2.87 med  -2.92 win  11.1 pf 0.134  sum   -154.9 mean0  -1.89 hold   16.7 ci [-8.447, -2.854] | h1  -1.58 (6) h2  -3.24 (21)
U100old e15 random:r1                mhNone gate medpc1h   n  18 pairs 12 top0.17 mean50  -3.32 med  -3.52 win   5.6 pf 0.14   sum   -119.4 mean0  -2.35 hold   15.0 ci [-10.932, -1.964] | h1  -6.62 (3) h2  -2.65 (15)
U100old e15 random:r1                mhNone gate none      n  56 pairs 20 top0.09 mean50  -2.92 med  -2.80 win  12.5 pf 0.3    sum   -326.9 mean0  -1.94 hold   26.3 ci [-9.47, -1.1] | h1  -3.55 (12) h2  -2.75 (44)
U100old e15 rank:liq+neg_pc1h        mh120  gate breadth15 n  26 pairs 12 top0.19 mean50  -1.49 med  -1.57 win  23.1 pf 0.213  sum    -77.6 mean0  -0.50 hold   21.4 ci [-4.774, -1.012] | h1  -1.16 (6) h2  -1.59 (20)
U100old e15 rank:liq+neg_pc1h        mh120  gate medpc1h   n  17 pairs  9 top0.18 mean50  -2.03 med  -1.92 win  11.8 pf 0.025  sum    -68.9 mean0  -1.04 hold   15.9 ci [-5.667, -2.576] | h1  -4.31 (3) h2  -1.54 (14)
U100old e15 rank:liq+neg_pc1h        mh120  gate none      n  26 pairs 11 top0.15 mean50   0.60 med  -1.89 win  34.6 pf 1.302  sum     31.1 mean0   1.61 hold   60.6 ci [-4.362, 9.493] | h1  -1.24 (5) h2   1.03 (21)
U100old e15 rank:liq+neg_pc1h        mhNone gate breadth15 n  26 pairs 12 top0.19 mean50  -1.49 med  -1.57 win  23.1 pf 0.213  sum    -77.6 mean0  -0.50 hold   21.4 ci [-4.774, -1.012] | h1  -1.16 (6) h2  -1.59 (20)
U100old e15 rank:liq+neg_pc1h        mhNone gate medpc1h   n  17 pairs  9 top0.18 mean50  -2.03 med  -1.92 win  11.8 pf 0.025  sum    -68.9 mean0  -1.04 hold   15.9 ci [-5.667, -2.576] | h1  -4.31 (3) h2  -1.54 (14)
U100old e15 rank:liq+neg_pc1h        mhNone gate none      n  19 pairs 10 top0.16 mean50  -1.40 med  -2.22 win  36.8 pf 0.349  sum    -53.2 mean0  -0.41 hold   83.7 ci [-6.258, 0.399] | h1  -1.96 (5) h2   -1.2 (14)
U100old e15 rank:liq+neg_vol15       mh120  gate breadth15 n  26 pairs  8 top0.27 mean50  -1.52 med  -1.99 win  15.4 pf 0.128  sum    -79.2 mean0  -0.53 hold   24.2 ci [-3.997, -1.934] | h1  -1.72 (6) h2  -1.46 (20)
U100old e15 rank:liq+neg_vol15       mh120  gate medpc1h   n  15 pairs  5 top0.27 mean50  -2.58 med  -2.38 win   0.0 pf 0.0    sum    -77.6 mean0  -1.61 hold   18.0 ci [-6.577, -4.128] | h1  -4.31 (3) h2  -2.15 (12)
U100old e15 rank:liq+neg_vol15       mh120  gate none      n  16 pairs  8 top0.25 mean50   0.75 med  -1.68 win  25.0 pf 1.347  sum     23.9 mean0   1.76 hold  102.2 ci [-5.997, 14.194] | h1    0.1 (4) h2   0.96 (12)
U100old e15 rank:liq+neg_vol15       mhNone gate breadth15 n  26 pairs  8 top0.27 mean50  -1.52 med  -1.99 win  15.4 pf 0.128  sum    -79.2 mean0  -0.53 hold   24.2 ci [-3.997, -1.934] | h1  -1.72 (6) h2  -1.46 (20)
U100old e15 rank:liq+neg_vol15       mhNone gate medpc1h   n  15 pairs  5 top0.27 mean50  -2.58 med  -2.38 win   0.0 pf 0.0    sum    -77.6 mean0  -1.61 hold   18.0 ci [-6.577, -4.128] | h1  -4.31 (3) h2  -2.15 (12)
U100old e15 rank:liq+neg_vol15       mhNone gate none      n  11 pairs  7 top0.27 mean50   2.18 med  -1.94 win  27.3 pf 2.082  sum     48.0 mean0   3.21 hold  239.9 ci [-5.905, 21.895] | h1  -0.66 (4) h2   3.81 (7)
U50     e5  factor:liq               mh120  gate breadth15 n  64 pairs  9 top0.19 mean50  -3.17 med  -2.31 win  14.1 pf 0.169  sum   -406.5 mean0  -2.20 hold   20.3 ci [-9.334, -3.497] | h1  -4.23 (34) h2  -1.98 (30)
U50     e5  factor:liq               mh120  gate medpc1h   n  54 pairs  8 top0.20 mean50  -2.92 med  -2.36 win  11.1 pf 0.109  sum   -315.3 mean0  -1.95 hold   17.0 ci [-8.271, -3.63] | h1  -3.93 (24) h2  -2.11 (30)
U50     e5  factor:liq               mh120  gate none      n  22 pairs  9 top0.18 mean50   0.76 med  -1.26 win  27.3 pf 1.187  sum     33.5 mean0   1.77 hold  120.2 ci [-9.584, 15.219] | h1  -0.75 (13) h2   2.95 (9)
U50     e5  factor:liq               mhNone gate breadth15 n  64 pairs  9 top0.19 mean50  -3.17 med  -2.31 win  14.1 pf 0.169  sum   -406.5 mean0  -2.20 hold   20.3 ci [-9.334, -3.497] | h1  -4.23 (34) h2  -1.98 (30)
U50     e5  factor:liq               mhNone gate medpc1h   n  54 pairs  8 top0.20 mean50  -2.92 med  -2.36 win  11.1 pf 0.109  sum   -315.3 mean0  -1.95 hold   17.0 ci [-8.271, -3.63] | h1  -3.93 (24) h2  -2.11 (30)
U50     e5  factor:liq               mhNone gate none      n   7 pairs  7 top0.14 mean50   1.47 med  -0.13 win  42.9 pf 1.235  sum     20.5 mean0   2.48 hold  584.8 ci [-26.311, 40.971] | h1   1.47 (7) h2   None (0)
U50     e5  factor:neg_pc6h          mh120  gate breadth15 n  68 pairs 14 top0.19 mean50  -3.64 med  -4.33 win  23.5 pf 0.329  sum   -495.0 mean0  -2.67 hold   16.7 ci [-11.422, -3.006] | h1  -4.71 (37) h2  -2.37 (31)
U50     e5  factor:neg_pc6h          mh120  gate medpc1h   n  58 pairs 15 top0.26 mean50  -5.85 med  -4.36 win  20.7 pf 0.209  sum   -678.6 mean0  -4.91 hold   15.5 ci [-20.065, -5.205] | h1  -4.15 (25) h2  -7.14 (33)
U50     e5  factor:neg_pc6h          mh120  gate none      n  32 pairs 14 top0.16 mean50   0.80 med  -1.79 win  46.9 pf 1.103  sum     51.1 mean0   1.81 hold   83.6 ci [-15.486, 16.0] | h1   3.38 (15) h2  -1.48 (17)
U50     e5  factor:neg_pc6h          mhNone gate breadth15 n  68 pairs 14 top0.19 mean50  -3.64 med  -4.33 win  23.5 pf 0.329  sum   -495.0 mean0  -2.67 hold   16.7 ci [-11.422, -3.006] | h1  -4.71 (37) h2  -2.37 (31)
U50     e5  factor:neg_pc6h          mhNone gate medpc1h   n  58 pairs 15 top0.26 mean50  -5.85 med  -4.36 win  20.7 pf 0.209  sum   -678.6 mean0  -4.91 hold   15.5 ci [-20.065, -5.205] | h1  -4.15 (25) h2  -7.14 (33)
U50     e5  factor:neg_pc6h          mhNone gate none      n  21 pairs 15 top0.14 mean50   2.50 med   4.87 win  52.4 pf 1.296  sum    104.9 mean0   3.53 hold  129.3 ci [-21.505, 27.659] | h1   6.55 (10) h2  -1.18 (11)
U50     e5  factor:neg_vol15         mh120  gate breadth15 n  76 pairs 16 top0.18 mean50  -2.77 med  -2.63 win   7.9 pf 0.034  sum   -420.9 mean0  -1.79 hold   14.6 ci [-6.367, -4.684] | h1  -3.24 (36) h2  -2.35 (40)
U50     e5  factor:neg_vol15         mh120  gate medpc1h   n  59 pairs 20 top0.14 mean50  -3.61 med  -2.91 win   5.1 pf 0.045  sum   -426.1 mean0  -2.64 hold   15.2 ci [-9.394, -5.483] | h1  -4.69 (25) h2  -2.82 (34)
U50     e5  factor:neg_vol15         mh120  gate none      n  55 pairs 20 top0.11 mean50  -3.58 med  -3.13 win   9.1 pf 0.099  sum   -393.8 mean0  -2.61 hold   47.0 ci [-9.634, -4.767] | h1  -4.13 (23) h2  -3.18 (32)
U50     e5  factor:neg_vol15         mhNone gate breadth15 n  76 pairs 16 top0.18 mean50  -2.77 med  -2.63 win   7.9 pf 0.034  sum   -420.9 mean0  -1.79 hold   14.6 ci [-6.367, -4.684] | h1  -3.24 (36) h2  -2.35 (40)
U50     e5  factor:neg_vol15         mhNone gate medpc1h   n  59 pairs 20 top0.14 mean50  -3.61 med  -2.91 win   5.1 pf 0.045  sum   -426.1 mean0  -2.64 hold   15.2 ci [-9.394, -5.483] | h1  -4.69 (25) h2  -2.82 (34)
U50     e5  factor:neg_vol15         mhNone gate none      n  45 pairs 19 top0.13 mean50  -3.46 med  -2.90 win  13.3 pf 0.168  sum   -311.4 mean0  -2.49 hold   61.1 ci [-10.133, -3.558] | h1  -4.07 (17) h2  -3.09 (28)
U50     e5  random:r1                mh120  gate breadth15 n 126 pairs 32 top0.10 mean50  -3.94 med  -3.27 win  11.9 pf 0.137  sum   -993.0 mean0  -2.98 hold    7.5 ci [-10.007, -5.724] | h1  -5.23 (54) h2  -2.97 (72)
U50     e5  random:r1                mh120  gate medpc1h   n 107 pairs 31 top0.08 mean50  -4.44 med  -3.60 win  13.1 pf 0.147  sum   -950.8 mean0  -3.48 hold    8.2 ci [-13.053, -5.629] | h1  -4.96 (40) h2  -4.14 (67)
U50     e5  random:r1                mh120  gate none      n 237 pairs 36 top0.07 mean50  -3.26 med  -3.04 win  14.8 pf 0.274  sum  -1545.5 mean0  -2.29 hold   10.3 ci [-9.521, -4.055] | h1  -3.12 (70) h2  -3.32 (167)
U50     e5  random:r1                mhNone gate breadth15 n 126 pairs 32 top0.10 mean50  -3.94 med  -3.27 win  11.9 pf 0.137  sum   -993.0 mean0  -2.98 hold    7.5 ci [-10.007, -5.724] | h1  -5.23 (54) h2  -2.97 (72)
U50     e5  random:r1                mhNone gate medpc1h   n 107 pairs 31 top0.08 mean50  -4.44 med  -3.60 win  13.1 pf 0.147  sum   -950.8 mean0  -3.48 hold    8.2 ci [-13.053, -5.629] | h1  -4.96 (40) h2  -4.14 (67)
U50     e5  random:r1                mhNone gate none      n 235 pairs 36 top0.07 mean50  -3.24 med  -3.04 win  14.5 pf 0.271  sum  -1524.8 mean0  -2.27 hold   10.4 ci [-9.589, -4.098] | h1  -3.05 (68) h2  -3.32 (167)
U50     e5  rank:liq+neg_pc1h        mh120  gate breadth15 n  69 pairs 19 top0.13 mean50  -3.31 med  -2.44 win  17.4 pf 0.166  sum   -457.0 mean0  -2.34 hold   16.0 ci [-9.45, -3.718] | h1  -4.12 (36) h2  -2.43 (33)
U50     e5  rank:liq+neg_pc1h        mh120  gate medpc1h   n  57 pairs 18 top0.10 mean50  -2.92 med  -2.37 win  14.0 pf 0.068  sum   -332.9 mean0  -1.95 hold   16.0 ci [-7.711, -4.204] | h1  -3.98 (26) h2  -2.03 (31)
U50     e5  rank:liq+neg_pc1h        mh120  gate none      n  59 pairs 24 top0.09 mean50  -2.44 med  -2.17 win  22.0 pf 0.343  sum   -287.6 mean0  -1.46 hold   43.0 ci [-8.6, -1.218] | h1  -2.55 (27) h2  -2.34 (32)
U50     e5  rank:liq+neg_pc1h        mhNone gate breadth15 n  69 pairs 19 top0.13 mean50  -3.31 med  -2.44 win  17.4 pf 0.166  sum   -457.0 mean0  -2.34 hold   16.0 ci [-9.45, -3.718] | h1  -4.12 (36) h2  -2.43 (33)
U50     e5  rank:liq+neg_pc1h        mhNone gate medpc1h   n  57 pairs 18 top0.10 mean50  -2.92 med  -2.37 win  14.0 pf 0.068  sum   -332.9 mean0  -1.95 hold   16.0 ci [-7.711, -4.204] | h1  -3.98 (26) h2  -2.03 (31)
U50     e5  rank:liq+neg_pc1h        mhNone gate none      n  52 pairs 22 top0.10 mean50  -2.00 med  -2.15 win  21.2 pf 0.415  sum   -208.3 mean0  -1.02 hold   48.9 ci [-8.639, 0.636] | h1  -1.55 (21) h2  -2.31 (31)
U50     e5  rank:liq+neg_vol15       mh120  gate breadth15 n  71 pairs 14 top0.14 mean50  -3.29 med  -2.44 win   8.5 pf 0.036  sum   -466.8 mean0  -2.32 hold   16.9 ci [-8.403, -4.868] | h1   -4.6 (36) h2  -1.94 (35)
U50     e5  rank:liq+neg_vol15       mh120  gate medpc1h   n  56 pairs 14 top0.16 mean50  -3.05 med  -2.36 win   7.1 pf 0.056  sum   -341.9 mean0  -2.08 hold   16.4 ci [-8.108, -4.513] | h1  -4.18 (25) h2  -2.14 (31)
U50     e5  rank:liq+neg_vol15       mh120  gate none      n  38 pairs 14 top0.13 mean50  -1.23 med  -1.90 win  23.7 pf 0.617  sum    -93.3 mean0  -0.23 hold   71.0 ci [-7.389, 3.652] | h1   -2.7 (19) h2   0.25 (19)
U50     e5  rank:liq+neg_vol15       mhNone gate breadth15 n  71 pairs 14 top0.14 mean50  -3.29 med  -2.44 win   8.5 pf 0.036  sum   -466.8 mean0  -2.32 hold   16.9 ci [-8.403, -4.868] | h1   -4.6 (36) h2  -1.94 (35)
U50     e5  rank:liq+neg_vol15       mhNone gate medpc1h   n  56 pairs 14 top0.16 mean50  -3.05 med  -2.36 win   7.1 pf 0.056  sum   -341.9 mean0  -2.08 hold   16.4 ci [-8.108, -4.513] | h1  -4.18 (25) h2  -2.14 (31)
U50     e5  rank:liq+neg_vol15       mhNone gate none      n  28 pairs 14 top0.18 mean50   1.57 med  -1.78 win  28.6 pf 1.471  sum     88.2 mean0   2.60 hold  129.4 ci [-7.381, 16.081] | h1   2.63 (13) h2   0.66 (15)
U50     e15 factor:liq               mh120  gate breadth15 n  35 pairs  9 top0.20 mean50  -1.57 med  -2.09 win  20.0 pf 0.484  sum   -110.0 mean0  -0.58 hold   26.1 ci [-6.844, 0.859] | h1  -1.64 (20) h2  -1.48 (15)
U50     e15 factor:liq               mh120  gate medpc1h   n  31 pairs  9 top0.19 mean50  -3.32 med  -2.26 win  16.1 pf 0.205  sum   -205.8 mean0  -2.35 hold   27.1 ci [-11.047, -2.367] | h1  -4.72 (16) h2  -1.83 (15)
U50     e15 factor:liq               mh120  gate none      n  22 pairs  9 top0.18 mean50   1.22 med  -1.75 win  22.7 pf 1.271  sum     53.6 mean0   2.23 hold  115.2 ci [-10.851, 19.891] | h1   0.03 (13) h2   2.93 (9)
U50     e15 factor:liq               mhNone gate breadth15 n  35 pairs  9 top0.20 mean50  -1.82 med  -2.09 win  20.0 pf 0.447  sum   -127.4 mean0  -0.83 hold   26.6 ci [-7.456, 0.558] | h1  -2.08 (20) h2  -1.48 (15)
U50     e15 factor:liq               mhNone gate medpc1h   n  31 pairs  9 top0.19 mean50  -3.32 med  -2.26 win  16.1 pf 0.205  sum   -205.8 mean0  -2.35 hold   27.1 ci [-11.047, -2.367] | h1  -4.72 (16) h2  -1.83 (15)
U50     e15 factor:liq               mhNone gate none      n   8 pairs  8 top0.12 mean50  -0.72 med  -3.79 win  37.5 pf 0.906  sum    -11.6 mean0   0.28 hold  509.8 ci [-27.314, 32.976] | h1  -0.72 (8) h2   None (0)
U50     e15 factor:neg_pc6h          mh120  gate breadth15 n  38 pairs 13 top0.21 mean50  -2.16 med  -4.33 win  31.6 pf 0.629  sum   -164.1 mean0  -1.18 hold   22.9 ci [-14.351, 5.274] | h1  -3.59 (23) h2   0.03 (15)
U50     e15 factor:neg_pc6h          mh120  gate medpc1h   n  31 pairs 14 top0.16 mean50  -5.67 med  -4.36 win  22.6 pf 0.25   sum   -351.6 mean0  -4.72 hold   27.6 ci [-22.014, -2.813] | h1  -4.58 (16) h2  -6.84 (15)
U50     e15 factor:neg_pc6h          mh120  gate none      n  28 pairs 15 top0.14 mean50  -1.01 med  -1.92 win  46.4 pf 0.896  sum    -56.5 mean0  -0.01 hold   91.1 ci [-23.642, 16.335] | h1  -0.63 (15) h2  -1.45 (13)
U50     e15 factor:neg_pc6h          mhNone gate breadth15 n  38 pairs 13 top0.21 mean50  -2.16 med  -4.33 win  31.6 pf 0.629  sum   -164.1 mean0  -1.18 hold   22.9 ci [-14.351, 5.274] | h1  -3.59 (23) h2   0.03 (15)
U50     e15 factor:neg_pc6h          mhNone gate medpc1h   n  31 pairs 14 top0.16 mean50  -5.67 med  -4.36 win  22.6 pf 0.25   sum   -351.6 mean0  -4.72 hold   27.6 ci [-22.014, -2.813] | h1  -4.58 (16) h2  -6.84 (15)
U50     e15 factor:neg_pc6h          mhNone gate none      n  17 pairs 13 top0.18 mean50   0.85 med   5.82 win  64.7 pf 1.073  sum     28.9 mean0   1.86 hold  156.2 ci [-32.643, 31.876] | h1   3.67 (8) h2  -1.66 (9)
U50     e15 factor:neg_vol15         mh120  gate breadth15 n  40 pairs 14 top0.20 mean50  -2.70 med  -2.66 win  15.0 pf 0.088  sum   -215.8 mean0  -1.72 hold   23.3 ci [-7.186, -3.742] | h1  -3.23 (21) h2   -2.1 (19)
U50     e15 factor:neg_vol15         mh120  gate medpc1h   n  33 pairs 15 top0.12 mean50  -3.30 med  -2.51 win   9.1 pf 0.103  sum   -218.0 mean0  -2.33 hold   25.5 ci [-9.854, -3.613] | h1  -4.22 (16) h2  -2.44 (17)
U50     e15 factor:neg_vol15         mh120  gate none      n  38 pairs 18 top0.13 mean50  -2.63 med  -2.46 win  21.1 pf 0.415  sum   -199.7 mean0  -1.65 hold   65.1 ci [-10.663, 1.513] | h1  -4.98 (19) h2  -0.27 (19)
U50     e15 factor:neg_vol15         mhNone gate breadth15 n  40 pairs 14 top0.20 mean50  -2.70 med  -2.66 win  15.0 pf 0.088  sum   -215.8 mean0  -1.72 hold   23.3 ci [-7.186, -3.742] | h1  -3.23 (21) h2   -2.1 (19)
U50     e15 factor:neg_vol15         mhNone gate medpc1h   n  33 pairs 15 top0.12 mean50  -3.30 med  -2.51 win   9.1 pf 0.103  sum   -218.0 mean0  -2.33 hold   25.5 ci [-9.854, -3.613] | h1  -4.22 (16) h2  -2.44 (17)
U50     e15 factor:neg_vol15         mhNone gate none      n  26 pairs 16 top0.19 mean50  -3.66 med  -2.34 win  30.8 pf 0.277  sum   -190.1 mean0  -2.69 hold  134.9 ci [-13.632, -1.129] | h1  -3.92 (14) h2  -3.35 (12)
U50     e15 random:r1                mh120  gate breadth15 n  45 pairs 21 top0.13 mean50  -3.32 med  -3.45 win  17.8 pf 0.274  sum   -298.9 mean0  -2.35 hold   19.3 ci [-10.148, -2.976] | h1  -4.37 (25) h2  -2.02 (20)
U50     e15 random:r1                mh120  gate medpc1h   n  37 pairs 21 top0.11 mean50  -1.79 med  -3.85 win  21.6 pf 0.605  sum   -132.9 mean0  -0.81 hold   22.7 ci [-9.432, 3.11] | h1  -1.69 (18) h2  -1.89 (19)
U50     e15 random:r1                mh120  gate none      n  79 pairs 33 top0.10 mean50  -3.26 med  -2.97 win  19.0 pf 0.31   sum   -515.1 mean0  -2.29 hold   30.8 ci [-9.632, -3.175] | h1  -4.48 (26) h2  -2.66 (53)
U50     e15 random:r1                mhNone gate breadth15 n  45 pairs 21 top0.13 mean50  -3.32 med  -3.45 win  17.8 pf 0.274  sum   -298.9 mean0  -2.35 hold   19.3 ci [-10.148, -2.976] | h1  -4.37 (25) h2  -2.02 (20)
U50     e15 random:r1                mhNone gate medpc1h   n  37 pairs 21 top0.11 mean50  -1.79 med  -3.85 win  21.6 pf 0.605  sum   -132.9 mean0  -0.81 hold   22.7 ci [-9.432, 3.11] | h1  -1.69 (18) h2  -1.89 (19)
U50     e15 random:r1                mhNone gate none      n  76 pairs 33 top0.09 mean50  -2.69 med  -2.95 win  18.4 pf 0.396  sum   -408.6 mean0  -1.71 hold   32.0 ci [-8.664, -1.377] | h1  -2.75 (23) h2  -2.66 (53)
U50     e15 rank:liq+neg_pc1h        mh120  gate breadth15 n  37 pairs 19 top0.11 mean50  -2.36 med  -2.02 win  21.6 pf 0.326  sum   -174.7 mean0  -1.38 hold   25.1 ci [-8.771, -0.701] | h1  -1.95 (21) h2   -2.9 (16)
U50     e15 rank:liq+neg_pc1h        mh120  gate medpc1h   n  33 pairs 16 top0.12 mean50  -4.10 med  -2.47 win   6.1 pf 0.128  sum   -270.6 mean0  -3.14 hold   25.5 ci [-12.749, -3.876] | h1  -5.31 (16) h2  -2.96 (17)
U50     e15 rank:liq+neg_pc1h        mh120  gate none      n  39 pairs 18 top0.13 mean50  -0.28 med  -1.89 win  38.5 pf 0.925  sum    -22.0 mean0   0.72 hold   63.8 ci [-8.117, 7.657] | h1   -2.0 (18) h2   1.19 (21)
U50     e15 rank:liq+neg_pc1h        mhNone gate breadth15 n  36 pairs 19 top0.11 mean50  -2.53 med  -1.99 win  22.2 pf 0.317  sum   -182.2 mean0  -1.55 hold   25.8 ci [-9.122, -0.608] | h1  -2.24 (20) h2   -2.9 (16)
U50     e15 rank:liq+neg_pc1h        mhNone gate medpc1h   n  33 pairs 16 top0.12 mean50  -4.10 med  -2.47 win   6.1 pf 0.128  sum   -270.6 mean0  -3.14 hold   25.5 ci [-12.749, -3.876] | h1  -5.31 (16) h2  -2.96 (17)
U50     e15 rank:liq+neg_pc1h        mhNone gate none      n  32 pairs 18 top0.12 mean50  -0.79 med  -1.89 win  37.5 pf 0.766  sum    -50.3 mean0   0.21 hold   80.2 ci [-8.359, 5.278] | h1  -0.66 (15) h2   -0.9 (17)
U50     e15 rank:liq+neg_vol15       mh120  gate breadth15 n  38 pairs 14 top0.13 mean50  -2.85 med  -2.49 win  15.8 pf 0.087  sum   -216.5 mean0  -1.87 hold   24.5 ci [-8.023, -3.512] | h1  -3.82 (21) h2  -1.64 (17)
U50     e15 rank:liq+neg_vol15       mh120  gate medpc1h   n  33 pairs 14 top0.15 mean50  -3.75 med  -2.51 win   9.1 pf 0.08   sum   -247.4 mean0  -2.78 hold   25.5 ci [-10.867, -4.372] | h1  -5.57 (16) h2  -2.03 (17)
U50     e15 rank:liq+neg_vol15       mh120  gate none      n  30 pairs 16 top0.13 mean50  -0.45 med  -2.83 win  30.0 pf 0.889  sum    -26.8 mean0   0.55 hold   88.0 ci [-8.529, 9.571] | h1  -1.47 (17) h2   0.89 (13)
U50     e15 rank:liq+neg_vol15       mhNone gate breadth15 n  37 pairs 14 top0.14 mean50  -3.04 med  -2.52 win  16.2 pf 0.084  sum   -225.2 mean0  -2.07 hold   25.1 ci [-8.72, -3.623] | h1  -4.23 (20) h2  -1.64 (17)
U50     e15 rank:liq+neg_vol15       mhNone gate medpc1h   n  33 pairs 14 top0.15 mean50  -3.75 med  -2.51 win   9.1 pf 0.08   sum   -247.4 mean0  -2.78 hold   25.5 ci [-10.867, -4.372] | h1  -5.57 (16) h2  -2.03 (17)
U50     e15 rank:liq+neg_vol15       mhNone gate none      n  20 pairs 15 top0.15 mean50  -0.08 med  -1.94 win  35.0 pf 0.98   sum     -3.1 mean0   0.93 hold  180.7 ci [-10.413, 12.027] | h1  -2.04 (12) h2   2.86 (8)
U50old  e5  factor:liq               mh120  gate breadth15 n  39 pairs  5 top0.33 mean50  -1.98 med  -2.04 win   7.7 pf 0.014  sum   -154.2 mean0  -0.99 hold   21.9 ci [-4.6, -3.349] | h1  -2.76 (6) h2  -1.83 (33)
U50old  e5  factor:liq               mh120  gate medpc1h   n  27 pairs  4 top0.33 mean50  -2.17 med  -2.16 win   3.7 pf 0.02   sum   -117.0 mean0  -1.18 hold   17.8 ci [-5.016, -3.556] | h1  -2.45 (3) h2  -2.13 (24)
U50old  e5  factor:liq               mh120  gate none      n  18 pairs  6 top0.22 mean50   0.89 med  -1.26 win  22.2 pf 1.458  sum     32.0 mean0   1.90 hold  127.5 ci [-4.798, 12.996] | h1  -1.17 (9) h2   2.95 (9)
U50old  e5  factor:liq               mhNone gate breadth15 n  39 pairs  5 top0.33 mean50  -1.98 med  -2.04 win   7.7 pf 0.014  sum   -154.2 mean0  -0.99 hold   21.9 ci [-4.6, -3.349] | h1  -2.76 (6) h2  -1.83 (33)
U50old  e5  factor:liq               mhNone gate medpc1h   n  27 pairs  4 top0.33 mean50  -2.17 med  -2.16 win   3.7 pf 0.02   sum   -117.0 mean0  -1.18 hold   17.8 ci [-5.016, -3.556] | h1  -2.45 (3) h2  -2.13 (24)
U50old  e5  factor:liq               mhNone gate none      n   5 pairs  5 top0.20 mean50  -0.66 med  -4.36 win  40.0 pf 0.825  sum     -6.6 mean0   0.33 hold  749.8 ci [-13.392, 14.894] | h1  -0.66 (5) h2   None (0)
U50old  e5  factor:neg_pc6h          mh120  gate breadth15 n  41 pairs 10 top0.27 mean50  -3.20 med  -3.62 win  24.4 pf 0.389  sum   -262.1 mean0  -2.23 hold   18.4 ci [-11.643, -1.402] | h1  -4.37 (7) h2  -2.96 (34)
U50old  e5  factor:neg_pc6h          mh120  gate medpc1h   n  29 pairs 10 top0.24 mean50  -3.11 med  -4.60 win  24.1 pf 0.42   sum   -180.6 mean0  -2.14 hold   15.9 ci [-13.342, 2.226] | h1  -9.94 (3) h2  -2.32 (26)
U50old  e5  factor:neg_pc6h          mh120  gate none      n  24 pairs 11 top0.21 mean50   0.06 med  -3.60 win  45.8 pf 1.012  sum      2.8 mean0   1.06 hold   97.0 ci [-10.343, 12.199] | h1  -0.04 (11) h2   0.14 (13)
U50old  e5  factor:neg_pc6h          mhNone gate breadth15 n  41 pairs 10 top0.27 mean50  -3.20 med  -3.62 win  24.4 pf 0.389  sum   -262.1 mean0  -2.23 hold   18.4 ci [-11.643, -1.402] | h1  -4.37 (7) h2  -2.96 (34)
U50old  e5  factor:neg_pc6h          mhNone gate medpc1h   n  29 pairs 10 top0.24 mean50  -3.11 med  -4.60 win  24.1 pf 0.42   sum   -180.6 mean0  -2.14 hold   15.9 ci [-13.342, 2.226] | h1  -9.94 (3) h2  -2.32 (26)
U50old  e5  factor:neg_pc6h          mhNone gate none      n  16 pairs 11 top0.25 mean50   7.22 med   6.19 win  50.0 pf 2.759  sum    231.2 mean0   8.30 hold  147.8 ci [-5.299, 36.326] | h1   5.65 (7) h2   8.45 (9)
U50old  e5  factor:neg_vol15         mh120  gate breadth15 n  53 pairs 13 top0.19 mean50  -2.26 med  -2.31 win   7.5 pf 0.026  sum   -239.5 mean0  -1.28 hold   12.6 ci [-5.212, -3.807] | h1  -1.97 (7) h2   -2.3 (46)
U50old  e5  factor:neg_vol15         mh120  gate medpc1h   n  31 pairs 12 top0.19 mean50  -2.71 med  -2.46 win   0.0 pf 0.0    sum   -168.2 mean0  -1.74 hold   15.2 ci [-6.28, -4.682] | h1  -2.97 (3) h2  -2.68 (28)
U50old  e5  factor:neg_vol15         mh120  gate none      n  47 pairs 15 top0.13 mean50  -3.16 med  -3.00 win   8.5 pf 0.062  sum   -297.4 mean0  -2.19 hold   47.9 ci [-8.18, -4.514] | h1   -3.0 (13) h2  -3.23 (34)
U50old  e5  factor:neg_vol15         mhNone gate breadth15 n  53 pairs 13 top0.19 mean50  -2.26 med  -2.31 win   7.5 pf 0.026  sum   -239.5 mean0  -1.28 hold   12.6 ci [-5.212, -3.807] | h1  -1.97 (7) h2   -2.3 (46)
U50old  e5  factor:neg_vol15         mhNone gate medpc1h   n  31 pairs 12 top0.19 mean50  -2.71 med  -2.46 win   0.0 pf 0.0    sum   -168.2 mean0  -1.74 hold   15.2 ci [-6.28, -4.682] | h1  -2.97 (3) h2  -2.68 (28)
U50old  e5  factor:neg_vol15         mhNone gate none      n  40 pairs 15 top0.12 mean50  -3.01 med  -2.90 win  10.0 pf 0.141  sum   -240.5 mean0  -2.03 hold   70.0 ci [-8.485, -3.235] | h1  -1.94 (8) h2  -3.27 (32)
U50old  e5  random:r1                mh120  gate breadth15 n  95 pairs 25 top0.08 mean50  -2.78 med  -2.91 win   6.3 pf 0.181  sum   -527.4 mean0  -1.80 hold    6.0 ci [-7.534, -3.119] | h1  -3.17 (16) h2   -2.7 (79)
U50old  e5  random:r1                mh120  gate medpc1h   n  69 pairs 21 top0.09 mean50  -3.45 med  -2.88 win   5.8 pf 0.096  sum   -475.5 mean0  -2.48 hold    6.6 ci [-8.716, -4.881] | h1   -5.2 (6) h2  -3.28 (63)
U50old  e5  random:r1                mh120  gate none      n 190 pairs 26 top0.08 mean50  -2.59 med  -2.92 win  10.5 pf 0.26   sum   -983.8 mean0  -1.61 hold   11.0 ci [-6.895, -3.206] | h1  -2.89 (37) h2  -2.52 (153)
U50old  e5  random:r1                mhNone gate breadth15 n  95 pairs 25 top0.08 mean50  -2.78 med  -2.91 win   6.3 pf 0.181  sum   -527.4 mean0  -1.80 hold    6.0 ci [-7.534, -3.119] | h1  -3.17 (16) h2   -2.7 (79)
U50old  e5  random:r1                mhNone gate medpc1h   n  69 pairs 21 top0.09 mean50  -3.45 med  -2.88 win   5.8 pf 0.096  sum   -475.5 mean0  -2.48 hold    6.6 ci [-8.716, -4.881] | h1   -5.2 (6) h2  -3.28 (63)
U50old  e5  random:r1                mhNone gate none      n 186 pairs 26 top0.07 mean50  -2.54 med  -2.92 win  10.2 pf 0.279  sum   -943.0 mean0  -1.56 hold   11.3 ci [-6.728, -3.103] | h1  -2.62 (33) h2  -2.52 (153)
U50old  e5  rank:liq+neg_pc1h        mh120  gate breadth15 n  46 pairs 13 top0.13 mean50  -1.51 med  -1.96 win  21.7 pf 0.272  sum   -138.9 mean0  -0.52 hold   14.5 ci [-4.507, -1.447] | h1   -0.4 (7) h2  -1.71 (39)
U50old  e5  rank:liq+neg_pc1h        mh120  gate medpc1h   n  30 pairs 12 top0.20 mean50  -2.38 med  -2.17 win   6.7 pf 0.031  sum   -143.1 mean0  -1.40 hold   16.1 ci [-5.919, -3.556] | h1  -4.02 (4) h2  -2.13 (26)
U50old  e5  rank:liq+neg_pc1h        mh120  gate none      n  46 pairs 17 top0.11 mean50  -1.98 med  -2.24 win  17.4 pf 0.229  sum   -182.0 mean0  -0.99 hold   47.6 ci [-5.795, -2.021] | h1  -2.04 (18) h2  -1.94 (28)
U50old  e5  rank:liq+neg_pc1h        mhNone gate breadth15 n  46 pairs 13 top0.13 mean50  -1.51 med  -1.96 win  21.7 pf 0.272  sum   -138.9 mean0  -0.52 hold   14.5 ci [-4.507, -1.447] | h1   -0.4 (7) h2  -1.71 (39)
U50old  e5  rank:liq+neg_pc1h        mhNone gate medpc1h   n  30 pairs 12 top0.20 mean50  -2.38 med  -2.17 win   6.7 pf 0.031  sum   -143.1 mean0  -1.40 hold   16.1 ci [-5.919, -3.556] | h1  -4.02 (4) h2  -2.13 (26)
U50old  e5  rank:liq+neg_pc1h        mhNone gate none      n  41 pairs 17 top0.12 mean50  -1.65 med  -2.24 win  17.1 pf 0.34   sum   -135.0 mean0  -0.66 hold   53.9 ci [-5.637, -0.604] | h1  -1.19 (14) h2  -1.88 (27)
U50old  e5  rank:liq+neg_vol15       mh120  gate breadth15 n  45 pairs  8 top0.24 mean50  -1.81 med  -2.09 win  11.1 pf 0.055  sum   -163.2 mean0  -0.83 hold   16.9 ci [-4.267, -2.908] | h1  -1.72 (6) h2  -1.83 (39)
U50old  e5  rank:liq+neg_vol15       mh120  gate medpc1h   n  28 pairs  6 top0.29 mean50  -2.29 med  -2.17 win   3.6 pf 0.018  sum   -128.4 mean0  -1.31 hold   17.0 ci [-5.423, -3.794] | h1  -2.45 (3) h2  -2.27 (25)
U50old  e5  rank:liq+neg_vol15       mh120  gate none      n  29 pairs 10 top0.17 mean50  -0.21 med  -1.82 win  20.7 pf 0.9    sum    -12.4 mean0   0.79 hold   81.4 ci [-5.013, 7.173] | h1  -1.13 (11) h2   0.35 (18)
U50old  e5  rank:liq+neg_vol15       mhNone gate breadth15 n  45 pairs  8 top0.24 mean50  -1.81 med  -2.09 win  11.1 pf 0.055  sum   -163.2 mean0  -0.83 hold   16.9 ci [-4.267, -2.908] | h1  -1.72 (6) h2  -1.83 (39)
U50old  e5  rank:liq+neg_vol15       mhNone gate medpc1h   n  28 pairs  6 top0.29 mean50  -2.29 med  -2.17 win   3.6 pf 0.018  sum   -128.4 mean0  -1.31 hold   17.0 ci [-5.423, -3.794] | h1  -2.45 (3) h2  -2.27 (25)
U50old  e5  rank:liq+neg_vol15       mhNone gate none      n  16 pairs 10 top0.19 mean50   2.00 med  -0.76 win  31.2 pf 2.027  sum     64.1 mean0   3.03 hold  205.3 ci [-4.847, 16.703] | h1   1.17 (7) h2   2.65 (9)
U50old  e15 factor:liq               mh120  gate breadth15 n  24 pairs  4 top0.33 mean50  -1.74 med  -1.82 win   8.3 pf 0.053  sum    -83.7 mean0  -0.76 hold   31.9 ci [-4.434, -2.648] | h1  -2.76 (6) h2   -1.4 (18)
U50old  e15 factor:liq               mh120  gate medpc1h   n  15 pairs  4 top0.33 mean50  -2.61 med  -2.63 win   6.7 pf 0.028  sum    -78.4 mean0  -1.63 hold   28.0 ci [-6.793, -3.605] | h1  -4.31 (3) h2  -2.19 (12)
U50old  e15 factor:liq               mh120  gate none      n  18 pairs  6 top0.22 mean50   0.85 med  -1.75 win  22.2 pf 1.405  sum     30.6 mean0   1.86 hold  120.8 ci [-5.254, 13.221] | h1  -1.23 (9) h2   2.93 (9)
U50old  e15 factor:liq               mhNone gate breadth15 n  24 pairs  4 top0.33 mean50  -1.74 med  -1.82 win   8.3 pf 0.053  sum    -83.7 mean0  -0.76 hold   31.9 ci [-4.434, -2.648] | h1  -2.76 (6) h2   -1.4 (18)
U50old  e15 factor:liq               mhNone gate medpc1h   n  15 pairs  4 top0.33 mean50  -2.61 med  -2.63 win   6.7 pf 0.028  sum    -78.4 mean0  -1.63 hold   28.0 ci [-6.793, -3.605] | h1  -4.31 (3) h2  -2.19 (12)
U50old  e15 factor:liq               mhNone gate none      n   5 pairs  5 top0.20 mean50  -0.66 med  -4.36 win  40.0 pf 0.825  sum     -6.6 mean0   0.33 hold  749.8 ci [-13.392, 14.894] | h1  -0.66 (5) h2   None (0)
U50old  e15 factor:neg_pc6h          mh120  gate breadth15 n  24 pairs  9 top0.29 mean50  -2.60 med  -1.89 win  29.2 pf 0.529  sum   -124.6 mean0  -1.62 hold   27.5 ci [-12.531, 2.373] | h1  -4.48 (6) h2  -1.97 (18)
U50old  e15 factor:neg_pc6h          mh120  gate medpc1h   n  16 pairs  9 top0.19 mean50  -3.40 med  -5.60 win  37.5 pf 0.49   sum   -108.8 mean0  -2.43 hold   26.2 ci [-17.462, 5.348] | h1 -12.87 (3) h2  -1.21 (13)
U50old  e15 factor:neg_pc6h          mh120  gate none      n  23 pairs 12 top0.17 mean50   0.74 med  -4.36 win  47.8 pf 1.16   sum     34.2 mean0   1.75 hold   95.9 ci [-8.768, 13.199] | h1  -0.82 (10) h2   1.95 (13)
U50old  e15 factor:neg_pc6h          mhNone gate breadth15 n  24 pairs  9 top0.29 mean50  -2.60 med  -1.89 win  29.2 pf 0.529  sum   -124.6 mean0  -1.62 hold   27.5 ci [-12.531, 2.373] | h1  -4.48 (6) h2  -1.97 (18)
U50old  e15 factor:neg_pc6h          mhNone gate medpc1h   n  16 pairs  9 top0.19 mean50  -3.40 med  -5.60 win  37.5 pf 0.49   sum   -108.8 mean0  -2.43 hold   26.2 ci [-17.462, 5.348] | h1 -12.87 (3) h2  -1.21 (13)
U50old  e15 factor:neg_pc6h          mhNone gate none      n  12 pairs 10 top0.17 mean50   9.32 med   6.79 win  66.7 pf 6.942  sum    223.8 mean0  10.42 hold  198.7 ci [2.763, 35.852] | h1   3.79 (6) h2  14.86 (6)
U50old  e15 factor:neg_vol15         mh120  gate breadth15 n  28 pairs 11 top0.21 mean50  -1.96 med  -2.38 win  14.3 pf 0.096  sum   -109.7 mean0  -0.97 hold   20.9 ci [-4.978, -2.726] | h1  -1.66 (6) h2  -2.04 (22)
U50old  e15 factor:neg_vol15         mh120  gate medpc1h   n  17 pairs  7 top0.23 mean50  -2.80 med  -3.11 win   0.0 pf 0.0    sum    -95.2 mean0  -1.82 hold   24.7 ci [-6.644, -4.451] | h1   -3.9 (3) h2  -2.57 (14)
U50old  e15 factor:neg_vol15         mh120  gate none      n  29 pairs 11 top0.17 mean50  -0.77 med  -2.31 win  24.1 pf 0.716  sum    -44.5 mean0   0.23 hold   73.9 ci [-6.481, 5.824] | h1   -1.7 (10) h2  -0.27 (19)
U50old  e15 factor:neg_vol15         mhNone gate breadth15 n  28 pairs 11 top0.21 mean50  -1.96 med  -2.38 win  14.3 pf 0.096  sum   -109.7 mean0  -0.97 hold   20.9 ci [-4.978, -2.726] | h1  -1.66 (6) h2  -2.04 (22)
U50old  e15 factor:neg_vol15         mhNone gate medpc1h   n  17 pairs  7 top0.23 mean50  -2.80 med  -3.11 win   0.0 pf 0.0    sum    -95.2 mean0  -1.82 hold   24.7 ci [-6.644, -4.451] | h1   -3.9 (3) h2  -2.57 (14)
U50old  e15 factor:neg_vol15         mhNone gate none      n  18 pairs 10 top0.28 mean50  -2.00 med  -2.29 win  27.8 pf 0.358  sum    -71.9 mean0  -1.01 hold  176.6 ci [-8.707, 1.645] | h1    0.7 (6) h2  -3.35 (12)
U50old  e15 random:r1                mh120  gate breadth15 n  31 pairs 19 top0.13 mean50  -1.36 med  -2.43 win  19.4 pf 0.563  sum    -84.3 mean0  -0.37 hold   16.0 ci [-7.102, 2.427] | h1  -0.93 (7) h2  -1.48 (24)
U50old  e15 random:r1                mh120  gate medpc1h   n  22 pairs 16 top0.09 mean50  -3.50 med  -3.52 win  13.6 pf 0.241  sum   -153.8 mean0  -2.53 hold   18.4 ci [-11.799, -1.576] | h1  -8.18 (3) h2  -2.76 (19)
U50old  e15 random:r1                mh120  gate none      n  64 pairs 25 top0.08 mean50  -2.48 med  -2.85 win  17.2 pf 0.359  sum   -317.7 mean0  -1.50 hold   32.1 ci [-8.039, -1.742] | h1  -2.04 (16) h2  -2.63 (48)
U50old  e15 random:r1                mhNone gate breadth15 n  31 pairs 19 top0.13 mean50  -1.36 med  -2.43 win  19.4 pf 0.563  sum    -84.3 mean0  -0.37 hold   16.0 ci [-7.102, 2.427] | h1  -0.93 (7) h2  -1.48 (24)
U50old  e15 random:r1                mhNone gate medpc1h   n  22 pairs 16 top0.09 mean50  -3.50 med  -3.52 win  13.6 pf 0.241  sum   -153.8 mean0  -2.53 hold   18.4 ci [-11.799, -1.576] | h1  -8.18 (3) h2  -2.76 (19)
U50old  e15 random:r1                mhNone gate none      n  60 pairs 25 top0.08 mean50  -2.29 med  -2.80 win  16.7 pf 0.417  sum   -275.3 mean0  -1.31 hold   35.3 ci [-8.12, -0.588] | h1  -0.95 (12) h2  -2.63 (48)
U50old  e15 rank:liq+neg_pc1h        mh120  gate breadth15 n  26 pairs 12 top0.19 mean50  -1.40 med  -1.57 win  26.9 pf 0.25   sum    -72.8 mean0  -0.41 hold   23.1 ci [-4.677, -0.837] | h1  -1.16 (6) h2  -1.47 (20)
U50old  e15 rank:liq+neg_pc1h        mh120  gate medpc1h   n  17 pairs 10 top0.18 mean50  -3.92 med  -3.08 win   0.0 pf 0.0    sum   -133.3 mean0  -2.96 hold   24.7 ci [-12.035, -4.543] | h1   -6.5 (3) h2  -3.37 (14)
U50old  e15 rank:liq+neg_pc1h        mh120  gate none      n  33 pairs 16 top0.12 mean50  -1.90 med  -2.27 win  27.3 pf 0.309  sum   -125.5 mean0  -0.92 hold   65.5 ci [-6.356, -1.101] | h1  -2.24 (14) h2  -1.65 (19)
U50old  e15 rank:liq+neg_pc1h        mhNone gate breadth15 n  26 pairs 12 top0.19 mean50  -1.40 med  -1.57 win  26.9 pf 0.25   sum    -72.8 mean0  -0.41 hold   23.1 ci [-4.677, -0.837] | h1  -1.16 (6) h2  -1.47 (20)
U50old  e15 rank:liq+neg_pc1h        mhNone gate medpc1h   n  17 pairs 10 top0.18 mean50  -3.92 med  -3.08 win   0.0 pf 0.0    sum   -133.3 mean0  -2.96 hold   24.7 ci [-12.035, -4.543] | h1   -6.5 (3) h2  -3.37 (14)
U50old  e15 rank:liq+neg_pc1h        mhNone gate none      n  26 pairs 15 top0.15 mean50  -1.29 med  -2.22 win  26.9 pf 0.508  sum    -67.3 mean0  -0.30 hold   86.0 ci [-6.27, 1.41] | h1  -1.07 (10) h2  -1.43 (16)
U50old  e15 rank:liq+neg_vol15       mh120  gate breadth15 n  26 pairs  8 top0.27 mean50  -1.53 med  -1.96 win  15.4 pf 0.127  sum    -79.7 mean0  -0.54 hold   26.0 ci [-4.058, -1.926] | h1  -1.72 (6) h2  -1.48 (20)
U50old  e15 rank:liq+neg_vol15       mh120  gate medpc1h   n  16 pairs  5 top0.25 mean50  -2.90 med  -2.51 win   0.0 pf 0.0    sum    -92.8 mean0  -1.92 hold   26.2 ci [-6.946, -4.726] | h1  -4.31 (3) h2  -2.57 (13)
U50old  e15 rank:liq+neg_vol15       mh120  gate none      n  23 pairs 10 top0.17 mean50   0.03 med  -2.14 win  30.4 pf 1.014  sum      1.5 mean0   1.04 hold   97.8 ci [-5.724, 9.405] | h1  -1.27 (11) h2   1.22 (12)
U50old  e15 rank:liq+neg_vol15       mhNone gate breadth15 n  26 pairs  8 top0.27 mean50  -1.53 med  -1.96 win  15.4 pf 0.127  sum    -79.7 mean0  -0.54 hold   26.0 ci [-4.058, -1.926] | h1  -1.72 (6) h2  -1.48 (20)
U50old  e15 rank:liq+neg_vol15       mhNone gate medpc1h   n  16 pairs  5 top0.25 mean50  -2.90 med  -2.51 win   0.0 pf 0.0    sum    -92.8 mean0  -1.92 hold   26.2 ci [-6.946, -4.726] | h1  -4.31 (3) h2  -2.57 (13)
U50old  e15 rank:liq+neg_vol15       mhNone gate none      n  14 pairs 10 top0.21 mean50   2.40 med  -1.47 win  35.7 pf 2.15   sum     67.1 mean0   3.43 hold  234.6 ci [-5.627, 20.341] | h1   1.05 (7) h2   3.75 (7)
=== train mean net50 > 0, n >= 20, pairs >= 8, top <= 0.35 ===
U50     e5  factor:neg_pc6h          mhNone gate none      n  21 pairs 15 top0.14 mean50   2.50 med   4.87 win  52.4 pf 1.296  sum    104.9 mean0   3.53 hold  129.3 ci [-21.505, 27.659] | h1   6.55 (10) h2  -1.18 (11)
U50     e5  rank:liq+neg_vol15       mhNone gate none      n  28 pairs 14 top0.18 mean50   1.57 med  -1.78 win  28.6 pf 1.471  sum     88.2 mean0   2.60 hold  129.4 ci [-7.381, 16.081] | h1   2.63 (13) h2   0.66 (15)
U100    e5  rank:liq+neg_vol15       mhNone gate none      n  23 pairs 14 top0.13 mean50   1.32 med  -1.60 win  26.1 pf 1.297  sum     60.6 mean0   2.33 hold  153.5 ci [-10.925, 19.012] | h1   1.38 (11) h2   1.26 (12)
U50     e15 factor:liq               mh120  gate none      n  22 pairs  9 top0.18 mean50   1.22 med  -1.75 win  22.7 pf 1.271  sum     53.6 mean0   2.23 hold  115.2 ci [-10.851, 19.891] | h1   0.03 (13) h2   2.93 (9)
U50     e5  factor:neg_pc6h          mh120  gate none      n  32 pairs 14 top0.16 mean50   0.80 med  -1.79 win  46.9 pf 1.103  sum     51.1 mean0   1.81 hold   83.6 ci [-15.486, 16.0] | h1   3.38 (15) h2  -1.48 (17)
U50     e5  factor:liq               mh120  gate none      n  22 pairs  9 top0.18 mean50   0.76 med  -1.26 win  27.3 pf 1.187  sum     33.5 mean0   1.77 hold  120.2 ci [-9.584, 15.219] | h1  -0.75 (13) h2   2.95 (9)
U50old  e15 factor:neg_pc6h          mh120  gate none      n  23 pairs 12 top0.17 mean50   0.74 med  -4.36 win  47.8 pf 1.16   sum     34.2 mean0   1.75 hold   95.9 ci [-8.768, 13.199] | h1  -0.82 (10) h2   1.95 (13)
U100old e15 rank:liq+neg_pc1h        mh120  gate none      n  26 pairs 11 top0.15 mean50   0.60 med  -1.89 win  34.6 pf 1.302  sum     31.1 mean0   1.61 hold   60.6 ci [-4.362, 9.493] | h1  -1.24 (5) h2   1.03 (21)
U100    e5  rank:liq+neg_vol15       mh120  gate none      n  35 pairs 14 top0.14 mean50   0.10 med  -1.90 win  20.0 pf 1.022  sum      6.8 mean0   1.10 hold   74.4 ci [-8.605, 10.968] | h1   0.23 (16) h2  -0.01 (19)
U50old  e5  factor:neg_pc6h          mh120  gate none      n  24 pairs 11 top0.21 mean50   0.06 med  -3.60 win  45.8 pf 1.012  sum      2.8 mean0   1.06 hold   97.0 ci [-10.343, 12.199] | h1  -0.04 (11) h2   0.14 (13)
U50old  e15 rank:liq+neg_vol15       mh120  gate none      n  23 pairs 10 top0.17 mean50   0.03 med  -2.14 win  30.4 pf 1.014  sum      1.5 mean0   1.04 hold   97.8 ci [-5.724, 9.405] | h1  -1.27 (11) h2   1.22 (12)
=== marginal averages ===
('gate', 'breadth15') avg -2.48 (96)
('gate', 'medpc1h') avg -3.35 (96)
('gate', 'none') avg -0.72 (96)
('mh', '120') avg -2.26 (144)
('mh', 'None') avg -2.10 (144)
('spec', 'factor:liq') avg -1.86 (48)
('spec', 'factor:neg_pc6h') avg -1.98 (48)
('spec', 'factor:neg_vol15') avg -2.55 (48)
('spec', 'random:r1') avg -3.11 (48)
('spec', 'rank:liq+neg_pc1h') avg -2.14 (48)
('spec', 'rank:liq+neg_vol15') avg -1.45 (48)
('u', 'U100') avg -2.49 (72)
('u', 'U100old') avg -1.96 (72)
('u', 'U50') avg -2.58 (72)
('u', 'U50old') avg -1.70 (72)
