C1_indep_event (reference)                   tr n=69  mean$=-7.308   %=-4.783  | ho n=22  pairs=8   mean$=0.943   %=1.076   med=2.815   win=59.1  top=0.409 ci_pair=[-5.14, 10.066]  (3.5s)

== A tape latency
lag_5s                                       tr n=68  mean$=-9.076   %=-5.929  | ho n=22  pairs=8   mean$=-0.43   %=-0.505  med=2.815   win=59.1  top=0.409 ci_pair=[-5.43, 7.054]  (3.4s)
lag_15s                                      tr n=67  mean$=-9.057   %=-5.87   | ho n=23  pairs=8   mean$=-2.234  %=-1.423  med=1.425   win=52.2  top=0.348 ci_pair=[-7.309, 4.184]  (3.6s)
lag_30s                                      tr n=65  mean$=-8.661   %=-5.833  | ho n=21  pairs=8   mean$=-2.974  %=-1.763  med=2.125   win=52.4  top=0.381 ci_pair=[-7.375, 3.778]  (3.3s)
lag_60s                                      tr n=64  mean$=-9.915   %=-6.481  | ho n=21  pairs=8   mean$=-3.285  %=-1.928  med=2.267   win=52.4  top=0.381 ci_pair=[-8.04, 4.456]  (3.4s)

== B rug screen
rug_none                                     tr n=138 mean$=-6.563   %=-4.987  | ho n=59  pairs=18  mean$=-4.745  %=-5.249  med=-6.618  win=39.0  top=0.305 ci_pair=[-10.343, 1.144]  (2.6s)
rug_train_only                               tr n=69  mean$=-7.308   %=-4.783  | ho n=22  pairs=8   mean$=0.943   %=1.076   med=2.815   win=59.1  top=0.409 ci_pair=[-5.14, 10.066]  (3.2s)
rug_interim_and_guard_v1                     tr n=55  mean$=-6.454   %=-3.702  | ho n=11  pairs=5   mean$=6.106   %=3.053   med=6.195   win=63.6  top=0.364 ci_pair=[-0.591, 11.128]  (3.6s)

== C v1 next-point fills (the family screened under v1)
fill_next_point_v1                           tr n=70  mean$=-3.375   %=-1.95   | ho n=22  pairs=8   mean$=0.591   %=0.54    med=4.974   win=63.6  top=0.409 ci_pair=[-4.677, 8.601]  (3.3s)

== D outliers / concentration / split
{
 "holdout_sum_usd": 20.75,
 "top_trade": [
  "CRAWL",
  "2B8tftZ5",
  12.84,
  25.69,
  200.0
 ],
 "mean_usd_wo_top1": -0.235,
 "mean_usd_wo_top2": -1.159,
 "mean_pct_wo_top1": 0.515,
 "leave_one_pair_out_mean_usd": {
  "2B8tftZ5": -1.805,
  "2XjwJiED": 0.173,
  "4R8CiMnJ": 0.615,
  "867dKvaC": 0.595,
  "8ewuF2o8": 0.54,
  "AFaYrFH7": 1.618,
  "AVCKHsDf": 0.942,
  "CR5dTgvT": 6.558
 },
 "split_sensitivity": {
  "0.4": {
   "tr_n": 58,
   "tr_mean_usd": -8.133,
   "ho_n": 33,
   "ho_mean_usd": -0.357,
   "ho_pairs": 12
  },
  "0.5": {
   "tr_n": 69,
   "tr_mean_usd": -7.308,
   "ho_n": 22,
   "ho_mean_usd": 0.943,
   "ho_pairs": 8
  },
  "0.6": {
   "tr_n": 69,
   "tr_mean_usd": -7.308,
   "ho_n": 22,
   "ho_mean_usd": 0.943,
   "ho_pairs": 8
  },
  "0.7": {
   "tr_n": 71,
   "tr_mean_usd": -6.847,
   "ho_n": 20,
   "ho_mean_usd": 0.133,
   "ho_pairs": 6
  },
  "0.8": {
   "tr_n": 81,
   "tr_mean_usd": -5.716,
   "ho_n": 10,
   "ho_mean_usd": -2.05,
   "ho_pairs": 5
  }
 },
 "by_3h_block_mean_usd": {
  "0": [
   10,
   -9.25
  ],
  "1": [
   26,
   -10.57
  ],
  "2": [
   22,
   -4.75
  ],
  "3": [
   11,
   -2.96
  ],
  "5": [
   10,
   4.23
  ],
  "6": [
   9,
   3.51
  ],
  "7": [
   3,
   -17.73
  ]
 }
}

== E random entries in the same universe + no-chase (matched count), many salts
{
 "salts": 40,
 "ho_n_median": 36,
 "ho_n_range": [
  28,
  46
 ],
 "ho_mean_usd_quantiles": {
  "0.05": -11.922,
  "0.25": -10.141,
  "0.5": -6.754,
  "0.75": -5.252,
  "0.95": -3.726
 },
 "ho_mean_usd_max": -3.457,
 "c1_ho_mean_usd": 0.943,
 "share_random_ho_ge_c1": 0.0,
 "tr_mean_usd_median_random": -7.505,
 "c1_tr_mean_usd": -7.308,
 "share_random_tr_le_c1": 0.55
}

== F neighbourhood of thresholds
nbr_ub8                                      tr n=69  mean$=-7.265   %=-4.718  | ho n=23  pairs=8   mean$=0.441   %=0.366   med=1.737   win=56.5  top=0.391 ci_pair=[-5.253, 9.161]  (3.0s)
nbr_ub12                                     tr n=69  mean$=-7.311   %=-4.87   | ho n=22  pairs=8   mean$=1.171   %=1.19    med=2.815   win=59.1  top=0.409 ci_pair=[-5.063, 10.275]  (2.8s)
nbr_newb3                                    tr n=71  mean$=-7.768   %=-4.901  | ho n=22  pairs=8   mean$=0.943   %=1.076   med=2.815   win=59.1  top=0.409 ci_pair=[-5.14, 10.066]  (3.1s)
nbr_newb7                                    tr n=68  mean$=-8.593   %=-5.52   | ho n=22  pairs=8   mean$=0.943   %=1.076   med=2.815   win=59.1  top=0.409 ci_pair=[-5.14, 10.066]  (2.9s)
nbr_top0.25                                  tr n=66  mean$=-8.154   %=-5.142  | ho n=17  pairs=5   mean$=0.023   %=-0.587  med=2.125   win=52.9  top=0.471 ci_pair=[-4.151, 8.236]  (3.3s)
nbr_top0.35                                  tr n=77  mean$=-8.737   %=-6.393  | ho n=24  pairs=10  mean$=0.652   %=1.201   med=2.771   win=54.2  top=0.333 ci_pair=[-4.333, 6.942]  (3.2s)
nbr_nochase_-3_+4                            tr n=68  mean$=-6.996   %=-4.512  | ho n=22  pairs=8   mean$=0.925   %=1.068   med=2.829   win=59.1  top=0.409 ci_pair=[-5.003, 9.911]  (3.2s)
nbr_nochase_-1_+6                            tr n=68  mean$=-6.935   %=-4.475  | ho n=22  pairs=8   mean$=-0.209  %=0.585   med=2.672   win=54.5  top=0.409 ci_pair=[-7.297, 10.134]  (3.3s)
nbr_live300s                                 tr n=69  mean$=-7.308   %=-4.783  | ho n=22  pairs=8   mean$=0.943   %=1.076   med=2.815   win=59.1  top=0.409 ci_pair=[-5.14, 10.066]  (3.3s)
exit_stop-8_tp6                              tr n=74  mean$=-7.594   %=-4.822  | ho n=22  pairs=8   mean$=0.887   %=0.701   med=2.659   win=54.5  top=0.409 ci_pair=[-4.979, 9.711]  (3.0s)
exit_stop-12_tp6                             tr n=64  mean$=-8.874   %=-5.603  | ho n=22  pairs=8   mean$=2.89    %=2.776   med=3.906   win=63.6  top=0.409 ci_pair=[-1.75, 10.066]  (3.2s)
exit_tp5                                     tr n=72  mean$=-8.377   %=-5.501  | ho n=22  pairs=8   mean$=1.267   %=1.285   med=3.781   win=68.2  top=0.409 ci_pair=[-3.195, 8.283]  (2.9s)
exit_tp8                                     tr n=65  mean$=-7.515   %=-4.738  | ho n=20  pairs=8   mean$=1.809   %=1.925   med=5.15    win=60.0  top=0.35  ci_pair=[-4.664, 10.355]  (3.0s)
exit_hold20                                  tr n=71  mean$=-7.963   %=-5.188  | ho n=22  pairs=8   mean$=1.841   %=1.525   med=3.906   win=63.6  top=0.409 ci_pair=[-4.457, 11.309]  (3.0s)
exit_hold45                                  tr n=68  mean$=-7.781   %=-5.044  | ho n=22  pairs=8   mean$=1.124   %=1.166   med=2.815   win=63.6  top=0.409 ci_pair=[-5.095, 9.978]  (3.2s)
exit_size$200                                tr n=69  mean$=-10.661  %=-5.331  | ho n=22  pairs=8   mean$=1.383   %=0.691   med=2.686   win=54.5  top=0.409 ci_pair=[-7.359, 18.278]  (3.1s)

== G placebo: flow measured on stale tape (shifted back), universe and no-chase at decision time
placebo_stale_10min                          tr n=64  mean$=-10.222  %=-6.944  | ho n=17  pairs=8   mean$=-6.496  %=-2.974  med=-4.676  win=35.3  top=0.353 ci_pair=[-12.859, -3.133]  (3.1s)
placebo_stale_30min                          tr n=48  mean$=-12.186  %=-7.738  | ho n=12  pairs=7   mean$=-5.165  %=-4.453  med=-6.629  win=41.7  top=0.417 ci_pair=[-8.678, 2.808]  (3.1s)
done 207.2 s; configs 67
