prints loaded 347 2.4 s
C1 {"all": {"n": 91, "buy_bias_bps": {"n": 71, "mean": 0.3, "median": -1.8}, "sell_bias_bps": {"n": 35, "mean": 0.2, "median": -29.3}, "repriced": {"n": 31, "net50_mean": 0.456, "net50_tape_mean": 0.508, "usd50_mean": 0.606, "usd50_tape_mean": 0.298}}, "train": {"n": 69, "buy_bias_bps": {"n": 54, "mean": -15.6, "median": 5.5}, "sell_bias_bps": {"n": 29, "mean": 2.2, "median": -29.3}, "repriced": {"n": 25, "net50_mean": 0.836, "net50_tape_mean": 0.651, "usd50_mean": 1.08, "usd50_tape_mean": 0.479}}, "holdout": {"n": 22, "buy_bias_bps": {"n": 17, "mean": 50.7, "median": -19.1}, "sell_bias_bps": {"n": 6, "mean": -9.8, "median": 47.7}, "repriced": {"n": 6, "net50_mean": -1.128, "net50_tape_mean": -0.087, "usd50_mean": -1.367, "usd50_tape_mean": -0.455}}}
  C1 holdout trades (sym pair net50 buy_bias sell_bias net50_tape):
    B22 AVCKHsDf 1.74 -19.1 mid 144.1 mid 3.41 TP 
    LOADED 2XjwJiED 34.51 1541.1 mid nan None nan TP 
    CRAWL 2B8tftZ5 8.74 28.3 mid nan None nan TP 
    JEANPHIL 4R8CiMnJ 3.92 110.6 mid nan None nan TP 
    MISTAKE 867dKvaC -4.7 49.0 mid nan None nan HOLD 
    ZKDARK CR5dTgvT -14.07 -228.7 mid -41.7 mid -12.45 STOP 
    ZKDARK CR5dTgvT 1.42 -107.6 mid 168.8 mid 4.27 TP 
    CRAWL 2B8tftZ5 12.84 -81.1 last nan None nan TP 
    ZKDARK CR5dTgvT -12.18 nan None nan None nan STOP 
    ZKDARK CR5dTgvT 8.58 -174.4 mid -191.6 mid 8.39 TP 
    ZKDARK CR5dTgvT -12.57 nan None nan None nan STOP 
    CRAWL 2B8tftZ5 7.78 68.5 last nan None nan TP 
    LMAO! AFaYrFH7 -6.62 -102.6 last nan None nan HOLD 
    swordcat 8ewuF2o8 7.15 nan None nan None nan TP 
    swordcat 8ewuF2o8 6.19 -59.7 mid nan None nan TP 
    MISTAKE 867dKvaC 9.12 67.4 mid -186.2 mid 6.39 TP 
    swordcat 8ewuF2o8 -8.1 45.2 mid nan None nan HOLD 
    ZKDARK CR5dTgvT 3.89 93.7 mid nan None nan TP 
    ZKDARK CR5dTgvT 6.18 nan None nan None nan TP 
    ZKDARK CR5dTgvT -13.55 -295.8 mid 47.7 mid -10.53 STOP 
    ZKDARK CR5dTgvT -13.86 -72.8 mid nan None nan OPEN_AT_END VANISHED
    CRAWL 2B8tftZ5 -2.74 nan None nan None nan HOLD 
RANDOM_TAPE_LIVE_NOCHASE {"all": {"n": 136, "buy_bias_bps": {"n": 43, "mean": -32.5, "median": 0.3}, "sell_bias_bps": {"n": 26, "mean": 12.7, "median": 35.0}, "repriced": {"n": 12, "net50_mean": 0.712, "net50_tape_mean": 0.553, "usd50_mean": 0.494, "usd50_tape_mean": -0.241}}, "train": {"n": 74, "buy_bias_bps": {"n": 25, "mean": 18.6, "median": -16.8}, "sell_bias_bps": {"n": 17, "mean": 16.8, "median": 37.1}, "repriced": {"n": 9, "net50_mean": -0.317, "net50_tape_mean": -0.743, "usd50_mean": -1.608, "usd50_tape_mean": -2.488}}, "holdout": {"n": 62, "buy_bias_bps": {"n": 18, "mean": -103.6, "median": 1.2}, "sell_bias_bps": {"n": 9, "mean": 5.0, "median": -18.8}, "repriced": {"n": 3, "net50_mean": 3.799, "net50_tape_mean": 4.441, "usd50_mean": 6.799, "usd50_tape_mean": 6.498}}}
RANDOM_TAPE_LIVE {"all": {"n": 163, "buy_bias_bps": {"n": 42, "mean": 70.6, "median": 30.1}, "sell_bias_bps": {"n": 42, "mean": -40.0, "median": 29.9}, "repriced": {"n": 15, "net50_mean": -4.906, "net50_tape_mean": -6.288, "usd50_mean": -7.024, "usd50_tape_mean": -8.564}}, "train": {"n": 97, "buy_bias_bps": {"n": 24, "mean": 83.9, "median": 52.8}, "sell_bias_bps": {"n": 27, "mean": -75.4, "median": 29.9}, "repriced": {"n": 9, "net50_mean": -3.227, "net50_tape_mean": -5.56, "usd50_mean": -2.33, "usd50_tape_mean": -4.954}}, "holdout": {"n": 66, "buy_bias_bps": {"n": 18, "mean": 52.8, "median": 5.7}, "sell_bias_bps": {"n": 15, "mean": 23.7, "median": 21.2}, "repriced": {"n": 6, "net50_mean": -7.424, "net50_tape_mean": -7.381, "usd50_mean": -14.066, "usd50_tape_mean": -13.978}}}
holdout trades only without the rug screen: 37 [['ECSTASY', 'UCWmMumV', 18, -7.9], ['SharkTank', '65GHmCby', 6, -12.22], ['CLAUDIA', 'Fe7bpDYC', 3, -14.91], ['404', 'Z8pYeboR', 2, 8.89], ['PQC', '6qUUCwD9', 2, -28.85], ['GRAVY', 'EHoijSHM', 2, 9.77], ['FRENS', 'Z4zm8YZo', 1, -4.26], ['Agency', 'CyJwKnLi', 1, 3.07], ['Tincan', '4sVitrei', 1, -19.73], ['MOGCAT', '2WFm4D9u', 1, -31.82]]
why {'CLAUDIA:Fe7bpDYC': ('ticker_reuse=3', 'age_d=0.9'), 'ECSTASY:UCWmMumV': ('ticker_reuse=1', 'age_d=0.4'), 'FRENS:Z4zm8YZo': ('ticker_reuse=2', 'age_d=0.0'), '404:Z8pYeboR': ('ticker_reuse=5', 'age_d=0.1'), 'SharkTank:65GHmCby': ('ticker_reuse=10', 'age_d=0.0'), 'Agency:CyJwKnLi': ('ticker_reuse=1', 'age_d=6.2'), 'PQC:6qUUCwD9': ('ticker_reuse=2', 'age_d=0.0'), 'Tincan:4sVitrei': ('ticker_reuse=7', 'age_d=0.0'), 'GRAVY:EHoijSHM': ('ticker_reuse=2', 'age_d=0.0'), 'MOGCAT:2WFm4D9u': ('ticker_reuse=5', 'age_d=0.0')}
{
 "common": 18,
 "only_lag0": [
  [
   "LOADED",
   "2XjwJiED",
   1791419056364,
   34.51,
   17.12
  ],
  [
   "CRAWL",
   "2B8tftZ5",
   1791420866568,
   8.74,
   17.48
  ],
  [
   "CRAWL",
   "2B8tftZ5",
   1791425025415,
   12.84,
   25.69
  ],
  [
   "swordcat",
   "8ewuF2o8",
   1791434753744,
   -8.1,
   -16.21
  ]
 ],
 "only_lag5": [
  [
   "LOADED",
   "2XjwJiED",
   1791419183037,
   8.76,
   4.99
  ],
  [
   "CRAWL",
   "2B8tftZ5",
   1791420848119,
   8.84,
   17.67
  ],
  [
   "CRAWL",
   "2B8tftZ5",
   1791424970188,
   6.23,
   12.46
  ],
  [
   "swordcat",
   "8ewuF2o8",
   1791434759862,
   -10.63,
   -21.26
  ]
 ]
}
done 9.9 s
