train {"<5": {"n": 2, "mean_usd": -2.67, "mean_pct": -5.34, "newb_eq_ub_share": 0.5}, "5-15": {"n": 3, "mean_usd": 3.64, "mean_pct": 4.02, "newb_eq_ub_share": 0.0}, "15-60": {"n": 7, "mean_usd": -14.24, "mean_pct": -12.05, "newb_eq_ub_share": 0.29}, ">=60": {"n": 57, "mean_usd": -7.2, "mean_pct": -4.33, "newb_eq_ub_share": 0.19}}
holdout {"<5": {"n": 2, "mean_usd": 0.56, "mean_pct": 10.22, "newb_eq_ub_share": 1.0}, "5-15": {"n": 1, "mean_usd": 0.96, "mean_pct": 1.74, "newb_eq_ub_share": 1.0}, "15-60": {"n": 3, "mean_usd": -0.45, "mean_pct": -0.73, "newb_eq_ub_share": 0.67}, ">=60": {"n": 16, "mean_usd": 1.25, "mean_pct": 0.23, "newb_eq_ub_share": 0.31}}
holdout rows (sym, pair, watch_min, ub, newb, net50):
   ('B22', 'AVCKHsDf', 13.4, 14, 18, 1.74)
   ('LOADED', '2XjwJiED', 0.8, 12, 14, 34.51)
   ('CRAWL', '2B8tftZ5', 614.2, 15, 12, 8.74)
   ('JEANPHIL', '4R8CiMnJ', 561.7, 19, 15, 3.92)
   ('MISTAKE', '867dKvaC', 534.1, 16, 16, -4.7)
   ('ZKDARK', 'CR5dTgvT', 3.4, 32, 32, -14.07)
   ('ZKDARK', 'CR5dTgvT', 19.7, 42, 43, 1.42)
   ('CRAWL', '2B8tftZ5', 683.5, 21, 12, 12.84)
   ('ZKDARK', 'CR5dTgvT', 32.3, 42, 42, -12.18)
   ('ZKDARK', 'CR5dTgvT', 49.0, 109, 93, 8.58)
   ('ZKDARK', 'CR5dTgvT', 67.0, 38, 38, -12.57)
   ('CRAWL', '2B8tftZ5', 724.0, 16, 11, 7.78)
   ('LMAO!', 'AFaYrFH7', 435.5, 20, 14, -6.62)
   ('swordcat', '8ewuF2o8', 772.6, 23, 29, 7.15)
   ('swordcat', '8ewuF2o8', 794.4, 10, 9, 6.19)
   ('MISTAKE', '867dKvaC', 684.1, 67, 67, 9.12)
   ('swordcat', '8ewuF2o8', 845.7, 10, 7, -8.1)
   ('ZKDARK', 'CR5dTgvT', 202.2, 31, 31, 3.89)
   ('ZKDARK', 'CR5dTgvT', 223.9, 76, 71, 6.18)
   ('ZKDARK', 'CR5dTgvT', 248.1, 40, 36, -13.55)
   ('ZKDARK', 'CR5dTgvT', 265.5, 109, 107, -13.86)
   ('CRAWL', '2B8tftZ5', 963.6, 12, 10, -2.74)
watched >= 15 min {"train": {"n": 65, "pairs": 12, "mean_usd": -7.988, "mean_pct": -5.269}, "holdout": {"n": 20, "pairs": 7, "mean_usd": 1.016, "mean_pct": 0.223, "median_pct": 3.428, "win_rate": 60.0, "top_pair_share": 0.4, "ci95_mean_usd_pair": [-4.704, 9.333]}}
watched >= 30 min {"train": {"n": 62, "pairs": 12, "mean_usd": -6.861, "mean_pct": -4.193}, "holdout": {"n": 18, "pairs": 6, "mean_usd": 0.95, "mean_pct": 0.004, "median_pct": 3.906, "win_rate": 55.6, "top_pair_share": 0.389, "ci95_mean_usd_pair": [-5.623, 9.923]}}
reprice entry_only_20s {'holdout_mean_usd': 0.847, 'holdout_sum_usd': 18.64, 'holdout_mean_usd_wo_top1': -0.423, 'train_mean_usd': -7.11}
reprice entry_exit_20s {'holdout_mean_usd': 0.685, 'holdout_sum_usd': 15.06, 'holdout_mean_usd_wo_top1': -0.593, 'train_mean_usd': -7.166}
reprice entry_exit_60s {'holdout_mean_usd': -0.943, 'holdout_sum_usd': -20.75, 'holdout_mean_usd_wo_top1': -2.146, 'train_mean_usd': -8.029}
done
