   {'sym_pair': 'CRAWL:2B8tftZ5', 'entry_h': 16.23, 'net50': 8.74, 'net0': 10.17, 'reason': 'TP', 'hold_min': 4.6, 'mfe': 9.84, 'mae': -2.21, 'fee': 75.0, 'liq': 251104, 'size': 200.0}
   {'sym_pair': 'JEANPHIL:4R8CiMnJ', 'entry_h': 16.33, 'net50': 3.92, 'net0': 5.29, 'reason': 'TP', 'hold_min': 9.3, 'mfe': 6.09, 'mae': -1.93, 'fee': 65.0, 'liq': 338381, 'size': 200.0}
   {'sym_pair': 'MISTAKE:867dKvaC', 'entry_h': 16.8, 'net50': -4.7, 'net0': -3.45, 'reason': 'HOLD', 'hold_min': 30.1, 'mfe': 5.98, 'mae': -4.42, 'fee': 60.0, 'liq': 269075, 'size': 200.0}
   {'sym_pair': 'CRAWL:2B8tftZ5', 'entry_h': 17.39, 'net50': 12.84, 'net0': 14.33, 'reason': 'TP', 'hold_min': 14.6, 'mfe': 16.26, 'mae': -2.15, 'fee': 70.0, 'liq': 261645, 'size': 200.0}
   {'sym_pair': 'CRAWL:2B8tftZ5', 'entry_h': 18.06, 'net50': 7.78, 'net0': 9.2, 'reason': 'TP', 'hold_min': 10.0, 'mfe': 9.36, 'mae': -4.34, 'fee': 70.0, 'liq': 264713, 'size': 200.0}
   {'sym_pair': 'LMAO!:AFaYrFH7', 'entry_h': 18.54, 'net50': -6.62, 'net0': -5.39, 'reason': 'HOLD', 'hold_min': 31.0, 'mfe': -0.32, 'mae': -6.67, 'fee': 85.0, 'liq': 311546, 'size': 200.0}
   {'sym_pair': 'swordcat:8ewuF2o8', 'entry_h': 18.87, 'net50': 7.15, 'net0': 8.57, 'reason': 'TP', 'hold_min': 6.9, 'mfe': 6.74, 'mae': -5.06, 'fee': 90.0, 'liq': 196096, 'size': 200.0}
   {'sym_pair': 'swordcat:8ewuF2o8', 'entry_h': 19.23, 'net50': 6.19, 'net0': 7.59, 'reason': 'TP', 'hold_min': 3.1, 'mfe': 6.48, 'mae': -2.82, 'fee': 85.0, 'liq': 208282, 'size': 200.0}
   {'sym_pair': 'MISTAKE:867dKvaC', 'entry_h': 19.29, 'net50': 9.12, 'net0': 10.56, 'reason': 'TP', 'hold_min': 11.9, 'mfe': 8.52, 'mae': -2.84, 'fee': 60.0, 'liq': 263631, 'size': 200.0}
   {'sym_pair': 'swordcat:8ewuF2o8', 'entry_h': 20.08, 'net50': -8.1, 'net0': -6.89, 'reason': 'HOLD', 'hold_min': 30.5, 'mfe': -1.44, 'mae': -7.99, 'fee': 85.0, 'liq': 212870, 'size': 200.0}
   {'sym_pair': 'CRAWL:2B8tftZ5', 'entry_h': 22.05, 'net50': -2.74, 'net0': -1.46, 'reason': 'HOLD', 'hold_min': 30.2, 'mfe': -1.6, 'mae': -5.31, 'fee': 75.0, 'liq': 242197, 'size': 200.0}
jackknife {'min': 4.148, 'max': 8.337}
  LOPO without CRAWL:2B8tftZ5 {'n': 7, 'pairs': 4, 'mean_usd': 1.99, 'mean_pct': 0.995, 'sum_usd': 13.93, 'win': 57.1, 'top_share': 0.429}
  LOPO without JEANPHIL:4R8CiMnJ {'n': 10, 'pairs': 4, 'mean_usd': 5.933, 'mean_pct': 2.966, 'sum_usd': 59.33, 'win': 60.0, 'top_share': 0.4}
  LOPO without MISTAKE:867dKvaC {'n': 9, 'pairs': 4, 'mean_usd': 6.481, 'mean_pct': 3.241, 'sum_usd': 58.33, 'win': 66.7, 'top_share': 0.444}
  LOPO without swordcat:8ewuF2o8 {'n': 8, 'pairs': 4, 'mean_usd': 7.085, 'mean_pct': 3.542, 'sum_usd': 56.68, 'win': 62.5, 'top_share': 0.5}
  LOPO without LMAO!:AFaYrFH7 {'n': 10, 'pairs': 4, 'mean_usd': 8.041, 'mean_pct': 4.02, 'sum_usd': 80.41, 'win': 70.0, 'top_share': 0.4}
population {'train': {'n': 55, 'liq_min': 25695, 'liq_med': 72599, 'liq_max': 175496, 'fee_min': 80.0, 'fee_med': 100.0, 'fee_max': 120.0, 'n_liq_ge_190k': 0, 'n_fee_le_90': 11}, 'holdout': {'n': 11, 'liq_min': 196096, 'liq_med': 261645, 'liq_max': 338381, 'fee_min': 60.0, 'fee_med': 75.0, 'fee_max': 90.0, 'n_liq_ge_190k': 11, 'n_fee_le_90': 11}}
liq>=190k {'train': {'n': 0, 'pairs': 0, 'mean_usd': None, 'mean_pct': None, 'sum_usd': 0.0, 'win': None, 'top_share': None}, 'holdout': {'n': 11, 'pairs': 5, 'mean_usd': 6.106, 'mean_pct': 3.053, 'sum_usd': 67.17, 'win': 63.6, 'top_share': 0.364}}
   {'block': '0-3h', 'tape_live_pairs': 17, 'eligible_points_sampled': 331, 'eligible_pairs': 6, 'signal_fires_sampled': 133}
   {'block': '3-6h', 'tape_live_pairs': 50, 'eligible_points_sampled': 1325, 'eligible_pairs': 12, 'signal_fires_sampled': 270}
   {'block': '6-9h', 'tape_live_pairs': 55, 'eligible_points_sampled': 1572, 'eligible_pairs': 12, 'signal_fires_sampled': 128}
   {'block': '9-12h', 'tape_live_pairs': 75, 'eligible_points_sampled': 1507, 'eligible_pairs': 12, 'signal_fires_sampled': 105}
   {'block': '12-15h', 'tape_live_pairs': 86, 'eligible_points_sampled': 1409, 'eligible_pairs': 19, 'signal_fires_sampled': 0}
   {'block': '15-18h', 'tape_live_pairs': 50, 'eligible_points_sampled': 2917, 'eligible_pairs': 15, 'signal_fires_sampled': 54}
   {'block': '18-21h', 'tape_live_pairs': 55, 'eligible_points_sampled': 2669, 'eligible_pairs': 12, 'signal_fires_sampled': 74}
   {'block': '21-24h', 'tape_live_pairs': 43, 'eligible_points_sampled': 569, 'eligible_pairs': 8, 'signal_fires_sampled': 10}
time-local random 2.255 10 0 [14, 14, 16, 14, 14, 15, 14, 16, 14, 15]
time-local random train -8.769 [51, 53, 52, 52, 53, 51, 48, 52, 55, 52]
holdout summary {"n": 11, "pairs": 5, "clusters": 9, "win_rate": 63.6, "mean_usd": 6.106, "mean_pct": 3.053, "median_pct": 6.195, "sum_usd": 67.17, "pf": 2.515, "ci95_mean_usd": [-4.198, 14.223], "ci95_mean_usd_pair": [-0.591, 11.128], "trades_per_hour": 1.21, "avg_hold_min": 16.6, "top_pair_share": 0.364, "censored_end": 0, "vanished": 0, "gap_closed": 0, "exits": {"TP": 7, "HOLD": 4}}
train summary {"n": 55, "pairs": 9, "clusters": 29, "win_rate": 47.3, "mean_usd": -6.454, "mean_pct": -3.702, "median_pct": -1.286, "sum_usd": -354.96, "pf": 0.447, "ci95_mean_usd": [-10.656, -1.497], "ci95_mean_usd_pair": [-8.764, -1.457], "trades_per_hour": 4.03, "avg_hold_min": 10.5, "top_pair_share": 0.4, "censored_end": 0, "vanished": 0, "gap_closed": 3, "exits": {"TP": 25, "STOP": 23, "FEED_GAP/GAP": 3, "HOLD": 4}}
done 5.4s
