===== F5_C1_TAPE_BREADTH_NOCHASE | identical to original: True
  train          n=69 pairs=14 clusters=38 win=46.4 mean$=-7.308 mean%=-4.783 median%=-2.237 pf=0.386 sum$=-504.24 ci(pair,hour)=[-12.258, -2.589] ci(pair)=[-12.282, -2.652] top_pair=0.319 tph=5.05 exits={'TP': 33, 'STOP': 26, 'FEED_GAP/GAP': 5, 'HOLD': 5}
  holdout        n=22 pairs=8 clusters=16 win=59.1 mean$=0.943 mean%=1.076 median%=2.815 pf=1.15 sum$=20.75 ci(pair,hour)=[-5.328, 7.469] ci(pair)=[-5.14, 10.066] top_pair=0.409 tph=2.42 exits={'TP': 13, 'HOLD': 4, 'STOP': 4, 'OPEN_AT_END/VANISHED': 1}
  holdout_model  n=22 pairs=8 clusters=16 win=59.1 mean$=3.616 mean%=2.848 median%=4.588 pf=1.721 sum$=79.56 ci(pair,hour)=[-2.57, 10.147] ci(pair)=[-2.303, 12.555] top_pair=0.409 tph=2.42 exits={'TP': 13, 'HOLD': 4, 'STOP': 4, 'OPEN_AT_END/VANISHED': 1}
  portfolio holdout {'taken': 22, 'final_balance': 1020.75, 'max_drawdown_pct': 5.44, 'skipped_no_cash': 0} | full {'taken': 82, 'final_balance': 528.72, 'max_drawdown_pct': 49.2, 'skipped_no_cash': 0}
===== VF5_RANDOM_TAPE_LIVE_NOCHASE_S1 | identical to original: None
  train          n=77 pairs=28 clusters=62 win=24.7 mean$=-10.032 mean%=-7.25 median%=-7.503 pf=0.102 sum$=-772.5 ci(pair,hour)=[-12.984, -7.226] ci(pair)=[-14.026, -6.433] top_pair=0.13 tph=5.64 exits={'HOLD': 20, 'TP': 16, 'FEED_GAP/GAP': 6, 'STOP': 35}
  holdout        n=60 pairs=19 clusters=54 win=20.0 mean$=-10.878 mean%=-5.675 median%=-3.678 pf=0.119 sum$=-652.7 ci(pair,hour)=[-18.641, -6.068] ci(pair)=[-17.407, -5.902] top_pair=0.133 tph=6.59 exits={'FEED_GAP/GAP': 2, 'HOLD': 37, 'TP': 8, 'OPEN_AT_END/VANISHED': 3, 'STOP': 9, 'OPEN_AT_END/END': 1}
  holdout_model  n=60 pairs=19 clusters=54 win=20.0 mean$=-8.043 mean%=-4.146 median%=-2.408 pf=0.194 sum$=-482.61 ci(pair,hour)=[-15.817, -3.281] ci(pair)=[-14.78, -3.006] top_pair=0.133 tph=6.59 exits={'FEED_GAP/GAP': 2, 'HOLD': 37, 'TP': 8, 'OPEN_AT_END/VANISHED': 3, 'STOP': 9, 'OPEN_AT_END/END': 1}
  portfolio holdout {'taken': 38, 'final_balance': 669.65, 'max_drawdown_pct': 33.64, 'skipped_no_cash': 0} | full {'taken': 81, 'final_balance': 272.18, 'max_drawdown_pct': 72.93, 'skipped_no_cash': 46}
===== VF5_RANDOM_TAPE_LIVE_NOCHASE_S2 | identical to original: None
  train          n=68 pairs=25 clusters=59 win=22.1 mean$=-9.721 mean%=-6.678 median%=-8.14 pf=0.216 sum$=-661.0 ci(pair,hour)=[-15.007, -4.608] ci(pair)=[-15.481, -4.345] top_pair=0.162 tph=4.98 exits={'STOP': 24, 'TP': 12, 'FEED_GAP/GAP': 9, 'HOLD': 23}
  holdout        n=62 pairs=14 clusters=54 win=24.2 mean$=-6.007 mean%=-3.104 median%=-3.252 pf=0.285 sum$=-372.4 ci(pair,hour)=[-8.99, -2.959] ci(pair)=[-7.989, -4.174] top_pair=0.145 tph=6.81 exits={'FEED_GAP/GAP': 1, 'TP': 13, 'HOLD': 38, 'OPEN_AT_END/VANISHED': 1, 'STOP': 9}
  holdout_model  n=62 pairs=14 clusters=54 win=25.8 mean$=-3.014 mean%=-1.536 median%=-1.976 pf=0.501 sum$=-186.89 ci(pair,hour)=[-5.715, -0.203] ci(pair)=[-4.936, -1.246] top_pair=0.145 tph=6.81 exits={'FEED_GAP/GAP': 1, 'TP': 13, 'HOLD': 38, 'OPEN_AT_END/VANISHED': 1, 'STOP': 9}
  portfolio holdout {'taken': 42, 'final_balance': 744.1, 'max_drawdown_pct': 27.31, 'skipped_no_cash': 0} | full {'taken': 76, 'final_balance': 385.71, 'max_drawdown_pct': 63.14, 'skipped_no_cash': 28}
===== VF5_RANDOM_TAPE_LIVE_NOCHASE_S3 | identical to original: None
  train          n=84 pairs=23 clusters=63 win=36.9 mean$=-5.283 mean%=-3.446 median%=-3.923 pf=0.388 sum$=-443.76 ci(pair,hour)=[-8.083, -2.193] ci(pair)=[-7.867, -2.218] top_pair=0.143 tph=6.15 exits={'TP': 25, 'STOP': 28, 'FEED_GAP/GAP': 6, 'HOLD': 25}
  holdout        n=59 pairs=18 clusters=52 win=20.3 mean$=-10.087 mean%=-5.809 median%=-3.907 pf=0.201 sum$=-595.13 ci(pair,hour)=[-18.478, -4.567] ci(pair)=[-16.437, -4.271] top_pair=0.136 tph=6.48 exits={'FEED_GAP/GAP': 4, 'HOLD': 32, 'TP': 9, 'OPEN_AT_END/VANISHED': 2, 'STOP': 11, 'OPEN_AT_END/END': 1}
  holdout_model  n=59 pairs=18 clusters=52 win=22.0 mean$=-7.166 mean%=-4.213 median%=-2.64 pf=0.304 sum$=-422.8 ci(pair,hour)=[-15.608, -1.686] ci(pair)=[-13.65, -1.239] top_pair=0.136 tph=6.48 exits={'FEED_GAP/GAP': 4, 'HOLD': 32, 'TP': 9, 'OPEN_AT_END/VANISHED': 2, 'STOP': 11, 'OPEN_AT_END/END': 1}
  portfolio holdout {'taken': 37, 'final_balance': 539.73, 'max_drawdown_pct': 46.34, 'skipped_no_cash': 1} | full {'taken': 93, 'final_balance': 215.22, 'max_drawdown_pct': 78.52, 'skipped_no_cash': 17}
===== VF5_RANDOM_TAPE_LIVE_NOCHASE_S4 | identical to original: None
  train          n=87 pairs=22 clusters=68 win=26.4 mean$=-8.245 mean%=-4.767 median%=-7.268 pf=0.268 sum$=-717.33 ci(pair,hour)=[-11.183, -5.065] ci(pair)=[-11.83, -4.562] top_pair=0.138 tph=6.37 exits={'STOP': 35, 'FEED_GAP/GAP': 4, 'TP': 20, 'HOLD': 27, 'HOLD/GAP': 1}
  holdout        n=52 pairs=14 clusters=46 win=15.4 mean$=-10.341 mean%=-5.471 median%=-2.499 pf=0.107 sum$=-537.72 ci(pair,hour)=[-19.826, -4.469] ci(pair)=[-16.443, -5.171] top_pair=0.154 tph=5.71 exits={'FEED_GAP/GAP': 3, 'TP': 7, 'HOLD': 32, 'STOP': 8, 'OPEN_AT_END/END': 2}
  holdout_model  n=52 pairs=14 clusters=46 win=17.3 mean$=-7.468 mean%=-3.954 median%=-1.214 pf=0.181 sum$=-388.32 ci(pair,hour)=[-17.103, -1.672] ci(pair)=[-13.856, -2.26] top_pair=0.154 tph=5.71 exits={'FEED_GAP/GAP': 3, 'TP': 7, 'HOLD': 32, 'STOP': 8, 'OPEN_AT_END/END': 2}
  portfolio holdout {'taken': 40, 'final_balance': 553.42, 'max_drawdown_pct': 44.66, 'skipped_no_cash': 1} | full {'taken': 87, 'final_balance': 184.99, 'max_drawdown_pct': 81.5, 'skipped_no_cash': 33}
===== VF5_RANDOM_TAPE_LIVE_NOCHASE_S5 | identical to original: None
  train          n=81 pairs=28 clusters=68 win=33.3 mean$=-6.274 mean%=-4.988 median%=-4.291 pf=0.286 sum$=-508.16 ci(pair,hour)=[-9.149, -3.406] ci(pair)=[-8.679, -4.345] top_pair=0.123 tph=5.93 exits={'STOP': 25, 'FEED_GAP/GAP': 6, 'HOLD': 26, 'TP': 24}
  holdout        n=59 pairs=13 clusters=51 win=22.0 mean$=-6.332 mean%=-3.1 median%=-2.96 pf=0.262 sum$=-373.59 ci(pair,hour)=[-9.462, -2.974] ci(pair)=[-9.571, -4.025] top_pair=0.186 tph=6.48 exits={'FEED_GAP/GAP': 4, 'HOLD': 35, 'TP': 12, 'STOP': 7, 'OPEN_AT_END/END': 1}
  holdout_model  n=59 pairs=13 clusters=51 win=22.0 mean$=-3.375 mean%=-1.593 median%=-1.681 pf=0.457 sum$=-199.12 ci(pair,hour)=[-6.297, -0.14] ci(pair)=[-6.641, -1.09] top_pair=0.186 tph=6.48 exits={'FEED_GAP/GAP': 4, 'HOLD': 35, 'TP': 12, 'STOP': 7, 'OPEN_AT_END/END': 1}
  portfolio holdout {'taken': 38, 'final_balance': 768.64, 'max_drawdown_pct': 23.5, 'skipped_no_cash': 0} | full {'taken': 96, 'final_balance': 406.16, 'max_drawdown_pct': 60.67, 'skipped_no_cash': 26}
stress100 portfolio holdout {'taken': 22, 'final_balance': 984.84, 'max_drawdown_pct': 6.39, 'skipped_no_cash': 0} full {'taken': 82, 'final_balance': 410.11, 'max_drawdown_pct': 58.99, 'skipped_no_cash': 0}
