samples 11689

coverage (share of samples with a finite / positive value)
HI30 2233 {'uw5': 0.3, 'vf_wallets': 0.045, 'sf_wallets': 0.3, 'conv': 0.788, 'score': 1.0, 'boost': 0.685, 'vf_net_finite': 0.045, 'sf_net_finite': 0.3, 'z300_finite': 0.86}
HI50 3692 {'uw5': 0.204, 'vf_wallets': 0.03, 'sf_wallets': 0.204, 'conv': 0.846, 'score': 1.0, 'boost': 0.613, 'vf_net_finite': 0.03, 'sf_net_finite': 0.204, 'z300_finite': 0.83}
MID 4385 {'uw5': 0.141, 'vf_wallets': 0.049, 'sf_wallets': 0.141, 'conv': 0.811, 'score': 1.0, 'boost': 0.311, 'vf_net_finite': 0.049, 'sf_net_finite': 0.141, 'z300_finite': 0.934}
LO 1379 {'uw5': 0.046, 'vf_wallets': 0.012, 'sf_wallets': 0.046, 'conv': 0.777, 'score': 1.0, 'boost': 0.001, 'vf_net_finite': 0.012, 'sf_net_finite': 0.046, 'z300_finite': 0.892}

quintiles -> fwd 5m | 15m | 60m | 120m

### HI30 2233
 z300       [-3.81..-0.568] -2.62 pm-8.66 / 7.60 pm7.32 / 4.16 pm1.05 / 2.96 pm-3.14 p17 | [-0.563..-0.13] -2.23 pm0.15 / -3.13 pm5.42 / -3.35 pm2.32 / -3.86 pm-1.03 p18 | [-0.126..0] -4.41 pm-2.11 / -5.12 pm-6.64 / -4.01 pm-13.86 / -3.79 pm-17.52 p14 | [0..0.469] -2.82 pm20.69 / -4.15 pm16.89 / -4.92 pm9.23 / -3.26 pm6.51 p17 | [0.471..5.33] -5.10 pm-11.90 / -4.14 pm-14.30 / -7.11 pm-22.00 / -7.50 pm-26.20 p18
 sd         [0.000347..0.00609] -4.96 pm-6.02 / -5.02 pm-5.81 / -5.43 pm-9.05 / -6.01 pm-6.01 p2 | [0.0061..0.0188] -3.32 pm-3.33 / -1.15 pm-1.41 / 6.54 pm5.81 / 7.72 pm6.92 p5 | [0.0188..0.0273] -1.94 pm1.38 / 0.12 pm5.03 / 5.08 pm0.83 / 9.15 pm-5.15 p6 | [0.0273..0.0565] 0.00 pm25.41 / 1.45 pm34.74 / -2.83 pm27.49 / -6.84 pm22.52 p10 | [0.0567..0.254] -6.96 pm-18.46 / -4.32 pm-6.23 / -18.59 pm-12.69 / -19.39 pm-13.15 p16
 uw5        [0..0] -5.32 pm-15.17 / -6.99 pm-15.67 / -12.22 pm-19.37 / -11.00 pm-16.55 p15 | [0..0] -5.86 pm-17.01 / -1.58 pm-12.15 / -13.31 pm-17.88 / -20.48 pm-17.95 p28 | [0..0] -3.13 pm-6.71 / -3.42 pm-7.95 / -5.15 pm-10.21 / -4.96 pm-9.29 p8 | [0..7] -3.12 pm-1.89 / -2.16 pm1.90 / 1.85 pm-0.45 / 6.99 pm0.40 p10 | [7..310] -2.06 pm11.55 / 0.71 pm18.58 / -2.06 pm-2.27 / -5.10 pm-1.61 p18
 rbshare    [0..0] -2.94 pm-2.94 / -1.55 pm-1.55 / 11.54 pm11.54 / 34.35 pm34.35 p1 | [0..0] -2.37 pm4.54 / -1.71 pm15.48 / 0.56 pm2.06 / 4.13 pm-5.08 p6 | [0..0] 1.65 pm37.93 / 7.28 pm44.47 / 1.48 pm15.70 / -1.25 pm15.18 p8 | [0..0.08] -3.53 pm-8.93 / -2.92 pm-5.30 / -7.13 pm-20.34 / -12.05 pm-21.45 p12 | [0.0804..0.5] -4.61 pm-5.89 / -1.36 pm4.93 / -3.83 pm-9.36 / -14.45 pm-8.49 p11
 sf_net     [-1..-0.791] -2.47 pm2.94 / -2.21 pm2.65 / 0.05 pm4.42 / 8.48 pm5.34 p8 | [-0.784..-0.214] -1.11 pm2.15 / 2.96 pm7.08 / -1.28 pm-14.06 / -2.62 pm-11.25 p9 | [-0.21..0.128] -0.79 pm18.08 / 4.98 pm27.93 / 3.02 pm15.83 / -1.92 pm12.11 p13 | [0.132..0.572] -4.98 pm-10.76 / -4.79 pm-14.24 / -3.88 pm-20.15 / -2.99 pm-14.13 p9 | [0.573..1] -2.54 pm-4.98 / -1.03 pm2.95 / 4.71 pm-12.48 / 9.99 pm-6.95 p11
 sf_wallets [0..0] -5.32 pm-15.17 / -6.99 pm-15.67 / -12.22 pm-19.37 / -11.00 pm-16.55 p15 | [0..0] -5.86 pm-17.01 / -1.58 pm-12.15 / -13.31 pm-17.88 / -20.48 pm-17.95 p28 | [0..0] -3.13 pm-6.71 / -3.42 pm-7.95 / -5.15 pm-10.21 / -4.96 pm-9.29 p8 | [0..7] -3.12 pm-1.89 / -2.16 pm1.90 / 1.85 pm-0.45 / 6.99 pm0.40 p10 | [7..310] -2.06 pm11.55 / 0.71 pm18.58 / -2.06 pm-2.27 / -5.10 pm-1.61 p18
 pc6h       [-71.6..-15] -1.95 pm-3.29 / -0.57 pm-3.66 / 8.11 pm-4.80 / 18.68 pm-6.07 p7 | [-15..-0.93] -4.22 pm-9.75 / -3.38 pm-7.85 / -0.89 pm-17.61 / -1.78 pm-16.42 p6 | [-0.85..7.48] -5.10 pm-12.32 / -4.50 pm-12.83 / -4.57 pm-14.85 / -6.74 pm-15.96 p34 | [7.48..212] -1.40 pm-11.85 / 5.18 pm-7.80 / 1.97 pm-12.32 / -3.54 pm-14.18 p28 | [213..9.41e+03] -7.66 pm-23.66 / -10.52 pm-25.86 / -32.51 pm-47.76 / -37.23 pm-48.32 p20
 pc24       [-42.3..27.7] -5.33 pm-12.95 / -4.71 pm-13.16 / -0.59 pm-12.91 / 1.95 pm-12.68 p36 | [27.7..149] -0.27 pm-2.12 / 6.35 pm8.00 / 3.73 pm10.74 / -1.36 pm10.14 p13 | [149..297] -4.77 pm-20.14 / -4.33 pm-18.98 / -12.69 pm-28.13 / -19.35 pm-34.72 p22 | [297..360] -3.67 pm-16.77 / -1.29 pm-17.10 / 2.81 pm-45.22 / 8.21 pm-37.27 p14 | [360..9.2e+03] -6.30 pm-20.36 / -9.82 pm-25.39 / -21.20 pm-43.68 / -19.77 pm-42.49 p16
 conv       [0..4] -2.62 pm-12.02 / 1.52 pm-8.35 / -4.00 pm-15.95 / -3.03 pm-12.44 p25 | [4..13] -5.74 pm-9.78 / -4.50 pm-8.02 / -12.04 pm-33.40 / -11.98 pm-37.09 p22 | [13..20] -3.34 pm-1.66 / -4.50 pm-2.03 / -7.78 pm-11.06 / -8.34 pm-14.52 p25 | [20..33] -5.29 pm-8.51 / -4.88 pm0.33 / -6.60 pm-5.08 / -11.46 pm-7.85 p38 | [33..100] -2.49 pm11.22 / -1.05 pm15.91 / -0.46 pm-0.08 / 0.37 pm2.93 p17
 score      [36..44] -4.82 pm-4.82 / -4.89 pm-4.89 / -5.17 pm-5.17 / -5.66 pm-5.66 p1 | [44..71] -6.61 pm-17.71 / -6.95 pm-18.99 / -9.79 pm-25.62 / -5.91 pm-22.31 p41 | [71..83] -1.01 pm-6.90 / 2.48 pm-7.25 / 4.53 pm-17.49 / 7.68 pm-17.91 p30 | [83..89] -2.49 pm-4.80 / 3.77 pm6.17 / 2.02 pm-5.06 / -1.76 pm-7.25 p20 | [89..100] -5.40 pm-10.80 / -8.19 pm-8.93 / -19.48 pm-20.73 / -24.64 pm-24.84 p23

### HI50 3692
 z300       [-4.41..-0.618] -3.98 pm-4.49 / -4.09 pm-4.73 / -4.24 pm-6.94 / -2.69 pm-6.10 p10 | [-0.617..-0.117] -3.44 pm-3.72 / -2.21 pm-4.16 / -3.77 pm-16.47 / -4.59 pm-14.09 p11 | [-0.117..0.203] -3.56 pm-7.97 / -3.12 pm-13.45 / -3.41 pm-21.79 / -2.65 pm-20.53 p13 | [0.204..0.747] -3.65 pm-5.73 / -5.35 pm-16.75 / -6.09 pm-25.68 / -7.14 pm-30.28 p12 | [0.749..5.86] -4.10 pm-13.18 / -5.82 pm-17.35 / -7.56 pm-28.28 / -6.69 pm-28.36 p13
 sd         [0.000577..0.0084] -2.99 pm-1.78 / -2.69 pm0.28 / -2.35 pm-6.46 / -1.40 pm-6.65 p3 | [0.00843..0.0194] -3.93 pm-3.75 / -5.03 pm-3.75 / -6.99 pm-6.19 / -6.18 pm-3.85 p7 | [0.0194..0.0287] -2.73 pm-3.34 / -0.18 pm-0.96 / 0.67 pm0.91 / 6.45 pm7.30 p7 | [0.0287..0.0424] -2.97 pm-4.25 / -3.43 pm-16.76 / -7.16 pm-28.68 / -4.07 pm-28.67 p11 | [0.0424..0.144] -6.12 pm-8.48 / -9.26 pm-15.38 / -9.24 pm-20.41 / -18.87 pm-25.86 p11
 uw5        [0..0] -5.65 pm-11.91 / -7.61 pm-15.09 / -11.01 pm-19.67 / -8.84 pm-19.36 p31 | [0..0] -2.93 pm-7.07 / -2.47 pm-8.67 / 1.21 pm-7.64 / 5.82 pm-8.79 p7 | [0..0] -3.48 pm-8.20 / -3.70 pm-12.39 / 0.61 pm-12.78 / 6.38 pm-14.52 p11 | [0..5] -3.03 pm-9.01 / -3.49 pm-10.42 / -3.25 pm-3.29 / -8.05 pm-3.96 p28 | [5..287] -5.43 pm-8.52 / -7.47 pm-18.29 / -16.77 pm-15.06 / -23.14 pm-14.56 p13
 rbshare    [0..0] -3.37 pm-5.55 / 0.35 pm0.02 / -7.57 pm-40.38 / -19.58 pm-49.20 p3 | [0..0.0943] -7.44 pm-7.87 / -15.74 pm-19.47 / -17.65 pm-16.38 / -19.56 pm-16.78 p12 | [0.0952..0.243] -7.34 pm-9.12 / -10.52 pm-11.80 / -24.18 pm-27.62 / -24.49 pm-19.58 p8 | [0.244..0.345] -3.40 pm0.78 / -1.06 pm5.83 / -11.51 pm8.94 / -22.91 pm-1.23 p5 | [0.345..0.714] -5.00 pm-2.00 / -7.83 pm-10.66 / -12.70 pm-9.94 / -20.38 pm-15.93 p6
 sf_net     [-1..-0.286] -6.56 pm-10.49 / -6.10 pm-5.68 / -15.22 pm-24.57 / -22.22 pm-28.02 p8 | [-0.282..-0.04] -5.62 pm-4.68 / -6.24 pm-15.93 / -17.27 pm-8.90 / -21.02 pm-3.17 p9 | [-0.0399..0.0556] -6.15 pm-4.58 / -8.89 pm-5.96 / -11.32 pm19.19 / -20.50 pm9.73 p8 | [0.0562..0.18] -3.95 pm-4.06 / -8.54 pm-7.48 / -23.19 pm-31.97 / -26.61 pm-23.70 p7 | [0.183..1] -4.29 pm-3.49 / -5.07 pm-21.21 / -6.57 pm-8.57 / -16.52 pm-13.67 p14
 sf_wallets [0..0] -5.65 pm-11.91 / -7.61 pm-15.09 / -11.01 pm-19.67 / -8.84 pm-19.36 p31 | [0..0] -2.93 pm-7.07 / -2.47 pm-8.67 / 1.21 pm-7.64 / 5.82 pm-8.79 p7 | [0..0] -3.48 pm-8.20 / -3.70 pm-12.39 / 0.61 pm-12.78 / 6.38 pm-14.52 p11 | [0..5] -3.03 pm-9.01 / -3.49 pm-10.42 / -3.25 pm-3.29 / -8.05 pm-3.96 p28 | [5..287] -5.43 pm-8.52 / -7.47 pm-18.29 / -16.77 pm-15.06 / -23.14 pm-14.56 p13
 pc6h       [-68.7..-21.6] -3.77 pm-3.83 / -2.96 pm-2.96 / -1.24 pm-5.50 / -2.40 pm-3.01 p7 | [-21.6..-0.1] -3.80 pm-5.60 / -4.51 pm-5.82 / -9.16 pm-7.16 / -6.67 pm-3.81 p13 | [-0.1..11.2] -3.71 pm-9.75 / -4.15 pm-10.36 / -4.73 pm-10.59 / -4.53 pm-10.92 p28 | [11.2..29.1] -3.50 pm-6.94 / -2.86 pm-7.86 / -2.96 pm-9.28 / -3.88 pm-10.21 p18 | [29.2..1.01e+04] -5.79 pm-11.60 / -10.03 pm-18.07 / -9.96 pm-17.00 / -9.93 pm-17.04 p42
 pc24       [-86.7..-8.72] -3.15 pm-2.57 / -2.33 pm-1.09 / 1.53 pm1.41 / 6.81 pm12.30 p5 | [-8.62..32.9] -3.16 pm-9.50 / -2.06 pm-9.38 / 0.64 pm-8.68 / 8.05 pm-6.86 p36 | [33..299] -3.66 pm-8.70 / -3.96 pm-10.25 / 2.44 pm2.46 / 4.02 pm-1.23 p20 | [300..608] -5.05 pm-7.08 / -7.21 pm-20.32 / -15.11 pm-38.93 / -23.53 pm-44.38 p12 | [608..1.24e+04] -5.57 pm-12.34 / -8.96 pm-20.04 / -17.56 pm-26.65 / -21.92 pm-27.34 p27
 conv       [0..9] -4.56 pm-9.00 / -5.28 pm-15.69 / -4.42 pm-10.73 / -0.79 pm-9.73 p30 | [9..17] -3.38 pm-6.33 / -4.23 pm-11.44 / -4.17 pm-6.46 / -3.29 pm-4.95 p23 | [17..27] -4.54 pm-12.87 / -5.91 pm-14.80 / -3.79 pm-11.16 / -3.43 pm-16.57 p34 | [27..33] -3.66 pm-7.67 / -2.65 pm-9.54 / -2.44 pm-15.29 / -0.10 pm-18.35 p27 | [33..100] -4.39 pm-8.23 / -6.67 pm-18.15 / -14.40 pm-18.01 / -20.08 pm-18.01 p20
 score      [28..67] -3.68 pm-8.07 / -4.38 pm-13.69 / -5.78 pm-16.62 / -4.81 pm-14.34 p30 | [67..80] -4.53 pm-10.79 / -5.83 pm-16.47 / -5.42 pm-13.33 / -0.64 pm-10.15 p36 | [80..86] -3.82 pm-11.26 / -3.61 pm-20.26 / -2.51 pm-11.87 / 0.52 pm-12.47 p20 | [86..95] -4.27 pm-7.85 / -6.24 pm-14.49 / -5.51 pm-9.41 / -6.19 pm-12.93 p23 | [95..100] -4.27 pm-9.23 / -4.47 pm-12.15 / -8.84 pm-6.47 / -15.44 pm-5.23 p18

### MID 4385
 z300       [-4.81..-0.667] -2.21 pm-1.94 / -2.49 pm-1.86 / -2.90 pm-1.68 / -2.87 pm-2.40 p17 | [-0.666..-0.221] -2.55 pm-2.34 / -2.92 pm-2.21 / -4.70 pm-3.13 / -6.72 pm-4.52 p17 | [-0.221..0.0908] -2.14 pm-2.06 / -2.42 pm-1.55 / -3.20 pm-2.83 / -4.69 pm-4.09 p17 | [0.091..0.574] -2.79 pm-2.79 / -2.85 pm-2.34 / -3.89 pm-3.16 / -6.66 pm-5.43 p17 | [0.575..5.54] -2.34 pm-3.60 / -2.87 pm-5.34 / -4.36 pm-7.40 / -5.07 pm-8.23 p18
 sd         [0.000703..0.00612] -1.93 pm-1.67 / -2.08 pm-2.10 / -2.61 pm-3.68 / -2.46 pm-3.39 p8 | [0.00614..0.00933] -1.86 pm-2.20 / -1.81 pm-2.10 / -2.86 pm-3.87 / -5.62 pm-7.74 p11 | [0.00933..0.0134] -2.79 pm-2.96 / -3.87 pm-3.34 / -5.94 pm-5.80 / -7.70 pm0.25 p11 | [0.0134..0.0206] -2.43 pm-3.46 / -2.63 pm-5.02 / -0.74 pm2.36 / 2.15 pm1.76 p10 | [0.0206..0.0838] -3.02 pm-5.21 / -3.16 pm-5.87 / -6.90 pm-6.10 / -12.51 pm-5.38 p9
 uw5        [0..0] -1.92 pm-1.87 / -1.81 pm-1.73 / -2.21 pm-2.01 / -1.42 pm-1.07 p4 | [0..0] -2.85 pm-4.17 / -3.78 pm-4.85 / -5.56 pm-5.54 / -3.77 pm-6.71 p7 | [0..0] -2.79 pm-2.81 / -3.52 pm-3.75 / -6.23 pm-5.08 / -9.13 pm-6.71 p5 | [0..0] -1.93 pm-3.67 / -1.57 pm-3.08 / -1.51 pm-3.01 / -2.07 pm-3.90 p6 | [0..288] -2.61 pm-3.78 / -2.95 pm-5.59 / -4.98 pm-5.82 / -10.25 pm-7.15 p15
 rbshare    [0..0] -3.86 pm-4.21 / -4.72 pm-6.05 / -8.82 pm-8.50 / -7.91 pm-7.19 p7 | [0..0.2] -2.33 pm-2.32 / -2.06 pm-2.93 / -5.11 pm-2.94 / -5.94 pm-4.51 p11 | [0.2..0.369] -2.81 pm-2.05 / -5.03 pm-3.44 / -6.06 pm-1.83 / -8.80 pm-2.05 p8 | [0.37..0.469] -2.52 pm-1.08 / -3.93 pm-0.29 / -9.97 pm0.50 / -26.26 pm-0.66 p5 | [0.472..1] -0.69 pm-0.73 / 2.72 pm1.03 / 8.39 pm2.63 / 3.73 pm4.73 p5
 vf_net     [-1..-0.467] -2.08 pm-2.47 / -0.26 pm-2.38 / 4.64 pm-1.30 / 2.03 pm0.85 p10 | [-0.464..0.0163] -2.09 pm-2.12 / -0.75 pm-2.08 / -0.48 pm0.73 / -7.26 pm-3.47 p5 | [0.0366..0.423] -0.52 pm-0.99 / 0.95 pm0.50 / -1.36 pm-1.48 / -15.50 pm-1.65 p4 | [0.425..0.713] -2.40 pm-1.55 / -3.94 pm-1.65 / -1.04 pm2.58 / -14.81 pm-2.10 p4 | [0.713..1] -2.84 pm-0.87 / -1.66 pm-0.77 / -0.66 pm-2.58 / -7.68 pm-4.19 p8
 vf_wallets [0..2] -1.73 pm-2.18 / -1.76 pm-2.01 / -3.07 pm-1.08 / -3.29 pm2.84 p8 | [2..12] -2.14 pm-2.26 / -1.81 pm-2.39 / -7.41 pm-5.97 / -16.81 pm-6.56 p9 | [12..15] -1.41 pm-1.50 / -0.09 pm-0.28 / 0.95 pm0.09 / -4.07 pm-1.21 p2 | [15..17] -2.04 pm-1.77 / -2.27 pm-0.22 / 7.25 pm7.22 / -3.49 pm3.60 p3 | [17..53] -2.57 pm1.44 / 0.12 pm2.38 / 1.84 pm7.57 / -13.80 pm1.36 p3
 sf_net     [-1..-0.339] -2.47 pm-1.43 / -2.91 pm-1.89 / -5.66 pm-3.78 / -11.95 pm-1.92 p9 | [-0.337..-0.0588] -1.77 pm-1.65 / -1.51 pm-1.65 / -2.22 pm-2.16 / -7.84 pm-4.28 p9 | [-0.0585..0.173] -1.62 pm-1.85 / 0.92 pm-2.49 / 6.48 pm-0.90 / 3.11 pm-3.54 p12 | [0.173..0.441] -4.19 pm-3.11 / -5.47 pm-3.76 / -9.48 pm-4.89 / -14.36 pm-4.55 p8 | [0.443..1] -2.16 pm-1.17 / -4.04 pm-1.97 / -10.68 pm-3.71 / -14.87 pm-2.53 p11
 sf_wallets [0..0] -1.92 pm-1.87 / -1.81 pm-1.73 / -2.21 pm-2.01 / -1.42 pm-1.07 p4 | [0..0] -2.85 pm-4.17 / -3.78 pm-4.85 / -5.56 pm-5.54 / -3.77 pm-6.71 p7 | [0..0] -2.79 pm-2.81 / -3.52 pm-3.75 / -6.23 pm-5.08 / -9.13 pm-6.71 p5 | [0..0] -1.93 pm-3.67 / -1.57 pm-3.08 / -1.51 pm-3.01 / -2.07 pm-3.90 p6 | [0..288] -2.61 pm-3.78 / -2.95 pm-5.59 / -4.98 pm-5.82 / -10.25 pm-7.15 p15
 pc6h       [-56..-13.1] -2.01 pm-1.53 / -2.00 pm-1.15 / -2.25 pm1.00 / -2.43 pm2.98 p11 | [-13.1..-5.54] -2.43 pm-2.52 / -2.78 pm-2.55 / -3.28 pm-2.92 / -3.61 pm-2.88 p14 | [-5.53..-0.48] -2.47 pm-2.52 / -2.47 pm-2.96 / -3.53 pm-4.60 / -3.63 pm-5.28 p14 | [-0.48..7.89] -2.23 pm-3.68 / -2.49 pm-3.89 / -3.98 pm-5.16 / -6.41 pm-6.80 p16 | [7.89..7.21e+03] -2.88 pm-5.40 / -3.78 pm-8.17 / -6.81 pm-10.78 / -10.02 pm-14.29 p12
 pc24       [-62.4..-34.4] -2.97 pm-2.93 / -3.61 pm-3.56 / -6.50 pm-6.28 / -8.87 pm-8.01 p3 | [-34.4..-19] -1.73 pm-1.78 / -1.64 pm-1.81 / -1.40 pm-2.65 / -0.38 pm-0.64 p6 | [-19..19.9] -2.15 pm-3.77 / -2.32 pm-3.98 / -4.10 pm-5.16 / -6.32 pm-7.07 p12 | [19.9..1.5e+03] -2.45 pm-2.25 / -2.90 pm-2.45 / -3.84 pm-3.44 / -5.53 pm-4.93 p9 | [1.51e+03..7.21e+03] -2.73 pm-8.55 / -3.04 pm-14.22 / -4.01 pm-15.05 / -4.99 pm-15.53 p4
 conv       [0..7] -1.94 pm-0.88 / -2.30 pm0.17 / -3.90 pm-2.03 / -5.22 pm-2.68 p16 | [7..15] -2.40 pm-2.54 / -2.69 pm-2.86 / -4.40 pm-4.66 / -6.22 pm-6.87 p15 | [15..21] -2.62 pm-4.70 / -2.81 pm-5.94 / -4.35 pm-7.25 / -4.54 pm-8.58 p17 | [21..29] -2.79 pm-3.75 / -3.14 pm-5.38 / -4.59 pm-6.67 / -5.21 pm-7.86 p19 | [29..100] -2.34 pm-2.98 / -2.70 pm-3.64 / -3.25 pm-5.13 / -5.26 pm-5.99 p16
 score      [36..55] -2.04 pm-3.22 / -2.29 pm-4.33 / -3.49 pm-4.03 / -4.60 pm-6.67 p10 | [55..63] -2.33 pm-2.30 / -2.79 pm-2.84 / -4.59 pm-3.67 / -5.40 pm-4.86 p14 | [63..71] -2.45 pm-1.18 / -3.17 pm-1.84 / -5.57 pm-1.33 / -7.30 pm-2.97 p15 | [71..86] -2.40 pm-2.47 / -2.07 pm-2.52 / -1.76 pm-3.53 / -2.21 pm-4.55 p15 | [86..100] -2.80 pm-3.81 / -3.20 pm-5.76 / -4.44 pm-5.50 / -6.54 pm-8.32 p10

### LO 1379
 z300       [-3.74..-0.604] -0.01 pm-0.01 / 0.63 pm0.56 / 1.45 pm1.19 / 2.74 pm1.87 p6 | [-0.598..-0.182] 0.03 pm0.01 / 0.17 pm0.16 / 2.00 pm1.93 / 3.85 pm3.72 p6 | [-0.181..0.00246] -1.24 pm-1.34 / -0.96 pm-1.19 / 0.83 pm-0.27 / 5.16 pm1.46 p6 | [0.00331..0.461] -1.04 pm-1.08 / -1.00 pm-1.31 / 0.93 pm-0.55 / 4.52 pm2.15 p6 | [0.466..5.2] -1.35 pm-2.15 / -0.90 pm-2.00 / 0.47 pm-1.36 / 3.30 pm0.92 p7
 sd         [0.000646..0.00271] -0.04 pm2.84 / -0.17 pm2.77 / -0.29 pm2.39 / 0.52 pm2.90 p4 | [0.00271..0.0038] -0.24 pm-0.70 / -0.32 pm-0.78 / 2.46 pm0.58 / 8.36 pm2.65 p5 | [0.0038..0.00499] -0.70 pm-0.84 / 0.60 pm0.05 / 5.83 pm3.71 / 5.96 pm3.58 p5 | [0.005..0.0117] -1.12 pm-1.73 / -1.05 pm-1.92 / -0.55 pm-2.12 / -1.19 pm-3.44 p6 | [0.0118..0.253] -1.52 pm-3.67 / -1.12 pm-3.71 / -1.76 pm-3.90 / 5.91 pm3.25 p3
 uw5        [0..0] -1.40 pm-4.49 / -1.53 pm-4.60 / -1.81 pm-4.87 / -2.10 pm-5.06 p3 | [0..0] -1.21 pm-1.20 / -1.07 pm-1.10 / -2.25 pm-2.14 / -1.91 pm-1.94 p3 | [0..0] -1.18 pm-1.99 / -1.41 pm-3.33 / -0.64 pm-2.83 / -0.06 pm-3.07 p7 | [0..0] -1.12 pm-1.13 / -1.09 pm-1.10 / -1.28 pm-1.34 / -2.22 pm-2.25 p2 | [0..157] -0.50 pm-0.85 / 1.12 pm-0.46 / 9.25 pm3.29 / 20.18 pm8.94 p3
 sf_wallets [0..0] -1.40 pm-4.49 / -1.53 pm-4.60 / -1.81 pm-4.87 / -2.10 pm-5.06 p3 | [0..0] -1.21 pm-1.20 / -1.07 pm-1.10 / -2.25 pm-2.14 / -1.91 pm-1.94 p3 | [0..0] -1.18 pm-1.99 / -1.41 pm-3.33 / -0.64 pm-2.83 / -0.06 pm-3.07 p7 | [0..0] -1.12 pm-1.13 / -1.09 pm-1.10 / -1.28 pm-1.34 / -2.22 pm-2.25 p2 | [0..157] -0.50 pm-0.85 / 1.12 pm-0.46 / 9.25 pm3.29 / 20.18 pm8.94 p3
 pc6h       [-8.18..-3.59] -0.89 pm-0.87 / -0.66 pm-0.64 / -0.02 pm-0.49 / 1.57 pm2.09 p4 | [-3.58..-1.81] -0.16 pm-0.37 / -0.39 pm-0.46 / -0.26 pm-0.69 / 5.55 pm4.02 p5 | [-1.8..-0.18] -0.41 pm-0.10 / -0.32 pm0.13 / 0.74 pm-1.30 / 2.61 pm0.58 p6 | [-0.16..2.85] -0.95 pm-2.87 / 0.15 pm-2.59 / 4.68 pm-2.75 / 5.30 pm-1.32 p8 | [2.97..8.86e+03] -1.95 pm-2.23 / -2.20 pm-3.65 / -1.64 pm-4.28 / -1.11 pm-6.01 p7
 pc24       [-17.8..-9.88] 0.21 pm0.30 / 0.05 pm0.15 / 6.25 pm3.31 / 15.71 pm8.92 p3 | [-9.8..-7.51] -0.31 pm-0.29 / 1.12 pm0.74 / 1.57 pm1.54 / 1.50 pm1.38 p4 | [-7.48..-5.62] -1.15 pm-1.18 / -1.19 pm-1.25 / -0.76 pm-0.95 / -0.98 pm-1.42 p4 | [-5.62..-0.74] -1.18 pm-1.33 / -1.28 pm-1.71 / -1.55 pm-2.51 / -1.17 pm-3.02 p4 | [-0.73..2.56e+04] -1.92 pm-3.81 / -2.11 pm-4.80 / -1.99 pm-5.12 / -1.13 pm-8.35 p9
 conv       [1..7] -0.74 pm-0.84 / -0.28 pm0.19 / -0.18 pm-0.41 / 1.31 pm0.33 p6 | [7..13] -0.75 pm-1.44 / -0.93 pm-2.80 / 1.71 pm-1.92 / 2.86 pm-2.01 p6 | [13..19] -1.42 pm-1.11 / -1.23 pm-1.50 / 1.23 pm-0.11 / 3.45 pm1.07 p8 | [19..25] -1.43 pm-2.65 / 0.23 pm-2.52 / 0.71 pm-2.45 / 3.27 pm-1.19 p8 | [25..100] -1.08 pm-2.94 / -1.74 pm-4.18 / -0.14 pm-4.13 / 1.87 pm-3.87 p11
 score      [30..44] -0.65 pm0.80 / -0.72 pm0.65 / -0.42 pm0.11 / 0.37 pm1.87 p5 | [44..51] -1.12 pm-0.31 / -0.60 pm0.14 / 0.76 pm1.24 / 4.07 pm3.80 p6 | [51..57] -1.26 pm-0.99 / -1.05 pm-1.59 / 1.65 pm-0.86 / 1.12 pm-1.36 p7 | [57..66] -0.10 pm-1.99 / 0.16 pm-3.17 / 1.26 pm-2.14 / 6.41 pm-1.22 p8 | [66..92] -1.22 pm-1.56 / -1.21 pm-2.55 / 0.25 pm-2.03 / 2.26 pm-1.21 p6

combos: momentum (r300>=2) x organic (uw5>=10 & rbshare<=0.3) -> fwd 5|15|60|120
 HI30 mom                        n496 p21 m-5.00 pm-11.79 | n496 p21 m-5.22 pm-15.51 | n496 p21 m-13.97 pm-30.03 | n486 p19 m-14.96 pm-33.71
 HI30 mom&organic                n153 p10 m-3.31 pm-15.23 | n153 p10 m-0.88 pm-10.70 | n153 p10 m-8.69 pm-29.06 | n151 p9 m-10.30 pm-28.80
 HI30 organic                    n315 p16 m-1.33 pm14.21 | n315 p16 m2.03 pm21.88 | n315 p16 m-2.00 pm-2.98 | n312 p15 m-5.69 pm-1.31
 HI30 mom&vfbuy                  n18 p4 m-1.31 pm-0.16 | n18 p4 m-0.64 pm-0.87 | n18 p4 m-5.12 pm-3.49 | n18 p4 m-13.26 pm-15.34
 HI30 z300>=2                    n83 p12 m-6.08 pm-8.71 | n83 p12 m-7.94 pm-10.69 | n83 p12 m-12.18 pm-20.36 | n80 p12 m-11.76 pm-20.94
 HI30 z300>=2&organic            n28 p4 m-4.75 pm-5.34 | n28 p4 m-5.72 pm-2.15 | n28 p4 m1.56 pm11.50 | n28 p4 m-2.02 pm9.46
 HI30 runner pc6h>=50&r1800>=0   n224 p8 m-6.42 pm-14.23 | n224 p8 m-9.54 pm-23.53 | n224 p8 m-15.45 pm-32.86 | n224 p8 m-19.04 pm-38.11
 HI30 runner pc24>=100&pc6h>=0   n844 p30 m-6.58 pm-21.87 | n844 p30 m-8.40 pm-22.99 | n844 p30 m-23.68 pm-26.99 | n813 p27 m-30.88 pm-28.41
 HI50 mom                        n893 p18 m-4.93 pm-13.82 | n893 p18 m-8.10 pm-28.31 | n893 p18 m-10.58 pm-23.81 | n868 p17 m-12.22 pm-25.11
 HI50 mom&organic                n164 p9 m-7.48 pm-12.64 | n164 p9 m-12.21 pm-25.02 | n164 p9 m-23.28 pm-19.62 | n164 p9 m-29.60 pm-21.91
 HI50 organic                    n373 p13 m-5.88 pm-8.00 | n373 p13 m-8.63 pm-16.81 | n373 p13 m-20.24 pm-17.11 | n366 p13 m-25.14 pm-13.99
 HI50 mom&vfbuy                  n11 p3 m-2.80 pm-4.66 | n11 p3 m-12.45 pm-21.55 | n11 p3 m-28.31 pm-42.29 | n11 p3 m-30.89 pm-41.47
 HI50 z300>=2                    n145 p11 m-5.39 pm-7.24 | n145 p11 m-8.05 pm-10.97 | n145 p11 m-14.82 pm-19.70 | n126 p10 m-10.40 pm-19.61
 HI50 z300>=2&organic            n30 p5 m-11.78 pm-9.69 | n30 p5 m-20.49 pm-19.12 | n30 p5 m-39.85 pm-40.57 | n30 p5 m-42.23 pm-41.94
 HI50 runner pc6h>=50&r1800>=0   n212 p8 m-5.84 pm-16.22 | n212 p8 m-7.93 pm-23.80 | n212 p8 m-16.83 pm-38.03 | n204 p8 m-14.09 pm-36.11
 HI50 runner pc24>=100&pc6h>=0   n862 p37 m-5.95 pm-12.14 | n862 p37 m-10.33 pm-19.57 | n862 p37 m-15.60 pm-19.32 | n809 p33 m-22.28 pm-19.90
 MID  mom                        n713 p17 m-2.83 pm-4.17 | n713 p17 m-3.43 pm-5.98 | n713 p17 m-5.54 pm-8.00 | n694 p16 m-7.63 pm-9.58
 MID  mom&organic                n72 p9 m-2.99 pm-2.90 | n72 p9 m-3.56 pm-3.74 | n72 p9 m-5.79 pm-2.37 | n63 p9 m-12.35 pm-4.70
 MID  organic                    n194 p11 m-3.37 pm-2.71 | n194 p11 m-4.34 pm-4.01 | n194 p11 m-6.21 pm-1.99 | n171 p11 m-7.93 pm-3.76
 MID  mom&vfbuy                  n42 p7 m-3.54 pm-0.59 | n42 p7 m-3.73 pm-1.28 | n42 p7 m-8.22 pm-2.87 | n42 p7 m-21.47 pm-6.90
 MID  z300>=2                    n128 p17 m-2.11 pm-2.43 | n128 p17 m-2.46 pm-4.25 | n128 p17 m-4.70 pm-6.81 | n99 p15 m-4.62 pm-6.80
 MID  z300>=2&organic            n24 p4 m-2.08 pm-2.84 | n24 p4 m-1.88 pm-2.54 | n24 p4 m-2.97 pm-3.66 | n17 p2 m2.40 pm6.06
 MID  runner pc6h>=50&r1800>=0   n119 p4 m-4.92 pm-9.13 | n119 p4 m-8.89 pm-16.27 | n119 p4 m-11.80 pm-18.74 | n119 p4 m-25.77 pm-26.90
 MID  runner pc24>=100&pc6h>=0   n646 p7 m-2.61 pm-6.62 | n646 p7 m-2.88 pm-10.43 | n646 p7 m-4.91 pm-11.82 | n646 p7 m-7.78 pm-14.78
 LO   mom                        n97 p5 m-1.78 pm-3.25 | n97 p5 m-2.70 pm-3.88 | n97 p5 m-2.55 pm-3.39 | n80 p5 m-0.09 pm-0.22
 LO   mom&organic                n14 p1 m-1.57 pm-1.57 | n14 p1 m-3.16 pm-3.16 | n14 p1 m-3.94 pm-3.94 | n8 p1 m4.52 pm4.52
 LO   organic                    n46 p3 m-1.57 pm-1.55 | n46 p3 m-1.86 pm-2.14 | n46 p3 m-1.33 pm-2.20 | n33 p3 m2.78 pm-1.22
 LO   mom&vfbuy                  n3 p1 m-0.13 pm-0.13 | n3 p1 m-1.22 pm-1.22 | n3 p1 m-0.51 pm-0.51 | n2 p1 m7.63 pm7.63
 LO   z300>=2                    n48 p7 m-2.50 pm-2.00 | n48 p7 m-2.15 pm-1.59 | n48 p7 m-2.69 pm-2.99 | n26 p5 m4.32 pm2.10
 LO   z300>=2&organic            n3 p1 m-0.74 pm-0.74 | n3 p1 m2.77 pm2.77 | n3 p1 m-9.29 pm-9.29 | -
 LO   runner pc6h>=50&r1800>=0   n30 p3 m-1.78 pm-2.82 | n30 p3 m-3.24 pm-3.88 | n30 p3 m-10.49 pm-8.62 | n30 p3 m-1.71 pm-6.04
 LO   runner pc24>=100&pc6h>=0   n202 p2 m-1.56 pm-3.47 | n202 p2 m-1.54 pm-5.83 | n202 p2 m-0.76 pm-5.75 | n192 p2 m0.41 pm-6.37
