samples 22227 0.9 s

== universe base rates (train, rug-screened); per horizon: n, pairs, mean, median, pair-mean, win%
HI fee100+ liq30-50k [(4241, 67, -4.07, -4.84, -14.74, 16.7), (4241, 67, -2.77, -4.88, -13.14, 24.2), (4241, 67, -3.78, -4.84, -15.93, 27.7), (4241, 67, -5.55, -5.39, -18.21, 29.2)] p50 max60 8.5 p75 max60 32.9
HI fee100+ liq50-100k [(6483, 54, -4.13, -3.4, -12.82, 15.5), (6483, 54, -4.97, -3.4, -17.6, 22.1), (6483, 54, -5.12, -3.4, -17.47, 29.1), (6483, 54, -5.49, -3.4, -16.07, 34.4)] p50 max60 7.1 p75 max60 25.4
HI fee100+ liq>=100k [(536, 26, -4.48, -4.73, -11.3, 14.6), (536, 26, -4.42, -5.55, -11.4, 17.4), (536, 26, -3.28, -7.89, -11.2, 27.2), (536, 26, -7.36, -13.07, -11.39, 24.6)] p50 max60 4.8 p75 max60 20.0
LO fee<=50 liq>=250k [(2617, 12, -1.02, -1.14, -2.69, 9.3), (2617, 12, -0.8, -1.25, -3.51, 17.4), (2617, 12, -0.5, -1.43, -3.72, 21.6), (2617, 12, 0.52, -1.42, -3.24, 27.9)] p50 max60 1.0 p75 max60 3.2
MID fee55-95 liq>=100k [(8350, 20, -2.41, -2.14, -5.4, 13.4), (8350, 20, -2.72, -2.33, -6.49, 21.3), (8350, 20, -3.12, -2.52, -6.85, 26.3), (8350, 20, -4.0, -3.02, -7.19, 28.1)] p50 max60 3.3 p75 max60 9.4

== quintiles of each feature within universe: (lo..hi edges) and mean fwd net 15m / 60m, pair-mean 60m, pairs

### HI fee100+ liq30-50k n 4241
 r60       [-49.5..-1.48] -4.27/0.06/-7.69 pm-15.38 p26 | [-1.48..-0.0414] -2.05/-1.09/1.08 pm-4.54 p20 | [-0.04..0] -4.28/-4.32/-4.21 pm31.58 p10 | [0..1.41] -3.78/-2.9/-1.68 pm-5.4 p23 | [1.42..269] -5.28/-5.15/-13.46 pm-22.24 p34
 r180      [-68.7..-2.75] -3.96/2.46/-3.64 pm-8.78 p22 | [-2.74..-0.372] -1.53/-1.34/1.27 pm5.36 p18 | [-0.37..0] -4.81/-4.41/-3.93 pm7.89 p14 | [0..2.19] -3.27/-3.67/-0.4 pm4.05 p19 | [2.2..159] -5.39/-6.37/-17.25 pm-18.77 p24
 r300      [-75.2..-3.88] -3.32/3.63/-3.36 pm-8.12 p22 | [-3.88..-0.593] -1.5/-1.81/2.48 pm2.43 p20 | [-0.592..0] -4.7/-4.77/-4.16 pm-17.58 p11 | [0..2.81] -3.8/-4.43/-1.24 pm10.37 p17 | [2.82..205] -5.26/-5.51/-16.05 pm-30.62 p21
 r600      [-79.5..-5.95] -0.63/5.92/-1.4 pm-11.19 p21 | [-5.95..-1.48] -4.01/-4.42/1.32 pm-11.17 p15 | [-1.48..0] -4.82/-4.34/-1.97 pm-10.18 p14 | [0..3.32] -4.22/-3.7/-1.72 pm-20.75 p17 | [3.32..139] -4.96/-4.46/-15.22 pm-25.05 p19
 r1800     [-65.3..-11.5] 2.83/4.49/-4.31 pm9.98 p14 | [-11.5..-3.81] -5.42/-5.47/-0.75 pm-20.11 p15 | [-3.81..0] -4.0/-3.96/-1.21 pm-23.31 p11 | [0..4.32] -4.33/-4.05/-3.2 pm-20.66 p11 | [4.32..253] -5.13/-4.06/-8.26 pm-22.67 p13
 pc5       [-66.7..-3.49] -3.41/2.27/-4.65 pm-10.44 p23 | [-3.47..-0.37] -2.23/-1.91/1.65 pm9.86 p19 | [-0.37..0] -4.54/-4.76/-4.66 pm-3.64 p12 | [0..3.17] -3.86/-3.98/-0.9 pm-6.96 p38 | [3.2..520] -6.3/-5.47/-19.19 pm-18.51 p41
 pc1h      [-63.4..-14.1] -2.68/-2.27/-9.79 pm-12.75 p11 | [-14.1..-4.6] -4.17/-3.72/2.91 pm-14.5 p12 | [-4.6..0.96] -4.25/-5.14/-4.54 pm-16.27 p27 | [0.96..17.6] -5.78/-4.57/-7.27 pm-17.07 p29 | [17.6..1.13e+03] -3.46/1.85/-9.07 pm-23.79 p31
 hi600     [-82.2..-10.8] -1.07/2.51/-13.54 pm-23.57 p21 | [-10.8..-4.57] -3.75/-3.64/-5.69 pm-8.5 p23 | [-4.56..-1.75] -3.9/-2.65/1.98 pm-25.87 p20 | [-1.75..0] -5.66/-4.47/-4.04 pm-24.53 p50 | [0..87.4] -5.5/-5.27/-5.71 pm-24.44 p28
 hi1800    [-86.2..-18.2] -2.3/1.37/-11.73 pm-16.19 p20 | [-18.2..-9.67] -2.72/-3.79/-8.56 pm-39.83 p20 | [-9.66..-4.66] -4.38/-3.5/0.59 pm-29.22 p21 | [-4.66..-0.336] -4.1/-2.24/1.09 pm-24.96 p20 | [-0.336..87.4] -6.38/-5.37/-8.32 pm-22.02 p59
 lo1800    [-40.8..0.113] -3.51/-0.6/-1.0 pm-11.22 p53 | [0.118..1.88] -3.08/-0.75/5.68 pm14.5 p19 | [1.89..5.02] -1.51/-0.19/2.23 pm-1.83 p24 | [5.03..17.5] -3.42/-0.03/-3.73 pm-10.34 p24 | [17.5..326] -8.34/-11.95/-30.12 pm-47.36 p22
 vacc      [0..0.0923] -4.51/-4.96/-5.19 pm1.53 p7 | [0.0925..0.423] 0.81/5.42/4.2 pm9.86 p18 | [0.424..0.741] -4.49/-3.46/-3.68 pm5.34 p19 | [0.742..1.27] -4.52/-2.76/-5.97 pm-24.3 p20 | [1.27..12] -7.6/-8.0/-16.98 pm-23.42 p61
 bsh5      [0..0.435] -3.92/-2.62/-2.67 pm-10.15 p9 | [0.435..0.524] -4.13/5.02/11.57 pm-3.47 p19 | [0.524..0.595] -1.75/-1.83/0.81 pm-8.74 p23 | [0.595..0.7] -3.21/-1.24/-12.63 pm-14.56 p18 | [0.7..1] -6.72/-11.38/-25.04 pm-13.55 p50
 bsh1h     [0..0.484] -3.99/-3.81/-3.42 pm-8.52 p7 | [0.484..0.518] -3.32/-3.89/-2.06 pm-11.05 p8 | [0.518..0.569] -0.79/10.29/23.28 pm-0.7 p16 | [0.569..0.667] -5.0/-5.24/-20.61 pm-8.55 p18 | [0.667..1] -7.21/-11.11/-24.8 pm-18.7 p43
 liqg300   [-51.3..-2.05] -3.39/3.68/-3.5 pm-8.13 p22 | [-2.05..-0.354] -1.52/-1.87/2.8 pm-0.29 p19 | [-0.351..0] -4.61/-4.79/-4.3 pm-14.91 p13 | [0..1.5] -3.75/-4.24/-1.28 pm10.59 p17 | [1.5..84] -5.3/-5.66/-16.06 pm-30.62 p21
 liqg1800  [-42..-6.17] 2.91/4.75/-3.72 pm9.81 p14 | [-6.17..-1.97] -5.31/-5.51/-0.81 pm-18.79 p15 | [-1.97..0] -4.08/-4.02/-1.82 pm-24.19 p12 | [0..2.23] -4.49/-4.18/-3.25 pm-21.71 p11 | [2.24..95.9] -5.08/-4.08/-8.13 pm-22.44 p13
 age       [0.5..340] -5.16/-0.81/-16.21 pm-19.56 p58 | [340..1.25e+03] -2.71/-1.53/-0.06 pm-12.1 p4 | [1.25e+03..1.42e+03] -3.52/-2.76/0.23 pm2.46 p4 | [1.42e+03..6.45e+03] -4.01/-3.22/0.32 pm-1.73 p6 | [6.46e+03..1.54e+05] -4.94/-5.52/-12.04 pm-37.69 p2
 hp_uw5    [0..0] -5.86/-8.06/-12.97 pm-19.45 p16 | [0..0] -5.01/-0.01/-11.99 pm-17.56 p33 | [0..0] -3.23/-3.37/-4.97 pm-10.32 p8 | [0..7] -2.91/-2.04/1.63 pm-13.8 p12 | [7..310] -2.05/0.98/-1.26 pm-1.93 p18
 b5        [0..1] -4.77/-5.03/-5.16 pm-2.77 p5 | [1..11] -3.99/-3.2/2.26 pm7.96 p10 | [11..23] -1.39/1.75/7.62 pm5.09 p10 | [23..86] -0.19/9.25/7.44 pm0.54 p28 | [86..2.72e+03] -10.0/-16.59/-39.88 pm-26.83 p44

### HI fee100+ liq50-100k n 6483
 r60       [-46..-1.23] -4.86/-6.29/-6.93 pm-11.89 p20 | [-1.23..-0.0279] -3.36/-3.3/-2.93 pm-8.69 p16 | [-0.0266..0.0958] -3.28/-3.19/-3.31 pm-16.55 p13 | [0.0959..1.32] -3.33/-3.07/-3.78 pm-9.1 p16 | [1.33..160] -5.42/-8.49/-10.19 pm-21.53 p24
 r180      [-62.5..-2.16] -4.79/-5.2/-5.24 pm-9.94 p18 | [-2.16..-0.0623] -3.42/-3.12/-3.31 pm-17.61 p16 | [-0.062..0.334] -3.22/-3.37/-3.59 pm-24.16 p10 | [0.335..2.3] -3.56/-3.89/-3.24 pm-12.56 p16 | [2.3..416] -5.4/-8.45/-11.79 pm-24.82 p18
 r300      [-46.7..-3.08] -4.82/-5.25/-4.93 pm-9.41 p15 | [-3.08..-0.063] -3.39/-2.97/-3.65 pm-14.06 p15 | [-0.0623..0.479] -3.4/-3.31/-3.39 pm4.25 p13 | [0.48..3.17] -3.65/-3.37/-3.45 pm-7.97 p14 | [3.17..280] -5.18/-8.77/-11.55 pm-19.38 p17
 r600      [-59.7..-4.62] -4.05/-4.64/-3.53 pm-10.07 p15 | [-4.62..-0.286] -3.46/-3.52/-4.09 pm-19.03 p12 | [-0.285..0.705] -3.31/-3.04/-3.94 pm-24.03 p12 | [0.706..4.63] -3.8/-2.95/-3.73 pm-11.66 p14 | [4.65..285] -5.46/-8.29/-11.04 pm-31.6 p15
 r1800     [-62.7..-6.81] -3.65/-3.56/-1.59 pm-2.97 p10 | [-6.81..0] -3.4/-2.99/-1.98 pm-9.02 p10 | [0..2.1] -3.67/-3.54/-4.0 pm-22.79 p10 | [2.1..9.31] -3.22/-2.58/-4.92 pm-18.89 p8 | [9.32..189] -5.19/-6.51/-8.69 pm-22.45 p9
 pc5       [-53..-2.63] -4.66/-4.88/-4.52 pm-11.8 p17 | [-2.63..-0.01] -3.39/-2.88/-2.58 pm-9.68 p17 | [-0.01..0.5] -3.32/-3.49/-3.99 pm-16.11 p16 | [0.5..3.29] -3.74/-4.31/-4.06 pm-15.08 p23 | [3.29..1.04e+03] -5.54/-9.29/-12.29 pm-18.45 p45
 pc1h      [-60..-7.53] -3.46/-2.83/-0.2 pm-10.26 p10 | [-7.5..0] -3.9/-4.25/-5.25 pm-15.23 p12 | [0..4.4] -3.7/-4.03/-5.55 pm-15.71 p18 | [4.4..18.6] -2.67/-0.94/-4.53 pm-17.92 p10 | [18.6..5.15e+03] -6.91/-12.8/-11.91 pm-18.68 p40
 hi600     [-63.1..-7.8] -5.2/-7.62/-5.69 pm-7.39 p19 | [-7.79..-3.2] -3.72/-3.46/-3.88 pm-13.73 p19 | [-3.19..-1.12] -3.46/-4.26/-7.2 pm-33.29 p18 | [-1.12..0] -3.93/-4.22/-4.44 pm-15.44 p28 | [0..39.6] -4.07/-4.97/-5.95 pm-20.18 p33
 hi1800    [-63.1..-13.5] -5.51/-8.82/-7.06 pm-6.9 p19 | [-13.5..-6.64] -3.45/-2.76/-0.24 pm-5.38 p17 | [-6.64..-1.9] -4.0/-3.75/-8.14 pm-35.62 p18 | [-1.89..-0.0236] -3.01/-3.51/-4.37 pm-17.04 p15 | [-0.0222..32.2] -4.43/-5.72/-7.38 pm-20.13 p46
 lo1800    [-7.69..0.577] -3.74/-4.16/-4.24 pm-7.17 p38 | [0.577..2.68] -3.19/-2.84/-1.8 pm-4.55 p20 | [2.68..7.18] -3.32/-3.98/-1.74 pm-5.69 p18 | [7.2..17] -3.98/-3.86/-9.06 pm-7.6 p17 | [17..513] -6.17/-9.72/-10.35 pm-27.62 p16
 vacc      [0..0.412] -3.59/-3.29/-3.42 pm-12.31 p11 | [0.412..0.635] -2.92/-3.22/-1.65 pm-1.15 p16 | [0.635..0.907] -4.34/-4.24/-5.05 pm-5.54 p16 | [0.907..1.39] -4.99/-5.24/-8.58 pm-16.5 p17 | [1.39..12] -5.19/-9.65/-9.77 pm-13.12 p48
 bsh5      [0..0.486] -4.19/-3.87/-3.57 pm-16.98 p9 | [0.486..0.563] -4.33/-5.27/-3.24 pm-18.36 p19 | [0.564..0.63] -4.44/-6.22/-6.4 pm-12.29 p29 | [0.63..0.714] -3.58/-2.11/-2.28 pm-13.85 p12 | [0.714..1] -4.47/-8.09/-12.4 pm-16.51 p31
 bsh1h     [0.367..0.507] -4.02/-3.75/1.5 pm-19.21 p9 | [0.507..0.546] -3.5/-3.35/-5.64 pm-24.38 p13 | [0.546..0.597] -5.73/-8.92/-5.25 pm-13.9 p27 | [0.597..0.712] -2.91/-2.43/-7.43 pm-19.22 p9 | [0.712..1] -4.85/-7.2/-11.63 pm-17.57 p26
 liqg300   [-27.5..-1.58] -4.78/-5.06/-4.81 pm-9.33 p15 | [-1.58..-0.0411] -3.46/-3.13/-3.89 pm-13.87 p16 | [-0.0411..0.252] -3.42/-3.26/-3.32 pm1.48 p13 | [0.253..1.63] -3.57/-3.42/-3.27 pm-7.57 p14 | [1.63..105] -5.22/-8.8/-11.68 pm-19.41 p17
 liqg1800  [-39.2..-3.4] -3.67/-3.51/-1.4 pm-2.94 p10 | [-3.4..0] -3.4/-3.06/-2.33 pm-9.18 p10 | [0..1.16] -3.52/-3.33/-3.56 pm-23.37 p10 | [1.16..4.88] -3.37/-2.64/-4.91 pm-18.56 p8 | [4.89..74] -5.18/-6.64/-8.97 pm-22.41 p9
 age       [0.4..1.12e+03] -6.98/-12.32/-15.42 pm-18.32 p45 | [1.12e+03..2.34e+03] -4.36/-5.55/-13.37 pm-17.8 p7 | [2.34e+03..5.41e+03] -2.69/-0.49/7.7 pm14.23 p3 | [5.41e+03..4.72e+04] -3.31/-3.15/-2.89 pm11.64 p3 | [4.72e+04..1.41e+05] -3.32/-3.34/-3.48 pm-3.39 p2
 hp_uw5    [0..0] -5.03/-6.0/-4.58 pm-19.61 p22 | [0..0] -3.59/-4.35/-3.87 pm-27.65 p10 | [0..0] -3.16/-2.11/1.93 pm-3.42 p4 | [0..7] -3.46/-4.55/-3.92 pm-11.15 p25 | [7..285] -5.48/-7.91/-17.25 pm-12.96 p13
 b5        [0..8] -3.48/-3.5/-3.99 pm-2.08 p9 | [8..19] -3.56/-1.89/1.53 pm-8.86 p16 | [20..58] -3.6/-3.32/-3.83 pm-7.42 p15 | [58..184] -4.46/-6.42/-7.03 pm-4.64 p19 | [184..2.06e+04] -5.54/-9.73/-14.13 pm-16.74 p30

### HI fee100+ liq>=100k n 536
 r60       [-15..-1.35] -3.57/-2.35/-3.19 pm10.28 p2 | [-1.34..-0.493] -3.2/-1.59/-7.09 pm12.37 p2 | [-0.491..0.0828] -5.01/-5.28/-10.59 pm-15.32 p7 | [0.0829..1.3] -2.91/-2.24/-6.73 pm-1.89 p2 | [1.32..47.2] -4.94/-7.78/-7.63 pm-14.03 p8
 r180      [-22..-3.65] -2.85/-1.93/-0.75 pm14.41 p2 | [-3.63..-1.44] -4.06/-3.62/-6.56 pm17.46 p2 | [-1.43..0.0981] -2.77/-0.27/-7.17 pm-7.17 p1 | [0.166..2.07] -3.01/-3.27/-10.44 pm-20.97 p2 | [2.15..49] -5.37/-8.5/-9.05 pm-22.07 p3
 r300      [-22.2..-4.85] -2.85/-1.97/-0.47 pm13.99 p2 | [-4.82..-2.13] -3.6/-4.0/-7.32 pm10.02 p2 | [-2.12..-0.0981] -2.87/-0.1/-8.51 pm8.94 p2 | [-0.0966..2.65] -1.24/-1.34/-3.99 pm15.86 p2 | [2.82..49] -7.42/-10.03/-13.35 pm-33.09 p3
 r600      [-23.5..-6.81] -3.14/-4.92/4.72 pm13.12 p2 | [-6.76..-3.81] -4.19/-4.63/-13.01 pm13.1 p2 | [-3.81..-1.08] -1.04/1.06/-4.69 pm21.06 p2 | [-1.06..2.46] -2.58/-1.44/-8.24 pm18.08 p2 | [2.48..82.2] -7.02/-7.43/-11.63 pm-27.85 p3
 r1800     [-29.7..-14.7] -4.13/-3.48/7.96 pm9.48 p2 | [-14.6..-8.94] -2.99/0.15/-1.89 pm15.38 p2 | [-8.92..-5.44] -3.82/-4.83/-10.47 pm-10.47 p1 | [-5.44..-0.769] -4.25/-4.79/-13.54 pm-13.54 p1 | [-0.676..113] -4.03/-8.21/-13.62 pm-34.53 p2
 pc5       [-21.4..-4.05] -2.9/-2.71/-0.4 pm13.64 p2 | [-4.03..-1.41] -3.99/-3.52/-10.55 pm8.26 p2 | [-1.41..0.36] -3.89/-1.12/-6.84 pm-4.51 p8 | [0.38..3.39] -2.36/-3.18/-5.89 pm22.49 p2 | [3.4..49.4] -9.24/-11.52/-13.08 pm-14.15 p21
 pc1h      [-36.4..-16.9] -1.75/-1.12/-3.42 pm2.33 p2 | [-16.9..-13] -3.57/-2.55/-8.43 pm15.94 p2 | [-13..-9.79] -3.09/-3.34/-8.19 pm-8.19 p1 | [-9.74..-1.85] -4.97/-4.82/-6.25 pm-6.25 p1 | [-1.79..99.3] -8.99/-10.23/-10.5 pm-12.48 p25
 hi600     [-25.7..-8.09] -2.62/-1.98/6.82 pm15.96 p2 | [-8.03..-4.68] -4.0/-5.91/-11.02 pm31.02 p2 | [-4.67..-2.63] -3.74/-1.07/-9.08 pm17.64 p2 | [-2.61..-0.483] -2.84/-1.64/-9.52 pm-15.38 p4 | [-0.483..3.91] -8.0/-10.24/-13.37 pm-14.26 p25
 hi1800    [-32.5..-14.7] -4.0/-3.05/8.74 pm10.91 p2 | [-14.7..-11] -3.1/-2.96/-5.66 pm-5.66 p1 | [-11..-7.28] -3.7/-3.24/-9.33 pm-9.33 p1 | [-7.21..-3.14] -3.31/-2.59/-14.15 pm-14.15 p1 | [-3.06..3.91] -7.09/-9.0/-15.73 pm-13.63 p25
 lo1800    [-12.3..0] -4.77/-5.8/-6.82 pm-9.72 p17 | [0.0433..1.77] -3.62/-3.92/-6.05 pm9.16 p2 | [1.78..3.75] -3.86/-3.71/-7.67 pm-1.2 p6 | [3.79..5.91] -3.66/-1.92/-5.58 pm-1.65 p6 | [5.93..113] -5.31/-5.53/-10.08 pm-17.66 p7
 vacc      [0.0239..0.445] -3.98/-0.14/-9.18 pm-9.18 p1 | [0.452..0.678] -5.06/-5.86/-9.6 pm-20.74 p2 | [0.678..0.921] -3.33/-5.52/-3.96 pm5.5 p2 | [0.922..2.08] -1.6/-2.23/-4.48 pm8.28 p2 | [2.09..12] -8.42/-8.34/-9.58 pm-10.43 p26
 bsh5      [0..0.333] -3.74/-4.08/-12.89 pm-12.89 p1 | [0.333..0.462] -2.09/-0.18/-5.82 pm-5.82 p1 | [0.462..0.588] -3.84/-4.68/-7.84 pm9.51 p2 | [0.59..0.756] -4.71/-3.46/-2.92 pm-3.77 p6 | [0.758..1] -8.0/-9.66/-7.35 pm-11.54 p24
 bsh1h     [0.318..0.455] -4.91/-3.8/-3.96 pm-3.96 p1 | [0.455..0.514] -4.18/-5.56/-11.91 pm-11.91 p1 | [0.514..0.577] -0.32/1.27/-1.01 pm-1.01 p1 | [0.577..0.647] -5.04/-5.88/-10.98 pm1.25 p3 | [0.648..1] -7.94/-8.1/-8.95 pm-11.87 p25
 liqg300   [-12..-2.49] -2.82/-2.19/-0.26 pm14.11 p2 | [-2.49..-1.05] -3.62/-3.9/-6.99 pm9.87 p2 | [-1.03..-0.068] -3.3/-0.12/-9.31 pm8.61 p2 | [-0.0288..1.35] -0.78/-1.14/-4.42 pm15.63 p2 | [1.39..23.1] -7.47/-10.08/-12.65 pm-32.83 p3
 liqg1800  [-16.4..-7.89] -4.16/-3.96/7.59 pm9.21 p2 | [-7.82..-4.71] -2.99/0.12/-1.91 pm15.37 p2 | [-4.71..-2.78] -3.91/-4.29/-10.15 pm-10.15 p1 | [-2.77..-0.26] -5.03/-5.65/-13.81 pm-13.81 p1 | [-0.255..48.2] -3.14/-7.4/-13.28 pm-34.36 p2
 age       [0.4..5.07e+03] -9.28/-8.83/-4.76 pm-11.67 p26 | [5.07e+03..5.2e+03] -0.1/6.91/8.22 pm8.22 p1 | [5.2e+03..5.27e+03] -3.7/-5.88/-18.94 pm-18.94 p1 | [5.27e+03..5.33e+03] -4.05/-5.75/-14.35 pm-14.35 p1 | [5.33e+03..5.49e+03] -5.28/-8.52/-7.0 pm-7.0 p1
 hp_uw5    [0..0] -4.46/-1.9/1.59 pm-8.29 p6 | [0..0] 0.2/2.54/-11.02 pm-11.02 p1 | [0..0] -4.83/-7.54/-15.12 pm-15.12 p1 | [0..0] -5.42/-7.77/-9.67 pm-9.67 p1 | [0..107] -8.42/-8.6/-2.1 pm-11.67 p21
 b5        [0..6] -4.82/-3.49/-14.58 pm-13.02 p4 | [7..10] -2.19/-0.07/-8.1 pm-3.97 p3 | [10..23] -4.82/-5.49/-6.27 pm-9.74 p5 | [23..56] -4.56/-7.06/-6.73 pm-9.93 p12 | [56..922] -6.01/-5.98/-1.19 pm-12.66 p10

### LO fee<=50 liq>=250k n 2617
 r60       [-74.8..-0.294] -0.41/-0.15/1.27 pm-2.36 p8 | [-0.293..0] -0.94/-0.43/1.17 pm-1.1 p7 | [0..0] -1.14/-1.3/-1.44 pm-2.56 p7 | [0..0.282] -0.91/-0.39/2.39 pm-3.36 p8 | [0.283..294] -1.59/-1.58/-0.51 pm-4.26 p9
 r180      [-74.7..-0.496] -0.18/0.35/1.19 pm-2.06 p8 | [-0.496..-0.101] -1.29/-0.91/1.48 pm-2.04 p8 | [-0.101..0.017] -0.95/-0.38/0.65 pm-1.55 p7 | [0.0172..0.415] -1.22/-1.43/-0.04 pm-2.21 p8 | [0.415..296] -1.25/-1.31/-0.13 pm-3.32 p8
 r300      [-74.8..-0.58] 0.0/0.87/2.01 pm-1.52 p8 | [-0.58..-0.195] -1.08/-1.16/0.29 pm-2.5 p8 | [-0.195..0.0576] -1.35/-0.91/1.52 pm-0.99 p7 | [0.0579..0.488] -1.16/-0.91/-0.06 pm-2.2 p7 | [0.489..294] -1.21/-1.41/-0.47 pm-2.42 p7
 r600      [-74.8..-0.78] -0.08/0.31/0.64 pm-2.11 p8 | [-0.779..-0.291] -1.09/-0.96/0.9 pm-1.57 p7 | [-0.29..0.0708] -0.87/-0.3/2.36 pm-0.52 p7 | [0.0708..0.656] -1.19/-0.43/0.71 pm-1.82 p7 | [0.66..294] -1.44/-1.89/-0.87 pm-3.08 p7
 r1800     [-75..-1.35] 0.27/0.87/1.81 pm0.76 p6 | [-1.35..-0.549] -0.61/0.41/1.58 pm-0.61 p6 | [-0.549..0.232] -1.31/-0.11/0.97 pm0.8 p6 | [0.232..1.46] -1.05/-1.61/0.58 pm-1.74 p6 | [1.46..298] -1.56/-1.67/0.6 pm-1.96 p6
 pc5       [-74.8..-0.57] -0.11/0.59/1.81 pm-1.65 p8 | [-0.57..-0.18] -1.21/-1.28/-0.03 pm-3.22 p9 | [-0.18..0.03] -1.15/-0.65/1.45 pm-3.0 p8 | [0.03..0.46] -1.2/-1.29/0.24 pm-2.06 p9 | [0.46..45.2] -1.41/-1.36/-0.84 pm-3.81 p10
 pc1h      [-74.8..-1.93] -0.1/0.45/1.03 pm0.91 p6 | [-1.92..-0.67] -0.78/-0.78/-0.54 pm-0.78 p6 | [-0.67..0.19] -1.13/-1.22/-0.46 pm-1.17 p9 | [0.2..1.93] -1.1/-0.17/5.41 pm0.33 p8 | [1.93..378] -1.98/-2.26/-2.82 pm-4.51 p8
 hi600     [-74.8..-1.19] -0.15/-0.25/-0.05 pm-1.38 p7 | [-1.19..-0.666] -0.94/-0.69/1.36 pm-2.81 p8 | [-0.666..-0.45] -0.99/-0.84/2.32 pm0.37 p7 | [-0.448..-0.0709] -1.38/-0.49/0.58 pm-1.89 p7 | [-0.0709..42.4] -1.57/-1.65/-1.41 pm-4.83 p11
 hi1800    [-75.1..-2.35] -0.15/0.01/0.54 pm-1.15 p7 | [-2.33..-1.19] -0.79/-0.61/-0.52 pm-2.96 p7 | [-1.19..-0.707] -1.37/-0.96/1.73 pm-3.53 p8 | [-0.707..-0.292] -1.09/-0.42/1.69 pm-1.91 p7 | [-0.292..41.1] -1.63/-1.94/-0.64 pm-4.66 p11
 lo1800    [-3.78..0.0871] 0.03/0.61/2.47 pm-3.29 p10 | [0.0945..0.496] -1.26/-0.51/-0.56 pm-2.41 p8 | [0.496..0.88] -0.91/-0.41/0.36 pm-1.43 p9 | [0.88..2.75] -1.29/-1.67/1.15 pm-1.74 p7 | [2.77..301] -1.6/-1.94/-0.62 pm-3.2 p6
 vacc      [0..0.129] -1.13/-0.58/0.29 pm-2.29 p5 | [0.129..0.358] -1.01/-0.54/1.4 pm-1.46 p6 | [0.359..0.661] -1.46/-1.6/0.13 pm-3.05 p8 | [0.661..1.04] -0.72/-0.26/0.5 pm-1.88 p10 | [1.04..12] -0.76/-0.99/0.31 pm-4.19 p9
 bsh5      [0..0.167] -0.99/-0.84/-0.01 pm-0.59 p4 | [0.167..0.385] -0.42/-0.2/3.93 pm-1.04 p6 | [0.385..0.581] -1.11/-1.43/-0.5 pm-3.57 p9 | [0.581..0.776] -1.24/-0.31/-0.44 pm-2.06 p9 | [0.776..1] -1.32/-1.19/-0.26 pm-3.28 p7
 bsh1h     [0.142..0.341] -0.8/-0.85/-0.72 pm-1.89 p4 | [0.341..0.433] -0.64/0.92/4.92 pm2.82 p5 | [0.434..0.532] -1.23/-1.3/1.24 pm-3.23 p5 | [0.532..0.734] -1.36/-2.19/-2.5 pm-2.62 p9 | [0.735..1] -1.05/-0.56/-0.32 pm-4.28 p6
 liqg300   [-37.5..-0.326] -0.41/0.15/1.69 pm-1.35 p8 | [-0.325..-0.112] -0.87/-0.21/1.4 pm-1.63 p7 | [-0.112..0.0303] -1.19/-1.16/0.54 pm-3.03 p8 | [0.0308..0.25] -1.14/-0.91/0.24 pm-1.64 p7 | [0.25..59.5] -1.19/-1.38/-0.59 pm-2.63 p7
 liqg1800  [-37.9..-0.743] 0.33/0.96/1.79 pm0.85 p6 | [-0.742..-0.327] -0.87/0.26/1.27 pm-0.12 p6 | [-0.327..0.123] -1.11/-0.1/1.68 pm1.13 p6 | [0.123..0.749] -1.11/-1.49/0.53 pm-1.89 p6 | [0.751..60.4] -1.52/-1.74/0.28 pm-2.41 p6
 age       [0.7..1.05e+05] -1.54/-1.71/-1.67 pm-5.08 p8 | [1.05e+05..1.62e+05] -0.16/1.26/8.2 pm2.82 p2 | [1.62e+05..1.63e+05] -0.97/-0.84/-0.1 pm-0.1 p1 | [1.63e+05..7.61e+05] -1.28/-1.33/-1.54 pm-1.48 p3 | [7.61e+05..7.71e+05] -1.14/-1.37/-2.26 pm-2.36 p2
 hp_uw5    [0..0] -1.38/-1.51/-1.94 pm-5.05 p3 | [0..0] -1.15/-0.86/-2.24 pm-2.26 p3 | [0..0] -1.51/-1.84/-0.82 pm-3.52 p7 | [0..0] -0.94/-0.8/-0.78 pm-0.91 p2 | [0..159] -0.31/1.3/8.51 pm2.74 p3
 b5        [0..2] -1.06/-0.88/-0.02 pm1.11 p4 | [2..4] -0.92/-0.15/1.88 pm1.2 p4 | [4..8] -0.66/-0.25/1.96 pm-2.01 p6 | [8..19] -1.36/-1.61/-0.73 pm-2.88 p10 | [19..4.16e+03] -1.08/-1.1/-0.47 pm-3.21 p8

### MID fee55-95 liq>=100k n 8350
 r60       [-30.6..-0.802] -2.23/-2.31/-3.28 pm-2.61 p17 | [-0.802..-0.0557] -2.18/-2.6/-3.38 pm-2.52 p17 | [-0.0557..0.0719] -2.27/-2.54/-3.82 pm-4.47 p18 | [0.0722..0.851] -2.4/-2.7/-4.24 pm-3.75 p17 | [0.853..47.2] -2.94/-3.43/-5.24 pm-7.41 p18
 r180      [-35.7..-1.3] -2.27/-2.72/-3.76 pm-2.58 p16 | [-1.3..-0.303] -2.24/-2.51/-3.34 pm-2.31 p17 | [-0.303..0.191] -2.09/-2.17/-3.14 pm-2.45 p17 | [0.191..1.19] -2.45/-2.54/-3.84 pm-3.47 p17 | [1.19..51] -2.98/-3.67/-5.78 pm-8.29 p17
 r300      [-42.4..-1.79] -2.47/-2.91/-4.23 pm-2.19 p16 | [-1.79..-0.552] -2.35/-2.66/-3.54 pm-2.65 p17 | [-0.552..0.195] -2.15/-2.22/-3.35 pm-3.42 p17 | [0.196..1.54] -2.25/-2.38/-3.22 pm-2.6 p17 | [1.54..54.5] -2.79/-3.46/-5.41 pm-8.45 p17
 r600      [-43.1..-2.91] -2.53/-3.29/-4.38 pm-1.61 p16 | [-2.9..-0.821] -2.34/-2.53/-3.51 pm-2.43 p17 | [-0.819..0.236] -1.99/-2.15/-2.65 pm-2.03 p17 | [0.236..2.08] -2.12/-2.14/-3.31 pm-3.12 p17 | [2.08..68.6] -3.03/-3.56/-5.64 pm-8.86 p16
 r1800     [-44.6..-5.76] -2.69/-2.14/-2.63 pm-0.21 p15 | [-5.76..-1.5] -1.78/-1.79/-2.74 pm-2.26 p15 | [-1.5..0.491] -2.01/-2.21/-3.76 pm-3.32 p15 | [0.494..3.6] -2.43/-3.02/-4.48 pm-3.5 p15 | [3.61..131] -3.1/-4.37/-5.36 pm-9.04 p15
 pc5       [-36.3..-1.61] -2.54/-2.89/-4.27 pm-2.5 p16 | [-1.61..-0.48] -2.2/-2.54/-3.74 pm-3.13 p17 | [-0.48..0.19] -2.18/-2.33/-3.43 pm-3.81 p18 | [0.19..1.37] -2.25/-2.2/-3.12 pm-3.02 p18 | [1.37..43.7] -2.86/-3.63/-5.43 pm-8.25 p17
 pc1h      [-57.3..-6.83] -2.6/-2.45/-4.21 pm-2.1 p13 | [-6.82..-2.55] -2.21/-2.19/-1.38 pm0.3 p15 | [-2.55..0.31] -2.03/-2.45/-3.51 pm-4.64 p17 | [0.31..5.19] -2.23/-2.71/-4.21 pm-4.11 p18 | [5.2..281] -2.96/-3.78/-6.68 pm-9.51 p15
 hi600     [-43.1..-4.13] -2.55/-2.85/-4.47 pm-1.99 p15 | [-4.12..-1.95] -2.45/-2.88/-4.18 pm-3.12 p16 | [-1.95..-0.991] -2.23/-2.66/-3.6 pm-3.3 p17 | [-0.991..-0.221] -2.14/-2.13/-3.08 pm-3.23 p17 | [-0.219..9.3] -2.66/-3.08/-4.7 pm-8.45 p20
 hi1800    [-46.5..-8.4] -2.51/-2.1/-4.28 pm-1.51 p10 | [-8.39..-4] -2.5/-3.36/-3.7 pm-2.77 p15 | [-3.99..-1.87] -2.29/-2.44/-3.57 pm-3.4 p16 | [-1.87..-0.773] -2.12/-2.56/-3.74 pm-4.75 p17 | [-0.773..21.7] -2.61/-3.13/-4.7 pm-8.95 p20
 lo1800    [-8.04..0.56] -1.89/-1.92/-3.02 pm-2.75 p19 | [0.561..1.6] -2.33/-2.57/-3.59 pm-2.88 p17 | [1.6..3.32] -1.98/-2.06/-2.9 pm-2.62 p17 | [3.32..7.49] -2.64/-3.11/-5.49 pm-4.77 p16 | [7.5..133] -3.18/-3.93/-5.0 pm-9.09 p14
 vacc      [0..0.278] -2.54/-2.71/-5.36 pm-4.11 p14 | [0.279..0.55] -2.29/-2.66/-5.7 pm-5.05 p15 | [0.55..0.819] -2.49/-2.69/-2.56 pm-3.39 p17 | [0.819..1.25] -2.39/-2.81/-2.81 pm-3.57 p17 | [1.25..12] -2.33/-2.71/-3.56 pm-8.22 p19
 bsh5      [0..0.333] -2.15/-2.73/-4.22 pm-4.25 p13 | [0.333..0.5] -2.45/-2.77/-5.04 pm-5.88 p14 | [0.5..0.619] -2.61/-2.83/-4.03 pm-3.21 p16 | [0.619..0.744] -2.53/-3.08/-4.46 pm-7.37 p17 | [0.745..1] -2.3/-2.16/-2.24 pm-3.95 p16
 bsh1h     [0.184..0.442] -2.48/-3.38/-5.75 pm-5.13 p11 | [0.442..0.525] -2.41/-2.91/-5.65 pm-6.12 p13 | [0.525..0.599] -2.14/-1.76/-2.3 pm-4.13 p15 | [0.599..0.671] -2.7/-3.11/-2.99 pm-1.65 p12 | [0.671..1] -2.3/-2.42/-3.31 pm-9.31 p11
 liqg300   [-24.2..-0.918] -2.46/-2.88/-4.16 pm-2.17 p16 | [-0.918..-0.279] -2.33/-2.61/-3.6 pm-2.7 p17 | [-0.279..0.102] -2.15/-2.32/-3.32 pm-2.93 p17 | [0.103..0.79] -2.25/-2.29/-3.21 pm-2.69 p17 | [0.79..24.9] -2.81/-3.53/-5.45 pm-8.48 p17
 liqg1800  [-25.7..-3.01] -2.65/-2.17/-2.66 pm-0.13 p16 | [-3.01..-0.786] -1.85/-1.79/-2.79 pm-2.34 p17 | [-0.786..0.255] -1.98/-2.21/-3.78 pm-3.34 p15 | [0.255..1.87] -2.44/-3.03/-4.36 pm-3.4 p15 | [1.87..54.4] -3.07/-4.34/-5.38 pm-9.05 p15
 age       [0.6..968] -1.68/-0.55/2.53 pm-10.37 p7 | [969..5.17e+03] -3.52/-5.09/-10.19 pm-8.66 p4 | [5.17e+03..1.35e+04] -2.68/-3.06/-4.61 pm-6.14 p4 | [1.35e+04..3.16e+04] -2.18/-2.68/-4.91 pm-6.48 p4 | [3.16e+04..5.11e+05] -1.97/-2.2/-2.82 pm-3.55 p5
 hp_uw5    [0..0] -1.96/-1.93/-2.23 pm-2.12 p4 | [0..0] -2.83/-3.76/-5.32 pm-6.19 p7 | [0..0] -2.82/-3.48/-6.02 pm-5.06 p5 | [0..0] -1.91/-1.63/-1.46 pm-3.0 p6 | [0..300] -2.7/-2.98/-4.99 pm-6.77 p15
 b5        [0..4] -2.2/-2.48/-3.18 pm-3.38 p12 | [4..8] -2.31/-2.96/-5.36 pm-5.29 p13 | [8..16] -2.26/-2.57/-5.03 pm-5.63 p16 | [16..123] -2.74/-3.09/-3.78 pm-4.31 p15 | [123..2.69e+03] -2.52/-2.48/-2.65 pm-7.45 p10
