regime minutes 1210
samples 22227

(a) pc1h tercile x r300 tercile -> fwd 15m | 60m
## HI30 pc1h cuts -8.81 1.94 r300 cuts -1.41 0.45
  pc1h T0: n572 p11 m-1.21 pm0.97 || n572 p11 m-2.36 pm-8.44 ### n277 p9 m-2.79 pm-5.94 || n277 p9 m0.14 pm-12.90 ### n488 p11 m-3.01 pm-2.38 || n488 p11 m-8.75 pm-14.83
  pc1h T1: n252 p10 m-3.53 pm-5.05 || n252 p10 m-4.92 pm-22.47 ### n826 p9 m-5.39 pm-11.38 || n826 p9 m-3.77 pm-4.67 ### n257 p11 m-6.30 pm-12.36 || n257 p11 m-1.43 pm-14.29
  pc1h T2: n508 p20 m7.88 pm-5.78 || n508 p20 m3.93 pm-12.58 ### n239 p13 m-4.78 pm1.35 || n239 p13 m-4.60 pm-10.88 ### n593 p22 m-5.58 pm0.48 || n593 p22 m-14.39 pm-13.88
## HI50 pc1h cuts -2.5 5.83 r300 cuts -0.93 0.99
  pc1h T0: n1144 p9 m-2.29 pm-1.59 || n1144 p9 m-2.23 pm-1.63 ### n445 p9 m-2.12 pm-3.53 || n445 p9 m-3.55 pm-6.07 ### n661 p10 m-5.70 pm-8.59 || n661 p10 m-3.54 pm-14.33
  pc1h T1: n381 p9 m-3.54 pm-6.36 || n381 p9 m-6.74 pm-8.50 ### n1381 p9 m-3.43 pm-13.44 || n1381 p9 m-3.85 pm-18.26 ### n487 p8 m-4.66 pm-5.14 || n487 p8 m-6.51 pm-8.47
  pc1h T2: n725 p14 m-7.72 pm-22.20 || n725 p14 m-7.10 pm-13.25 ### n424 p11 m-1.62 pm-9.60 || n424 p11 m-0.08 pm4.09 ### n1103 p17 m-8.54 pm-31.97 || n1103 p17 m-13.01 pm-27.41
## MID pc1h cuts -3.71 1.25 r300 cuts -0.84 0.56
  pc1h T0: n1264 p14 m-2.43 pm-1.76 || n1264 p14 m-3.12 pm-1.48 ### n663 p13 m-1.85 pm-1.29 || n663 p13 m-2.40 pm-1.39 ### n803 p13 m-2.65 pm-2.04 || n803 p13 m-2.65 pm-1.88
  pc1h T1: n667 p17 m-3.16 pm-1.94 || n667 p17 m-3.71 pm-1.33 ### n1334 p16 m-2.19 pm-3.82 || n1334 p16 m-2.68 pm-2.03 ### n734 p17 m-2.24 pm-0.78 || n734 p17 m-3.28 pm-2.22
  pc1h T2: n799 p15 m-3.13 pm-3.25 || n799 p15 m-5.60 pm-4.13 ### n738 p16 m-3.00 pm-2.96 || n738 p16 m-4.98 pm-4.50 ### n1196 p18 m-3.79 pm-6.93 || n1196 p18 m-6.78 pm-9.16
## LO pc1h cuts -1.03 0.54 r300 cuts -0.29 0.15
  pc1h T0: n320 p6 m0.93 pm2.33 || n320 p6 m1.61 pm2.63 ### n272 p6 m-0.87 pm-0.51 || n272 p6 m-0.60 pm0.32 ### n252 p6 m-0.25 pm-0.45 || n252 p6 m0.32 pm-0.12
  pc1h T1: n271 p6 m-0.63 pm-0.84 || n271 p6 m0.41 pm0.04 ### n332 p5 m-1.60 pm-1.59 || n332 p5 m0.34 pm-0.16 ### n240 p6 m-1.22 pm-1.42 || n240 p6 m-1.14 pm-2.22
  pc1h T2: n253 p8 m-0.24 pm-2.80 || n253 p8 m3.16 pm-0.92 ### n239 p7 m-0.39 pm-4.26 || n239 p7 m1.76 pm-3.64 ### n353 p7 m-1.79 pm-3.29 || n353 p7 m0.16 pm-2.75

(b) market regime (median r1800 of active pairs, prior minute) terciles x own r300 tercile -> fwd 60m
## HI30 regime cuts -0.38 0.45
  regime T0: n421 p19 m15.80 pm-0.34 || n421 p19 m17.12 pm-8.90 ### n388 p11 m-4.64 pm-9.87 || n388 p11 m-2.62 pm-14.82 ### n467 p18 m-6.13 pm6.55 || n467 p18 m-6.15 pm0.79
  regime T1: n410 p20 m-8.00 pm-13.00 || n410 p20 m-9.20 pm-10.27 ### n439 p13 m-5.30 pm-5.34 || n439 p13 m-4.97 pm-9.55 ### n399 p20 m-2.65 pm-13.79 || n399 p20 m-13.41 pm-30.74
  regime T2: n444 p19 m-2.18 pm4.77 || n444 p19 m-8.21 pm-3.79 ### n455 p13 m-4.07 pm-2.23 || n455 p13 m-1.44 pm-14.04 ### n413 p17 m-6.05 pm-14.44 || n413 p17 m-10.76 pm-26.84
## HI50 regime cuts -0.38 0.45
  regime T0: n800 p12 m-3.43 pm-18.25 || n800 p12 m-5.00 pm-25.03 ### n641 p11 m-2.28 pm-5.09 || n641 p11 m-3.29 pm-17.06 ### n742 p14 m-7.04 pm-24.63 || n742 p14 m-7.21 pm-30.77
  regime T1: n657 p13 m-4.07 pm-15.14 || n657 p13 m-4.08 pm-1.47 ### n760 p13 m-3.25 pm-17.40 || n760 p13 m-2.16 pm-2.45 ### n700 p14 m-6.73 pm-19.64 || n700 p14 m-7.35 pm-9.08
  regime T2: n728 p14 m-5.07 pm-21.81 || n728 p14 m-4.04 pm-12.38 ### n784 p13 m-2.79 pm-12.31 || n784 p13 m-3.65 pm2.49 ### n743 p14 m-7.32 pm-19.61 || n743 p14 m-11.88 pm-4.30
## MID regime cuts -0.63 0.45
  regime T0: n916 p16 m-1.87 pm-0.97 || n916 p16 m-2.60 pm-1.43 ### n879 p17 m-2.04 pm-1.42 || n879 p17 m-2.90 pm-2.47 ### n878 p17 m-2.49 pm-2.40 || n878 p17 m-2.85 pm-2.63
  regime T1: n907 p17 m-3.10 pm-1.90 || n907 p17 m-5.21 pm-2.42 ### n929 p16 m-2.18 pm-2.19 || n929 p16 m-3.41 pm-3.83 ### n840 p17 m-2.82 pm-2.58 || n840 p17 m-4.91 pm-5.04
  regime T2: n857 p17 m-3.50 pm-2.61 || n857 p17 m-4.48 pm-3.18 ### n874 p17 m-2.70 pm-2.81 || n874 p17 m-3.41 pm-3.42 ### n964 p18 m-3.43 pm-6.13 || n964 p18 m-5.89 pm-8.21
## LO regime cuts -0.63 0.32
  regime T0: n316 p6 m2.67 pm1.62 || n316 p6 m2.13 pm0.94 ### n261 p6 m-0.35 pm0.80 || n261 p6 m0.11 pm0.42 ### n257 p7 m-1.40 pm-3.41 || n257 p7 m-1.68 pm-3.79
  regime T1: n292 p7 m-1.11 pm-2.29 || n292 p7 m3.15 pm1.50 ### n263 p7 m-1.14 pm-3.18 || n263 p7 m1.74 pm-0.26 ### n277 p7 m-0.64 pm-1.87 || n277 p7 m1.42 pm-1.64
  regime T2: n226 p7 m-1.06 pm-2.54 || n226 p7 m0.12 pm-1.95 ### n310 p7 m-1.40 pm-2.97 || n310 p7 m-0.27 pm-2.39 ### n302 p7 m-1.36 pm-3.56 || n302 p7 m-0.15 pm-2.92

(c) breakout events: new 30-min high by >= X% (hi1800 >= X) after >= 20 min with hi1800 < 0; fwd 5/15/30/60
  X=0.5 any                HI30 n10 p7 m-5.00 pm-5.03 | n10 p7 m-7.96 pm-9.72 | n10 p7 m-10.63 pm-14.60 | n10 p7 m-9.31 pm-14.16
  X=0.5 any                HI50 n28 p8 m-6.87 pm-8.06 | n28 p8 m-6.62 pm-9.61 | n28 p8 m-6.61 pm-10.96 | n28 p8 m-5.43 pm-12.52
  X=0.5 any                MID  n22 p12 m-1.93 pm-1.15 | n22 p12 m-2.00 pm-2.09 | n22 p12 m-2.76 pm-1.90 | n22 p12 m-5.03 pm-5.49
  X=0.5 any                LO   n2 p1 m-16.01 pm-16.01 | n2 p1 m-16.23 pm-16.23 | n2 p1 m-16.78 pm-16.78 | n2 p1 m-15.68 pm-15.68
  X=0.5 b5>=20&bsh5>=.55   HI30 n5 p4 m-6.25 pm-5.86 | n5 p4 m-13.54 pm-14.93 | n5 p4 m-22.20 pm-25.62 | n5 p4 m-26.29 pm-29.17
  X=0.5 b5>=20&bsh5>=.55   HI50 n11 p6 m-11.68 pm-9.59 | n11 p6 m-11.73 pm-10.21 | n11 p6 m-14.95 pm-13.83 | n11 p6 m-13.12 pm-14.19
  X=0.5 b5>=20&bsh5>=.55   MID  n8 p4 m-0.91 pm2.16 | n8 p4 m2.02 pm1.90 | n8 p4 m0.18 pm2.23 | n8 p4 m2.68 pm1.30
  X=0.5 b5>=20&bsh5>=.55   LO   n2 p1 m-16.01 pm-16.01 | n2 p1 m-16.23 pm-16.23 | n2 p1 m-16.78 pm-16.78 | n2 p1 m-15.68 pm-15.68
  X=0.5 vacc>=1.5          HI30 n2 p2 m-4.38 pm-4.38 | n2 p2 m-3.48 pm-3.48 | n2 p2 m13.21 pm13.21 | n2 p2 m33.41 pm33.41
  X=0.5 vacc>=1.5          HI50 n9 p5 m-5.51 pm-5.41 | n9 p5 m-6.68 pm-6.84 | n9 p5 m-7.30 pm-9.68 | n9 p5 m-11.12 pm-12.79
  X=0.5 vacc>=1.5          MID  n10 p8 m-1.98 pm-1.84 | n10 p8 m-0.55 pm-1.55 | n10 p8 m-1.34 pm-1.94 | n10 p8 m-3.87 pm-5.42
  X=0.5 vacc>=1.5          LO   n1 p1 m-1.32 pm-1.32 | n1 p1 m-1.29 pm-1.29 | n1 p1 m-2.06 pm-2.06 | n1 p1 m-0.47 pm-0.47
  X=0.5 r1800>=10          HI30 n6 p5 m-4.56 pm-5.18 | n6 p5 m-10.22 pm-11.73 | n6 p5 m-19.52 pm-22.00 | n6 p5 m-26.73 pm-29.66
  X=0.5 r1800>=10          HI50 n16 p7 m-9.40 pm-13.06 | n16 p7 m-8.50 pm-13.62 | n16 p7 m-7.96 pm-15.46 | n16 p7 m-6.18 pm-15.61
  X=0.5 r1800>=10          MID  n5 p2 m-4.48 pm-5.54 | n5 p2 m0.55 pm-4.54 | n5 p2 m-2.56 pm-7.38 | n5 p2 m-2.06 pm-8.82
  X=0.5 r1800>=10          LO   n1 p1 m-30.69 pm-30.69 | n1 p1 m-31.17 pm-31.17 | n1 p1 m-31.51 pm-31.51 | n1 p1 m-30.88 pm-30.88
  X=3.0 any                HI30 n2 p2 m-4.30 pm-4.30 | n2 p2 m-5.29 pm-5.29 | n2 p2 m2.88 pm2.88 | n2 p2 m10.03 pm10.03
  X=3.0 any                HI50 n15 p6 m-8.07 pm-12.74 | n15 p6 m-10.25 pm-16.09 | n15 p6 m-10.54 pm-18.00 | n15 p6 m-6.60 pm-17.54
  X=3.0 any                MID  n6 p3 m-6.02 pm-7.25 | n6 p3 m-1.43 pm-6.36 | n6 p3 m-5.42 pm-9.02 | n6 p3 m-3.76 pm-13.13
  X=3.0 any                LO   n1 p1 m-30.69 pm-30.69 | n1 p1 m-31.17 pm-31.17 | n1 p1 m-31.51 pm-31.51 | n1 p1 m-30.88 pm-30.88
  X=3.0 b5>=20&bsh5>=.55   HI30 n1 p1 m-6.09 pm-6.09 | n1 p1 m-5.62 pm-5.62 | n1 p1 m-0.63 pm-0.63 | n1 p1 m15.45 pm15.45
  X=3.0 b5>=20&bsh5>=.55   HI50 n5 p4 m-17.30 pm-16.29 | n5 p4 m-17.66 pm-16.78 | n5 p4 m-19.84 pm-20.25 | n5 p4 m-22.18 pm-22.92
  X=3.0 b5>=20&bsh5>=.55   MID  n4 p1 m-4.78 pm-4.78 | n4 p1 m3.51 pm3.51 | n4 p1 m-1.82 pm-1.82 | n4 p1 m5.61 pm5.61
  X=3.0 b5>=20&bsh5>=.55   LO   n1 p1 m-30.69 pm-30.69 | n1 p1 m-31.17 pm-31.17 | n1 p1 m-31.51 pm-31.51 | n1 p1 m-30.88 pm-30.88
  X=3.0 vacc>=1.5          HI50 n8 p5 m-5.81 pm-5.30 | n8 p5 m-7.50 pm-6.86 | n8 p5 m-11.69 pm-11.90 | n8 p5 m-12.95 pm-13.87
  X=3.0 vacc>=1.5          MID  n4 p3 m-6.27 pm-7.01 | n4 p3 m-0.49 pm-4.09 | n4 p3 m-3.19 pm-6.33 | n4 p3 m-6.60 pm-11.90
  X=3.0 r1800>=10          HI30 n1 p1 m-2.51 pm-2.51 | n1 p1 m-4.95 pm-4.95 | n1 p1 m6.39 pm6.39 | n1 p1 m4.61 pm4.61
  X=3.0 r1800>=10          HI50 n12 p6 m-10.31 pm-13.07 | n12 p6 m-12.32 pm-15.75 | n12 p6 m-12.44 pm-17.53 | n12 p6 m-7.80 pm-16.11
  X=3.0 r1800>=10          MID  n4 p2 m-5.39 pm-6.03 | n4 p2 m1.51 pm-3.33 | n4 p2 m-2.68 pm-6.92 | n4 p2 m-2.03 pm-8.05
  X=3.0 r1800>=10          LO   n1 p1 m-30.69 pm-30.69 | n1 p1 m-31.17 pm-31.17 | n1 p1 m-31.51 pm-31.51 | n1 p1 m-30.88 pm-30.88
  X=8.0 any                HI50 n8 p6 m-13.73 pm-15.95 | n8 p6 m-15.21 pm-17.09 | n8 p6 m-18.30 pm-20.05 | n8 p6 m-19.04 pm-21.52
  X=8.0 any                MID  n4 p2 m-5.39 pm-6.03 | n4 p2 m1.51 pm-3.33 | n4 p2 m-2.68 pm-6.92 | n4 p2 m-2.03 pm-8.05
  X=8.0 any                LO   n1 p1 m-30.69 pm-30.69 | n1 p1 m-31.17 pm-31.17 | n1 p1 m-31.51 pm-31.51 | n1 p1 m-30.88 pm-30.88
  X=8.0 b5>=20&bsh5>=.55   HI50 n4 p4 m-20.39 pm-20.39 | n4 p4 m-20.84 pm-20.84 | n4 p4 m-23.56 pm-23.56 | n4 p4 m-26.49 pm-26.49
  X=8.0 b5>=20&bsh5>=.55   MID  n3 p1 m-4.76 pm-4.76 | n3 p1 m6.36 pm6.36 | n3 p1 m1.57 pm1.57 | n3 p1 m3.99 pm3.99
  X=8.0 b5>=20&bsh5>=.55   LO   n1 p1 m-30.69 pm-30.69 | n1 p1 m-31.17 pm-31.17 | n1 p1 m-31.51 pm-31.51 | n1 p1 m-30.88 pm-30.88
  X=8.0 vacc>=1.5          HI50 n6 p4 m-5.81 pm-5.17 | n6 p4 m-7.83 pm-6.95 | n6 p4 m-12.93 pm-12.88 | n6 p4 m-13.58 pm-14.57
  X=8.0 vacc>=1.5          MID  n3 p2 m-5.13 pm-5.68 | n3 p2 m2.54 pm-1.35 | n3 p2 m-0.97 pm-4.58 | n3 p2 m-0.50 pm-5.40
  X=8.0 r1800>=10          HI50 n8 p6 m-13.73 pm-15.95 | n8 p6 m-15.21 pm-17.09 | n8 p6 m-18.30 pm-20.05 | n8 p6 m-19.04 pm-21.52
  X=8.0 r1800>=10          MID  n4 p2 m-5.39 pm-6.03 | n4 p2 m1.51 pm-3.33 | n4 p2 m-2.68 pm-6.92 | n4 p2 m-2.03 pm-8.05
  X=8.0 r1800>=10          LO   n1 p1 m-30.69 pm-30.69 | n1 p1 m-31.17 pm-31.17 | n1 p1 m-31.51 pm-31.51 | n1 p1 m-30.88 pm-30.88
