MID spike3 E1_s5_tp10_h60 n 54 pairs 13 mean50 -5.426 med -6.516 pm -5.187 top 0.37 model -4.476
MID spike3 E2_s5_trail10/5_h120 n 53 pairs 13 mean50 -5.613 med -6.549 pm -5.12 top 0.358 model -4.665
MID spike3 E3_s8_tp40_trail15/8_h120 n 42 pairs 13 mean50 -4.751 med -9.111 pm -4.932 top 0.333 model -3.795
MID spike3 E4_s3_tp20_trail5/3_h30 n 61 pairs 13 mean50 -4.557 med -4.621 pm -3.602 top 0.328 model -3.599
MID spike3 E5_s10_trail20/10_h120 n 42 pairs 13 mean50 -6.267 med -11.073 pm -5.746 top 0.333 model -5.326
MID spike3 E6_s5_tp20_h15 n 58 pairs 13 mean50 -4.768 med -6.116 pm -5.608 top 0.345 model -3.812
MID spike8 E1_s5_tp10_h60 n 23 pairs 5 mean50 -8.445 med -7.007 pm -10.837 top 0.696 model -7.526
MID spike8 E2_s5_trail10/5_h120 n 23 pairs 5 mean50 -8.877 med -7.007 pm -11.682 top 0.696 model -7.962
MID spike8 E3_s8_tp40_trail15/8_h120 n 19 pairs 5 mean50 -8.091 med -10.36 pm -14.041 top 0.632 model -7.169
MID spike8 E4_s3_tp20_trail5/3_h30 n 23 pairs 5 mean50 -5.613 med -5.188 pm -3.462 top 0.696 model -4.665
MID spike8 E5_s10_trail20/10_h120 n 19 pairs 5 mean50 -9.784 med -13.02 pm -15.921 top 0.632 model -8.878
MID spike8 E6_s5_tp20_h15 n 23 pairs 5 mean50 -8.707 med -6.877 pm -13.316 top 0.696 model -7.791
MID trend10 E1_s5_tp10_h60 n 52 pairs 11 mean50 -5.035 med -6.543 pm -7.124 top 0.327 model -4.081
MID trend10 E2_s5_trail10/5_h120 n 50 pairs 11 mean50 -5.567 med -6.543 pm -7.732 top 0.34 model -4.619
MID trend10 E3_s8_tp40_trail15/8_h120 n 40 pairs 11 mean50 -8.041 med -9.894 pm -10.405 top 0.375 model -7.118
MID trend10 E4_s3_tp20_trail5/3_h30 n 64 pairs 11 mean50 -4.595 med -4.683 pm -4.286 top 0.328 model -3.637
MID trend10 E5_s10_trail20/10_h120 n 35 pairs 11 mean50 -8.88 med -11.803 pm -11.548 top 0.343 model -7.965
MID trend10 E6_s5_tp20_h15 n 53 pairs 11 mean50 -5.811 med -6.478 pm -7.764 top 0.34 model -4.866
MID trend25 E1_s5_tp10_h60 n 18 pairs 6 mean50 -7.977 med -6.91 pm -11.435 top 0.556 model -7.054
MID trend25 E2_s5_trail10/5_h120 n 18 pairs 6 mean50 -8.891 med -6.91 pm -12.026 top 0.556 model -7.977
MID trend25 E3_s8_tp40_trail15/8_h120 n 16 pairs 6 mean50 -10.984 med -10.36 pm -11.757 top 0.625 model -10.09
MID trend25 E4_s3_tp20_trail5/3_h30 n 21 pairs 6 mean50 -6.422 med -6.062 pm -4.765 top 0.619 model -5.482
MID trend25 E5_s10_trail20/10_h120 n 14 pairs 6 mean50 -11.626 med -11.966 pm -12.641 top 0.571 model -10.739
MID trend25 E6_s5_tp20_h15 n 18 pairs 6 mean50 -9.632 med -7.749 pm -12.068 top 0.611 model -8.724
MID dip_in_up20 E1_s5_tp10_h60 n 14 pairs 5 mean50 -3.909 med -6.6 pm -4.486 top 0.571 model -2.944
MID dip_in_up20 E2_s5_trail10/5_h120 n 13 pairs 5 mean50 -4.192 med -7.629 pm -5.832 top 0.538 model -3.231
MID dip_in_up20 E3_s8_tp40_trail15/8_h120 n 13 pairs 5 mean50 -3.662 med -9.506 pm -6.03 top 0.538 model -2.695
MID dip_in_up20 E4_s3_tp20_trail5/3_h30 n 21 pairs 5 mean50 -2.584 med -4.276 pm -3.746 top 0.476 model -1.606
MID dip_in_up20 E5_s10_trail20/10_h120 n 12 pairs 5 mean50 -2.632 med -2.988 pm -6.325 top 0.583 model -1.655
MID dip_in_up20 E6_s5_tp20_h15 n 15 pairs 5 mean50 -3.798 med -6.6 pm -5.006 top 0.533 model -2.833
MID dip_in_up50 E1_s5_tp10_h60 n 4 pairs 2 mean50 -3.19 med 2.4 pm -1.327 top 0.75 model -2.218
MID dip_in_up50 E2_s5_trail10/5_h120 n 4 pairs 2 mean50 -8.434 med -6.629 pm -6.619 top 0.75 model -7.515
MID dip_in_up50 E3_s8_tp40_trail15/8_h120 n 4 pairs 2 mean50 -11.166 med -10.514 pm -8.44 top 0.75 model -10.274
MID dip_in_up50 E4_s3_tp20_trail5/3_h30 n 5 pairs 2 mean50 -3.828 med -4.718 pm -4.162 top 0.8 model -2.863
MID dip_in_up50 E5_s10_trail20/10_h120 n 4 pairs 2 mean50 -11.166 med -10.514 pm -8.44 top 0.75 model -10.274
MID dip_in_up50 E6_s5_tp20_h15 n 4 pairs 2 mean50 -4.744 med -0.367 pm -3.285 top 0.75 model -3.788
MID breakout E1_s5_tp10_h60 n 42 pairs 11 mean50 -5.267 med -6.283 pm -8.021 top 0.333 model -4.316
MID breakout E2_s5_trail10/5_h120 n 42 pairs 11 mean50 -6.636 med -6.36 pm -9.355 top 0.333 model -5.699
MID breakout E3_s8_tp40_trail15/8_h120 n 33 pairs 11 mean50 -7.543 med -9.619 pm -9.961 top 0.364 model -6.615
MID breakout E4_s3_tp20_trail5/3_h30 n 45 pairs 11 mean50 -3.998 med -4.618 pm -3.793 top 0.356 model -3.035
MID breakout E5_s10_trail20/10_h120 n 28 pairs 11 mean50 -6.22 med -11.044 pm -9.152 top 0.286 model -5.279
MID breakout E6_s5_tp20_h15 n 40 pairs 11 mean50 -5.618 med -6.2 pm -7.323 top 0.3 model -4.67
MID accel E1_s5_tp10_h60 n 41 pairs 13 mean50 -6.697 med -6.132 pm -6.215 top 0.268 model -5.76
MID accel E2_s5_trail10/5_h120 n 39 pairs 13 mean50 -6.761 med -6.237 pm -5.772 top 0.282 model -5.825
MID accel E3_s8_tp40_trail15/8_h120 n 35 pairs 13 mean50 -6.752 med -9.239 pm -5.812 top 0.314 model -5.816
MID accel E4_s3_tp20_trail5/3_h30 n 44 pairs 13 mean50 -4.346 med -4.06 pm -3.018 top 0.25 model -3.385
MID accel E5_s10_trail20/10_h120 n 33 pairs 13 mean50 -7.521 med -11.107 pm -4.942 top 0.333 model -6.592
MID accel E6_s5_tp20_h15 n 43 pairs 13 mean50 -7.257 med -6.063 pm -6.748 top 0.256 model -6.326
LO spike3 E1_s5_tp10_h60 n 8 pairs 3 mean50 -7.602 med -6.237 pm -13.705 top 0.625 model -6.674
LO spike3 E2_s5_trail10/5_h120 n 8 pairs 3 mean50 -8.042 med -6.237 pm -13.94 top 0.625 model -7.118
LO spike3 E3_s8_tp40_trail15/8_h120 n 6 pairs 3 mean50 -11.538 med -9.121 pm -15.61 top 0.5 model -10.65
LO spike3 E4_s3_tp20_trail5/3_h30 n 9 pairs 3 mean50 -7.471 med -4.646 pm -13.644 top 0.667 model -6.542
LO spike3 E5_s10_trail20/10_h120 n 6 pairs 3 mean50 -12.415 med -11.48 pm -16.355 top 0.5 model -11.535
LO spike3 E6_s5_tp20_h15 n 9 pairs 3 mean50 -7.667 med -6.237 pm -13.895 top 0.667 model -6.74
LO spike8 E1_s5_tp10_h60 n 5 pairs 3 mean50 -11.552 med -6.769 pm -14.755 top 0.6 model -10.663
LO spike8 E2_s5_trail10/5_h120 n 5 pairs 3 mean50 -11.552 med -6.769 pm -14.755 top 0.6 model -10.663
LO spike8 E3_s8_tp40_trail15/8_h120 n 5 pairs 3 mean50 -13.667 med -9.633 pm -16.231 top 0.6 model -12.8
LO spike8 E4_s3_tp20_trail5/3_h30 n 5 pairs 3 mean50 -10.209 med -4.99 pm -13.687 top 0.6 model -9.307
LO spike8 E5_s10_trail20/10_h120 n 5 pairs 3 mean50 -14.834 med -12.075 pm -16.879 top 0.6 model -13.979
LO spike8 E6_s5_tp20_h15 n 5 pairs 3 mean50 -9.879 med -6.093 pm -13.669 top 0.6 model -8.973
LO trend10 E1_s5_tp10_h60 n 15 pairs 3 mean50 -15.884 med -9.555 pm -14.555 top 0.4 model -15.039
LO trend10 E2_s5_trail10/5_h120 n 14 pairs 3 mean50 -11.606 med -7.378 pm -11.268 top 0.357 model -10.718
LO trend10 E3_s8_tp40_trail15/8_h120 n 13 pairs 3 mean50 -13.154 med -10.466 pm -12.679 top 0.385 model -12.281
LO trend10 E4_s3_tp20_trail5/3_h30 n 18 pairs 3 mean50 -13.529 med -5.334 pm -13.767 top 0.389 model -12.661
LO trend10 E5_s10_trail20/10_h120 n 11 pairs 3 mean50 -12.019 med -14.695 pm -10.24 top 0.455 model -11.135
LO trend10 E6_s5_tp20_h15 n 16 pairs 3 mean50 -14.136 med -6.471 pm -12.354 top 0.438 model -13.273
LO trend25 E1_s5_tp10_h60 n 6 pairs 1 mean50 -26.469 med -31.313 pm -26.469 top 1.0 model -25.73
LO trend25 E2_s5_trail10/5_h120 n 5 pairs 1 mean50 -16.607 med -31.313 pm -16.607 top 1.0 model -15.769
LO trend25 E3_s8_tp40_trail15/8_h120 n 5 pairs 1 mean50 -16.607 med -31.313 pm -16.607 top 1.0 model -15.769
LO trend25 E4_s3_tp20_trail5/3_h30 n 6 pairs 1 mean50 -26.848 med -31.313 pm -26.848 top 1.0 model -26.112
LO trend25 E5_s10_trail20/10_h120 n 5 pairs 1 mean50 -16.607 med -31.313 pm -16.607 top 1.0 model -15.769
LO trend25 E6_s5_tp20_h15 n 7 pairs 1 mean50 -23.076 med -31.313 pm -23.076 top 1.0 model -22.303
LO dip_in_up20 E1_s5_tp10_h60 n 2 pairs 1 mean50 -9.702 med -6.368 pm -9.702 top 1.0 model -8.795
LO dip_in_up20 E2_s5_trail10/5_h120 n 2 pairs 1 mean50 -9.702 med -6.368 pm -9.702 top 1.0 model -8.795
LO dip_in_up20 E3_s8_tp40_trail15/8_h120 n 1 pairs 1 mean50 -10.885 med -10.885 pm -10.885 top 1.0 model -9.99
LO dip_in_up20 E4_s3_tp20_trail5/3_h30 n 2 pairs 1 mean50 -5.086 med -4.827 pm -5.086 top 1.0 model -4.133
LO dip_in_up20 E5_s10_trail20/10_h120 n 1 pairs 1 mean50 -18.572 med -18.572 pm -18.572 top 1.0 model -17.754
LO dip_in_up20 E6_s5_tp20_h15 n 2 pairs 1 mean50 -9.702 med -6.368 pm -9.702 top 1.0 model -8.795
LO dip_in_up50 E1_s5_tp10_h60 n 2 pairs 1 mean50 -9.702 med -6.368 pm -9.702 top 1.0 model -8.795
LO dip_in_up50 E2_s5_trail10/5_h120 n 2 pairs 1 mean50 -9.702 med -6.368 pm -9.702 top 1.0 model -8.795
LO dip_in_up50 E3_s8_tp40_trail15/8_h120 n 1 pairs 1 mean50 -10.885 med -10.885 pm -10.885 top 1.0 model -9.99
LO dip_in_up50 E4_s3_tp20_trail5/3_h30 n 2 pairs 1 mean50 -5.086 med -4.827 pm -5.086 top 1.0 model -4.133
LO dip_in_up50 E5_s10_trail20/10_h120 n 1 pairs 1 mean50 -18.572 med -18.572 pm -18.572 top 1.0 model -17.754
LO dip_in_up50 E6_s5_tp20_h15 n 2 pairs 1 mean50 -9.702 med -6.368 pm -9.702 top 1.0 model -8.795
LO breakout E1_s5_tp10_h60 n 5 pairs 2 mean50 2.329 med -6.18 pm 15.475 top 0.8 model 3.357
LO breakout E2_s5_trail10/5_h120 n 5 pairs 2 mean50 -6.209 med -6.18 pm -5.869 top 0.8 model -5.267
LO breakout E3_s8_tp40_trail15/8_h120 n 3 pairs 2 mean50 -2.648 med -5.302 pm -3.311 top 0.667 model -1.669
LO breakout E4_s3_tp20_trail5/3_h30 n 6 pairs 2 mean50 -9.429 med -4.716 pm -11.484 top 0.667 model -8.519
LO breakout E5_s10_trail20/10_h120 n 3 pairs 2 mean50 -3.429 med -5.302 pm -3.897 top 0.667 model -2.459
LO breakout E6_s5_tp20_h15 n 6 pairs 2 mean50 -9.28 med -6.039 pm -11.386 top 0.667 model -8.368
LO accel E1_s5_tp10_h60 n 2 pairs 2 mean50 -4.365 med -2.721 pm -4.365 top 0.5 model -3.404
LO accel E2_s5_trail10/5_h120 n 2 pairs 2 mean50 -4.426 med -2.842 pm -4.426 top 0.5 model -3.466
LO accel E3_s8_tp40_trail15/8_h120 n 2 pairs 2 mean50 -5.101 med -2.842 pm -5.101 top 0.5 model -4.148
LO accel E4_s3_tp20_trail5/3_h30 n 2 pairs 2 mean50 -3.434 med -2.308 pm -3.434 top 0.5 model -2.464
LO accel E5_s10_trail20/10_h120 n 2 pairs 2 mean50 -5.101 med -2.842 pm -5.101 top 0.5 model -4.148
LO accel E6_s5_tp20_h15 n 2 pairs 2 mean50 -3.965 med -2.624 pm -3.965 top 0.5 model -3.0
configs evaluated 96 secs 5.3
