HI30 spike3 E1_s5_tp10_h60 n 138 pairs 27 mean50 -4.98 med -6.818 pm -5.514 top 0.188 model -4.029
HI30 spike3 E2_s5_trail10/5_h120 n 135 pairs 27 mean50 -5.242 med -6.838 pm -5.676 top 0.178 model -4.294
HI30 spike3 E3_s8_tp40_trail15/8_h120 n 107 pairs 27 mean50 -6.357 med -9.924 pm -8.384 top 0.159 model -5.42
HI30 spike3 E4_s3_tp20_trail5/3_h30 n 152 pairs 27 mean50 -5.21 med -5.033 pm -5.494 top 0.204 model -4.26
HI30 spike3 E5_s10_trail20/10_h120 n 97 pairs 27 mean50 -5.97 med -11.957 pm -8.689 top 0.144 model -5.028
HI30 spike3 E6_s5_tp20_h15 n 136 pairs 27 mean50 -5.196 med -6.731 pm -5.862 top 0.191 model -4.247
HI30 spike8 E1_s5_tp10_h60 n 93 pairs 23 mean50 -5.16 med -6.838 pm -5.534 top 0.161 model -4.211
HI30 spike8 E2_s5_trail10/5_h120 n 92 pairs 23 mean50 -5.461 med -6.926 pm -5.752 top 0.152 model -4.515
HI30 spike8 E3_s8_tp40_trail15/8_h120 n 82 pairs 23 mean50 -8.052 med -10.298 pm -10.465 top 0.159 model -7.131
HI30 spike8 E4_s3_tp20_trail5/3_h30 n 100 pairs 23 mean50 -5.529 med -4.997 pm -5.574 top 0.17 model -4.583
HI30 spike8 E5_s10_trail20/10_h120 n 77 pairs 23 mean50 -10.196 med -12.572 pm -12.425 top 0.156 model -9.296
HI30 spike8 E6_s5_tp20_h15 n 88 pairs 23 mean50 -5.039 med -7.003 pm -5.793 top 0.148 model -4.089
HI30 trend10 E1_s5_tp10_h60 n 120 pairs 14 mean50 -4.944 med -6.614 pm -5.715 top 0.183 model -3.991
HI30 trend10 E2_s5_trail10/5_h120 n 113 pairs 14 mean50 -4.871 med -6.614 pm -5.545 top 0.186 model -3.918
HI30 trend10 E3_s8_tp40_trail15/8_h120 n 90 pairs 14 mean50 -5.36 med -9.907 pm -5.561 top 0.178 model -4.413
HI30 trend10 E4_s3_tp20_trail5/3_h30 n 155 pairs 14 mean50 -4.918 med -4.874 pm -4.946 top 0.187 model -3.965
HI30 trend10 E5_s10_trail20/10_h120 n 79 pairs 14 mean50 -4.567 med -11.639 pm -3.718 top 0.19 model -3.611
HI30 trend10 E6_s5_tp20_h15 n 117 pairs 14 mean50 -4.495 med -6.591 pm -5.336 top 0.197 model -3.539
HI30 trend25 E1_s5_tp10_h60 n 68 pairs 12 mean50 -6.154 med -7.025 pm -6.285 top 0.147 model -5.214
HI30 trend25 E2_s5_trail10/5_h120 n 65 pairs 12 mean50 -6.276 med -7.459 pm -6.136 top 0.154 model -5.337
HI30 trend25 E3_s8_tp40_trail15/8_h120 n 56 pairs 12 mean50 -5.558 med -10.188 pm -4.184 top 0.143 model -4.612
HI30 trend25 E4_s3_tp20_trail5/3_h30 n 77 pairs 12 mean50 -4.99 med -4.909 pm -5.058 top 0.169 model -4.038
HI30 trend25 E5_s10_trail20/10_h120 n 49 pairs 12 mean50 -4.68 med -11.351 pm -3.354 top 0.143 model -3.725
HI30 trend25 E6_s5_tp20_h15 n 65 pairs 12 mean50 -5.711 med -6.948 pm -5.867 top 0.154 model -4.767
HI30 dip_in_up20 E1_s5_tp10_h60 n 122 pairs 23 mean50 -4.493 med -6.788 pm -5.131 top 0.115 model -3.537
HI30 dip_in_up20 E2_s5_trail10/5_h120 n 116 pairs 23 mean50 -4.449 med -6.789 pm -4.507 top 0.121 model -3.493
HI30 dip_in_up20 E3_s8_tp40_trail15/8_h120 n 97 pairs 23 mean50 -1.594 med -9.657 pm -3.58 top 0.103 model -0.609
HI30 dip_in_up20 E4_s3_tp20_trail5/3_h30 n 142 pairs 23 mean50 -5.066 med -5.132 pm -5.359 top 0.127 model -4.115
HI30 dip_in_up20 E5_s10_trail20/10_h120 n 85 pairs 23 mean50 -0.458 med -12.034 pm -1.296 top 0.094 model 0.538
HI30 dip_in_up20 E6_s5_tp20_h15 n 121 pairs 23 mean50 -4.493 med -6.902 pm -5.244 top 0.116 model -3.537
HI30 dip_in_up50 E1_s5_tp10_h60 n 61 pairs 20 mean50 -5.298 med -6.762 pm -6.155 top 0.098 model -4.35
HI30 dip_in_up50 E2_s5_trail10/5_h120 n 59 pairs 20 mean50 -5.168 med -6.762 pm -5.958 top 0.085 model -4.219
HI30 dip_in_up50 E3_s8_tp40_trail15/8_h120 n 55 pairs 20 mean50 -8.391 med -11.068 pm -8.379 top 0.091 model -7.474
HI30 dip_in_up50 E4_s3_tp20_trail5/3_h30 n 66 pairs 20 mean50 -6.269 med -5.523 pm -5.991 top 0.091 model -5.33
HI30 dip_in_up50 E5_s10_trail20/10_h120 n 51 pairs 20 mean50 -5.117 med -12.545 pm -4.571 top 0.098 model -4.168
HI30 dip_in_up50 E6_s5_tp20_h15 n 61 pairs 20 mean50 -5.278 med -7.143 pm -6.236 top 0.098 model -4.33
HI30 breakout E1_s5_tp10_h60 n 108 pairs 22 mean50 -5.141 med -6.515 pm -5.26 top 0.185 model -4.19
HI30 breakout E2_s5_trail10/5_h120 n 103 pairs 22 mean50 -4.71 med -6.43 pm -5.494 top 0.194 model -3.756
HI30 breakout E3_s8_tp40_trail15/8_h120 n 83 pairs 22 mean50 -6.951 med -9.948 pm -10.16 top 0.169 model -6.02
HI30 breakout E4_s3_tp20_trail5/3_h30 n 118 pairs 22 mean50 -4.91 med -4.874 pm -5.066 top 0.203 model -3.958
HI30 breakout E5_s10_trail20/10_h120 n 79 pairs 22 mean50 -5.717 med -11.57 pm -7.701 top 0.165 model -4.772
HI30 breakout E6_s5_tp20_h15 n 107 pairs 22 mean50 -5.398 med -6.515 pm -5.721 top 0.178 model -4.451
HI30 accel E1_s5_tp10_h60 n 73 pairs 33 mean50 -6.701 med -7.267 pm -8.605 top 0.11 model -5.766
HI30 accel E2_s5_trail10/5_h120 n 72 pairs 33 mean50 -8.173 med -7.7 pm -9.587 top 0.111 model -7.253
HI30 accel E3_s8_tp40_trail15/8_h120 n 67 pairs 33 mean50 -8.719 med -11.135 pm -9.249 top 0.119 model -7.805
HI30 accel E4_s3_tp20_trail5/3_h30 n 77 pairs 33 mean50 -4.982 med -4.936 pm -5.263 top 0.117 model -4.031
HI30 accel E5_s10_trail20/10_h120 n 66 pairs 33 mean50 -9.162 med -11.799 pm -10.255 top 0.121 model -8.252
HI30 accel E6_s5_tp20_h15 n 72 pairs 33 mean50 -7.826 med -7.772 pm -9.176 top 0.111 model -6.903
HI50 spike3 E1_s5_tp10_h60 n 87 pairs 17 mean50 -4.015 med -6.843 pm -4.503 top 0.218 model -3.053
HI50 spike3 E2_s5_trail10/5_h120 n 85 pairs 17 mean50 -4.393 med -6.9 pm -5.125 top 0.212 model -3.435
HI50 spike3 E3_s8_tp40_trail15/8_h120 n 68 pairs 17 mean50 -6.795 med -9.576 pm -9.34 top 0.221 model -5.861
HI50 spike3 E4_s3_tp20_trail5/3_h30 n 97 pairs 17 mean50 -4.707 med -4.775 pm -5.474 top 0.227 model -3.752
HI50 spike3 E5_s10_trail20/10_h120 n 63 pairs 17 mean50 -7.701 med -11.882 pm -11.123 top 0.206 model -6.776
HI50 spike3 E6_s5_tp20_h15 n 85 pairs 17 mean50 -4.038 med -6.769 pm -5.312 top 0.224 model -3.076
HI50 spike8 E1_s5_tp10_h60 n 58 pairs 13 mean50 -3.766 med -6.787 pm -3.701 top 0.259 model -2.802
HI50 spike8 E2_s5_trail10/5_h120 n 57 pairs 13 mean50 -4.257 med -6.9 pm -4.648 top 0.246 model -3.298
HI50 spike8 E3_s8_tp40_trail15/8_h120 n 50 pairs 13 mean50 -7.68 med -10.134 pm -9.978 top 0.26 model -6.755
HI50 spike8 E4_s3_tp20_trail5/3_h30 n 62 pairs 13 mean50 -4.871 med -4.731 pm -5.517 top 0.274 model -3.918
HI50 spike8 E5_s10_trail20/10_h120 n 48 pairs 13 mean50 -9.503 med -11.882 pm -12.537 top 0.25 model -8.596
HI50 spike8 E6_s5_tp20_h15 n 54 pairs 13 mean50 -3.044 med -6.508 pm -3.774 top 0.241 model -2.073
HI50 trend10 E1_s5_tp10_h60 n 92 pairs 11 mean50 -4.636 med -6.591 pm -4.015 top 0.228 model -3.68
HI50 trend10 E2_s5_trail10/5_h120 n 89 pairs 11 mean50 -4.545 med -6.591 pm -3.797 top 0.225 model -3.588
HI50 trend10 E3_s8_tp40_trail15/8_h120 n 66 pairs 11 mean50 -4.876 med -9.761 pm -5.077 top 0.227 model -3.922
HI50 trend10 E4_s3_tp20_trail5/3_h30 n 119 pairs 11 mean50 -4.745 med -4.72 pm -5.432 top 0.235 model -3.791
HI50 trend10 E5_s10_trail20/10_h120 n 62 pairs 11 mean50 -6.194 med -11.521 pm -6.25 top 0.226 model -5.254
HI50 trend10 E6_s5_tp20_h15 n 89 pairs 11 mean50 -3.958 med -6.373 pm -3.73 top 0.247 model -2.996
HI50 trend25 E1_s5_tp10_h60 n 52 pairs 9 mean50 -5.905 med -6.948 pm -5.09 top 0.192 model -4.962
HI50 trend25 E2_s5_trail10/5_h120 n 51 pairs 9 mean50 -6.067 med -6.948 pm -5.284 top 0.196 model -5.126
HI50 trend25 E3_s8_tp40_trail15/8_h120 n 40 pairs 9 mean50 -5.384 med -10.188 pm -4.856 top 0.2 model -4.436
HI50 trend25 E4_s3_tp20_trail5/3_h30 n 58 pairs 9 mean50 -4.775 med -4.722 pm -5.647 top 0.224 model -3.82
HI50 trend25 E5_s10_trail20/10_h120 n 33 pairs 9 mean50 -3.801 med -11.217 pm -3.852 top 0.182 model -2.837
HI50 trend25 E6_s5_tp20_h15 n 50 pairs 9 mean50 -5.035 med -6.9 pm -4.294 top 0.2 model -4.083
HI50 dip_in_up20 E1_s5_tp10_h60 n 77 pairs 15 mean50 -4.644 med -7.066 pm -5.62 top 0.182 model -3.688
HI50 dip_in_up20 E2_s5_trail10/5_h120 n 72 pairs 15 mean50 -4.883 med -7.04 pm -5.202 top 0.194 model -3.93
HI50 dip_in_up20 E3_s8_tp40_trail15/8_h120 n 60 pairs 15 mean50 -4.324 med -9.407 pm -6.708 top 0.167 model -3.365
HI50 dip_in_up20 E4_s3_tp20_trail5/3_h30 n 90 pairs 15 mean50 -4.47 med -4.79 pm -5.073 top 0.2 model -3.513
HI50 dip_in_up20 E5_s10_trail20/10_h120 n 50 pairs 15 mean50 -6.434 med -11.447 pm -10.365 top 0.16 model -5.497
HI50 dip_in_up20 E6_s5_tp20_h15 n 76 pairs 15 mean50 -4.151 med -7.066 pm -5.416 top 0.184 model -3.191
HI50 dip_in_up50 E1_s5_tp10_h60 n 27 pairs 12 mean50 -6.72 med -8.593 pm -7.434 top 0.222 model -5.785
HI50 dip_in_up50 E2_s5_trail10/5_h120 n 26 pairs 12 mean50 -6.777 med -8.153 pm -7.414 top 0.192 model -5.843
HI50 dip_in_up50 E3_s8_tp40_trail15/8_h120 n 24 pairs 12 mean50 -7.043 med -9.824 pm -6.739 top 0.208 model -6.111
HI50 dip_in_up50 E4_s3_tp20_trail5/3_h30 n 28 pairs 12 mean50 -6.371 med -4.938 pm -6.076 top 0.214 model -5.433
HI50 dip_in_up50 E5_s10_trail20/10_h120 n 21 pairs 12 mean50 -6.902 med -11.826 pm -8.592 top 0.238 model -5.969
HI50 dip_in_up50 E6_s5_tp20_h15 n 27 pairs 12 mean50 -6.182 med -8.489 pm -7.2 top 0.222 model -5.242
HI50 breakout E1_s5_tp10_h60 n 77 pairs 14 mean50 -4.79 med -6.558 pm -3.778 top 0.221 model -3.836
HI50 breakout E2_s5_trail10/5_h120 n 75 pairs 14 mean50 -4.648 med -6.515 pm -4.228 top 0.227 model -3.692
HI50 breakout E3_s8_tp40_trail15/8_h120 n 58 pairs 14 mean50 -4.993 med -9.61 pm -7.724 top 0.19 model -4.041
HI50 breakout E4_s3_tp20_trail5/3_h30 n 85 pairs 14 mean50 -4.666 med -4.647 pm -5.297 top 0.247 model -3.711
HI50 breakout E5_s10_trail20/10_h120 n 55 pairs 14 mean50 -5.416 med -11.303 pm -8.778 top 0.2 model -4.468
HI50 breakout E6_s5_tp20_h15 n 76 pairs 14 mean50 -5.019 med -6.558 pm -4.04 top 0.211 model -4.067
HI50 accel E1_s5_tp10_h60 n 42 pairs 19 mean50 -6.549 med -6.9 pm -9.295 top 0.19 model -5.613
HI50 accel E2_s5_trail10/5_h120 n 41 pairs 19 mean50 -8.487 med -8.46 pm -9.801 top 0.195 model -7.57
HI50 accel E3_s8_tp40_trail15/8_h120 n 41 pairs 19 mean50 -9.39 med -11.135 pm -10.668 top 0.195 model -8.481
HI50 accel E4_s3_tp20_trail5/3_h30 n 46 pairs 19 mean50 -4.368 med -4.356 pm -4.085 top 0.196 model -3.409
HI50 accel E5_s10_trail20/10_h120 n 40 pairs 19 mean50 -9.334 med -11.736 pm -10.888 top 0.2 model -8.425
HI50 accel E6_s5_tp20_h15 n 41 pairs 19 mean50 -7.569 med -8.46 pm -8.691 top 0.195 model -6.642
configs evaluated 96 secs 9.2
