HI30 dipup_pc1h10_r300le-2 E3_s8_tp40_trail15/8_h120 n 119 pairs 25 mean50 -3.271 med -9.815 pm -4.977 top 0.092 model -2.302
HI30 dipup_pc1h10_r300le-2 E5_s10_trail20/10_h120 n 107 pairs 25 mean50 -2.305 med -12.034 pm -2.711 top 0.084 model -1.327
HI30 dipup_pc1h10_r300le-2 E7_s15_trail25/12_h180 n 91 pairs 25 mean50 -2.843 med -16.819 pm -3.87 top 0.099 model -1.87
HI30 dipup_pc1h10_r300le-2 E8_s20_h60 n 61 pairs 25 mean50 -6.028 med -21.055 pm -6.947 top 0.098 model -5.087
HI30 dipup_pc1h10_r300le-2 E9_s8_tp15_h60 n 122 pairs 25 mean50 -3.277 med -9.815 pm -4.629 top 0.098 model -2.308
HI30 dipup_pc1h10_r300le-4 E3_s8_tp40_trail15/8_h120 n 106 pairs 25 mean50 -1.454 med -9.824 pm -0.886 top 0.123 model -0.468
HI30 dipup_pc1h10_r300le-4 E5_s10_trail20/10_h120 n 96 pairs 25 mean50 -2.308 med -11.948 pm -3.547 top 0.094 model -1.33
HI30 dipup_pc1h10_r300le-4 E7_s15_trail25/12_h180 n 82 pairs 25 mean50 -3.13 med -16.553 pm -4.445 top 0.098 model -2.161
HI30 dipup_pc1h10_r300le-4 E8_s20_h60 n 57 pairs 25 mean50 -6.406 med -21.148 pm -7.2 top 0.105 model -5.469
HI30 dipup_pc1h10_r300le-4 E9_s8_tp15_h60 n 110 pairs 25 mean50 -2.186 med -10.051 pm -1.506 top 0.118 model -1.207
HI30 dipup_pc1h10_r300le-6 E3_s8_tp40_trail15/8_h120 n 94 pairs 25 mean50 -2.057 med -10.168 pm -1.595 top 0.106 model -1.076
HI30 dipup_pc1h10_r300le-6 E5_s10_trail20/10_h120 n 85 pairs 25 mean50 -6.616 med -12.323 pm -7.666 top 0.094 model -5.681
HI30 dipup_pc1h10_r300le-6 E7_s15_trail25/12_h180 n 73 pairs 25 mean50 -9.677 med -17.074 pm -11.242 top 0.082 model -8.773
HI30 dipup_pc1h10_r300le-6 E8_s20_h60 n 54 pairs 25 mean50 -5.342 med -20.934 pm -6.555 top 0.093 model -4.394
HI30 dipup_pc1h10_r300le-6 E9_s8_tp15_h60 n 97 pairs 25 mean50 -2.396 med -10.258 pm -2.122 top 0.103 model -1.419
HI30 dipup_pc1h20_r300le-2 E3_s8_tp40_trail15/8_h120 n 97 pairs 23 mean50 -1.594 med -9.657 pm -3.58 top 0.103 model -0.609
HI30 dipup_pc1h20_r300le-2 E5_s10_trail20/10_h120 n 85 pairs 23 mean50 -0.458 med -12.034 pm -1.296 top 0.094 model 0.538
HI30 dipup_pc1h20_r300le-2 E7_s15_trail25/12_h180 n 71 pairs 23 mean50 -1.119 med -17.053 pm -2.948 top 0.085 model -0.129
HI30 dipup_pc1h20_r300le-2 E8_s20_h60 n 51 pairs 23 mean50 -6.285 med -21.202 pm -6.889 top 0.098 model -5.346
HI30 dipup_pc1h20_r300le-2 E9_s8_tp15_h60 n 100 pairs 23 mean50 -1.911 med -9.616 pm -3.76 top 0.11 model -0.929
HI30 dipup_pc1h20_r300le-4 E3_s8_tp40_trail15/8_h120 n 85 pairs 23 mean50 0.004 med -9.729 pm 0.282 top 0.106 model 1.005
HI30 dipup_pc1h20_r300le-4 E5_s10_trail20/10_h120 n 77 pairs 23 mean50 -1.385 med -12.17 pm -3.126 top 0.078 model -0.398
HI30 dipup_pc1h20_r300le-4 E7_s15_trail25/12_h180 n 67 pairs 23 mean50 -1.553 med -17.044 pm -3.454 top 0.075 model -0.568
HI30 dipup_pc1h20_r300le-4 E8_s20_h60 n 48 pairs 23 mean50 -7.048 med -21.395 pm -7.613 top 0.083 model -6.117
HI30 dipup_pc1h20_r300le-4 E9_s8_tp15_h60 n 90 pairs 23 mean50 -0.828 med -9.657 pm -0.583 top 0.1 model 0.165
HI30 dipup_pc1h20_r300le-6 E3_s8_tp40_trail15/8_h120 n 75 pairs 23 mean50 -1.404 med -10.442 pm -0.867 top 0.08 model -0.416
HI30 dipup_pc1h20_r300le-6 E5_s10_trail20/10_h120 n 70 pairs 23 mean50 -7.347 med -12.533 pm -7.951 top 0.086 model -6.419
HI30 dipup_pc1h20_r300le-6 E7_s15_trail25/12_h180 n 61 pairs 23 mean50 -9.388 med -17.452 pm -10.579 top 0.082 model -8.481
HI30 dipup_pc1h20_r300le-6 E8_s20_h60 n 43 pairs 23 mean50 -6.191 med -21.393 pm -7.132 top 0.093 model -5.252
HI30 dipup_pc1h20_r300le-6 E9_s8_tp15_h60 n 79 pairs 23 mean50 -1.982 med -10.447 pm -1.756 top 0.089 model -1.0
HI30 dipup_pc1h35_r300le-2 E3_s8_tp40_trail15/8_h120 n 70 pairs 22 mean50 -1.885 med -10.651 pm -4.0 top 0.071 model -0.903
HI30 dipup_pc1h35_r300le-2 E5_s10_trail20/10_h120 n 67 pairs 22 mean50 -0.576 med -12.034 pm -2.539 top 0.075 model 0.419
HI30 dipup_pc1h35_r300le-2 E7_s15_trail25/12_h180 n 58 pairs 22 mean50 -1.961 med -17.513 pm -5.379 top 0.069 model -0.979
HI30 dipup_pc1h35_r300le-2 E8_s20_h60 n 39 pairs 22 mean50 -5.572 med -21.202 pm -7.619 top 0.077 model -4.626
HI30 dipup_pc1h35_r300le-2 E9_s8_tp15_h60 n 71 pairs 22 mean50 -1.287 med -10.651 pm -3.652 top 0.085 model -0.299
HI30 dipup_pc1h35_r300le-4 E3_s8_tp40_trail15/8_h120 n 65 pairs 22 mean50 -0.24 med -10.794 pm -0.442 top 0.077 model 0.758
HI30 dipup_pc1h35_r300le-4 E5_s10_trail20/10_h120 n 59 pairs 22 mean50 1.095 med -12.152 pm -1.107 top 0.068 model 2.107
HI30 dipup_pc1h35_r300le-4 E7_s15_trail25/12_h180 n 55 pairs 22 mean50 -2.002 med -17.464 pm -5.384 top 0.073 model -1.021
HI30 dipup_pc1h35_r300le-4 E8_s20_h60 n 39 pairs 22 mean50 -6.225 med -21.676 pm -7.763 top 0.077 model -5.286
HI30 dipup_pc1h35_r300le-4 E9_s8_tp15_h60 n 66 pairs 22 mean50 0.989 med -10.794 pm 0.673 top 0.076 model 2.0
HI30 dipup_pc1h35_r300le-6 E3_s8_tp40_trail15/8_h120 n 57 pairs 22 mean50 -0.46 med -10.935 pm -1.554 top 0.088 model 0.536
HI30 dipup_pc1h35_r300le-6 E5_s10_trail20/10_h120 n 52 pairs 22 mean50 -5.83 med -13.0 pm -6.107 top 0.077 model -4.887
HI30 dipup_pc1h35_r300le-6 E7_s15_trail25/12_h180 n 46 pairs 22 mean50 -12.08 med -17.513 pm -13.755 top 0.087 model -11.2
HI30 dipup_pc1h35_r300le-6 E8_s20_h60 n 34 pairs 22 mean50 -5.338 med -21.925 pm -6.146 top 0.088 model -4.39
HI30 dipup_pc1h35_r300le-6 E9_s8_tp15_h60 n 57 pairs 22 mean50 0.735 med -11.085 pm -0.54 top 0.088 model 1.743
HI30 dipup6h_pc6h30_pc1h0_r300le-3 E3_s8_tp40_trail15/8_h120 n 89 pairs 22 mean50 -0.725 med -10.129 pm 0.054 top 0.124 model 0.269
HI30 dipup6h_pc6h30_pc1h0_r300le-3 E5_s10_trail20/10_h120 n 84 pairs 22 mean50 -2.4 med -12.16 pm -3.723 top 0.107 model -1.423
HI30 dipup6h_pc6h30_pc1h0_r300le-3 E7_s15_trail25/12_h180 n 70 pairs 22 mean50 -2.509 med -17.044 pm -4.04 top 0.1 model -1.533
HI30 dipup6h_pc6h30_pc1h0_r300le-3 E8_s20_h60 n 48 pairs 22 mean50 -7.225 med -21.109 pm -7.442 top 0.104 model -6.296
HI30 dipup6h_pc6h30_pc1h0_r300le-3 E9_s8_tp15_h60 n 93 pairs 22 mean50 -1.025 med -10.129 pm -0.292 top 0.118 model -0.034
HI50 dipup_pc1h10_r300le-2 E3_s8_tp40_trail15/8_h120 n 71 pairs 15 mean50 -5.162 med -9.396 pm -7.842 top 0.155 model -4.212
HI50 dipup_pc1h10_r300le-2 E5_s10_trail20/10_h120 n 62 pairs 15 mean50 -6.847 med -11.777 pm -10.701 top 0.145 model -5.914
HI50 dipup_pc1h10_r300le-2 E7_s15_trail25/12_h180 n 54 pairs 15 mean50 -10.148 med -16.793 pm -16.695 top 0.148 model -9.247
HI50 dipup_pc1h10_r300le-2 E8_s20_h60 n 42 pairs 15 mean50 -14.081 med -21.055 pm -19.768 top 0.143 model -13.22
HI50 dipup_pc1h10_r300le-2 E9_s8_tp15_h60 n 74 pairs 15 mean50 -5.447 med -9.468 pm -8.018 top 0.162 model -4.5
HI50 dipup_pc1h10_r300le-4 E3_s8_tp40_trail15/8_h120 n 59 pairs 14 mean50 -2.901 med -9.309 pm -4.547 top 0.22 model -1.928
HI50 dipup_pc1h10_r300le-4 E5_s10_trail20/10_h120 n 53 pairs 14 mean50 -6.306 med -11.877 pm -10.124 top 0.17 model -5.367
HI50 dipup_pc1h10_r300le-4 E7_s15_trail25/12_h180 n 44 pairs 14 mean50 -11.654 med -16.395 pm -17.944 top 0.159 model -10.769
HI50 dipup_pc1h10_r300le-4 E8_s20_h60 n 35 pairs 14 mean50 -14.859 med -21.202 pm -21.457 top 0.171 model -14.006
HI50 dipup_pc1h10_r300le-4 E9_s8_tp15_h60 n 63 pairs 14 mean50 -5.12 med -9.463 pm -6.692 top 0.206 model -4.169
HI50 dipup_pc1h10_r300le-6 E3_s8_tp40_trail15/8_h120 n 53 pairs 14 mean50 -5.4 med -10.003 pm -6.402 top 0.189 model -4.452
HI50 dipup_pc1h10_r300le-6 E5_s10_trail20/10_h120 n 48 pairs 14 mean50 -7.826 med -11.777 pm -11.334 top 0.167 model -6.903
HI50 dipup_pc1h10_r300le-6 E7_s15_trail25/12_h180 n 40 pairs 14 mean50 -13.163 med -16.746 pm -18.568 top 0.15 model -12.293
HI50 dipup_pc1h10_r300le-6 E8_s20_h60 n 34 pairs 14 mean50 -14.123 med -21.109 pm -20.943 top 0.147 model -13.262
HI50 dipup_pc1h10_r300le-6 E9_s8_tp15_h60 n 56 pairs 14 mean50 -6.406 med -10.012 pm -7.731 top 0.179 model -5.468
HI50 dipup_pc1h20_r300le-2 E3_s8_tp40_trail15/8_h120 n 60 pairs 15 mean50 -4.324 med -9.407 pm -6.708 top 0.167 model -3.365
HI50 dipup_pc1h20_r300le-2 E5_s10_trail20/10_h120 n 50 pairs 15 mean50 -6.434 med -11.447 pm -10.365 top 0.16 model -5.497
HI50 dipup_pc1h20_r300le-2 E7_s15_trail25/12_h180 n 42 pairs 15 mean50 -11.525 med -16.991 pm -16.447 top 0.143 model -10.638
HI50 dipup_pc1h20_r300le-2 E8_s20_h60 n 33 pairs 15 mean50 -13.879 med -21.109 pm -19.127 top 0.152 model -13.016
HI50 dipup_pc1h20_r300le-2 E9_s8_tp15_h60 n 63 pairs 15 mean50 -5.11 med -9.49 pm -7.652 top 0.175 model -4.159
HI50 dipup_pc1h20_r300le-4 E3_s8_tp40_trail15/8_h120 n 48 pairs 14 mean50 -2.71 med -9.317 pm -4.321 top 0.188 model -1.735
HI50 dipup_pc1h20_r300le-4 E5_s10_trail20/10_h120 n 43 pairs 14 mean50 -7.178 med -12.034 pm -10.767 top 0.14 model -6.247
HI50 dipup_pc1h20_r300le-4 E7_s15_trail25/12_h180 n 37 pairs 14 mean50 -11.675 med -16.746 pm -16.993 top 0.135 model -10.79
HI50 dipup_pc1h20_r300le-4 E8_s20_h60 n 30 pairs 14 mean50 -15.287 med -21.202 pm -21.316 top 0.133 model -14.438
HI50 dipup_pc1h20_r300le-4 E9_s8_tp15_h60 n 53 pairs 14 mean50 -5.094 med -9.353 pm -6.674 top 0.17 model -4.143
HI50 dipup_pc1h20_r300le-6 E3_s8_tp40_trail15/8_h120 n 43 pairs 14 mean50 -6.919 med -10.051 pm -6.728 top 0.14 model -5.986
HI50 dipup_pc1h20_r300le-6 E5_s10_trail20/10_h120 n 40 pairs 14 mean50 -9.217 med -12.323 pm -12.103 top 0.15 model -8.307
HI50 dipup_pc1h20_r300le-6 E7_s15_trail25/12_h180 n 34 pairs 14 mean50 -12.762 med -17.053 pm -17.18 top 0.147 model -11.888
HI50 dipup_pc1h20_r300le-6 E8_s20_h60 n 27 pairs 14 mean50 -14.938 med -21.202 pm -20.332 top 0.148 model -14.086
HI50 dipup_pc1h20_r300le-6 E9_s8_tp15_h60 n 47 pairs 14 mean50 -8.131 med -10.145 pm -8.51 top 0.149 model -7.21
HI50 dipup_pc1h35_r300le-2 E3_s8_tp40_trail15/8_h120 n 37 pairs 14 mean50 -6.07 med -10.012 pm -7.106 top 0.135 model -5.128
HI50 dipup_pc1h35_r300le-2 E5_s10_trail20/10_h120 n 34 pairs 14 mean50 -8.95 med -11.452 pm -12.128 top 0.147 model -8.038
HI50 dipup_pc1h35_r300le-2 E7_s15_trail25/12_h180 n 31 pairs 14 mean50 -15.421 med -17.05 pm -20.176 top 0.129 model -14.573
HI50 dipup_pc1h35_r300le-2 E8_s20_h60 n 25 pairs 14 mean50 -16.075 med -21.109 pm -20.197 top 0.12 model -15.234
HI50 dipup_pc1h35_r300le-2 E9_s8_tp15_h60 n 38 pairs 14 mean50 -6.156 med -10.025 pm -7.528 top 0.158 model -5.215
HI50 dipup_pc1h35_r300le-4 E3_s8_tp40_trail15/8_h120 n 31 pairs 13 mean50 -5.588 med -10.145 pm -5.933 top 0.129 model -4.642
HI50 dipup_pc1h35_r300le-4 E5_s10_trail20/10_h120 n 28 pairs 13 mean50 -6.485 med -12.034 pm -8.396 top 0.143 model -5.548
HI50 dipup_pc1h35_r300le-4 E7_s15_trail25/12_h180 n 27 pairs 13 mean50 -17.511 med -17.044 pm -21.632 top 0.148 model -16.685
HI50 dipup_pc1h35_r300le-4 E8_s20_h60 n 22 pairs 13 mean50 -17.499 med -21.395 pm -22.65 top 0.136 model -16.673
HI50 dipup_pc1h35_r300le-4 E9_s8_tp15_h60 n 32 pairs 13 mean50 -4.919 med -10.44 pm -5.098 top 0.156 model -3.966
HI50 dipup_pc1h35_r300le-6 E3_s8_tp40_trail15/8_h120 n 27 pairs 13 mean50 -8.791 med -10.168 pm -8.3 top 0.148 model -7.877
HI50 dipup_pc1h35_r300le-6 E5_s10_trail20/10_h120 n 24 pairs 13 mean50 -7.697 med -13.0 pm -9.35 top 0.167 model -6.772
HI50 dipup_pc1h35_r300le-6 E7_s15_trail25/12_h180 n 23 pairs 13 mean50 -19.713 med -17.452 pm -22.501 top 0.13 model -18.909
HI50 dipup_pc1h35_r300le-6 E8_s20_h60 n 19 pairs 13 mean50 -17.762 med -22.007 pm -19.606 top 0.158 model -16.938
HI50 dipup_pc1h35_r300le-6 E9_s8_tp15_h60 n 27 pairs 13 mean50 -7.504 med -10.44 pm -6.933 top 0.148 model -6.577
HI50 dipup6h_pc6h30_pc1h0_r300le-3 E3_s8_tp40_trail15/8_h120 n 44 pairs 12 mean50 -3.271 med -9.309 pm -6.423 top 0.205 model -2.302
HI50 dipup6h_pc6h30_pc1h0_r300le-3 E5_s10_trail20/10_h120 n 41 pairs 12 mean50 -6.938 med -12.152 pm -11.855 top 0.171 model -6.006
HI50 dipup6h_pc6h30_pc1h0_r300le-3 E7_s15_trail25/12_h180 n 35 pairs 12 mean50 -12.742 med -17.044 pm -19.886 top 0.171 model -11.868
HI50 dipup6h_pc6h30_pc1h0_r300le-3 E8_s20_h60 n 25 pairs 12 mean50 -17.636 med -21.084 pm -22.811 top 0.12 model -16.81
HI50 dipup6h_pc6h30_pc1h0_r300le-3 E9_s8_tp15_h60 n 48 pairs 12 mean50 -5.42 med -9.752 pm -8.88 top 0.188 model -4.472
MID dipup_pc1h10_r300le-2 E3_s8_tp40_trail15/8_h120 n 25 pairs 9 mean50 -6.578 med -9.756 pm -8.942 top 0.36 model -5.64
MID dipup_pc1h10_r300le-2 E5_s10_trail20/10_h120 n 23 pairs 9 mean50 -8.189 med -11.794 pm -10.068 top 0.391 model -7.267
MID dipup_pc1h10_r300le-2 E7_s15_trail25/12_h180 n 19 pairs 9 mean50 -5.086 med -12.218 pm -10.065 top 0.421 model -4.133
MID dipup_pc1h10_r300le-2 E8_s20_h60 n 15 pairs 9 mean50 -7.607 med -6.801 pm -9.155 top 0.333 model -6.679
MID dipup_pc1h10_r300le-2 E9_s8_tp15_h60 n 28 pairs 9 mean50 -4.138 med -9.48 pm -7.755 top 0.429 model -3.175
MID dipup_pc1h10_r300le-4 E3_s8_tp40_trail15/8_h120 n 18 pairs 7 mean50 -4.749 med -9.117 pm -7.705 top 0.444 model -3.793
MID dipup_pc1h10_r300le-4 E5_s10_trail20/10_h120 n 14 pairs 7 mean50 -6.348 med -11.794 pm -8.808 top 0.5 model -5.408
MID dipup_pc1h10_r300le-4 E7_s15_trail25/12_h180 n 13 pairs 7 mean50 -9.648 med -15.956 pm -12.946 top 0.462 model -8.741
MID dipup_pc1h10_r300le-4 E8_s20_h60 n 10 pairs 7 mean50 -2.852 med -2.752 pm -7.859 top 0.3 model -1.876
MID dipup_pc1h10_r300le-4 E9_s8_tp15_h60 n 18 pairs 7 mean50 -1.762 med -9.065 pm -5.961 top 0.444 model -0.776
MID dipup_pc1h10_r300le-6 E3_s8_tp40_trail15/8_h120 n 12 pairs 5 mean50 -4.769 med -9.293 pm -7.419 top 0.583 model -3.813
MID dipup_pc1h10_r300le-6 E5_s10_trail20/10_h120 n 11 pairs 5 mean50 -5.08 med -11.794 pm -6.313 top 0.636 model -4.127
MID dipup_pc1h10_r300le-6 E7_s15_trail25/12_h180 n 10 pairs 5 mean50 -7.567 med -5.732 pm -9.877 top 0.6 model -6.639
MID dipup_pc1h10_r300le-6 E8_s20_h60 n 7 pairs 5 mean50 2.478 med 1.44 pm -0.915 top 0.429 model 3.506
MID dipup_pc1h10_r300le-6 E9_s8_tp15_h60 n 12 pairs 5 mean50 -2.285 med -8.993 pm -5.644 top 0.583 model -1.304
MID dipup_pc1h20_r300le-2 E3_s8_tp40_trail15/8_h120 n 13 pairs 5 mean50 -3.662 med -9.506 pm -6.03 top 0.538 model -2.695
MID dipup_pc1h20_r300le-2 E5_s10_trail20/10_h120 n 12 pairs 5 mean50 -2.632 med -2.988 pm -6.325 top 0.583 model -1.655
MID dipup_pc1h20_r300le-2 E7_s15_trail25/12_h180 n 9 pairs 5 mean50 -8.731 med -15.941 pm -9.802 top 0.556 model -7.815
MID dipup_pc1h20_r300le-2 E8_s20_h60 n 7 pairs 5 mean50 1.975 med 1.44 pm -2.606 top 0.429 model 2.998
MID dipup_pc1h20_r300le-2 E9_s8_tp15_h60 n 14 pairs 5 mean50 -1.544 med -9.506 pm -4.081 top 0.571 model -0.555
MID dipup_pc1h20_r300le-4 E3_s8_tp40_trail15/8_h120 n 12 pairs 5 mean50 -2.572 med -8.95 pm -5.364 top 0.5 model -1.594
MID dipup_pc1h20_r300le-4 E5_s10_trail20/10_h120 n 10 pairs 5 mean50 -4.049 med -2.988 pm -5.829 top 0.6 model -3.086
MID dipup_pc1h20_r300le-4 E7_s15_trail25/12_h180 n 9 pairs 5 mean50 -8.6 med -16.085 pm -9.251 top 0.556 model -7.682
MID dipup_pc1h20_r300le-4 E8_s20_h60 n 7 pairs 5 mean50 1.074 med 1.44 pm -2.408 top 0.429 model 2.089
MID dipup_pc1h20_r300le-4 E9_s8_tp15_h60 n 12 pairs 5 mean50 0.337 med -7.581 pm -3.12 top 0.5 model 1.345
MID dipup_pc1h20_r300le-6 E3_s8_tp40_trail15/8_h120 n 10 pairs 5 mean50 -2.385 med -9.293 pm -6.202 top 0.5 model -1.405
MID dipup_pc1h20_r300le-6 E5_s10_trail20/10_h120 n 9 pairs 5 mean50 -4.037 med -11.794 pm -5.855 top 0.556 model -3.073
MID dipup_pc1h20_r300le-6 E7_s15_trail25/12_h180 n 9 pairs 5 mean50 -8.381 med -17.103 pm -10.077 top 0.556 model -7.461
MID dipup_pc1h20_r300le-6 E8_s20_h60 n 6 pairs 5 mean50 4.317 med 1.44 pm 1.036 top 0.333 model 5.364
MID dipup_pc1h20_r300le-6 E9_s8_tp15_h60 n 10 pairs 5 mean50 -3.364 med -8.993 pm -5.732 top 0.5 model -2.394
MID dipup_pc1h35_r300le-2 E3_s8_tp40_trail15/8_h120 n 6 pairs 3 mean50 -2.092 med -2.988 pm -2.168 top 0.5 model -1.108
MID dipup_pc1h35_r300le-2 E5_s10_trail20/10_h120 n 6 pairs 3 mean50 -5.787 med -2.988 pm -5.218 top 0.5 model -4.841
MID dipup_pc1h35_r300le-2 E7_s15_trail25/12_h180 n 5 pairs 3 mean50 -6.33 med -5.139 pm -5.36 top 0.6 model -5.389
MID dipup_pc1h35_r300le-2 E8_s20_h60 n 4 pairs 3 mean50 -0.462 med 2.4 pm -1.039 top 0.5 model 0.537
MID dipup_pc1h35_r300le-2 E9_s8_tp15_h60 n 8 pairs 3 mean50 -2.527 med -7.581 pm -1.24 top 0.5 model -1.548
MID dipup_pc1h35_r300le-4 E3_s8_tp40_trail15/8_h120 n 6 pairs 3 mean50 -1.878 med -2.988 pm -2.038 top 0.5 model -0.892
MID dipup_pc1h35_r300le-4 E5_s10_trail20/10_h120 n 5 pairs 3 mean50 -4.953 med -2.988 pm -3.656 top 0.6 model -3.999
MID dipup_pc1h35_r300le-4 E7_s15_trail25/12_h180 n 5 pairs 3 mean50 -6.012 med -3.158 pm -4.513 top 0.6 model -5.068
MID dipup_pc1h35_r300le-4 E8_s20_h60 n 4 pairs 3 mean50 0.547 med 2.4 pm 0.306 top 0.5 model 1.556
MID dipup_pc1h35_r300le-4 E9_s8_tp15_h60 n 7 pairs 3 mean50 -1.124 med -7.581 pm -0.341 top 0.429 model -0.131
MID dipup_pc1h35_r300le-6 E3_s8_tp40_trail15/8_h120 n 6 pairs 3 mean50 -5.272 med -7.581 pm -5.433 top 0.5 model -4.321
MID dipup_pc1h35_r300le-6 E5_s10_trail20/10_h120 n 5 pairs 3 mean50 -4.919 med -2.988 pm -3.6 top 0.6 model -3.965
MID dipup_pc1h35_r300le-6 E7_s15_trail25/12_h180 n 5 pairs 3 mean50 -6.734 med -5.732 pm -5.717 top 0.6 model -5.797
MID dipup_pc1h35_r300le-6 E8_s20_h60 n 4 pairs 3 mean50 0.459 med 2.4 pm 0.189 top 0.5 model 1.468
MID dipup_pc1h35_r300le-6 E9_s8_tp15_h60 n 6 pairs 3 mean50 -4.088 med -7.581 pm -3.446 top 0.5 model -3.125
MID dipup6h_pc6h30_pc1h0_r300le-3 E3_s8_tp40_trail15/8_h120 n 11 pairs 4 mean50 -11.286 med -11.357 pm -11.274 top 0.455 model -10.396
MID dipup6h_pc6h30_pc1h0_r300le-3 E5_s10_trail20/10_h120 n 10 pairs 4 mean50 -7.902 med -11.357 pm -8.762 top 0.5 model -6.977
MID dipup6h_pc6h30_pc1h0_r300le-3 E7_s15_trail25/12_h180 n 7 pairs 4 mean50 -15.55 med -17.103 pm -14.959 top 0.429 model -14.703
MID dipup6h_pc6h30_pc1h0_r300le-3 E8_s20_h60 n 8 pairs 4 mean50 -9.299 med -9.26 pm -9.623 top 0.375 model -8.388
MID dipup6h_pc6h30_pc1h0_r300le-3 E9_s8_tp15_h60 n 11 pairs 4 mean50 -10.797 med -11.357 pm -10.825 top 0.455 model -9.901
LO lo_spike_r300ge0.75_vacc1.2_bsh.55 E3_s8_tp40_trail15/8_h120 n 13 pairs 6 mean50 -6.521 med -4.7 pm -5.517 top 0.231 model -5.582
LO lo_spike_r300ge0.75_vacc1.2_bsh.55 E5_s10_trail20/10_h120 n 13 pairs 6 mean50 -7.074 med -4.7 pm -5.997 top 0.231 model -6.14
LO lo_spike_r300ge0.75_vacc1.2_bsh.55 E7_s15_trail25/12_h180 n 11 pairs 6 mean50 -11.944 med -2.806 pm -10.809 top 0.182 model -11.059
LO lo_spike_r300ge0.75_vacc1.2_bsh.55 E8_s20_h60 n 15 pairs 6 mean50 -10.719 med -3.45 pm -8.187 top 0.267 model -9.822
LO lo_spike_r300ge0.75_vacc1.2_bsh.55 E9_s8_tp15_h60 n 16 pairs 6 mean50 -9.559 med -3.45 pm -7.491 top 0.25 model -8.65
LO lo_trend_r1800ge2_hi600ge-0.3 E3_s8_tp40_trail15/8_h120 n 18 pairs 6 mean50 -4.66 med -5.822 pm -3.456 top 0.278 model -3.702
LO lo_trend_r1800ge2_hi600ge-0.3 E5_s10_trail20/10_h120 n 17 pairs 6 mean50 -9.005 med -4.168 pm -6.176 top 0.294 model -8.091
LO lo_trend_r1800ge2_hi600ge-0.3 E7_s15_trail25/12_h180 n 16 pairs 6 mean50 -11.456 med -7.037 pm -8.067 top 0.312 model -10.567
LO lo_trend_r1800ge2_hi600ge-0.3 E8_s20_h60 n 19 pairs 6 mean50 -6.436 med -5.022 pm -5.115 top 0.263 model -5.496
LO lo_trend_r1800ge2_hi600ge-0.3 E9_s8_tp15_h60 n 20 pairs 6 mean50 -4.456 med -5.213 pm -3.558 top 0.25 model -3.496
configs evaluated 160 secs 12.0
