validation: simulate trades 1253 matched events 1253 max abs diff (pct pts) 0.0 secs 4.4
==== signal rnd
  rnd/cf hz60m n=133 pairs=5 | MFE p50 -0.2 p75 1.7 p90 7.2 p95 12.7 p99 41.6 | MAE p50 -2.2 p25 -4.3 p10 -15.2 | final mean -1.11 p50 -1.08 p10 -3.9 p90 1.3
     P(MFE>=x): {2: 22.6, 5: 12.8, 10: 7.5, 20: 4.5, 50: 0.0, 100: 0.0}  P(MAE<=x): {-5: 21.8, -10: 13.5, -20: 7.5, -50: 3.8}  P(+10 before -5): 6.0%
  rnd/cf hz240m n=133 pairs=5 | MFE p50 2.3 p75 8.4 p90 43.7 p95 44.7 p99 45.9 | MAE p50 -4.1 p25 -12.5 p10 -75.2 | final mean 3.08 p50 -0.41 p10 -7.6 p90 43.5
     P(MFE>=x): {2: 52.6, 5: 34.6, 10: 24.1, 20: 17.3, 50: 0.0, 100: 0.0}  P(MAE<=x): {-5: 41.4, -10: 27.8, -20: 22.6, -50: 14.3}  P(+10 before -5): 17.3%
   tail cf         hold60        n=133 sum$50=-43.0 mean%50=-0.16 | top5% (7 tr, 2 pairs) sum$=529.3 (83% of gross gains) | rest sum$=-572.2
   tail cf         hold240       n=133 sum$50=848.1 mean%50=3.19 | top5% (7 tr, 1 pairs) sum$=614.0 (34% of gross gains) | rest sum$=234.0
   tail cf         fix-5/+10/60  n=133 sum$50=-689.3 mean%50=-2.59 | top5% (7 tr, 1 pairs) sum$=584.6 (58% of gross gains) | rest sum$=-1273.9
  rnd/mid hz60m n=491 pairs=18 | MFE p50 0.7 p75 5.9 p90 12.9 p95 20.5 p99 44.6 | MAE p50 -6.2 p25 -11.9 p10 -21.6 | final mean -3.39 p50 -2.68 p10 -12.8 p90 6.4
     P(MFE>=x): {2: 39.9, 5: 27.7, 10: 14.9, 20: 5.1, 50: 0.6, 100: 0.0}  P(MAE<=x): {-5: 60.9, -10: 31.8, -20: 11.0, -50: 0.2}  P(+10 before -5): 8.1%
  rnd/mid hz240m n=491 pairs=18 | MFE p50 4.9 p75 16.3 p90 40.2 p95 62.8 p99 117.2 | MAE p50 -12.0 p25 -21.5 p10 -35.7 | final mean -5.55 p50 -4.13 p10 -28.3 p90 20.3
     P(MFE>=x): {2: 58.7, 5: 49.7, 10: 35.8, 20: 20.8, 50: 9.0, 100: 2.2}  P(MAE<=x): {-5: 79.8, -10: 54.2, -20: 26.5, -50: 5.7}  P(+10 before -5): 14.7%
   tail mid        hold60        n=491 sum$50=-4396.2 mean%50=-4.48 | top5% (25 tr, 6 pairs) sum$=1180.0 (60% of gross gains) | rest sum$=-5576.3
   tail mid        hold240       n=491 sum$50=-6334.8 mean%50=-6.45 | top5% (25 tr, 4 pairs) sum$=2687.5 (52% of gross gains) | rest sum$=-9022.2
   tail mid        fix-5/+10/60  n=491 sum$50=-3866.5 mean%50=-3.94 | top5% (25 tr, 9 pairs) sum$=688.5 (58% of gross gains) | rest sum$=-4555.0
  rnd/hi hz60m n=386 pairs=45 | MFE p50 2.6 p75 16.1 p90 37.5 p95 52.7 p99 101.4 | MAE p50 -10.8 p25 -19.9 p10 -28.3 | final mean -4.87 p50 -3.17 p10 -26.1 p90 16.3
     P(MFE>=x): {2: 53.4, 5: 39.6, 10: 30.1, 20: 22.0, 50: 5.2, 100: 1.0}  P(MAE<=x): {-5: 66.1, -10: 51.6, -20: 24.6, -50: 3.4}  P(+10 before -5): 9.8%
  rnd/hi hz240m n=386 pairs=45 | MFE p50 11.9 p75 35.6 p90 80.8 p95 105.3 p99 134.7 | MAE p50 -21.5 p25 -33.7 p10 -48.1 | final mean -5.14 p50 -4.74 p10 -39.8 p90 40.0
     P(MFE>=x): {2: 72.3, 5: 63.5, 10: 51.8, 20: 40.9, 50: 16.8, 100: 6.0}  P(MAE<=x): {-5: 73.1, -10: 66.8, -20: 52.1, -50: 9.3}  P(+10 before -5): 14.8%
   tail hi         hold60        n=389 sum$50=-3442.4 mean%50=-5.99 | top5% (19 tr, 7 pairs) sum$=1453.1 (52% of gross gains) | rest sum$=-4895.5
   tail hi         hold240       n=389 sum$50=-5295.6 mean%50=-9.39 | top5% (19 tr, 2 pairs) sum$=1884.7 (43% of gross gains) | rest sum$=-7180.3
   tail hi         fix-5/+10/60  n=389 sum$50=-2631.3 mean%50=-4.60 | top5% (19 tr, 11 pairs) sum$=579.4 (61% of gross gains) | rest sum$=-3210.7
  rnd/hi20 hz60m n=369 pairs=84 | MFE p50 2.5 p75 23.4 p90 53.2 p95 86.3 p99 205.0 | MAE p50 -9.5 p25 -22.4 p10 -61.8 | final mean -7.78 p50 -3.68 p10 -50.4 p90 25.5
     P(MFE>=x): {2: 51.2, 5: 43.9, 10: 35.5, 20: 26.8, 50: 10.6, 100: 3.8}  P(MAE<=x): {-5: 68.3, -10: 48.0, -20: 29.3, -50: 13.0}  P(+10 before -5): 11.9%
  rnd/hi20 hz240m n=369 pairs=84 | MFE p50 6.6 p75 47.2 p90 119.8 p95 172.8 p99 236.8 | MAE p50 -13.8 p25 -49.4 p10 -92.5 | final mean -9.15 p50 -4.94 p10 -92.1 p90 56.2
     P(MFE>=x): {2: 59.9, 5: 53.7, 10: 45.3, 20: 38.8, 50: 23.8, 100: 12.2}  P(MAE<=x): {-5: 76.7, -10: 61.5, -20: 41.5, -50: 24.4}  P(+10 before -5): 12.7%
   tail hi20       hold60        n=374 sum$50=-2556.4 mean%50=-11.02 | top5% (19 tr, 9 pairs) sum$=1237.2 (63% of gross gains) | rest sum$=-3793.6
   tail hi20       hold240       n=374 sum$50=-3521.7 mean%50=-15.69 | top5% (19 tr, 4 pairs) sum$=1623.3 (55% of gross gains) | rest sum$=-5145.0
   tail hi20       fix-5/+10/60  n=374 sum$50=-1355.8 mean%50=-5.58 | top5% (19 tr, 13 pairs) sum$=621.5 (76% of gross gains) | rest sum$=-1977.3
  rnd/all50 hz60m n=1041 pairs=69 | MFE p50 0.8 p75 6.7 p90 23.7 p95 36.9 p99 73.6 | MAE p50 -6.2 p25 -14.4 p10 -24.6 | final mean -3.63 p50 -2.49 p10 -17.3 p90 7.7
     P(MFE>=x): {2: 41.6, 5: 29.4, 10: 19.1, 20: 11.1, 50: 2.2, 100: 0.4}  P(MAE<=x): {-5: 56.8, -10: 36.1, -20: 15.3, -50: 1.8}  P(+10 before -5): 8.3%
  rnd/all50 hz240m n=1041 pairs=69 | MFE p50 5.5 p75 23.4 p90 51.0 p95 80.8 p99 119.0 | MAE p50 -12.6 p25 -28.4 p10 -42.2 | final mean -4.19 p50 -3.17 p10 -31.7 p90 25.9
     P(MFE>=x): {2: 62.2, 5: 51.4, 10: 39.2, 20: 27.2, 50: 10.5, 100: 3.3}  P(MAE<=x): {-5: 71.0, -10: 54.4, -20: 35.0, -50: 8.0}  P(+10 before -5): 14.6%
   tail all50      hold60        n=1044 sum$50=-8162.4 mean%50=-4.49 | top5% (52 tr, 15 pairs) sum$=3319.9 (61% of gross gains) | rest sum$=-11482.3
   tail all50      hold240       n=1044 sum$50=-11057.9 mean%50=-6.26 | top5% (52 tr, 6 pairs) sum$=5377.2 (47% of gross gains) | rest sum$=-16435.1
   tail all50      fix-5/+10/60  n=1044 sum$50=-7428.1 mean%50=-4.01 | top5% (52 tr, 20 pairs) sum$=2124.6 (68% of gross gains) | rest sum$=-9552.7
==== signal mom
mom/cf n 4 too few
  mom/mid hz60m n=37 pairs=8 | MFE p50 9.6 p75 24.7 p90 34.4 p95 42.6 p99 45.8 | MAE p50 -16.1 p25 -27.4 p10 -36.8 | final mean -5.15 p50 -2.51 p10 -30.3 p90 13.8
     P(MFE>=x): {2: 67.6, 5: 59.5, 10: 48.6, 20: 37.8, 50: 0.0, 100: 0.0}  P(MAE<=x): {-5: 89.2, -10: 73.0, -20: 40.5, -50: 2.7}  P(+10 before -5): 16.2%
  mom/mid hz240m n=37 pairs=8 | MFE p50 26.8 p75 36.7 p90 65.8 p95 77.4 p99 101.5 | MAE p50 -39.1 p25 -63.7 p10 -99.8 | final mean -34.69 p50 -30.78 p10 -99.8 p90 9.5
     P(MFE>=x): {2: 83.8, 5: 81.1, 10: 73.0, 20: 64.9, 50: 13.5, 100: 2.7}  P(MAE<=x): {-5: 100.0, -10: 100.0, -20: 81.1, -50: 45.9}  P(+10 before -5): 16.2%
   tail mid        hold60        n=37 sum$50=-475.2 mean%50=-6.42 | top5% (2 tr, 2 pairs) sum$=64.1 (24% of gross gains) | rest sum$=-539.3
   tail mid        hold240       n=37 sum$50=-2652.8 mean%50=-35.85 | top5% (2 tr, 2 pairs) sum$=116.8 (58% of gross gains) | rest sum$=-2769.5
   tail mid        fix-5/+10/60  n=37 sum$50=-374.3 mean%50=-5.06 | top5% (2 tr, 1 pairs) sum$=68.5 (44% of gross gains) | rest sum$=-442.8
  mom/hi hz60m n=134 pairs=59 | MFE p50 4.2 p75 20.4 p90 42.8 p95 61.3 p99 103.4 | MAE p50 -9.7 p25 -25.2 p10 -42.6 | final mean -7.27 p50 -3.37 p10 -37.4 p90 19.2
     P(MFE>=x): {2: 59.0, 5: 47.8, 10: 35.1, 20: 26.1, 50: 8.2, 100: 1.5}  P(MAE<=x): {-5: 61.2, -10: 50.0, -20: 35.1, -50: 6.0}  P(+10 before -5): 13.4%
  mom/hi hz240m n=134 pairs=59 | MFE p50 9.8 p75 36.2 p90 81.9 p95 100.8 p99 284.3 | MAE p50 -17.2 p25 -40.7 p10 -56.3 | final mean -6.71 p50 -3.37 p10 -50.8 p90 49.9
     P(MFE>=x): {2: 69.4, 5: 59.7, 10: 49.3, 20: 39.6, 50: 20.1, 100: 5.2}  P(MAE<=x): {-5: 64.9, -10: 59.0, -20: 49.3, -50: 14.2}  P(+10 before -5): 14.2%
   tail hi         hold60        n=134 sum$50=-1855.4 mean%50=-9.91 | top5% (7 tr, 4 pairs) sum$=677.7 (65% of gross gains) | rest sum$=-2533.1
   tail hi         hold240       n=134 sum$50=-2875.9 mean%50=-16.03 | top5% (7 tr, 2 pairs) sum$=611.9 (45% of gross gains) | rest sum$=-3487.8
   tail hi         fix-5/+10/60  n=134 sum$50=-1130.5 mean%50=-6.06 | top5% (7 tr, 6 pairs) sum$=214.3 (56% of gross gains) | rest sum$=-1344.8
  mom/hi20 hz60m n=124 pairs=69 | MFE p50 10.6 p75 41.8 p90 75.6 p95 152.3 p99 218.0 | MAE p50 -17.7 p25 -47.5 p10 -94.5 | final mean -12.90 p50 -3.67 p10 -94.4 p90 37.7
     P(MFE>=x): {2: 59.7, 5: 56.5, 10: 51.6, 20: 42.7, 50: 20.2, 100: 8.1}  P(MAE<=x): {-5: 68.5, -10: 59.7, -20: 46.0, -50: 25.0}  P(+10 before -5): 23.4%
  mom/hi20 hz240m n=124 pairs=69 | MFE p50 17.0 p75 71.6 p90 157.1 p95 197.1 p99 271.1 | MAE p50 -19.8 p25 -64.1 p10 -96.3 | final mean -7.52 p50 -6.88 p10 -95.8 p90 80.8
     P(MFE>=x): {2: 62.1, 5: 58.1, 10: 54.0, 20: 49.2, 50: 31.5, 100: 19.4}  P(MAE<=x): {-5: 70.2, -10: 62.1, -20: 49.2, -50: 32.3}  P(+10 before -5): 23.4%
   tail hi20       hold60        n=124 sum$50=-1227.7 mean%50=-16.24 | top5% (6 tr, 3 pairs) sum$=637.8 (67% of gross gains) | rest sum$=-1865.5
   tail hi20       hold240       n=124 sum$50=-1682.7 mean%50=-19.38 | top5% (6 tr, 3 pairs) sum$=523.7 (54% of gross gains) | rest sum$=-2206.4
   tail hi20       fix-5/+10/60  n=124 sum$50=-439.4 mean%50=-5.60 | top5% (6 tr, 5 pairs) sum$=121.9 (40% of gross gains) | rest sum$=-561.2
  mom/all50 hz60m n=180 pairs=69 | MFE p50 4.2 p75 21.7 p90 39.6 p95 59.6 p99 103.4 | MAE p50 -13.9 p25 -25.2 p10 -41.1 | final mean -7.06 p50 -3.37 p10 -35.4 p90 14.7
     P(MFE>=x): {2: 58.9, 5: 47.8, 10: 36.1, 20: 27.2, 50: 6.1, 100: 1.1}  P(MAE<=x): {-5: 68.3, -10: 56.1, -20: 36.1, -50: 5.0}  P(+10 before -5): 13.3%
  mom/all50 hz240m n=180 pairs=69 | MFE p50 13.4 p75 36.2 p90 77.4 p95 98.5 p99 284.3 | MAE p50 -23.7 p25 -42.2 p10 -68.1 | final mean -12.95 p50 -8.86 p10 -55.9 p90 31.1
     P(MFE>=x): {2: 70.0, 5: 61.7, 10: 51.7, 20: 42.8, 50: 17.8, 100: 4.4}  P(MAE<=x): {-5: 73.3, -10: 68.9, -20: 56.1, -50: 20.6}  P(+10 before -5): 13.9%
   tail all50      hold60        n=180 sum$50=-2578.3 mean%50=-9.38 | top5% (9 tr, 5 pairs) sum$=747.7 (57% of gross gains) | rest sum$=-3326.0
   tail all50      hold240       n=180 sum$50=-5860.2 mean%50=-20.23 | top5% (9 tr, 3 pairs) sum$=746.6 (48% of gross gains) | rest sum$=-6606.8
   tail all50      fix-5/+10/60  n=180 sum$50=-1773.5 mean%50=-6.30 | top5% (9 tr, 6 pairs) sum$=289.6 (54% of gross gains) | rest sum$=-2063.1
==== signal vacc
vacc/cf n 15 too few
  vacc/mid hz60m n=56 pairs=13 | MFE p50 3.3 p75 7.9 p90 21.1 p95 32.4 p99 56.0 | MAE p50 -4.6 p25 -8.7 p10 -19.8 | final mean -1.06 p50 -0.60 p10 -13.0 p90 11.2
     P(MFE>=x): {2: 51.8, 5: 33.9, 10: 17.9, 20: 10.7, 50: 1.8, 100: 0.0}  P(MAE<=x): {-5: 46.4, -10: 25.0, -20: 8.9, -50: 0.0}  P(+10 before -5): 14.3%
  vacc/mid hz240m n=56 pairs=13 | MFE p50 4.8 p75 12.7 p90 34.8 p95 77.4 p99 84.1 | MAE p50 -10.9 p25 -24.6 p10 -39.0 | final mean -9.02 p50 -4.79 p10 -34.3 p90 8.1
     P(MFE>=x): {2: 69.6, 5: 46.4, 10: 32.1, 20: 17.9, 50: 7.1, 100: 0.0}  P(MAE<=x): {-5: 75.0, -10: 51.8, -20: 30.4, -50: 5.4}  P(+10 before -5): 19.6%
   tail mid        hold60        n=56 sum$50=-333.0 mean%50=-2.97 | top5% (3 tr, 3 pairs) sum$=143.9 (46% of gross gains) | rest sum$=-476.9
   tail mid        hold240       n=56 sum$50=-1022.2 mean%50=-9.13 | top5% (3 tr, 1 pairs) sum$=246.8 (64% of gross gains) | rest sum$=-1269.0
   tail mid        fix-5/+10/60  n=56 sum$50=-320.6 mean%50=-2.86 | top5% (3 tr, 2 pairs) sum$=78.4 (38% of gross gains) | rest sum$=-398.9
  vacc/hi hz60m n=87 pairs=61 | MFE p50 -0.1 p75 8.9 p90 28.7 p95 40.4 p99 109.2 | MAE p50 -3.6 p25 -19.0 p10 -41.8 | final mean -8.22 p50 -3.37 p10 -35.4 p90 8.6
     P(MFE>=x): {2: 40.2, 5: 34.5, 10: 20.7, 20: 13.8, 50: 3.4, 100: 1.1}  P(MAE<=x): {-5: 44.8, -10: 37.9, -20: 23.0, -50: 5.7}  P(+10 before -5): 10.3%
  vacc/hi hz240m n=87 pairs=61 | MFE p50 0.0 p75 16.4 p90 40.4 p95 81.8 p99 305.2 | MAE p50 -3.7 p25 -30.4 p10 -53.4 | final mean -9.23 p50 -3.37 p10 -48.2 p90 8.6
     P(MFE>=x): {2: 44.8, 5: 42.5, 10: 27.6, 20: 19.5, 50: 8.0, 100: 3.4}  P(MAE<=x): {-5: 48.3, -10: 43.7, -20: 36.8, -50: 11.5}  P(+10 before -5): 10.3%
   tail hi         hold60        n=87 sum$50=-1524.9 mean%50=-12.00 | top5% (4 tr, 3 pairs) sum$=434.9 (85% of gross gains) | rest sum$=-1959.8
   tail hi         hold240       n=87 sum$50=-2223.3 mean%50=-17.78 | top5% (4 tr, 3 pairs) sum$=279.5 (88% of gross gains) | rest sum$=-2502.8
   tail hi         fix-5/+10/60  n=87 sum$50=-975.0 mean%50=-7.81 | top5% (4 tr, 4 pairs) sum$=201.0 (70% of gross gains) | rest sum$=-1176.0
  vacc/hi20 hz60m n=77 pairs=68 | MFE p50 -1.1 p75 22.8 p90 115.9 p95 167.7 p99 249.5 | MAE p50 -8.0 p25 -64.1 p10 -96.4 | final mean -19.85 p50 -3.68 p10 -96.4 p90 13.7
     P(MFE>=x): {2: 41.6, 5: 36.4, 10: 33.8, 20: 28.6, 50: 16.9, 100: 10.4}  P(MAE<=x): {-5: 51.9, -10: 49.4, -20: 39.0, -50: 28.6}  P(+10 before -5): 18.2%
  vacc/hi20 hz240m n=77 pairs=68 | MFE p50 -0.2 p75 40.0 p90 134.7 p95 167.7 p99 249.5 | MAE p50 -10.0 p25 -68.4 p10 -96.4 | final mean -19.31 p50 -3.68 p10 -96.4 p90 25.0
     P(MFE>=x): {2: 42.9, 5: 39.0, 10: 35.1, 20: 32.5, 50: 23.4, 100: 11.7}  P(MAE<=x): {-5: 54.5, -10: 50.6, -20: 40.3, -50: 31.2}  P(+10 before -5): 18.2%
   tail hi20       hold60        n=77 sum$50=-1221.1 mean%50=-27.06 | top5% (4 tr, 2 pairs) sum$=168.0 (82% of gross gains) | rest sum$=-1389.1
   tail hi20       hold240       n=77 sum$50=-1254.0 mean%50=-28.50 | top5% (4 tr, 2 pairs) sum$=267.9 (88% of gross gains) | rest sum$=-1521.9
   tail hi20       fix-5/+10/60  n=77 sum$50=-369.2 mean%50=-8.34 | top5% (4 tr, 4 pairs) sum$=91.8 (54% of gross gains) | rest sum$=-461.1
  vacc/all50 hz60m n=163 pairs=80 | MFE p50 0.7 p75 7.9 p90 21.1 p95 33.0 p99 68.5 | MAE p50 -3.9 p25 -15.6 p10 -27.7 | final mean -4.86 p50 -2.00 p10 -22.2 p90 8.6
     P(MFE>=x): {2: 42.3, 5: 30.7, 10: 17.8, 20: 11.7, 50: 2.5, 100: 0.6}  P(MAE<=x): {-5: 41.7, -10: 30.1, -20: 16.6, -50: 3.7}  P(+10 before -5): 11.0%
  vacc/all50 hz240m n=163 pairs=80 | MFE p50 2.9 p75 11.4 p90 35.7 p95 68.5 p99 134.1 | MAE p50 -7.7 p25 -29.8 p10 -49.9 | final mean -7.97 p50 -3.37 p10 -39.4 p90 8.1
     P(MFE>=x): {2: 54.0, 5: 41.1, 10: 27.0, 20: 17.8, 50: 6.7, 100: 1.8}  P(MAE<=x): {-5: 55.2, -10: 43.6, -20: 32.5, -50: 9.8}  P(+10 before -5): 13.5%
   tail all50      hold60        n=163 sum$50=-1973.5 mean%50=-7.78 | top5% (8 tr, 6 pairs) sum$=606.7 (73% of gross gains) | rest sum$=-2580.3
   tail all50      hold240       n=163 sum$50=-3218.6 mean%50=-12.54 | top5% (8 tr, 4 pairs) sum$=667.5 (74% of gross gains) | rest sum$=-3886.0
   tail all50      fix-5/+10/60  n=163 sum$50=-1529.6 mean%50=-5.87 | top5% (8 tr, 6 pairs) sum$=361.7 (62% of gross gains) | rest sum$=-1891.3
secs 8.7
