spike_hi50-250k_va1h>=1.4      S5/T10/H60         net50 {"n": 205, "pairs": 77, "win_rate": 12.7, "mean_pct": -7.101, "median_pct": -7.062, "pf": 0.207, "top_pair_share": 0.102, "trades_per_hour": 15.07, "exits": {"OPEN_AT_END/VANISHED": 54, "STOP": 121, "TP": 23, "HOLD": 7}} | net0 mean -6.17 | 1s
spike_hi50-250k_va1h>=1.4      S10/T8/H30         net50 {"n": 179, "pairs": 77, "win_rate": 24.6, "mean_pct": -6.881, "median_pct": -11.34, "pf": 0.319, "top_pair_share": 0.095, "trades_per_hour": 13.13, "exits": {"OPEN_AT_END/VANISHED": 51, "TP": 40, "STOP": 69, "HOLD": 18, "TP/VANISHED": 1}} | net0 mean -5.947 | 1s
spike_hi50-250k_va1h>=1.4      S20/T15/H30        net50 {"n": 155, "pairs": 77, "win_rate": 20.6, "mean_pct": -8.025, "median_pct": -12.036, "pf": 0.33, "top_pair_share": 0.09, "trades_per_hour": 11.43, "exits": {"OPEN_AT_END/VANISHED": 54, "HOLD": 41, "TP": 27, "STOP": 33}} | net0 mean -7.103 | 1s
spike_hi50-250k_va1h>=1.4      S10/T5/H15         net50 {"n": 188, "pairs": 77, "win_rate": 26.6, "mean_pct": -6.344, "median_pct": -10.943, "pf": 0.298, "top_pair_share": 0.096, "trades_per_hour": 13.79, "exits": {"OPEN_AT_END/VANISHED": 47, "HOLD": 37, "STOP": 57, "TP": 46, "TP/VANISHED": 1}} | net0 mean -5.405 | 1s
spike_hi50-250k_va1h>=1.4      S10/trail8-4/H60   net50 {"n": 173, "pairs": 77, "win_rate": 22.5, "mean_pct": -8.225, "median_pct": -11.521, "pf": 0.214, "top_pair_share": 0.104, "trades_per_hour": 12.69, "exits": {"OPEN_AT_END/VANISHED": 57, "TRAIL": 33, "STOP": 72, "HOLD": 11}} | net0 mean -7.305 | 1s
broad_ds_hi20k_uw5>=20         S5/T10/H60         net50 {"n": 122, "pairs": 34, "win_rate": 13.1, "mean_pct": -3.368, "median_pct": -6.993, "pf": 0.595, "top_pair_share": 0.246, "trades_per_hour": 9.57, "exits": {"STOP": 96, "OPEN_AT_END/VANISHED": 9, "TP": 16, "STOP/VANISHED": 1}} | net0 mean -2.401 | 1s
broad_ds_hi20k_uw5>=20         S10/T8/H30         net50 {"n": 101, "pairs": 34, "win_rate": 33.7, "mean_pct": -3.695, "median_pct": -11.73, "pf": 0.669, "top_pair_share": 0.218, "trades_per_hour": 7.92, "exits": {"STOP": 52, "TP": 32, "OPEN_AT_END/VANISHED": 14, "HOLD": 3}} | net0 mean -2.732 | 1s
broad_ds_hi20k_uw5>=20         S20/T15/H30        net50 {"n": 85, "pairs": 34, "win_rate": 30.6, "mean_pct": -5.925, "median_pct": -15.022, "pf": 0.621, "top_pair_share": 0.2, "trades_per_hour": 6.67, "exits": {"TP": 22, "HOLD": 14, "OPEN_AT_END/VANISHED": 15, "STOP": 34}} | net0 mean -4.984 | 1s
broad_ds_hi20k_uw5>=20         S10/T5/H15         net50 {"n": 111, "pairs": 34, "win_rate": 36.9, "mean_pct": -2.797, "median_pct": -11.416, "pf": 0.69, "top_pair_share": 0.252, "trades_per_hour": 8.7, "exits": {"STOP": 48, "HOLD": 10, "TP": 39, "OPEN_AT_END/VANISHED": 14}} | net0 mean -1.824 | 1s
broad_ds_hi20k_uw5>=20         S10/trail8-4/H60   net50 {"n": 100, "pairs": 34, "win_rate": 26.0, "mean_pct": -4.871, "median_pct": -11.735, "pf": 0.544, "top_pair_share": 0.22, "trades_per_hour": 7.85, "exits": {"STOP": 51, "TRAIL": 32, "OPEN_AT_END/VANISHED": 15, "HOLD": 2}} | net0 mean -3.919 | 1s
tape_breadth_fee>=52_liq20k    S5/T10/H60         net50 {"n": 119, "pairs": 33, "win_rate": 20.2, "mean_pct": -1.284, "median_pct": -6.806, "pf": 0.833, "top_pair_share": 0.286, "trades_per_hour": 9.27, "exits": {"STOP": 88, "OPEN_AT_END/VANISHED": 9, "TP": 21, "HOLD": 1}} | net0 mean -0.296 | 1s
tape_breadth_fee>=52_liq20k    S10/T8/H30         net50 {"n": 104, "pairs": 33, "win_rate": 41.3, "mean_pct": 0.072, "median_pct": -11.041, "pf": 1.008, "top_pair_share": 0.231, "trades_per_hour": 8.1, "exits": {"STOP": 47, "HOLD": 8, "TP": 39, "OPEN_AT_END/VANISHED": 10}} | net0 mean 1.074 | 1s
tape_breadth_fee>=52_liq20k    S20/T15/H30        net50 {"n": 83, "pairs": 33, "win_rate": 43.4, "mean_pct": 0.191, "median_pct": -9.59, "pf": 1.016, "top_pair_share": 0.217, "trades_per_hour": 6.47, "exits": {"HOLD": 20, "TP": 28, "OPEN_AT_END/VANISHED": 12, "STOP": 23}} | net0 mean 1.194 | 1s
tape_breadth_fee>=52_liq20k    S10/T5/H15         net50 {"n": 117, "pairs": 33, "win_rate": 48.7, "mean_pct": 1.204, "median_pct": -2.346, "pf": 1.187, "top_pair_share": 0.282, "trades_per_hour": 9.12, "exits": {"STOP": 39, "HOLD": 15, "TP": 53, "OPEN_AT_END/VANISHED": 10}} | net0 mean 2.217 | 1s
tape_breadth_fee>=52_liq20k    S10/trail8-4/H60   net50 {"n": 98, "pairs": 33, "win_rate": 35.7, "mean_pct": -0.364, "median_pct": -11.041, "pf": 0.958, "top_pair_share": 0.224, "trades_per_hour": 7.64, "exits": {"STOP": 43, "TRAIL": 39, "OPEN_AT_END/VANISHED": 11, "HOLD": 5}} | net0 mean 0.634 | 1s
wake_mid50k_va6h>=3_age1d      S5/T10/H60         net50 {"n": 38, "pairs": 12, "win_rate": 28.9, "mean_pct": -2.598, "median_pct": -3.247, "pf": 0.428, "top_pair_share": 0.132, "trades_per_hour": 5.2, "exits": {"STOP": 19, "TP": 6, "HOLD": 13}} | net0 mean -1.62 | 1s
wake_mid50k_va6h>=3_age1d      S10/T8/H30         net50 {"n": 34, "pairs": 12, "win_rate": 26.5, "mean_pct": -3.493, "median_pct": -4.08, "pf": 0.28, "top_pair_share": 0.118, "trades_per_hour": 4.66, "exits": {"HOLD": 24, "STOP": 5, "TP": 5}} | net0 mean -2.524 | 1s
wake_mid50k_va6h>=3_age1d      S20/T15/H30        net50 {"n": 33, "pairs": 12, "win_rate": 24.2, "mean_pct": -4.606, "median_pct": -4.395, "pf": 0.141, "top_pair_share": 0.121, "trades_per_hour": 4.52, "exits": {"HOLD": 31, "STOP": 2}} | net0 mean -3.648 | 1s
wake_mid50k_va6h>=3_age1d      S10/T5/H15         net50 {"n": 40, "pairs": 12, "win_rate": 22.5, "mean_pct": -3.435, "median_pct": -3.317, "pf": 0.234, "top_pair_share": 0.15, "trades_per_hour": 5.48, "exits": {"HOLD": 28, "STOP": 5, "TP": 7}} | net0 mean -2.465 | 1s
wake_mid50k_va6h>=3_age1d      S10/trail8-4/H60   net50 {"n": 32, "pairs": 12, "win_rate": 34.4, "mean_pct": -3.303, "median_pct": -0.948, "pf": 0.302, "top_pair_share": 0.125, "trades_per_hour": 4.38, "exits": {"HOLD": 19, "STOP": 8, "TRAIL": 5}} | net0 mean -2.332 | 1s
RANDOM in spike_hi50-250k_va1h>=1.4 S5/T10/H60         net50 {"n": 184, "pairs": 23, "win_rate": 15.2, "mean_pct": -5.327, "median_pct": -6.485, "pf": 0.266, "top_pair_share": 0.152, "trades_per_hour": 13.6, "exits": {"STOP": 144, "HOLD": 13, "TP": 22, "OPEN_AT_END/VANISHED": 5}} | 1s
RANDOM in spike_hi50-250k_va1h>=1.4 S20/T15/H30        net50 {"n": 125, "pairs": 23, "win_rate": 26.4, "mean_pct": -5.554, "median_pct": -4.463, "pf": 0.453, "top_pair_share": 0.144, "trades_per_hour": 9.47, "exits": {"HOLD": 68, "STOP": 27, "TP": 24, "OPEN_AT_END/VANISHED": 6}} | 1s
RANDOM in spike_hi50-250k_va1h>=1.4 S10/T5/H15         net50 {"n": 190, "pairs": 23, "win_rate": 22.1, "mean_pct": -5.464, "median_pct": -5.087, "pf": 0.28, "top_pair_share": 0.142, "trades_per_hour": 14.02, "exits": {"STOP": 72, "HOLD": 73, "TP": 39, "OPEN_AT_END/VANISHED": 5, "TP/VANISHED": 1}} | 1s
RANDOM in broad_ds_hi20k_uw5>=20    S5/T10/H60         net50 {"n": 394, "pairs": 53, "win_rate": 11.7, "mean_pct": -5.573, "median_pct": -6.575, "pf": 0.226, "top_pair_share": 0.102, "trades_per_hour": 29.04, "exits": {"STOP": 329, "OPEN_AT_END/VANISHED": 10, "HOLD": 18, "TP": 36, "STOP/VANISHED": 1}} | 1s
RANDOM in broad_ds_hi20k_uw5>=20    S20/T15/H30        net50 {"n": 241, "pairs": 53, "win_rate": 31.1, "mean_pct": -4.714, "median_pct": -5.005, "pf": 0.549, "top_pair_share": 0.075, "trades_per_hour": 18.19, "exits": {"TP": 57, "HOLD": 112, "OPEN_AT_END/VANISHED": 18, "STOP": 54}} | 1s
RANDOM in broad_ds_hi20k_uw5>=20    S10/T5/H15         net50 {"n": 354, "pairs": 53, "win_rate": 25.4, "mean_pct": -4.845, "median_pct": -6.234, "pf": 0.353, "top_pair_share": 0.088, "trades_per_hour": 26.04, "exits": {"STOP": 129, "OPEN_AT_END/VANISHED": 17, "HOLD": 122, "TP": 85, "TP/VANISHED": 1}} | 1s
RANDOM in tape_breadth_fee>=52_liq20k S5/T10/H60         net50 {"n": 193, "pairs": 39, "win_rate": 13.0, "mean_pct": -5.104, "median_pct": -6.557, "pf": 0.26, "top_pair_share": 0.161, "trades_per_hour": 14.18, "exits": {"STOP": 160, "TP": 21, "HOLD": 12}} | 1s
RANDOM in tape_breadth_fee>=52_liq20k S20/T15/H30        net50 {"n": 126, "pairs": 39, "win_rate": 34.1, "mean_pct": -3.192, "median_pct": -4.619, "pf": 0.66, "top_pair_share": 0.127, "trades_per_hour": 9.26, "exits": {"TP": 33, "HOLD": 66, "STOP": 26, "OPEN_AT_END/VANISHED": 1}} | 1s
RANDOM in tape_breadth_fee>=52_liq20k S10/T5/H15         net50 {"n": 174, "pairs": 39, "win_rate": 32.2, "mean_pct": -3.399, "median_pct": -4.453, "pf": 0.484, "top_pair_share": 0.149, "trades_per_hour": 12.78, "exits": {"STOP": 60, "HOLD": 58, "TP": 56}} | 1s
RANDOM in wake_mid50k_va6h>=3_age1d S5/T10/H60         net50 {"n": 97, "pairs": 13, "win_rate": 13.4, "mean_pct": -4.05, "median_pct": -6.115, "pf": 0.205, "top_pair_share": 0.134, "trades_per_hour": 11.93, "exits": {"TP": 6, "STOP": 63, "HOLD": 28}} | 1s
RANDOM in wake_mid50k_va6h>=3_age1d S20/T15/H30        net50 {"n": 97, "pairs": 13, "win_rate": 14.4, "mean_pct": -3.908, "median_pct": -3.421, "pf": 0.206, "top_pair_share": 0.113, "trades_per_hour": 12.05, "exits": {"HOLD": 91, "STOP": 3, "TP": 3}} | 1s
RANDOM in wake_mid50k_va6h>=3_age1d S10/T5/H15         net50 {"n": 135, "pairs": 13, "win_rate": 13.3, "mean_pct": -3.481, "median_pct": -3.537, "pf": 0.111, "top_pair_share": 0.111, "trades_per_hour": 16.6, "exits": {"HOLD": 117, "TP": 10, "STOP": 8}} | 1s
configs (signal x exit) evaluated on train: 20 total secs 32
