-- v1 BASELINES (1.4s) random_cost_first_guard
    train {"n": 27, "pairs": 5, "clusters": 23, "win_rate": 14.8, "mean_pct": -4.782, "median_pct": -2.484, "sum_usd": -258.2, "pf": 0.333, "ci95_mean_usd": [-23.571, 4.873], "ci95_mean_usd_pair": null, "trades_per_hour": 3.3, "top_pair_share": 0.259, "vanished": null, "gap_closed": null, "censored_end": null, "exits": {"HOLD": 18, "STOP": 6, "TP": 3}}
    holdout {"n": 43, "pairs": 5, "clusters": 38, "win_rate": 11.6, "mean_pct": -3.299, "median_pct": -2.775, "sum_usd": -283.73, "pf": 0.177, "ci95_mean_usd": [-10.445, -3.846], "ci95_mean_usd_pair": null, "trades_per_hour": 4.84, "top_pair_share": 0.302, "vanished": null, "gap_closed": null, "censored_end": null, "exits": {"HOLD": 27, "STOP": 9, "TP": 3, "OPEN_AT_END/END": 4}}
    holdout_model {"n": 43, "pairs": 5, "clusters": 38, "win_rate": 20.9, "mean_pct": -2.327, "median_pct": -1.798, "sum_usd": -200.16, "pf": 0.269, "ci95_mean_usd": [-8.54, -1.875], "ci95_mean_usd_pair": null, "trades_per_hour": 4.84, "top_pair_share": 0.302, "vanished": null, "gap_closed": null, "censored_end": null, "exits": {"HOLD": 27, "STOP": 9, "TP": 3, "OPEN_AT_END/END": 4}}
    portfolio(holdout, slots=3): {'taken': 30, 'final_balance': 764.78, 'max_drawdown_pct': 23.52}
-- v1 BASELINES (1.1s) random_all_pumpswap
    train {"n": 589, "pairs": 165, "clusters": 460, "win_rate": 10.0, "mean_pct": -9.938, "median_pct": -7.575, "sum_usd": -11706.56, "pf": 0.137, "ci95_mean_usd": [-23.036, -15.594], "ci95_mean_usd_pair": null, "trades_per_hour": 43.2, "top_pair_share": 0.025, "vanished": null, "gap_closed": null, "censored_end": null, "exits": {"TP": 26, "STOP": 467, "HOLD": 84, "OPEN_AT_END/VANISHED": 10, "STOP/VANISHED": 2}}
    holdout {"n": 468, "pairs": 132, "clusters": 394, "win_rate": 13.9, "mean_pct": -7.683, "median_pct": -6.267, "sum_usd": -7190.98, "pf": 0.089, "ci95_mean_usd": [-17.84, -12.976], "ci95_mean_usd_pair": null, "trades_per_hour": 51.53, "top_pair_share": 0.03, "vanished": null, "gap_closed": null, "censored_end": null, "exits": {"HOLD": 132, "TP": 24, "STOP": 267, "OPEN_AT_END/VANISHED": 15, "STOP/VANISHED": 2, "OPEN_AT_END/END": 28}}
    holdout_model {"n": 468, "pairs": 132, "clusters": 394, "win_rate": 20.1, "mean_pct": -6.761, "median_pct": -5.327, "sum_usd": -6327.93, "pf": 0.121, "ci95_mean_usd": [-16.022, -11.107], "ci95_mean_usd_pair": null, "trades_per_hour": 51.53, "top_pair_share": 0.03, "vanished": null, "gap_closed": null, "censored_end": null, "exits": {"HOLD": 132, "TP": 24, "STOP": 267, "OPEN_AT_END/VANISHED": 15, "STOP/VANISHED": 2, "OPEN_AT_END/END": 28}}
    portfolio(holdout, slots=3): {'taken': 67, 'final_balance': 150.57, 'max_drawdown_pct': 85.27}
-- v1 BASELINES (1.7s) random_mid_high_fee_guard
    train {"n": 240, "pairs": 36, "clusters": 163, "win_rate": 17.1, "mean_pct": -4.48, "median_pct": -6.322, "sum_usd": -2150.29, "pf": 0.288, "ci95_mean_usd": [-11.181, -6.949], "ci95_mean_usd_pair": null, "trades_per_hour": 17.64, "top_pair_share": 0.075, "vanished": null, "gap_closed": null, "censored_end": null, "exits": {"TP": 31, "HOLD": 37, "STOP": 166, "OPEN_AT_END/VANISHED": 6}}
    holdout {"n": 170, "pairs": 26, "clusters": 134, "win_rate": 17.1, "mean_pct": -4.316, "median_pct": -6.169, "sum_usd": -1467.51, "pf": 0.21, "ci95_mean_usd": [-11.619, -6.013], "ci95_mean_usd_pair": null, "trades_per_hour": 19.12, "top_pair_share": 0.088, "vanished": null, "gap_closed": null, "censored_end": null, "exits": {"HOLD": 47, "TP": 15, "STOP": 102, "OPEN_AT_END/VANISHED": 2, "OPEN_AT_END/END": 4}}
    holdout_model {"n": 170, "pairs": 26, "clusters": 134, "win_rate": 21.8, "mean_pct": -3.355, "median_pct": -5.226, "sum_usd": -1140.75, "pf": 0.287, "ci95_mean_usd": [-9.727, -4.064], "ci95_mean_usd_pair": null, "trades_per_hour": 19.12, "top_pair_share": 0.088, "vanished": null, "gap_closed": null, "censored_end": null, "exits": {"HOLD": 47, "TP": 15, "STOP": 102, "OPEN_AT_END/VANISHED": 2, "OPEN_AT_END/END": 4}}
    portfolio(holdout, slots=3): {'taken': 50, 'final_balance': 654.5, 'max_drawdown_pct': 35.27}
-- v2 BASELINES (1.7s) random_cost_first_guard
    train {"n": 28, "pairs": 5, "clusters": 24, "win_rate": 10.7, "mean_pct": -2.239, "median_pct": -2.237, "sum_usd": -125.39, "pf": 0.149, "ci95_mean_usd": [-6.695, -1.883], "ci95_mean_usd_pair": [-5.666, -3.477], "trades_per_hour": 2.05, "top_pair_share": 0.25, "vanished": 0, "gap_closed": 6, "censored_end": 0, "exits": {"HOLD": 14, "STOP": 7, "TP": 1, "FEED_GAP/GAP": 6}}
    holdout {"n": 40, "pairs": 5, "clusters": 37, "win_rate": 12.5, "mean_pct": -2.978, "median_pct": -2.81, "sum_usd": -238.26, "pf": 0.229, "ci95_mean_usd": [-10.168, -2.414], "ci95_mean_usd_pair": [-9.386, -4.016], "trades_per_hour": 4.39, "top_pair_share": 0.275, "vanished": 0, "gap_closed": 3, "censored_end": 4, "exits": {"FEED_GAP/GAP": 3, "HOLD": 23, "STOP": 7, "TP": 3, "OPEN_AT_END/END": 4}}
    holdout_model {"n": 40, "pairs": 5, "clusters": 37, "win_rate": 22.5, "mean_pct": -2.003, "median_pct": -1.833, "sum_usd": -160.26, "pf": 0.345, "ci95_mean_usd": [-8.261, -0.428], "ci95_mean_usd_pair": [-7.47, -2.047], "trades_per_hour": 4.39, "top_pair_share": 0.275, "vanished": 0, "gap_closed": 3, "censored_end": 4, "exits": {"FEED_GAP/GAP": 3, "HOLD": 23, "STOP": 7, "TP": 3, "OPEN_AT_END/END": 4}}
    portfolio(holdout, slots=3): {'taken': 27, 'final_balance': 795.2, 'max_drawdown_pct': 20.48, 'skipped_no_cash': 0}
-- v2 BASELINES (1.3s) random_all_pumpswap
    train {"n": 579, "pairs": 165, "clusters": 458, "win_rate": 9.3, "mean_pct": -11.102, "median_pct": -7.66, "sum_usd": -12855.87, "pf": 0.051, "ci95_mean_usd": [-24.409, -20.053], "ci95_mean_usd_pair": [-26.037, -18.344], "trades_per_hour": 42.4, "top_pair_share": 0.026, "vanished": 12, "gap_closed": 39, "censored_end": 0, "exits": {"TP": 22, "STOP": 449, "FEED_GAP/GAP": 39, "HOLD": 57, "OPEN_AT_END/VANISHED": 10, "STOP/VANISHED": 2}}
    holdout {"n": 468, "pairs": 132, "clusters": 397, "win_rate": 14.5, "mean_pct": -7.202, "median_pct": -5.379, "sum_usd": -6740.89, "pf": 0.138, "ci95_mean_usd": [-17.052, -11.883], "ci95_mean_usd_pair": [-18.481, -10.864], "trades_per_hour": 51.4, "top_pair_share": 0.03, "vanished": 14, "gap_closed": 24, "censored_end": 28, "exits": {"FEED_GAP/GAP": 24, "STOP": 263, "TP": 27, "OPEN_AT_END/VANISHED": 11, "HOLD": 112, "STOP/VANISHED": 3, "OPEN_AT_END/END": 28}}
    holdout_model {"n": 468, "pairs": 132, "clusters": 397, "win_rate": 20.5, "mean_pct": -6.275, "median_pct": -4.429, "sum_usd": -5873.51, "pf": 0.176, "ci95_mean_usd": [-15.225, -10.003], "ci95_mean_usd_pair": [-16.672, -8.975], "trades_per_hour": 51.4, "top_pair_share": 0.03, "vanished": 14, "gap_closed": 24, "censored_end": 28, "exits": {"FEED_GAP/GAP": 24, "STOP": 263, "TP": 27, "OPEN_AT_END/VANISHED": 11, "HOLD": 112, "STOP/VANISHED": 3, "OPEN_AT_END/END": 28}}
    portfolio(holdout, slots=3): {'taken': 49, 'final_balance': 468.52, 'max_drawdown_pct': 59.08, 'skipped_no_cash': 325}
-- v2 BASELINES (1.9s) random_mid_high_fee_guard
    train {"n": 236, "pairs": 36, "clusters": 164, "win_rate": 14.8, "mean_pct": -5.571, "median_pct": -6.402, "sum_usd": -2629.31, "pf": 0.189, "ci95_mean_usd": [-13.528, -9.042], "ci95_mean_usd_pair": [-13.229, -9.328], "trades_per_hour": 17.28, "top_pair_share": 0.076, "vanished": 6, "gap_closed": 13, "censored_end": 0, "exits": {"TP": 22, "HOLD": 32, "STOP": 163, "FEED_GAP/GAP": 13, "OPEN_AT_END/VANISHED": 6}}
    holdout {"n": 167, "pairs": 26, "clusters": 137, "win_rate": 18.6, "mean_pct": -4.692, "median_pct": -5.4, "sum_usd": -1567.29, "pf": 0.191, "ci95_mean_usd": [-13.498, -6.083], "ci95_mean_usd_pair": [-12.967, -6.415], "trades_per_hour": 18.34, "top_pair_share": 0.078, "vanished": 2, "gap_closed": 11, "censored_end": 5, "exits": {"FEED_GAP/GAP": 11, "TP": 16, "STOP": 92, "HOLD": 41, "OPEN_AT_END/VANISHED": 2, "OPEN_AT_END/END": 5}}
    holdout_model {"n": 167, "pairs": 26, "clusters": 137, "win_rate": 22.2, "mean_pct": -3.736, "median_pct": -4.452, "sum_usd": -1247.76, "pf": 0.262, "ci95_mean_usd": [-11.625, -4.136], "ci95_mean_usd_pair": [-11.09, -4.472], "trades_per_hour": 18.34, "top_pair_share": 0.078, "vanished": 2, "gap_closed": 11, "censored_end": 5, "exits": {"FEED_GAP/GAP": 11, "TP": 16, "STOP": 92, "HOLD": 41, "OPEN_AT_END/VANISHED": 2, "OPEN_AT_END/END": 5}}
    portfolio(holdout, slots=3): {'taken': 46, 'final_balance': 365.53, 'max_drawdown_pct': 64.09, 'skipped_no_cash': 40}
