== random_all_ps trades 1047 secs 1.9
  exits {'TP': 49, 'STOP': 712, 'FEED_GAP/GAP': 63, 'HOLD': 169, 'OPEN_AT_END/VANISHED': 21, 'STOP/VANISHED': 5, 'OPEN_AT_END/END': 28}
  trigger->fill gap s: p50 25.0 p90 33.9 p99 58.1 max 59.9 ; >60s 0 ; >600s 0
  exit fill at the SAME DexScreener price as the trigger point: 307 of 930 (33.0%)
  triggers at a point with missing liquidity (20% modeled impact): 2
  HOLD overshoot min: p50 0.27 p90 0.74 max 9.6
  STOP net0: n 712 median -7.86 p10 -26.73 min -100.01 (stop=-5)
  TP net0: n 49 median 12.01 p90 24.33 max 27.90 (tp=+10)
  END/OPEN_AT_END trades 49 mean net50 -8.47 ; their entries within 60 min of dataset end: 28
  VANISHED trades 26 mean net50 -18.17 (haircut 10% applied)
  holdout mean net50 all -7.202 (n 468) vs excluding entries in last 65 min -7.265 (n 405)
== random_cf_guard trades 68 secs 1.8
  exits {'HOLD': 37, 'STOP': 14, 'TP': 4, 'FEED_GAP/GAP': 9, 'OPEN_AT_END/END': 4}
  trigger->fill gap s: p50 24.2 p90 40.0 p99 56.7 max 56.7 ; >60s 0 ; >600s 0
  exit fill at the SAME DexScreener price as the trigger point: 19 of 55 (34.5%)
  triggers at a point with missing liquidity (20% modeled impact): 0
  HOLD overshoot min: p50 0.23 p90 0.83 max 1.0
  STOP net0: n 14 median -5.76 p10 -13.24 min -30.79 (stop=-5)
  TP net0: n 4 median 11.84 p90 12.40 max 12.40 (tp=+10)
  END/OPEN_AT_END trades 4 mean net50 -0.94 ; their entries within 60 min of dataset end: 4
  holdout mean net50 all -2.978 (n 40) vs excluding entries in last 65 min -3.205 (n 36)
== random_mid_fee trades 403 secs 2.2
  exits {'TP': 38, 'HOLD': 73, 'STOP': 255, 'FEED_GAP/GAP': 24, 'OPEN_AT_END/VANISHED': 8, 'OPEN_AT_END/END': 5}
  trigger->fill gap s: p50 30.3 p90 34.9 p99 58.2 max 59.9 ; >60s 0 ; >600s 0
  exit fill at the SAME DexScreener price as the trigger point: 62 of 366 (16.9%)
  triggers at a point with missing liquidity (20% modeled impact): 1
  HOLD overshoot min: p50 0.22 p90 0.77 max 5.2
  STOP net0: n 255 median -5.82 p10 -11.86 min -100.01 (stop=-5)
  TP net0: n 38 median 10.79 p90 19.37 max 25.91 (tp=+10)
  END/OPEN_AT_END trades 13 mean net50 -8.93 ; their entries within 60 min of dataset end: 5
  VANISHED trades 8 mean net50 -12.81 (haircut 10% applied)
  holdout mean net50 all -4.692 (n 167) vs excluding entries in last 65 min -4.772 (n 147)
