signed error bps = log(truth / fill); BUY fill optimistic if > 0, SELL fill optimistic if < 0
rule       context          n     mean   median  med|err|      MAE
SIGNAL_PX  ALL          32645    -10.8    -14.0      79.3    208.1
B          ALL          32645    -10.2    -14.6      72.6    187.7
F          ALL          32645     -3.3    -16.7      57.6    113.6
F20        ALL          32645     -3.1    -16.8      57.7    113.3
P20        ALL          32645     -4.5    -16.2      58.0    122.7
SIGNAL_PX  dn>2%         3553     23.0     37.8     184.2    410.5
B          dn>2%         3553     14.6     26.1     157.9    371.8
F          dn>2%         3553    -12.4     -5.9      92.2    213.4
F20        dn>2%         3553    -12.4     -6.4      91.2    212.2
P20        dn>2%         3553     -5.0      3.1      95.8    229.7
SIGNAL_PX  dn0.5-2       6637     21.8     43.6      76.9    164.8
B          dn0.5-2       6637     14.8     30.5      69.7    151.9
F          dn0.5-2       6637     -1.9    -17.9      55.7     90.0
F20        dn0.5-2       6637     -2.1    -17.8      55.7     89.6
P20        dn0.5-2       6637      5.8     -8.3      57.0    104.6
SIGNAL_PX  flat          9552     -1.7    -16.7      52.9    120.2
B          flat          9552     -3.9    -17.0      50.4    108.3
F          flat          9552     -3.5    -18.2      47.8     75.3
F20        flat          9552     -2.7    -18.3      47.8     75.5
P20        flat          9552     -5.6    -18.3      46.4     78.0
SIGNAL_PX  up0.5-2       8382    -20.9    -19.3      65.7    144.9
B          up0.5-2       8382    -17.4    -18.9      62.1    133.7
F          up0.5-2       8382      1.5    -14.6      56.2     90.4
F20        up0.5-2       8382      1.5    -14.8      56.3     89.9
P20        up0.5-2       8382     -6.2    -17.3      55.8     94.7
SIGNAL_PX  up>2%         4521    -85.6    -23.8     171.6    415.7
B          up>2%         4521    -66.0    -16.9     149.3    363.1
F          up>2%         4521     -6.4     -5.5      90.0    194.1
F20        up>2%         4521     -6.4     -7.2      90.9    193.5
P20        up>2%         4521    -13.7    -10.5      95.1    211.6
-- decisions at a FRESH point (DexScreener price just changed) only
B          fresh:dn>2%        701    -19.0     28.6     139.9    333.0
F          fresh:dn>2%        701    -19.0     -9.2     116.2    267.7
F20        fresh:dn>2%        701    -18.1     -9.0     114.8    266.7
P20        fresh:dn>2%        701      5.5     23.7     130.6    313.6
B          fresh:up>2%        779    -33.5    -20.6     142.4    289.0
F          fresh:up>2%        779    -10.2     -4.9     112.1    229.5
F20        fresh:up>2%        779    -10.4     -5.2     111.6    229.3
P20        fresh:up>2%        779    -28.0    -20.2     129.3    273.6
