pumpswap-SOL pairs 1549 vanished (>10 min before end) 1470
vanished pairs with any tape: 252; with tape trades after the last DexScreener point: 20; without: 232
  price change last DexScreener -> tape at +10 min: n 20 mean -14.2% median 0.9% p10 -70.7% p90 10.4%
  vanished pairs last liquidity $: p10 20 p50 20050 p90 57826
forward 60 min net % : survivors only (v1 forward_net) vs including vanished at last price -10%
  fee100-125   liq50-250k  n   9835 ->  10492  mean    0.47 ->   -1.04
  fee100-125   liq<50k     n  14548 ->  22239  mean  -14.55 ->  -19.33
  fee100-125   liq>=250k   n    333 ->    708  mean    7.69 ->  -10.43
  fee55-95     liq50-250k  n   8311 ->   8540  mean   -4.03 ->   -4.79
  fee55-95     liq>=250k   n   5793 ->   5793  mean   -2.95 ->   -2.95
  fee<=50      liq50-250k  n    653 ->    670  mean   -0.58 ->   -0.73
  fee<=50      liq>=250k   n  13695 ->  14463  mean   -0.49 ->   -3.52
random trades with an in-position feed gap > 5 min: 66 of 1057, mean net50 2.16 vs -9.68 others
  8TSAcyiP age_d 0.48 mcap_m 223.5 liq/mcap 0.61% ticker_reuse_before 1 first_cf_hour 8.3
  AzfHgMbz age_d 0.52 mcap_m 343.5 liq/mcap 0.49% ticker_reuse_before 0 first_cf_hour 8.3
  BTSpnpim age_d 3.85 mcap_m 22.9 liq/mcap 1.89% ticker_reuse_before 0 first_cf_hour 11.3
  Bmc7xtro age_d 1.62 mcap_m 94.9 liq/mcap 0.93% ticker_reuse_before 4 first_cf_hour 8.3
  DpenfQSG age_d 0.53 mcap_m 234.8 liq/mcap 0.59% ticker_reuse_before 0 first_cf_hour 11.3
  HYZCigd7 age_d 0.73 mcap_m 369.6 liq/mcap 0.47% ticker_reuse_before 2 first_cf_hour 8.3
  VFy2QcKA age_d 0.52 mcap_m 298.5 liq/mcap 0.52% ticker_reuse_before 1 first_cf_hour 8.3
  3oKvxwy5 age_d 0.27 mcap_m 242.3 liq/mcap 0.58% ticker_reuse_before 3 first_cf_hour 12.8
  EpakUVUm age_d 1.62 mcap_m 852.8 liq/mcap 0.31% ticker_reuse_before 1 first_cf_hour 8.3
  FeCGDeqW age_d 0.19 mcap_m 253.7 liq/mcap 0.57% ticker_reuse_before 1 first_cf_hour 10.5
