== random (tape pools)
  v1 ALL   tape-checked n   97 of 1832 | optimism mean  -0.08% median  -0.27% mean|diff| 3.08%
  v1 STOP  tape-checked n   87 of 1832 | optimism mean  -0.64% median  -0.33%
  v1 TP    tape-checked n   10 of 1832 | optimism mean  +4.78% median  +3.08%
  v2 ALL   tape-checked n   77 of 1760 | optimism mean  -0.62% median  -0.37% mean|diff| 2.31%
  v2 STOP  tape-checked n   69 of 1760 | optimism mean  -0.54% median  -0.38%
  v2 TP    tape-checked n    6 of 1760 | optimism mean  -1.84% median  -0.37%
  v2 HOLD  tape-checked n    2 of 1760 | optimism mean  +0.18% median  +0.30%
== momentum +3%/60s (tape pools)
  v1 ALL   tape-checked n   73 of  958 | optimism mean  -1.31% median  -0.75% mean|diff| 2.65%
  v1 STOP  tape-checked n   65 of  958 | optimism mean  -1.51% median  -0.79%
  v1 TP    tape-checked n    8 of  958 | optimism mean  +0.34% median  +0.68%
  v2 ALL   tape-checked n   57 of  878 | optimism mean  +0.21% median  +0.00% mean|diff| 2.43%
  v2 STOP  tape-checked n   51 of  878 | optimism mean  +0.11% median  -0.13%
  v2 TP    tape-checked n    6 of  878 | optimism mean  +1.09% median  +0.95%
== dip -3%/60s (tape pools)
  v1 ALL   tape-checked n   46 of  957 | optimism mean  -0.92% median  -1.08% mean|diff| 3.20%
  v1 STOP  tape-checked n   42 of  957 | optimism mean  -1.24% median  -1.22%
  v1 TP    tape-checked n    4 of  957 | optimism mean  +2.46% median  +1.09%
  v2 ALL   tape-checked n   42 of  905 | optimism mean  +0.94% median  +0.55% mean|diff| 3.22%
  v2 STOP  tape-checked n   33 of  905 | optimism mean  +0.80% median  +0.25%
  v2 TP    tape-checked n    9 of  905 | optimism mean  +1.45% median  +0.70%
== momentum tight -3/+3/15 (tape pools)
  v1 ALL   tape-checked n  135 of 1222 | optimism mean  -0.70% median  -0.02% mean|diff| 1.68%
  v1 STOP  tape-checked n  129 of 1222 | optimism mean  -0.77% median  -0.07%
  v1 TP    tape-checked n    6 of 1222 | optimism mean  +0.76% median  +0.56%
  v2 ALL   tape-checked n  109 of 1146 | optimism mean  +0.12% median  +0.18% mean|diff| 1.89%
  v2 STOP  tape-checked n  100 of 1146 | optimism mean  +0.08% median  +0.18%
  v2 TP    tape-checked n    9 of 1146 | optimism mean  +0.49% median  +0.91%
