  RANDOM E2 W= 60 hot>=0   n= 41 pairs=22 mean50= -5.02 med= -3.94 win=19.5 pf=0.243 top=0.10 ci=[-15.267, -4.021]
  RANDOM E2 W= 60 cold<-4  n=133 pairs=38 mean50= -3.33 med= -4.27 win=29.3 pf=0.596 top=0.07 ci=[-12.43, -1.073]
  RANDOM E2 W=120 hot>=0   n=  2 pairs= 2 mean50=-12.37 med= -7.65 win= 0.0 pf=0.0 top=0.50 ci=[None, None]
  RANDOM E2 W=120 cold<-4  n=141 pairs=38 mean50= -4.02 med= -4.36 win=29.8 pf=0.524 top=0.06 ci=[-13.507, -2.55]
  RANDOM E3 W= 60 hot>=0   n= 15 pairs=15 mean50= -4.12 med= -4.02 win=33.3 pf=0.332 top=0.07 ci=[-20.5, 2.388]
  RANDOM E3 W= 60 cold<-4  n=180 pairs=40 mean50= -5.12 med= -3.81 win=18.3 pf=0.274 top=0.06 ci=[-14.341, -6.454]
  RANDOM E3 W=120 hot>=0   n=0
  RANDOM E3 W=120 cold<-4  n=202 pairs=40 mean50= -5.34 med= -3.43 win=20.8 pf=0.287 top=0.07 ci=[-15.016, -6.567]
  MOMO   E2 W= 60 hot>=0   n= 54 pairs=21 mean50= -6.29 med=-14.69 win=35.2 pf=0.439 top=0.18 ci=[-21.733, -2.879]
  MOMO   E2 W= 60 cold<-4  n=101 pairs=29 mean50= -7.61 med=-12.61 win=26.7 pf=0.383 top=0.15 ci=[-23.135, -7.052]
  MOMO   E2 W=120 hot>=0   n= 21 pairs=15 mean50= -9.79 med=-14.64 win=23.8 pf=0.2 top=0.14 ci=[-30.938, -8.544]
  MOMO   E2 W=120 cold<-4  n= 94 pairs=28 mean50= -5.96 med=-12.07 win=33.0 pf=0.501 top=0.17 ci=[-21.132, -3.157]
  MOMO   E3 W= 60 hot>=0   n= 24 pairs=16 mean50=-12.94 med= -9.68 win=20.8 pf=0.119 top=0.17 ci=[-41.313, -12.414]
  MOMO   E3 W= 60 cold<-4  n=130 pairs=31 mean50= -7.90 med= -4.89 win=25.4 pf=0.273 top=0.11 ci=[-23.594, -8.517]
  MOMO   E3 W=120 hot>=0   n=  8 pairs= 7 mean50=-20.30 med=-13.32 win=12.5 pf=0.015 top=0.25 ci=[-64.98, -17.881]
  MOMO   E3 W=120 cold<-4  n=143 pairs=31 mean50= -7.68 med= -4.79 win=29.4 pf=0.302 top=0.10 ci=[-21.994, -8.663]
  DIP    E2 W= 60 hot>=0   n= 33 pairs=15 mean50= -4.38 med=-15.90 win=36.4 pf=0.593 top=0.21 ci=[-19.649, 2.503]
  DIP    E2 W= 60 cold<-4  n= 56 pairs=19 mean50= -1.78 med= -3.60 win=35.7 pf=0.806 top=0.20 ci=[-14.219, 8.7]
  DIP    E2 W=120 hot>=0   n= 29 pairs=11 mean50= -7.47 med=-16.39 win=27.6 pf=0.433 top=0.28 ci=[-26.787, -1.536]
  DIP    E2 W=120 cold<-4  n= 41 pairs=18 mean50= -3.77 med= -8.83 win=29.3 pf=0.651 top=0.17 ci=[-20.693, 6.639]
  DIP    E3 W= 60 hot>=0   n= 37 pairs=17 mean50=  0.84 med= -5.14 win=35.1 pf=1.08 top=0.19 ci=[-24.951, 37.928]
  DIP    E3 W= 60 cold<-4  n= 42 pairs=18 mean50= -4.66 med= -3.67 win=35.7 pf=0.527 top=0.12 ci=[-26.073, 5.721]
  DIP    E3 W=120 hot>=0   n= 28 pairs=15 mean50=  1.79 med= -5.29 win=28.6 pf=1.143 top=0.21 ci=[-29.798, 52.483]
  DIP    E3 W=120 cold<-4  n= 49 pairs=18 mean50= -2.76 med= -3.67 win=38.8 pf=0.66 top=0.12 ci=[-17.664, 5.68]
configs_tried step5: 24
