== (a) market level, TRAIN minutes: median fwd 30-min gross % of active liquid pools, by med15 bin
   med15 in [-99.0, -0.5) minutes= 142 hours= 9  median-pool fwd30 gross % mean= 0.245 ci=[-0.433, 1.069]
   med15 in [ -0.5, -0.2) minutes=  61 hours= 9  median-pool fwd30 gross % mean= 0.224 ci=[-0.621, 1.313]
   med15 in [ -0.2,  0.0) minutes=  59 hours=12  median-pool fwd30 gross % mean=-0.361 ci=[-0.907, 0.475]
   med15 in [  0.0,  0.3) minutes= 170 hours=13  median-pool fwd30 gross % mean= 0.038 ci=[-0.653, 0.776]
   med15 in [  0.3, 99.0) minutes= 216 hours=12  median-pool fwd30 gross % mean=-0.604 ci=[-1.523, 0.072]
== (b) panel U_liquid, TRAIN: 1/min random samples, forward net50 (%), by med15 bin, hour-block CI
   med15  [-99.00,-0.50) n= 1570 hours=10 pairs=35  f30= -2.94 [-4.41,-1.23]  f60= -3.13 [-5.36,-1.13]
   med15  [-0.50,-0.20) n=  945 hours=10 pairs=35  f30= -2.50 [-4.38,-0.83]  f60= -2.69 [-5.95,-1.08]
   med15  [-0.20, 0.00) n= 1133 hours=13 pairs=36  f30= -3.50 [-5.22,-1.8]  f60= -3.42 [-5.74,-1.6]
   med15  [ 0.00, 0.30) n= 2802 hours=14 pairs=39  f30= -3.62 [-4.84,-2.55]  f60= -3.49 [-5.47,-2.13]
   med15  [ 0.30,99.00) n= 4004 hours=14 pairs=37  f30= -4.11 [-6.23,-3.04]  f60= -4.64 [-7.51,-2.89]
   med15n [-99.00,-0.50) n= 1429 hours= 9 pairs=33  f30= -3.17 [-4.52,-1.81]  f60= -2.96 [-5.54,-1.03]
   med15n [-0.50,-0.20) n=  782 hours=10 pairs=34  f30= -2.80 [-4.27,-1.11]  f60= -2.92 [-4.55,-0.97]
   med15n [-0.20, 0.00) n=  704 hours=10 pairs=35  f30= -3.52 [-5.24,-1.06]  f60= -3.93 [-7.21,-1.85]
   med15n [ 0.00, 0.30) n= 2731 hours=14 pairs=38  f30= -3.41 [-4.78,-2.17]  f60= -3.52 [-5.91,-1.89]
   med15n [ 0.30,99.00) n= 4808 hours=14 pairs=37  f30= -3.96 [-5.79,-3.07]  f60= -4.33 [-7.01,-2.72]
   rank   [ 0.00, 0.10) n=  390 hours= 7 pairs=30  f30= -2.66 [-4.13,-0.23]  f60= -1.78 [-5.67,1.65]
   rank   [ 0.10, 0.25) n=  938 hours=10 pairs=34  f30= -2.77 [-4.59,-0.78]  f60= -2.61 [-5.1,-0.05]
   rank   [ 0.25, 0.50) n= 2994 hours=13 pairs=37  f30= -3.36 [-4.94,-1.93]  f60= -3.28 [-5.86,-1.49]
   rank   [ 0.50, 0.75) n= 3052 hours=13 pairs=36  f30= -3.67 [-4.62,-3.11]  f60= -3.45 [-4.99,-2.45]
   rank   [ 0.75, 1.01) n= 2585 hours=12 pairs=35  f30= -4.03 [-6.35,-2.62]  f60= -4.82 [-7.8,-2.58]
   fee[0,60) all n=2669 f30=-1.98 f60=-1.54 | med15<-0.2 n=442 f30=-1.63 f60=-1.30
   fee[60,100) all n=4413 f30=-4.06 f60=-4.61 | med15<-0.2 n=1041 f30=-4.02 f60=-4.00
   fee[100,200) all n=3872 f30=-4.32 f60=-4.64 | med15<-0.2 n=1032 f30=-2.02 f60=-2.62
== (c) strategy variants, TRAIN entries only
  RANDOM E2 med15n<-0.2  n= 62 pairs=28 mean50= -1.85 med= -4.42 win=29.0 pf=0.746 top=0.08 ci=[-11.527, 4.083]
  RANDOM E2 rank<0.2     n= 36 pairs=20 mean50= -0.04 med= -3.72 win=30.6 pf=0.993 top=0.11 ci=[-8.872, 9.568]
  RANDOM E2 br15<0.35    n= 29 pairs=16 mean50=  0.62 med= -4.36 win=34.5 pf=1.115 top=0.14 ci=[-8.657, 11.891]
  RANDOM E2 med15<-0.5   n= 56 pairs=27 mean50= -1.90 med= -4.41 win=26.8 pf=0.731 top=0.09 ci=[-10.739, 4.221]
  RANDOM E3 med15n<-0.2  n= 70 pairs=28 mean50= -3.33 med= -3.27 win=18.6 pf=0.456 top=0.10 ci=[-12.523, -0.26]
  RANDOM E3 rank<0.2     n= 36 pairs=20 mean50= -2.23 med= -4.36 win=22.2 pf=0.606 top=0.11 ci=[-12.606, 5.018]
  RANDOM E3 br15<0.35    n= 33 pairs=16 mean50=  0.13 med= -3.60 win=30.3 pf=1.032 top=0.18 ci=[-7.757, 10.488]
  RANDOM E3 med15<-0.5   n= 62 pairs=27 mean50= -2.86 med= -3.90 win=19.4 pf=0.498 top=0.11 ci=[-11.249, 0.441]
  MOMO   E2 med15n<-0.2  n= 70 pairs=25 mean50= -3.20 med= -4.84 win=40.0 pf=0.66 top=0.19 ci=[-13.937, 1.56]
  MOMO   E2 rank<0.2     n= 42 pairs=18 mean50= -6.33 med=-13.35 win=35.7 pf=0.435 top=0.24 ci=[-22.876, -1.875]
  MOMO   E2 br15<0.35    n= 38 pairs=11 mean50= -3.23 med= -7.54 win=34.2 pf=0.672 top=0.32 ci=[-17.372, 6.247]
  MOMO   E2 med15<-0.5   n= 63 pairs=22 mean50= -4.57 med= -7.20 win=36.5 pf=0.544 top=0.21 ci=[-17.357, -0.543]
  MOMO   E3 med15n<-0.2  n= 68 pairs=25 mean50= -5.29 med= -2.55 win=36.8 pf=0.442 top=0.16 ci=[-21.216, 0.098]
  MOMO   E3 rank<0.2     n= 42 pairs=18 mean50=-10.72 med= -4.54 win=26.2 pf=0.154 top=0.21 ci=[-34.883, -9.483]
  MOMO   E3 br15<0.35    n= 38 pairs=11 mean50= -0.70 med= -3.29 win=42.1 pf=0.907 top=0.24 ci=[-13.486, 12.806]
  MOMO   E3 med15<-0.5   n= 58 pairs=22 mean50= -1.73 med= -3.33 win=32.8 pf=0.813 top=0.19 ci=[-20.3, 17.829]
  DIP    E2 med15n<-0.2  n= 46 pairs=17 mean50= -1.46 med= -5.88 win=39.1 pf=0.838 top=0.24 ci=[-12.87, 7.148]
  DIP    E2 rank<0.2     n= 28 pairs=12 mean50= -3.45 med= -7.22 win=32.1 pf=0.656 top=0.25 ci=[-19.63, 7.372]
  DIP    E2 br15<0.35    n= 30 pairs=16 mean50= -0.19 med= -3.06 win=43.3 pf=0.977 top=0.23 ci=[-12.398, 11.351]
  DIP    E2 med15<-0.5   n= 43 pairs=17 mean50= -2.75 med=-15.88 win=34.9 pf=0.711 top=0.26 ci=[-15.074, 4.915]
  DIP    E3 med15n<-0.2  n= 41 pairs=17 mean50=  1.89 med= -3.28 win=39.0 pf=1.19 top=0.22 ci=[-19.766, 36.986]
  DIP    E3 rank<0.2     n= 28 pairs=12 mean50= -5.81 med= -2.40 win=28.6 pf=0.392 top=0.25 ci=[-31.495, 3.995]
  DIP    E3 br15<0.35    n= 30 pairs=16 mean50= -4.06 med= -4.06 win=40.0 pf=0.585 top=0.23 ci=[-27.308, 8.378]
  DIP    E3 med15<-0.5   n= 39 pairs=17 mean50=  0.83 med= -5.14 win=33.3 pf=1.08 top=0.23 ci=[-23.648, 36.902]
  DIP    E1 med15<-0.2    n= 69 pairs=22 mean50= -4.37 med= -6.39 win=18.8 pf=0.35 top=0.20 ci=[-12.844, -4.583]
configs_tried step4: 25
