a time60 done 0.6 s
a time120 done 0.9 s
a time300 done 1.1 s
a net1 done 2.1 s
a net2 done 2.9 s
a net3 done 3.7 s
a move1 done 3.9 s
a move2 done 4.0 s
a move3 done 4.2 s
b time60 done 5.4 s
b time120 done 6.1 s
b time300 done 6.5 s
b net1 done 8.3 s
b net2 done 9.8 s
b net3 done 11.2 s
b move1 done 11.5 s
b move2 done 11.8 s
b move3 done 12.1 s
c time60 done 13.0 s
c time120 done 13.4 s
c time300 done 13.7 s
c net1 done 15.1 s
c net2 done 16.1 s
c net3 done 17.0 s
c move1 done 17.2 s
c move2 done 17.5 s
c move3 done 17.7 s
total secs 17.7
