== a ('time', 120) 5 25.0 {} n 1173
  gross move % mean 0.268 median 0.000 p10 -0.537 p90 0.517 p1 -1.317 p99 1.102 | zero-move share 0.264
  net50 mean -3.174 median -3.368 p10 -3.987 p90 -2.893 sd 8.481
  gross mean trimmed 1%/1%: -0.006
  top HMzvsEEm HOLD  net0 291.93 hold 159 fee 30.0 liq 1784361
  top HMzvsEEm HOLD  net0 43.88 hold 128 fee 30.0 liq 2853889
  top FnzKY6x7 HOLD  net0 2.38 hold 143 fee 30.0 liq 2381119
  top 2DVbU5h8 HOLD  net0 1.69 hold 145 fee 40.0 liq 515667
  bot EfV2XaBq OPEN_AT_END VANISHED net0 -11.01 hold 31 fee 30.0 liq 336889
  bot ELUGVyux OPEN_AT_END VANISHED net0 -10.69 hold 61 fee 37.5 liq 286162
  bot 7wCarEYc HOLD  net0 -5.74 hold 161 fee 42.5 liq 267766
  pair FnzKY6x7 n  284 gross mean -0.012 net50 mean -3.379 fee 30.0
  pair HMzvsEEm n  218 gross mean +1.563 net50 mean -1.855 fee 30.0
  pair 7wCarEYc n  195 gross mean -0.093 net50 mean -3.729 fee 40.0
  pair 4w2cysot n  189 gross mean +0.076 net50 mean -3.293 fee 30.0
  pair 5wNu5Qhd n  161 gross mean +0.025 net50 mean -3.344 fee 30.0
  pair 2DVbU5h8 n  109 gross mean -0.029 net50 mean -3.602 fee 40.0
  pair ELUGVyux n   16 gross mean -0.587 net50 mean -4.109 fee 37.5
  pair EfV2XaBq n    1 gross mean -10.000 net50 mean -13.061 fee 30.0
  trades per clock hour: [0, 0, 0, 0, 0, 0, 22, 28, 24, 48, 63, 69, 3, 32, 48, 24, 86, 98, 98, 65, 76, 76, 74, 58, 74, 70, 37]
== a ('time', 60) 3 25.0 {} n 1443
  gross move % mean -0.079 median 0.000 p10 -0.497 p90 0.500 p1 -0.928 p99 0.873 | zero-move share 0.387
  net50 mean -3.510 median -3.367 p10 -3.884 p90 -2.954 sd 2.123
  gross mean trimmed 1%/1%: 0.004
  top FnzKY6x7 HOLD  net0 1.88 hold 94 fee 30.0 liq 2381119
  top 2DVbU5h8 HOLD  net0 1.79 hold 75 fee 40.0 liq 515667
  top 4w2cysot HOLD  net0 0.55 hold 101 fee 30.0 liq 3136798
  top HMzvsEEm HOLD  net0 0.49 hold 96 fee 30.0 liq 2850678
  bot HMzvsEEm HOLD  net0 -75.02 hold 98 fee 30.0 liq 2847801
  bot HMzvsEEm HOLD  net0 -31.85 hold 90 fee 30.0 liq 3501694
  bot ELUGVyux OPEN_AT_END VANISHED net0 -11.15 hold 26 fee 37.5 liq 287023
  pair FnzKY6x7 n  376 gross mean +0.010 net50 mean -3.358 fee 30.0
  pair HMzvsEEm n  265 gross mean -0.370 net50 mean -3.724 fee 30.0
  pair 7wCarEYc n  243 gross mean -0.034 net50 mean -3.671 fee 40.0
  pair 4w2cysot n  221 gross mean +0.056 net50 mean -3.312 fee 30.0
  pair 5wNu5Qhd n  183 gross mean -0.007 net50 mean -3.374 fee 30.0
  pair 2DVbU5h8 n  134 gross mean -0.015 net50 mean -3.588 fee 40.0
  pair ELUGVyux n   20 gross mean -0.501 net50 mean -4.026 fee 37.5
  pair EfV2XaBq n    1 gross mean -10.000 net50 mean -13.061 fee 30.0
  trades per clock hour: [0, 0, 0, 0, 0, 0, 33, 43, 33, 68, 75, 89, 3, 45, 63, 29, 102, 105, 108, 84, 94, 94, 89, 72, 88, 80, 46]
== c ('time', 120) 3 25.0 {'cooldown_s': 300} n 1194
  gross move % mean 0.031 median 0.000 p10 -1.219 p90 1.295 p1 -6.554 p99 6.123 | zero-move share 0.156
  net50 mean -3.973 median -3.866 p10 -5.532 p90 -2.865 sd 2.339
  gross mean trimmed 1%/1%: -0.009
  top BaiHzFqn HOLD  net0 49.27 hold 153 fee 105.0 liq 75728
  top 53W7r4XU HOLD  net0 13.15 hold 153 fee 100.0 liq 103957
  top 53W7r4XU HOLD  net0 9.69 hold 155 fee 100.0 liq 106253
  top BaiHzFqn HOLD  net0 9.39 hold 159 fee 110.0 liq 62968
  bot BNG5962Z HOLD  net0 -18.56 hold 152 fee 110.0 liq 61119
  bot GLL3Czyb OPEN_AT_END VANISHED net0 -12.20 hold 0 fee 95.0 liq 148477
  bot 53W7r4XU HOLD  net0 -11.87 hold 151 fee 100.0 liq 104628
  pair 8ewuF2o8 n   75 gross mean +0.273 net50 mean -4.063 fee 85.0
  pair FnzKY6x7 n   71 gross mean +0.033 net50 mean -3.336 fee 30.0
  pair 53W7r4XU n   69 gross mean +0.154 net50 mean -4.413 fee 100.0
  pair 4R8CiMnJ n   64 gross mean -0.125 net50 mean -4.032 fee 70.0
  pair 2B8tftZ5 n   62 gross mean -0.132 net50 mean -4.247 fee 80.0
  pair 6e3jZLtf n   62 gross mean -0.003 net50 mean -3.879 fee 60.0
  pair DA4pM4xS n   62 gross mean +0.011 net50 mean -3.751 fee 60.0
  pair BFrSZake n   55 gross mean -0.121 net50 mean -4.585 fee 90.0
  pair 867dKvaC n   53 gross mean -0.047 net50 mean -3.820 fee 60.0
  pair HMzvsEEm n   50 gross mean -0.097 net50 mean -3.460 fee 30.0
  trades per clock hour: [0, 3, 7, 6, 9, 10, 43, 60, 61, 63, 62, 60, 1, 45, 48, 21, 68, 67, 67, 67, 67, 66, 66, 65, 65, 64, 33]
== b ('time', 60) 3 25.0 {'cooldown_s': 300} n 1557
  gross move % mean -0.082 median 0.000 p10 -0.990 p90 0.881 p1 -3.680 p99 2.872 | zero-move share 0.216
  net50 mean -3.934 median -3.793 p10 -4.939 p90 -2.976 sd 2.117
  gross mean trimmed 1%/1%: -0.034
  top 8ewuF2o8 HOLD  net0 8.91 hold 89 fee 90.0 liq 196682
  top 2B8tftZ5 HOLD  net0 4.06 hold 91 fee 75.0 liq 255513
  top 867dKvaC HOLD  net0 3.50 hold 122 fee 65.0 liq 250323
  top 2B8tftZ5 HOLD  net0 3.18 hold 110 fee 85.0 liq 203207
  bot HMzvsEEm HOLD  net0 -75.10 hold 67 fee 30.0 liq 2852103
  bot GLL3Czyb FEED_GAP GAP net0 -10.02 hold 7728 fee 95.0 liq 144258
  bot 4R8CiMnJ FEED_GAP GAP net0 -9.09 hold 3902 fee 75.0 liq 306534
  pair FnzKY6x7 n  110 gross mean +0.024 net50 mean -3.344 fee 30.0
  pair 2B8tftZ5 n  104 gross mean -0.118 net50 mean -4.228 fee 80.0
  pair 8ewuF2o8 n  103 gross mean -0.061 net50 mean -4.376 fee 90.0
  pair DA4pM4xS n  101 gross mean +0.009 net50 mean -3.756 fee 60.0
  pair 4R8CiMnJ n   96 gross mean -0.198 net50 mean -4.107 fee 70.0
  pair 6e3jZLtf n   93 gross mean -0.034 net50 mean -3.909 fee 60.0
  pair 867dKvaC n   90 gross mean -0.106 net50 mean -3.879 fee 60.0
  pair HMzvsEEm n   85 gross mean -0.866 net50 mean -4.204 fee 30.0
  pair GLL3Czyb n   83 gross mean -0.225 net50 mean -4.646 fee 90.0
  pair 3dcwhqJp n   79 gross mean +0.004 net50 mean -3.927 fee 70.0
  trades per clock hour: [0, 0, 0, 0, 0, 0, 40, 65, 64, 85, 90, 64, 1, 63, 69, 31, 103, 94, 101, 97, 95, 96, 97, 82, 84, 88, 48]
