points 58527 train 40738 holdout 17789

== unconditional (every guarded decision point), TRAIN, mean net0 / net50 %; n; fallback share
bucket le50 liq>=50k points 12260 pools 19
    A 60s n12247 -1.40/-3.02 fb0.00 | 120s n12247 -1.64/-3.26 fb0.00 | 180s n12247 -1.97/-3.58 fb0.00 | 300s n12247 -2.50/-4.10 fb0.00
    B2 60s n12260 -1.35/-2.98 fb0.03 | 120s n12260 -1.61/-3.23 fb0.14 | 180s n12260 -1.92/-3.54 fb0.20 | 300s n12260 -2.41/-4.01 fb0.27
    B5 60s n12260 -1.37/-2.99 fb0.04 | 120s n12260 -1.63/-3.25 fb0.15 | 180s n12260 -1.93/-3.55 fb0.20 | 300s n12260 -2.41/-4.02 fb0.28
bucket 55_95 liq>=50k points 18934 pools 26
    A 60s n18924 -2.33/-3.71 fb0.00 | 120s n18924 -2.28/-3.66 fb0.00 | 180s n18924 -2.18/-3.56 fb0.00 | 300s n18924 -2.11/-3.49 fb0.00
    B2 60s n18934 -2.32/-3.70 fb0.05 | 120s n18934 -2.25/-3.63 fb0.18 | 180s n18934 -2.13/-3.51 fb0.21 | 300s n18934 -1.84/-3.22 fb0.24
    B5 60s n18934 -2.32/-3.70 fb0.06 | 120s n18934 -2.23/-3.61 fb0.18 | 180s n18934 -2.11/-3.49 fb0.21 | 300s n18934 -1.82/-3.21 fb0.24
bucket 100_125 liq>=50k points 7313 pools 16
    A 60s n7309 -3.46/-4.82 fb0.00 | 120s n7309 -3.28/-4.64 fb0.00 | 180s n7309 -3.20/-4.57 fb0.00 | 300s n7309 -3.46/-4.82 fb0.00
    B2 60s n7313 -3.09/-4.46 fb0.06 | 120s n7313 -3.45/-4.81 fb0.24 | 180s n7313 -3.21/-4.58 fb0.25 | 300s n7313 -3.32/-4.68 fb0.31
    B5 60s n7313 -3.16/-4.52 fb0.09 | 120s n7313 -3.44/-4.80 fb0.24 | 180s n7313 -3.18/-4.55 fb0.25 | 300s n7313 -3.32/-4.68 fb0.31

== feature quantiles (TRAIN, guarded, liq>=50k, fee<=95)
   f30 ub [1, 3, 11, 15, 19, 27]
   f60 ub [2, 5, 18, 26, 33, 47]
   f30 nb [1, 3, 15, 24, 32, 51]
   f60 nb [3, 5, 30, 50, 65, 104]
   f30 ns [1, 2, 5, 10, 17, 28]
   f60 ns [2, 3, 10, 19, 35, 55]
   f30 net_sol [-6.192, -1.672, 0.101, 1.898, 5.72, 19.707]
   f60 net_sol [-8.795, -2.358, 0.188, 3.057, 8.953, 31.228]
   f30 bsol [0.238, 0.587, 2.651, 6.284, 12.197, 31.978]
   f60 bsol [0.567, 1.287, 5.983, 12.729, 23.445, 60.496]
   f30 top_share [0.271, 0.374, 0.518, 0.704, 0.983, 1.0]
   f60 top_share [0.195, 0.264, 0.37, 0.529, 0.747, 1.0]
   tret60 [-2.458, -0.724, 0.073, 1.072, 3.054, 12.385]
   heat any share 0.776
   heat flags {'bshare': 13981, 'pc': 20130, 'turnover': 5089, 'ret5': 8966, 'vacc': 4043, 'crash': 150}
   mid_age [1.999, 1.999, 2.999, 2.999, 4.999, 26.999]

== within-pool timing contrast (TRAIN, guarded, liq>=50k, fee<=95): burst points minus other points, net0 %
  ub30>=3&net>0&top<.5       B2  60s (0.098, -0.598, 0.358, 30, 8623) sig0.276 | 120s (0.137, -0.376, 0.419, 30, 8623) sig0.276 | 300s (0.108, -0.581, 0.962, 30, 8623) sig0.276
  ub30>=3&net>0&top<.5       B5  60s (0.109, -0.522, 0.338, 30, 8623) sig0.276 | 120s (0.156, -0.291, 0.423, 30, 8623) sig0.276 | 300s (0.134, -0.524, 1.11, 30, 8623) sig0.276
  ub30>=3&net>0&top<.5       A   60s (0.464, -0.213, 0.693, 30, 8620) sig0.277 | 120s (0.499, -0.091, 0.788, 30, 8620) sig0.277 | 300s (0.486, -0.275, 1.471, 30, 8620) sig0.277
  ub30>=4&net>0&top<.5       B2  60s (0.141, -0.633, 0.435, 22, 8060) sig0.258 | 120s (0.168, -0.376, 0.496, 22, 8060) sig0.258 | 300s (0.13, -0.606, 1.133, 22, 8060) sig0.258
  ub30>=4&net>0&top<.5       B5  60s (0.147, -0.575, 0.406, 22, 8060) sig0.258 | 120s (0.183, -0.285, 0.516, 22, 8060) sig0.258 | 300s (0.156, -0.547, 1.303, 22, 8060) sig0.258
  ub30>=4&net>0&top<.5       A   60s (0.52, -0.17, 0.77, 22, 8057) sig0.258 | 120s (0.547, -0.031, 0.896, 22, 8057) sig0.258 | 300s (0.528, -0.293, 1.637, 22, 8057) sig0.258
  ub60>=5&net>0&top<.5       B2  60s (0.088, -0.381, 0.233, 24, 10783) sig0.346 | 120s (0.156, -0.325, 0.377, 24, 10783) sig0.346 | 300s (0.252, -0.51, 0.788, 24, 10783) sig0.346
  ub60>=5&net>0&top<.5       B5  60s (0.079, -0.356, 0.231, 24, 10783) sig0.346 | 120s (0.155, -0.29, 0.361, 24, 10783) sig0.346 | 300s (0.243, -0.464, 0.768, 24, 10783) sig0.346
  ub60>=5&net>0&top<.5       A   60s (0.344, -0.14, 0.52, 24, 10782) sig0.346 | 120s (0.448, -0.101, 0.679, 24, 10782) sig0.346 | 300s (0.505, -0.259, 0.991, 24, 10782) sig0.346
  ub30>=2&net>=1             B2  60s (-0.033, -0.508, 0.252, 24, 9752) sig0.313 | 120s (0.017, -0.516, 0.393, 24, 9752) sig0.313 | 300s (-0.187, -0.964, 0.536, 24, 9752) sig0.313
  ub30>=2&net>=1             B5  60s (-0.02, -0.487, 0.209, 24, 9752) sig0.313 | 120s (0.023, -0.518, 0.378, 24, 9752) sig0.313 | 300s (-0.194, -0.903, 0.454, 24, 9752) sig0.313
  ub30>=2&net>=1             A   60s (0.347, -0.141, 0.59, 24, 9752) sig0.313 | 120s (0.331, -0.298, 0.741, 24, 9752) sig0.313 | 300s (0.265, -0.417, 0.929, 24, 9752) sig0.313
  net30<=-1 (sell burst)     B2  60s (-0.019, -0.247, 0.528, 21, 8949) sig0.287 | 120s (-0.041, -0.354, 0.678, 21, 8949) sig0.287 | 300s (-0.133, -0.58, 0.523, 21, 8949) sig0.287
  net30<=-1 (sell burst)     B5  60s (-0.026, -0.213, 0.496, 21, 8949) sig0.287 | 120s (-0.073, -0.337, 0.595, 21, 8949) sig0.287 | 300s (-0.113, -0.51, 0.459, 21, 8949) sig0.287
  net30<=-1 (sell burst)     A   60s (-0.422, -0.619, 0.137, 21, 8944) sig0.287 | 120s (-0.471, -0.756, 0.277, 21, 8944) sig0.287 | 300s (-0.614, -1.067, 0.068, 21, 8944) sig0.287
