train {
"Z_60s": {
"diff_pp": 0.012,
"ci95": [
-0.212,
0.223
],
"pools": 35,
"sig_n": 4997,
"mean_gross_all": -0.032
},
"Z_180s": {
"diff_pp": 0.006,
"ci95": [
-0.344,
0.37
],
"pools": 35,
"sig_n": 4997,
"mean_gross_all": 0.119
},
"I0_60s": {
"diff_pp": 0.018,
"ci95": [
-0.174,
0.215
],
"pools": 35,
"sig_n": 4997,
"mean_gross_all": -0.005
},
"I0_180s": {
"diff_pp": 0.002,
"ci95": [
-0.346,
0.36
],
"pools": 35,
"sig_n": 4997,
"mean_gross_all": 0.122
},
"I2_60s": {
"diff_pp": 0.049,
"ci95": [
-0.141,
0.236
],
"pools": 35,
"sig_n": 4997,
"mean_gross_all": -0.005
},
"I2_180s": {
"diff_pp": 0.028,
"ci95": [
-0.307,
0.35
],
"pools": 35,
"sig_n": 4997,
"mean_gross_all": 0.118
},
"I5_60s": {
"diff_pp": 0.051,
"ci95": [
-0.137,
0.237
],
"pools": 35,
"sig_n": 4997,
"mean_gross_all": -0.018
},
"I5_180s": {
"diff_pp": 0.053,
"ci95": [
-0.252,
0.345
],
"pools": 35,
"sig_n": 4997,
"mean_gross_all": 0.112
}
}
holdout {
"Z_60s": {
"diff_pp": -0.094,
"ci95": [
-0.145,
-0.034
],
"pools": 36,
"sig_n": 6502,
"mean_gross_all": 0.032
},
"Z_180s": {
"diff_pp": -0.11,
"ci95": [
-0.158,
-0.056
],
"pools": 36,
"sig_n": 6502,
"mean_gross_all": 0.042
},
"I0_60s": {
"diff_pp": -0.082,
"ci95": [
-0.131,
-0.027
],
"pools": 36,
"sig_n": 6502,
"mean_gross_all": 0.033
},
"I0_180s": {
"diff_pp": -0.1,
"ci95": [
-0.148,
-0.048
],
"pools": 36,
"sig_n": 6502,
"mean_gross_all": 0.041
},
"I2_60s": {
"diff_pp": -0.057,
"ci95": [
-0.092,
-0.016
],
"pools": 36,
"sig_n": 6502,
"mean_gross_all": 0.029
},
"I2_180s": {
"diff_pp": -0.074,
"ci95": [
-0.125,
-0.022
],
"pools": 36,
"sig_n": 6502,
"mean_gross_all": 0.034
},
"I5_60s": {
"diff_pp": -0.026,
"ci95": [
-0.053,
0.001
],
"pools": 36,
"sig_n": 6502,
"mean_gross_all": 0.029
},
"I5_180s": {
"diff_pp": -0.044,
"ci95": [
-0.088,
-0.013
],
"pools": 36,
"sig_n": 6502,
"mean_gross_all": 0.027
}
}
