built pairs 375 events 274659 wallets 77166 2.8 s
stats {'rows': 274712, 'kept': 274659, 'non_wsol': 53}
flags {'QUOTE_USD_UNKNOWN': 23370, 'SWAP_ACTOR_NOT_TRANSACTION_SIGNER': 3091, 'QUOTE_ASSET_USD_REFERENCE_ESTIMATE': 163}
et range 1791333252000 1791517368000 av range 1791352163050 1791517371829
hour 10-07 05 events    910 pools  15 lag_s p10/50/90/99 [10.98, 102.92, 7751.56, 19243.36]
hour 10-07 06 events   5893 pools  29 lag_s p10/50/90/99 [2.47, 59.79, 8881.73, 21124.83]
hour 10-07 07 events   8260 pools   8 lag_s p10/50/90/99 [1.73, 10.13, 238.9, 8472.4]
hour 10-07 08 events   7714 pools   7 lag_s p10/50/90/99 [1.38, 2.52, 29.78, 429.79]
hour 10-07 10 events   1128 pools   5 lag_s p10/50/90/99 [1.45, 7.34, 48.36, 160.51]
hour 10-07 11 events  13160 pools  22 lag_s p10/50/90/99 [1.81, 4.56, 45.27, 24702.27]
hour 10-07 12 events  16733 pools  21 lag_s p10/50/90/99 [1.94, 5.54, 51.28, 27073.31]
hour 10-07 13 events  12884 pools  29 lag_s p10/50/90/99 [1.75, 3.74, 49.74, 32603.63]
hour 10-07 14 events   7340 pools  37 lag_s p10/50/90/99 [1.85, 6.75, 34898.69, 36908.58]
hour 10-07 15 events   9762 pools  33 lag_s p10/50/90/99 [1.95, 8.62, 39.78, 40755.09]
hour 10-07 16 events   8840 pools  34 lag_s p10/50/90/99 [1.81, 7.01, 41877.99, 45432.21]
hour 10-07 17 events   9916 pools  32 lag_s p10/50/90/99 [1.84, 7.88, 46125.36, 49457.55]
hour 10-07 18 events   9979 pools  31 lag_s p10/50/90/99 [1.76, 4.64, 50830.84, 53342.07]
hour 10-07 19 events   6966 pools  46 lag_s p10/50/90/99 [2.01, 5.08, 55593.03, 57439.07]
hour 10-07 20 events   9837 pools  62 lag_s p10/50/90/99 [2.13, 9.39, 92.59, 61010.03]
hour 10-07 21 events   8801 pools  60 lag_s p10/50/90/99 [1.88, 3.6, 63094.79, 64720.38]
hour 10-07 22 events   3074 pools  33 lag_s p10/50/90/99 [1.71, 3.37, 65671.99, 67529.26]
hour 10-07 23 events   2535 pools  27 lag_s p10/50/90/99 [1.9, 11.69, 71253.59, 72170.87]
hour 10-08 00 events   4639 pools  29 lag_s p10/50/90/99 [1.92, 3.24, 74009.05, 75920.64]
hour 10-08 01 events   7245 pools  42 lag_s p10/50/90/99 [1.54, 2.69, 76676.28, 79630.73]
hour 10-08 02 events   6400 pools  33 lag_s p10/50/90/99 [1.73, 3.2, 80447.81, 83274.45]
hour 10-08 03 events   5274 pools  32 lag_s p10/50/90/99 [1.73, 3.05, 84924.91, 87090.19]
hour 10-08 04 events   5057 pools  40 lag_s p10/50/90/99 [1.65, 3.15, 29.85, 88706.88]
hour 10-08 05 events   6590 pools  29 lag_s p10/50/90/99 [1.85, 3.1, 19.34, 46.57]
hour 10-08 06 events   3957 pools  32 lag_s p10/50/90/99 [1.86, 3.73, 27.18, 303.1]
hour 10-08 07 events   6340 pools  23 lag_s p10/50/90/99 [1.6, 2.48, 4.43, 28.87]
hour 10-08 08 events   5461 pools  27 lag_s p10/50/90/99 [1.33, 2.44, 7.25, 27.57]
hour 10-08 09 events   7958 pools  29 lag_s p10/50/90/99 [1.7, 2.75, 12.65, 28.09]
hour 10-08 10 events   3839 pools  32 lag_s p10/50/90/99 [1.75, 2.86, 20.23, 29.67]
hour 10-08 11 events   4489 pools  30 lag_s p10/50/90/99 [1.44, 2.62, 19.81, 28.57]
hour 10-08 12 events   4824 pools  29 lag_s p10/50/90/99 [1.59, 2.75, 20.07, 29.02]
hour 10-08 13 events   5041 pools  31 lag_s p10/50/90/99 [1.62, 2.68, 16.63, 28.54]
hour 10-08 14 events   6218 pools  34 lag_s p10/50/90/99 [1.8, 2.84, 15.56, 29.09]
hour 10-08 15 events   5997 pools  34 lag_s p10/50/90/99 [1.64, 2.74, 18.62, 28.9]
hour 10-08 16 events   6115 pools  34 lag_s p10/50/90/99 [1.58, 2.75, 17.94, 29.16]
hour 10-08 17 events   5538 pools  34 lag_s p10/50/90/99 [1.56, 2.64, 18.46, 29.2]
hour 10-08 18 events   6009 pools  35 lag_s p10/50/90/99 [1.78, 2.88, 17.27, 30.0]
hour 10-08 19 events   6203 pools  31 lag_s p10/50/90/99 [1.77, 2.84, 18.23, 29.8]
hour 10-08 20 events   6474 pools  32 lag_s p10/50/90/99 [1.62, 3.48, 27.34, 46.38]
hour 10-08 21 events   5071 pools  33 lag_s p10/50/90/99 [1.59, 2.83, 20.98, 29.55]
hour 10-08 22 events   1649 pools  26 lag_s p10/50/90/99 [1.41, 2.57, 17.37, 28.59]
hour 10-08 23 events    990 pools  15 lag_s p10/50/90/99 [1.43, 2.46, 5.47, 28.37]
hour 10-09 00 events   1113 pools  14 lag_s p10/50/90/99 [1.65, 2.67, 14.8, 29.71]
hour 10-09 01 events    958 pools  10 lag_s p10/50/90/99 [1.51, 2.57, 15.76, 28.59]
hour 10-09 02 events    823 pools  12 lag_s p10/50/90/99 [1.39, 2.41, 14.09, 29.08]
hour 10-09 03 events    655 pools  16 lag_s p10/50/90/99 [1.59, 2.61, 8.91, 28.56]
