forward build meta {'start_byte': 13206393390, 'end_byte': 14325257983, 'file_size_at_start': 14325257983, 'rows': 278812, 'points': 92654, 'bad': 0, 'pairs': 290, 't_min': 1791444404605.0, 't_max': 1791451301436.0}
merged: new pairs 192, extended pairs 98, forward points 92654, forward window 1.92 h (07:26 .. 09:21 UTC)
forward minute samples (liq >= $20k): 6873 pairs 151 secs 1

== A. sample-level tests (diff = flagged minus kept, net % at +50 bps/leg; CI95 by pair bootstrap)
G_RUG_cat60          consistent    {'diff': 0.091, 'ci95': [-0.018, 0.224], 'n_flag': 1129, 'n_keep': 2289, 'mean_flag': 0.108, 'mean_keep': 0.017, 'pairs_flag': 92, 'pairs_all': 135}
G_RUG_f30            consistent    {'diff': -5.063, 'ci95': [-12.654, 0.706], 'n_flag': 1648, 'n_keep': 3501, 'mean_flag': -9.251, 'mean_keep': -4.188, 'pairs_flag': 95, 'pairs_all': 139}
V_MOM_S1_f30         confirmed     {'diff': -5.727, 'ci95': [-12.144, -1.367], 'n_flag': 1706, 'n_keep': 1285, 'mean_flag': -9.198, 'mean_keep': -3.471, 'pairs_flag': 84, 'pairs_all': 85}
V_ATT_S1fee100_f30   consistent    {'diff': -4.819, 'ci95': [-30.749, 7.626], 'n_flag': 409, 'n_keep': 1321, 'mean_flag': -13.447, 'mean_keep': -8.627, 'pairs_flag': 9, 'pairs_all': 66}
V_CRASH_S1_f30       consistent    {'diff': -3.755, 'ci95': [-28.902, 11.78], 'n_flag': 108, 'n_keep': 2883, 'mean_flag': -10.357, 'mean_keep': -6.602, 'pairs_flag': 9, 'pairs_all': 85}
V_HOT_S1_f30         consistent    {'diff': -6.076, 'ci95': [-21.951, 3.947], 'n_flag': 493, 'n_keep': 2498, 'mean_flag': -11.812, 'mean_keep': -5.736, 'pairs_flag': 32, 'pairs_all': 85}
V_STACK_S1_f30       confirmed     {'diff': -5.073, 'ci95': [-11.02, -0.95], 'n_flag': 1815, 'n_keep': 1176, 'mean_flag': -8.732, 'mean_keep': -3.659, 'pairs_flag': 84, 'pairs_all': 85}
V_STACK_S2_f30       consistent    {'diff': -2.727, 'ci95': [-8.494, 1.258], 'n_flag': 1460, 'n_keep': 2041, 'mean_flag': -5.778, 'mean_keep': -3.051, 'pairs_flag': 37, 'pairs_all': 44}
  (secondary) V_STACK_S1_f15       {'diff': -3.079, 'ci95': [-6.229, -0.803], 'n_flag': 2077, 'n_keep': 1382, 'mean_flag': -6.831, 'mean_keep': -3.752, 'pairs_flag': 84, 'pairs_all': 85}
  (secondary) V_STACK_S1_f60       {'diff': -5.427, 'ci95': [-13.698, 1.052], 'n_flag': 1215, 'n_keep': 758, 'mean_flag': -8.638, 'mean_keep': -3.212, 'pairs_flag': 81, 'pairs_all': 82}
  (secondary) V_ATT_S1fee100_f15   {'diff': -2.634, 'ci95': [-17.451, 3.837], 'n_flag': 469, 'n_keep': 1531, 'mean_flag': -9.651, 'mean_keep': -7.017, 'pairs_flag': 9, 'pairs_all': 66}
  (secondary) V_ATT_S1fee100_f60   {'diff': -2.612, 'ci95': [-21.61, 17.33], 'n_flag': 260, 'n_keep': 896, 'mean_flag': -11.657, 'mean_keep': -9.045, 'pairs_flag': 7, 'pairs_all': 63}
  (secondary) G_RUG_f60            {'diff': -10.467, 'ci95': [-24.221, 1.111], 'n_flag': 1129, 'n_keep': 2289, 'mean_flag': -14.304, 'mean_keep': -3.837, 'pairs_flag': 92, 'pairs_all': 135}

== base rates in the forward window (f30 / f60, net % at +50 bps/leg)
S0 all liq>=20k                    {'f30': {'n': 5149, 'pairs': 139, 'mean': -5.809, 'median': -2.407, 'p10': -15.045, 'p90': 3.526}, 'f60': {'n': 3418, 'pairs': 135, 'mean': -7.294, 'median': -2.411, 'p10': -17.635, 'p90': 5.81}, 'cat60_rate': 0.0474}
S0 guard-flagged                   {'f30': {'n': 1648, 'pairs': 95, 'mean': -9.251, 'median': -1.303, 'p10': -33.704, 'p90': 6.986}, 'f60': {'n': 1129, 'pairs': 92, 'mean': -14.304, 'median': -0.911, 'p10': -61.101, 'p90': 6.397}, 'cat60_rate': 0.1081}
S2 guard-pass                      {'f30': {'n': 3501, 'pairs': 44, 'mean': -4.188, 'median': -2.681, 'p10': -9.977, 'p90': 2.323}, 'f60': {'n': 2289, 'pairs': 43, 'mean': -3.837, 'median': -2.525, 'p10': -11.539, 'p90': 5.509}, 'cat60_rate': 0.0175}
S2 guard-pass, no veto             {'f30': {'n': 2041, 'pairs': 39, 'mean': -3.051, 'median': -2.489, 'p10': -9.03, 'p90': 0.681}, 'f60': {'n': 1315, 'pairs': 39, 'mean': -2.761, 'median': -2.363, 'p10': -9.271, 'p90': 1.123}, 'cat60_rate': 0.0}
S2 fee<=50 liq>=250k               {'f30': {'n': 1003, 'pairs': 14, 'mean': -2.293, 'median': -2.155, 'p10': -3.06, 'p90': -1.211}, 'f60': {'n': 646, 'pairs': 14, 'mean': -2.132, 'median': -2.13, 'p10': -3.183, 'p90': -0.516}, 'cat60_rate': 0.0}
S2 fee55-95                        {'f30': {'n': 1255, 'pairs': 17, 'mean': -2.531, 'median': -3.321, 'p10': -9.026, 'p90': 3.638}, 'f60': {'n': 811, 'pairs': 16, 'mean': -2.117, 'median': -3.464, 'p10': -10.129, 'p90': 6.672}, 'cat60_rate': 0.0}
S2 fee>=100                        {'f30': {'n': 1077, 'pairs': 14, 'mean': -8.291, 'median': -5.489, 'p10': -15.658, 'p90': 7.776}, 'f60': {'n': 712, 'pairs': 13, 'mean': -7.986, 'median': -4.723, 'p10': -17.346, 'p90': 9.793}, 'cat60_rate': 0.0562}
S1 young (<12h) structural-pass    {'f30': {'n': 659, 'pairs': 55, 'mean': -12.209, 'median': -14.296, 'p10': -46.852, 'p90': 26.219}, 'f60': {'n': 450, 'pairs': 53, 'mean': -12.283, 'median': -15.024, 'p10': -40.617, 'p90': 16.721}, 'cat60_rate': 0.0422}
guard reasons: {'PASS': (4702, 0.017), 'YOUNG_POOL': (1475, 0.154), 'FAKE_MCAP': (1004, 0.0), 'LP_PULLABLE': (323, 0.49)}

== B. trade-level tests, entries after the cutoff (calibrated stressed net50 primary)
R1_LIVE_COST_FIRST_RULE                confirmed            n=36 pairs=18 mean%=-1.918 median%=-1.793 win=5.6 sum$=-138.07 CIpair=[-4.857, -2.837] model%=-0.385 cal%=-0.932 exits={'HOLD': 17, 'FEED_GAP/GAP': 1, 'OPEN_AT_END/END': 18} pf={'taken': 6, 'final_balance': 980.77, 'max_drawdown_pct': 1.92, 'skipped_no_cash': 0} (0s)
R2_LIVE_COST_FIRST_RULE+RUG_GUARD_V1   confirmed            n=18 pairs=9 mean%=-2.723 median%=-2.805 win=5.6 sum$=-98.04 CIpair=[-6.459, -4.334] model%=-1.203 cal%=-1.746 exits={'HOLD': 8, 'FEED_GAP/GAP': 1, 'OPEN_AT_END/END': 9} pf={'taken': 6, 'final_balance': 960.79, 'max_drawdown_pct': 3.92, 'skipped_no_cash': 0} (0s)
R3_RANDOM_ALL_PUMPSWAP                 confirmed            n=101 pairs=66 mean%=-8.023 median%=-7.303 win=7.9 sum$=-1620.71 CIpair=[-22.11, -11.406] model%=-5.52 cal%=-7.099 exits={'STOP': 56, 'OPEN_AT_END/VANISHED': 2, 'HOLD': 15, 'TP': 2, 'FEED_GAP/GAP': 1, 'STOP/VANISHED': 1, 'OPEN_AT_END/END': 24} pf={'taken': 14, 'final_balance': 695.97, 'max_drawdown_pct': 30.62, 'skipped_no_cash': 0} (0s)
R4_RANDOM_ALL_PUMPSWAP+RUG_GUARD_V1    confirmed            n=61 pairs=38 mean%=-7.106 median%=-7.104 win=4.9 sum$=-866.98 CIpair=[-22.15, -9.289] model%=-4.78 cal%=-6.17 exits={'HOLD': 9, 'STOP': 31, 'TP': 2, 'FEED_GAP/GAP': 1, 'OPEN_AT_END/END': 18} pf={'taken': 15, 'final_balance': 839.76, 'max_drawdown_pct': 16.02, 'skipped_no_cash': 0} (0s)
LAB_A_SURGE_EST_GUARD                  inconclusive (n<20)  n=8 pairs=8 mean%=-3.703 median%=-3.367 win=12.5 sum$=-59.24 CIpair=[-11.607, -3.113] model%=-1.891 cal%=-2.733 exits={'STOP': 2, 'HOLD': 1, 'OPEN_AT_END/END': 5} pf={'taken': 5, 'final_balance': 970.36, 'max_drawdown_pct': 2.96, 'skipped_no_cash': 0} (0s)
LAB_B_DIP_MKTDIP_GUARD                 inconclusive (n<20)  n=1 pairs=1 mean%=8.131 median%=8.131 win=100.0 sum$=16.26 CIpair=[None, None] model%=9.554 cal%=9.215 exits={'HOLD': 1} pf={'taken': 1, 'final_balance': 1016.26, 'max_drawdown_pct': 0.0, 'skipped_no_cash': 0} (0s)
RND_LAB_A                              inconclusive (n<20)  n=7 pairs=7 mean%=-6.97 median%=-7.532 win=0.0 sum$=-97.58 CIpair=[-18.36, -9.897] model%=-4.591 cal%=-6.03 exits={'HOLD': 2, 'STOP': 4, 'OPEN_AT_END/END': 1} pf={'taken': 7, 'final_balance': 902.42, 'max_drawdown_pct': 9.76, 'skipped_no_cash': 0} (0s)
RND_LAB_B                              inconclusive (n<20)  n=15 pairs=14 mean%=-4.653 median%=-2.941 win=6.7 sum$=-139.59 CIpair=[-14.761, -4.533] model%=-3.218 cal%=-3.695 exits={'HOLD': 6, 'OPEN_AT_END/END': 8, 'STOP': 1} pf={'taken': 6, 'final_balance': 915.4, 'max_drawdown_pct': 8.46, 'skipped_no_cash': 0} (0s)

== C. open PAPER positions named by forensics: DexScreener price path after the cutoff (no ledger read)
{'sym': 'swordinu', 'pair': '69fyvgoT', 'price_at_cut': 0.005448, 'price_last': 0.006962, 'chg_since_cut_pct': 27.79, 'chg_since_entry_pct': None, 'fwd_min_vs_cut_pct': 0.0, 'fwd_max_vs_cut_pct': 43.85, 'liq_at_cut': 232958, 'liq_last': 263991, 'minutes_since_last_point': 0.0, 'rug_reasons_last': [], 'fwd_points': 1043}
{'sym': 'VSOF', 'pair': 'AGZjpu5v', 'price_at_cut': 0.007947, 'price_last': 0.008024, 'chg_since_cut_pct': 0.97, 'chg_since_entry_pct': 2.63, 'fwd_min_vs_cut_pct': -1.11, 'fwd_max_vs_cut_pct': 1.25, 'liq_at_cut': 255427, 'liq_last': 255760, 'minutes_since_last_point': 0.0, 'rug_reasons_last': [], 'fwd_points': 1032}
{'sym': 'GOIF', 'pair': 'D2pVedgH', 'price_at_cut': 0.1954, 'price_last': 0.2022, 'chg_since_cut_pct': 3.48, 'chg_since_entry_pct': 4.44, 'fwd_min_vs_cut_pct': -0.36, 'fwd_max_vs_cut_pct': 3.68, 'liq_at_cut': 1260346, 'liq_last': 1277570, 'minutes_since_last_point': 0.0, 'rug_reasons_last': ['YOUNG_POOL', 'FAKE_MCAP'], 'fwd_points': 1033}
{'sym': 'WOSE', 'pair': 'GhBPuDpt', 'price_at_cut': 0.2402, 'price_last': 0.2452, 'chg_since_cut_pct': 2.08, 'chg_since_entry_pct': 3.37, 'fwd_min_vs_cut_pct': 0.0, 'fwd_max_vs_cut_pct': 2.29, 'liq_at_cut': 1397467, 'liq_last': 1406902, 'minutes_since_last_point': 0.0, 'rug_reasons_last': ['YOUNG_POOL', 'FAKE_MCAP'], 'fwd_points': 1033}
{'sym': 'SARP', 'pair': 'HiPe6mDS', 'price_at_cut': 0.08343, 'price_last': 0.08691, 'chg_since_cut_pct': 4.17, 'chg_since_entry_pct': 5.22, 'fwd_min_vs_cut_pct': -0.34, 'fwd_max_vs_cut_pct': 4.36, 'liq_at_cut': 823057, 'liq_last': 837032, 'minutes_since_last_point': 0.0, 'rug_reasons_last': ['FAKE_MCAP'], 'fwd_points': 1034}

cost-first universe after the cutoff: 2028 minute-units on 18 pools; rug_guard_v1 flags 49.4 %, interim 77.1 %
   {'pair': '4w2cysot', 'sym': 'TROLL', 'units': 116, 'guard_share': 0.0, 'interim_share': 0.0, 'why': []}
   {'pair': '5GaCcKLd', 'sym': 'DOTF', 'units': 116, 'guard_share': 0.0, 'interim_share': 1.0, 'why': []}
   {'pair': '5wNu5Qhd', 'sym': 'neet', 'units': 116, 'guard_share': 0.0, 'interim_share': 0.0, 'why': []}
   {'pair': '8RCJrW94', 'sym': 'USDP', 'units': 116, 'guard_share': 1.0, 'interim_share': 1.0, 'why': ['FAKE_MCAP']}
   {'pair': 'AdvA19rg', 'sym': 'SARP', 'units': 116, 'guard_share': 1.0, 'interim_share': 1.0, 'why': ['FAKE_MCAP']}
   {'pair': 'C9bagG6C', 'sym': 'D\u200aO\u200aT\u200aF', 'units': 116, 'guard_share': 1.0, 'interim_share': 1.0, 'why': ['FAKE_MCAP']}
   {'pair': 'D2pVedgH', 'sym': 'GOIF', 'units': 116, 'guard_share': 1.0, 'interim_share': 1.0, 'why': ['FAKE_MCAP', 'YOUNG_POOL']}
   {'pair': 'ERFmQZQU', 'sym': 'UDR', 'units': 116, 'guard_share': 0.0, 'interim_share': 1.0, 'why': []}
   {'pair': 'EpugLBw1', 'sym': 'USDF', 'units': 116, 'guard_share': 0.0, 'interim_share': 1.0, 'why': []}
   {'pair': 'FL5gakwf', 'sym': 'USDF', 'units': 116, 'guard_share': 1.0, 'interim_share': 1.0, 'why': ['FAKE_MCAP']}
   {'pair': 'FnzKY6x7', 'sym': 'ANSEM', 'units': 116, 'guard_share': 0.0, 'interim_share': 0.0, 'why': []}
   {'pair': 'GhBPuDpt', 'sym': 'WOSE', 'units': 116, 'guard_share': 1.0, 'interim_share': 1.0, 'why': ['FAKE_MCAP', 'YOUNG_POOL']}
   {'pair': 'Gs6hrh68', 'sym': 'UDR', 'units': 116, 'guard_share': 1.0, 'interim_share': 1.0, 'why': ['FAKE_MCAP']}
   {'pair': 'HJ72PgqL', 'sym': 'WOTF', 'units': 116, 'guard_share': 0.0, 'interim_share': 1.0, 'why': []}
   {'pair': 'HMzvsEEm', 'sym': 'CATE', 'units': 116, 'guard_share': 0.0, 'interim_share': 0.0, 'why': []}
   {'pair': 'HiPe6mDS', 'sym': 'SARP', 'units': 116, 'guard_share': 1.0, 'interim_share': 1.0, 'why': ['FAKE_MCAP']}
   {'pair': '8ZMkMgWM', 'sym': 'GOIF', 'units': 98, 'guard_share': 0.0, 'interim_share': 1.0, 'why': []}
   {'pair': 'BcStCqTJ', 'sym': 'USDP', 'units': 74, 'guard_share': 1.0, 'interim_share': 1.0, 'why': ['FAKE_MCAP', 'YOUNG_POOL']}

wrote forward_results.json; total secs 6
