====================================================================================================
U95 fee<=95 liq>=50k train events 40550 pairs 55 events/h 1572
  heat=any n=40550 | g120 -0.038 n0_60 -1.957 n50_60 -3.322 n50_120 -3.345 n50_180 -3.380 n50_300 -3.460
  heat=kept n=23233 | g120 -0.015 n0_60 -1.781 n50_60 -3.169 n50_120 -3.171 n50_180 -3.194 n50_300 -3.245
-- r1 (n=40550)  cols: lo..hi | n pairs | g120% n0_60 n50_60 n50_120 n50_180 n50_300 | heat%
  d0    -0.9366..   -0.0097 |  4055  36 | -0.073  -2.55  -3.83  -3.83  -3.95  -4.05 |  66
  d1    -0.0097..   -0.0063 |  4055  50 | -0.043  -2.00  -3.34  -3.39  -3.40  -3.47 |  36
  d2    -0.0063..   -0.0042 |  4055  49 | -0.027  -1.51  -2.97  -2.98  -3.02  -3.10 |  25
  d3    -0.0042..   -0.0007 |  4055  51 | -0.026  -2.03  -3.38  -3.38  -3.38  -3.42 |  44
  d4    -0.0007..   +0.0002 |  4055  45 | -0.021  -1.72  -3.11  -3.13  -3.13  -3.16 |  26
  d5    +0.0002..   +0.0008 |  4055  48 | -0.034  -1.70  -3.11  -3.13  -3.13  -3.20 |  32
  d6    +0.0008..   +0.0045 |  4055  50 | -0.086  -2.02  -3.37  -3.43  -3.47  -3.58 |  58
  d7    +0.0045..   +0.0066 |  4055  49 | -0.024  -1.53  -2.99  -2.99  -3.02  -3.05 |  27
  d8    +0.0066..   +0.0101 |  4055  49 | -0.037  -2.04  -3.37  -3.39  -3.42  -3.46 |  39
  d9    +0.0101..   +2.9408 |  4055  43 | -0.011  -2.46  -3.75  -3.80  -3.88  -4.11 |  74
-- r2 (n=40358)  cols: lo..hi | n pairs | g120% n0_60 n50_60 n50_120 n50_180 n50_300 | heat%
  d0    -0.9784..   -0.0117 |  4035  33 | -0.085  -2.48  -3.77  -3.83  -3.94  -4.13 |  71
  d1    -0.0117..   -0.0066 |  4036  49 | -0.095  -2.13  -3.46  -3.49  -3.52  -3.55 |  39
  d2    -0.0066..   -0.0032 |  4036  49 | -0.093  -1.80  -3.20  -3.25  -3.25  -3.34 |  35
  d3    -0.0032..   -0.0005 |  4036  51 | +0.035  -1.86  -3.22  -3.21  -3.26  -3.26 |  36
  d4    -0.0005..   +0.0000 |  4036  50 | +0.009  -1.55  -2.99  -2.99  -3.02  -3.09 |  19
  d5    +0.0000..   +0.0006 |  4035  46 | +0.008  -1.58  -3.01  -2.99  -3.00  -3.03 |  17
  d6    +0.0006..   +0.0032 |  4036  49 | -0.031  -1.83  -3.21  -3.23  -3.23  -3.38 |  41
  d7    +0.0032..   +0.0069 |  4036  51 | -0.064  -1.83  -3.23  -3.23  -3.27  -3.28 |  41
  d8    +0.0069..   +0.0123 |  4036  48 | -0.054  -2.13  -3.45  -3.48  -3.48  -3.52 |  46
  d9    +0.0123..   +2.9601 |  4036  38 | -0.018  -2.39  -3.68  -3.77  -3.83  -4.03 |  82
-- r60 (n=40509)  cols: lo..hi | n pairs | g120% n0_60 n50_60 n50_120 n50_180 n50_300 | heat%
  d0    -0.9784..   -0.0118 |  4050  32 | -0.093  -2.51  -3.80  -3.83  -3.97  -4.23 |  72
  d1    -0.0118..   -0.0067 |  4051  48 | -0.059  -2.10  -3.42  -3.46  -3.48  -3.49 |  39
  d2    -0.0067..   -0.0035 |  4051  50 | -0.052  -1.73  -3.15  -3.15  -3.19  -3.24 |  31
  d3    -0.0035..   -0.0006 |  4051  50 | -0.009  -1.89  -3.25  -3.27  -3.32  -3.33 |  37
  d4    -0.0006..   +0.0000 |  4051  50 | -0.005  -1.57  -3.00  -3.00  -3.04  -3.11 |  19
  d5    +0.0000..   +0.0007 |  4051  45 | +0.010  -1.56  -2.99  -2.98  -2.99  -3.03 |  21
  d6    +0.0007..   +0.0035 |  4051  50 | -0.056  -1.90  -3.27  -3.29  -3.31  -3.42 |  43
  d7    +0.0035..   +0.0070 |  4051  50 | -0.068  -1.78  -3.19  -3.21  -3.19  -3.19 |  37
  d8    +0.0070..   +0.0125 |  4051  49 | -0.072  -2.17  -3.49  -3.52  -3.56  -3.62 |  44
  d9    +0.0125..   +3.9279 |  4051  44 | +0.020  -2.35  -3.65  -3.73  -3.74  -3.94 |  83
-- r120 (n=40468)  cols: lo..hi | n pairs | g120% n0_60 n50_60 n50_120 n50_180 n50_300 | heat%
  d0    -0.9784..   -0.0161 |  4046  29 | -0.158  -2.53  -3.82  -3.88  -4.00  -4.22 |  76
  d1    -0.0161..   -0.0076 |  4047  46 | -0.117  -2.18  -3.49  -3.57  -3.57  -3.59 |  41
  d2    -0.0075..   -0.0045 |  4047  50 | -0.039  -1.71  -3.12  -3.16  -3.13  -3.24 |  27
  d3    -0.0045..   -0.0010 |  4047  50 | -0.018  -1.81  -3.19  -3.20  -3.26  -3.30 |  33
  d4    -0.0010..   +0.0000 |  4047  50 | -0.013  -1.63  -3.05  -3.04  -3.09  -3.18 |  21
  d5    +0.0000..   +0.0010 |  4046  50 | -0.025  -1.61  -3.04  -3.03  -3.03  -3.03 |  21
  d6    +0.0010..   +0.0045 |  4047  49 | -0.040  -1.82  -3.20  -3.21  -3.29  -3.31 |  38
  d7    +0.0045..   +0.0078 |  4047  51 | -0.012  -1.70  -3.11  -3.14  -3.14  -3.23 |  31
  d8    +0.0078..   +0.0171 |  4047  48 | +0.005  -2.17  -3.48  -3.48  -3.49  -3.57 |  51
  d9    +0.0171..   +3.9279 |  4047  39 | +0.028  -2.41  -3.71  -3.74  -3.79  -3.92 |  87
-- r300 (n=40319)  cols: lo..hi | n pairs | g120% n0_60 n50_60 n50_120 n50_180 n50_300 | heat%
  d0    -0.9784..   -0.0266 |  4031  28 | -0.297  -2.60  -3.89  -4.04  -4.18  -4.42 |  78
  d1    -0.0266..   -0.0103 |  4032  38 | -0.092  -2.26  -3.57  -3.62  -3.62  -3.56 |  51
  d2    -0.0103..   -0.0055 |  4032  50 | -0.020  -1.85  -3.21  -3.24  -3.28  -3.36 |  27
  d3    -0.0055..   -0.0021 |  4032  50 | -0.008  -1.61  -3.03  -3.05  -3.05  -3.10 |  23
  d4    -0.0021..   +0.0000 |  4032  50 | -0.026  -1.67  -3.09  -3.07  -3.12  -3.19 |  21
  d5    +0.0000..   +0.0020 |  4032  50 | +0.021  -1.58  -3.01  -3.00  -2.99  -3.03 |  20
  d6    +0.0020..   +0.0055 |  4032  49 | -0.029  -1.69  -3.11  -3.10  -3.13  -3.18 |  26
  d7    +0.0055..   +0.0103 |  4032  50 | -0.004  -1.82  -3.20  -3.20  -3.24  -3.29 |  29
  d8    +0.0103..   +0.0275 |  4032  46 | +0.047  -2.13  -3.45  -3.43  -3.45  -3.54 |  54
  d9    +0.0275..   +3.9290 |  4032  35 | +0.023  -2.36  -3.66  -3.71  -3.75  -3.92 |  97
-- hi15 (n=40550)  cols: lo..hi | n pairs | g120% n0_60 n50_60 n50_120 n50_180 n50_300 | heat%
  d0    -0.9784..   -0.0714 |  4055  22 | -0.340  -2.68  -3.98  -4.17  -4.30  -4.53 |  81
  d1    -0.0714..   -0.0393 |  4055  21 | +0.079  -2.27  -3.58  -3.53  -3.51  -3.53 |  64
  d2    -0.0393..   -0.0226 |  4055  28 | +0.024  -2.25  -3.55  -3.52  -3.56  -3.64 |  55
  d3    -0.0226..   -0.0127 |  4055  37 | -0.026  -2.11  -3.42  -3.44  -3.44  -3.54 |  45
  d4    -0.0127..   -0.0084 |  4055  48 | -0.030  -1.97  -3.32  -3.31  -3.37  -3.39 |  32
  d5    -0.0084..   -0.0059 |  4055  50 | -0.014  -1.64  -3.06  -3.08  -3.12  -3.29 |  24
  d6    -0.0059..   -0.0033 |  4055  50 | -0.017  -1.46  -2.92  -2.94  -2.96  -2.99 |  22
  d7    -0.0033..   -0.0008 |  4055  51 | -0.050  -1.69  -3.10  -3.13  -3.14  -3.20 |  24
  d8    -0.0008..   +0.0000 |  4055  52 | -0.020  -1.82  -3.21  -3.23  -3.26  -3.36 |  39
  d9    +0.0000..   +0.0000 |  4055  47 | +0.013  -1.67  -3.08  -3.09  -3.14  -3.14 |  39
-- lo15 (n=40550)  cols: lo..hi | n pairs | g120% n0_60 n50_60 n50_120 n50_180 n50_300 | heat%
  d0    +0.0000..   +0.0000 |  4055  51 | -0.034  -1.95  -3.31  -3.32  -3.38  -3.35 |  43
  d1    +0.0000..   +0.0020 |  4055  51 | -0.024  -1.67  -3.08  -3.08  -3.12  -3.19 |  26
  d2    +0.0020..   +0.0050 |  4055  49 | -0.036  -1.66  -3.08  -3.06  -3.06  -3.13 |  25
  d3    +0.0050..   +0.0072 |  4055  50 | -0.015  -1.51  -2.97  -2.96  -3.00  -3.05 |  22
  d4    +0.0072..   +0.0095 |  4055  49 | -0.032  -1.70  -3.11  -3.12  -3.13  -3.23 |  24
  d5    +0.0095..   +0.0131 |  4055  49 | -0.015  -1.87  -3.23  -3.26  -3.28  -3.30 |  29
  d6    +0.0131..   +0.0217 |  4055  42 | -0.059  -2.11  -3.43  -3.47  -3.52  -3.55 |  45
  d7    +0.0217..   +0.0384 |  4055  31 | -0.093  -2.25  -3.56  -3.62  -3.67  -3.68 |  56
  d8    +0.0384..   +0.0786 |  4055  24 | -0.047  -2.36  -3.65  -3.70  -3.71  -3.91 |  70
  d9    +0.0786..   +2.9690 |  4055  23 | -0.028  -2.49  -3.78  -3.85  -3.94  -4.21 |  87
-- db5 (n=40550)  cols: lo..hi | n pairs | g120% n0_60 n50_60 n50_120 n50_180 n50_300 | heat%
  d0  -877.0000..   -6.0000 |  4055  34 | -0.125  -2.37  -3.70  -3.79  -3.86  -4.10 |  87
  d1    -6.0000..   -2.0000 |  4055  50 | -0.063  -1.93  -3.30  -3.34  -3.40  -3.51 |  28
  d2    -2.0000..   -1.0000 |  4055  50 | -0.038  -1.73  -3.14  -3.13  -3.12  -3.16 |  18
  d3    -1.0000..   +0.0000 |  4055  48 | +0.006  -1.73  -3.12  -3.13  -3.14  -3.16 |  23
  d4    +0.0000..   +0.0000 |  4055  45 | +0.040  -1.85  -3.20  -3.20  -3.21  -3.25 |  32
  d5    +0.0000..   +1.0000 |  4055  49 | -0.027  -1.90  -3.25  -3.24  -3.27  -3.29 |  32
  d6    +1.0000..   +2.0000 |  4055  47 | -0.014  -1.80  -3.18  -3.18  -3.17  -3.27 |  34
  d7    +2.0000..   +2.0000 |  4055  51 | +0.003  -1.77  -3.17  -3.15  -3.18  -3.19 |  27
  d8    +2.0000..   +8.0000 |  4055  50 | +0.008  -2.06  -3.40  -3.41  -3.50  -3.53 |  52
  d9    +8.0000.. +653.0000 |  4055  31 | -0.173  -2.43  -3.76  -3.87  -3.95  -4.13 |  94
-- ds5 (n=40550)  cols: lo..hi | n pairs | g120% n0_60 n50_60 n50_120 n50_180 n50_300 | heat%
  d0 -1609.0000..   -4.0000 |  4055  35 | -0.105  -2.40  -3.71  -3.79  -3.84  -4.09 |  74
  d1    -4.0000..   -1.0000 |  4055  51 | -0.027  -1.95  -3.32  -3.32  -3.37  -3.39 |  36
  d2    -1.0000..   -1.0000 |  4055  47 | -0.057  -1.66  -3.08  -3.10  -3.09  -3.20 |  21
  d3    -1.0000..   +0.0000 |  4055  46 | -0.091  -1.86  -3.24  -3.28  -3.25  -3.26 |  40
  d4    +0.0000..   +0.0000 |  4055  47 | -0.049  -1.82  -3.21  -3.20  -3.26  -3.30 |  36
  d5    +0.0000..   +1.0000 |  4055  49 | +0.076  -1.85  -3.22  -3.16  -3.20  -3.23 |  33
  d6    +1.0000..   +1.0000 |  4055  45 | -0.005  -1.76  -3.15  -3.15  -3.19  -3.31 |  24
  d7    +1.0000..   +2.0000 |  4055  50 | +0.039  -1.83  -3.20  -3.21  -3.25  -3.25 |  32
  d8    +2.0000..   +5.0000 |  4055  46 | +0.027  -2.02  -3.36  -3.39  -3.42  -3.43 |  47
  d9    +5.0000..+1327.0000 |  4055  29 | -0.191  -2.41  -3.73  -3.85  -3.94  -4.13 |  84
-- dnet (n=40550)  cols: lo..hi | n pairs | g120% n0_60 n50_60 n50_120 n50_180 n50_300 | heat%
  d0 -1317.0000..   -5.0000 |  4055  36 | -0.108  -2.26  -3.59  -3.68  -3.76  -3.95 |  83
  d1    -5.0000..   -2.0000 |  4055  49 | -0.033  -2.03  -3.37  -3.41  -3.44  -3.53 |  39
  d2    -2.0000..   -1.0000 |  4055  52 | +0.009  -1.85  -3.21  -3.23  -3.28  -3.35 |  28
  d3    -1.0000..   -1.0000 |  4055  46 | -0.001  -1.74  -3.14  -3.14  -3.12  -3.19 |  23
  d4    -1.0000..   +0.0000 |  4055  50 | -0.029  -1.78  -3.17  -3.18  -3.20  -3.21 |  23
  d5    +0.0000..   +1.0000 |  4055  48 | -0.010  -1.80  -3.20  -3.16  -3.19  -3.22 |  28
  d6    +1.0000..   +1.0000 |  4055  47 | -0.031  -1.79  -3.18  -3.18  -3.21  -3.26 |  27
  d7    +1.0000..   +2.0000 |  4055  48 | +0.006  -1.82  -3.21  -3.19  -3.28  -3.33 |  34
  d8    +2.0000..   +7.0000 |  4055  48 | -0.026  -2.12  -3.45  -3.46  -3.46  -3.54 |  56
  d9    +7.0000..+1588.0000 |  4055  31 | -0.160  -2.38  -3.71  -3.82  -3.86  -4.02 |  88
-- dvl (n=40550)  cols: lo..hi | n pairs | g120% n0_60 n50_60 n50_120 n50_180 n50_300 | heat%
  d0    -1.7729..   -0.0031 |  4055  35 | -0.118  -2.49  -3.79  -3.84  -3.92  -4.15 |  77
  d1    -0.0031..   -0.0004 |  4055  47 | -0.093  -2.05  -3.39  -3.48  -3.49  -3.53 |  38
  d2    -0.0004..   -0.0001 |  4055  50 | -0.007  -1.60  -3.04  -3.01  -3.03  -3.07 |  16
  d3    -0.0001..   +0.0000 |  4055  50 | -0.006  -1.52  -2.96  -2.96  -2.97  -3.00 |  23
  d4    +0.0000..   +0.0001 |  4055  47 | -0.012  -1.69  -3.09  -3.09  -3.12  -3.16 |  30
  d5    +0.0001..   +0.0002 |  4055  50 | -0.005  -1.60  -3.04  -3.02  -3.05  -3.08 |  22
  d6    +0.0002..   +0.0005 |  4055  51 | +0.047  -1.79  -3.17  -3.15  -3.15  -3.22 |  26
  d7    +0.0005..   +0.0014 |  4055  46 | -0.024  -2.07  -3.40  -3.43  -3.47  -3.55 |  40
  d8    +0.0014..   +0.0045 |  4055  36 | -0.081  -2.23  -3.54  -3.60  -3.59  -3.63 |  68
  d9    +0.0045..   +1.5058 |  4055  33 | -0.085  -2.50  -3.79  -3.87  -4.01  -4.20 |  87
-- bshare (n=40550)  cols: lo..hi | n pairs | g120% n0_60 n50_60 n50_120 n50_180 n50_300 | heat%
  d0    +0.0000..   +0.2970 |  4055  24 | -0.051  -1.97  -3.30  -3.33  -3.33  -3.39 |  30
  d1    +0.2973..   +0.4286 |  4055  25 | -0.009  -2.15  -3.46  -3.47  -3.51  -3.55 |  38
  d2    +0.4286..   +0.5238 |  4055  40 | -0.057  -2.19  -3.51  -3.55  -3.62  -3.68 |  38
  d3    +0.5238..   +0.5714 |  4055  51 | -0.045  -1.97  -3.35  -3.36  -3.37  -3.39 |  28
  d4    +0.5714..   +0.5909 |  4055  48 | +0.018  -1.69  -3.11  -3.11  -3.13  -3.19 |  20
  d5    +0.5909..   +0.6087 |  4055  49 | -0.054  -1.73  -3.16  -3.20  -3.23  -3.27 |  19
  d6    +0.6087..   +0.6333 |  4055  49 | -0.039  -1.77  -3.18  -3.21  -3.22  -3.36 |  22
  d7    +0.6333..   +0.6875 |  4055  49 | +0.014  -1.82  -3.20  -3.24  -3.36  -3.62 |  35
  d8    +0.6875..   +0.8000 |  4055  43 | -0.157  -2.19  -3.52  -3.59  -3.61  -3.72 |  97
  d9    +0.8000..   +1.0000 |  4055  27 | -0.003  -2.08  -3.42  -3.40  -3.42  -3.42 | 100
-- vacc (n=40550)  cols: lo..hi | n pairs | g120% n0_60 n50_60 n50_120 n50_180 n50_300 | heat%
  d0    +0.0000..   +0.2637 |  4055  28 | -0.080  -2.12  -3.44  -3.47  -3.52  -3.58 |  33
  d1    +0.2637..   +0.4555 |  4055  30 | +0.009  -2.22  -3.53  -3.52  -3.56  -3.64 |  38
  d2    +0.4556..   +0.6299 |  4055  42 | -0.054  -2.21  -3.54  -3.55  -3.59  -3.76 |  42
  d3    +0.6300..   +0.7549 |  4055  50 | -0.083  -1.95  -3.33  -3.36  -3.42  -3.42 |  36
  d4    +0.7549..   +0.8323 |  4055  50 | -0.088  -1.81  -3.22  -3.24  -3.25  -3.28 |  28
  d5    +0.8323..   +0.8971 |  4055  49 | +0.005  -1.67  -3.09  -3.11  -3.13  -3.14 |  23
  d6    +0.8971..   +0.9673 |  4055  50 | +0.040  -1.68  -3.09  -3.08  -3.11  -3.19 |  22
  d7    +0.9673..   +1.1059 |  4055  51 | +0.007  -1.78  -3.17  -3.19  -3.22  -3.26 |  28
  d8    +1.1060..   +1.7082 |  4055  47 | -0.051  -2.09  -3.42  -3.46  -3.49  -3.66 |  77
  d9    +1.7083..  +11.5822 |  4055  37 | -0.087  -2.05  -3.39  -3.46  -3.52  -3.67 | 100
-- turn (n=40550)  cols: lo..hi | n pairs | g120% n0_60 n50_60 n50_120 n50_180 n50_300 | heat%
  d0    +0.0000..   +0.0011 |  4055  29 | -0.039  -1.60  -3.01  -2.98  -3.01  -3.06 |  25
  d1    +0.0011..   +0.0015 |  4055  31 | -0.007  -1.33  -2.82  -2.81  -2.86  -2.95 |   9
  d2    +0.0015..   +0.0021 |  4055  40 | +0.018  -1.37  -2.85  -2.84  -2.84  -2.84 |  14
  d3    +0.0021..   +0.0030 |  4055  41 | -0.016  -1.85  -3.23  -3.24  -3.23  -3.26 |  21
  d4    +0.0030..   +0.0038 |  4055  37 | -0.039  -1.89  -3.25  -3.29  -3.33  -3.38 |  17
  d5    +0.0038..   +0.0074 |  4055  36 | +0.004  -2.03  -3.36  -3.34  -3.36  -3.44 |  38
  d6    +0.0074..   +0.0153 |  4055  30 | -0.020  -2.18  -3.47  -3.49  -3.51  -3.51 |  47
  d7    +0.0153..   +0.0347 |  4055  26 | -0.015  -2.23  -3.54  -3.54  -3.54  -3.56 |  71
  d8    +0.0347..   +0.0712 |  4055  21 | -0.075  -2.35  -3.67  -3.73  -3.73  -3.88 |  87
  d9    +0.0712..   +4.6460 |  4055  22 | -0.195  -2.74  -4.02  -4.20  -4.38  -4.71 |  97
-- tot5 (n=40550)  cols: lo..hi | n pairs | g120% n0_60 n50_60 n50_120 n50_180 n50_300 | heat%
  d0    +1.0000..   +9.0000 |  4055  20 | -0.043  -1.86  -3.20  -3.23  -3.26  -3.32 |  39
  d1    +9.0000..  +15.0000 |  4055  25 | -0.034  -1.97  -3.29  -3.31  -3.33  -3.36 |  37
  d2   +15.0000..  +20.0000 |  4055  44 | -0.019  -1.79  -3.17  -3.13  -3.17  -3.27 |  23
  d3   +20.0000..  +22.0000 |  4055  46 | -0.006  -1.56  -2.99  -2.98  -2.99  -2.98 |  11
  d4   +22.0000..  +24.0000 |  4055  44 | +0.035  -1.58  -3.01  -2.98  -2.99  -3.02 |  12
  d5   +24.0000..  +27.0000 |  4055  42 | -0.007  -1.69  -3.11  -3.14  -3.15  -3.22 |  20
  d6   +27.0000..  +39.0000 |  4055  36 | +0.004  -1.94  -3.32  -3.31  -3.34  -3.35 |  34
  d7   +39.0000.. +104.0000 |  4055  29 | +0.017  -2.30  -3.59  -3.59  -3.58  -3.59 |  59
  d8  +104.0000.. +252.0000 |  4055  26 | -0.240  -2.64  -3.92  -4.05  -4.17  -4.43 |  92
  d9  +252.0000..+4390.0000 |  4055  21 | -0.090  -2.25  -3.61  -3.72  -3.82  -4.05 |  98
-- dt_prev (n=40358)  cols: lo..hi | n pairs | g120% n0_60 n50_60 n50_120 n50_180 n50_300 | heat%
  d0    +3.6950..  +27.2780 |  4035  52 | -0.046  -2.18  -3.52  -3.51  -3.55  -3.63 |  53
  d1   +27.2790..  +29.5780 |  4036  51 | -0.069  -2.09  -3.43  -3.49  -3.46  -3.56 |  50
  d2   +29.5810..  +30.5840 |  4036  51 | +0.023  -1.95  -3.32  -3.31  -3.37  -3.47 |  44
  d3   +30.5840..  +31.2980 |  4036  51 | +0.037  -1.94  -3.31  -3.28  -3.39  -3.52 |  41
  d4   +31.2980..  +32.1320 |  4036  50 | +0.000  -1.95  -3.32  -3.33  -3.34  -3.44 |  44
  d5   +32.1320..  +33.1110 |  4035  51 | -0.067  -1.95  -3.32  -3.42  -3.45  -3.55 |  43
  d6   +33.1110..  +34.3710 |  4036  52 | -0.067  -1.98  -3.34  -3.37  -3.43  -3.51 |  42
  d7   +34.3710..  +58.8350 |  4036  50 | -0.059  -1.98  -3.34  -3.36  -3.39  -3.47 |  43
  d8   +58.8490..  +76.3710 |  4036  50 | -0.050  -1.83  -3.20  -3.23  -3.23  -3.28 |  33
  d9   +76.6890..+1275.2520 |  4036  49 | -0.092  -1.73  -3.12  -3.15  -3.19  -3.18 |  35
-- mkt_r1_60 (n=39882)  cols: lo..hi | n pairs | g120% n0_60 n50_60 n50_120 n50_180 n50_300 | heat%
  d0    -0.0319..   -0.0017 |  3988  51 | +0.000  -2.02  -3.37  -3.36  -3.48  -3.60 |  46
  d1    -0.0017..   -0.0008 |  3988  51 | -0.051  -1.90  -3.27  -3.35  -3.37  -3.43 |  41
  d2    -0.0008..   -0.0004 |  3988  52 | -0.078  -1.93  -3.30  -3.33  -3.40  -3.45 |  40
  d3    -0.0004..   -0.0002 |  3988  50 | -0.028  -1.90  -3.27  -3.29  -3.33  -3.44 |  41
  d4    -0.0002..   +0.0002 |  3989  52 | -0.053  -1.94  -3.31  -3.35  -3.40  -3.52 |  40
  d5    +0.0002..   +0.0003 |  3988  50 | +0.053  -1.84  -3.21  -3.21  -3.20  -3.28 |  39
  d6    +0.0003..   +0.0005 |  3988  50 | +0.014  -1.83  -3.21  -3.22  -3.26  -3.35 |  39
  d7    +0.0005..   +0.0008 |  3988  52 | -0.154  -1.99  -3.35  -3.40  -3.40  -3.51 |  40
  d8    +0.0008..   +0.0017 |  3988  51 | -0.041  -1.94  -3.31  -3.34  -3.41  -3.50 |  41
  d9    +0.0017..   +0.0227 |  3989  52 | -0.059  -2.13  -3.48  -3.46  -3.48  -3.54 |  49
-- mkt_r60_120 (n=40119)  cols: lo..hi | n pairs | g120% n0_60 n50_60 n50_120 n50_180 n50_300 | heat%
  d0    -0.0324..   -0.0016 |  4011  51 | -0.085  -2.10  -3.44  -3.48  -3.52  -3.69 |  50
  d1    -0.0016..   -0.0006 |  4012  51 | -0.019  -1.90  -3.27  -3.31  -3.40  -3.43 |  41
  d2    -0.0006..   -0.0003 |  4012  52 | -0.045  -1.90  -3.27  -3.33  -3.45  -3.54 |  41
  d3    -0.0003..   +0.0000 |  4012  51 | -0.060  -1.96  -3.33  -3.36  -3.41  -3.49 |  42
  d4    +0.0000..   +0.0000 |  4012  43 | -0.028  -1.91  -3.28  -3.30  -3.30  -3.37 |  39
  d5    +0.0000..   +0.0001 |  4012  49 | -0.013  -1.81  -3.19  -3.23  -3.24  -3.40 |  37
  d6    +0.0001..   +0.0004 |  4012  52 | -0.084  -1.96  -3.33  -3.36  -3.41  -3.52 |  41
  d7    +0.0004..   +0.0007 |  4012  51 | -0.000  -1.85  -3.22  -3.22  -3.24  -3.31 |  39
  d8    +0.0007..   +0.0015 |  4012  51 | -0.115  -1.99  -3.36  -3.41  -3.42  -3.50 |  42
  d9    +0.0015..   +0.0462 |  4012  51 | +0.055  -2.08  -3.43  -3.37  -3.36  -3.39 |  50
-- mkt_r300_120 (n=40119)  cols: lo..hi | n pairs | g120% n0_60 n50_60 n50_120 n50_180 n50_300 | heat%
  d0    -0.0648..   -0.0037 |  4011  50 | -0.055  -2.14  -3.48  -3.48  -3.53  -3.67 |  51
  d1    -0.0037..   -0.0021 |  4012  51 | -0.067  -1.96  -3.32  -3.35  -3.41  -3.51 |  41
  d2    -0.0021..   -0.0011 |  4012  50 | -0.031  -1.89  -3.26  -3.33  -3.36  -3.49 |  41
  d3    -0.0011..   -0.0005 |  4012  54 | -0.088  -1.93  -3.30  -3.37  -3.39  -3.49 |  39
  d4    -0.0005..   +0.0000 |  4012  51 | -0.050  -1.91  -3.28  -3.31  -3.41  -3.51 |  39
  d5    +0.0000..   +0.0006 |  4012  51 | -0.018  -1.90  -3.28  -3.26  -3.35  -3.38 |  40
  d6    +0.0006..   +0.0012 |  4012  51 | -0.011  -1.85  -3.22  -3.25  -3.28  -3.33 |  40
  d7    +0.0012..   +0.0019 |  4012  51 | -0.012  -1.87  -3.24  -3.26  -3.24  -3.33 |  39
  d8    +0.0019..   +0.0031 |  4012  50 | -0.096  -1.94  -3.31  -3.36  -3.39  -3.44 |  41
  d9    +0.0031..   +0.1176 |  4012  50 | +0.031  -2.09  -3.43  -3.41  -3.39  -3.48 |  50
====================================================================================================
U50 fee<=50 liq>=50k train events 15452 pairs 27 events/h 599
  heat=any n=15452 | g120 -0.046 n0_60 -1.349 n50_60 -2.867 n50_120 -2.873 n50_180 -2.901 n50_300 -2.976
  heat=kept n=10989 | g120 +0.005 n0_60 -1.331 n50_60 -2.848 n50_120 -2.826 n50_180 -2.840 n50_300 -2.888
-- r1 (n=15452)  cols: lo..hi | n pairs | g120% n0_60 n50_60 n50_120 n50_180 n50_300 | heat%
  d0    -0.7475..   -0.0060 |  1545  25 | -0.220  -1.62  -3.13  -3.24  -3.33  -3.48 |  45
  d1    -0.0060..   -0.0050 |  1545  24 | -0.039  -1.26  -2.78  -2.78  -2.84  -2.98 |  15
  d2    -0.0050..   -0.0036 |  1545  23 | -0.040  -1.23  -2.75  -2.76  -2.79  -2.74 |  17
  d3    -0.0036..   -0.0005 |  1545  23 | +0.037  -1.28  -2.80  -2.74  -2.65  -2.86 |  38
  d4    -0.0005..   +0.0003 |  1546  21 | -0.068  -1.47  -2.99  -2.97  -2.97  -2.99 |  27
  d5    +0.0003..   +0.0005 |  1545  19 | -0.016  -1.28  -2.80  -2.81  -2.84  -2.81 |  22
  d6    +0.0005..   +0.0036 |  1545  24 | -0.043  -1.36  -2.88  -2.88  -2.89  -3.02 |  43
  d7    +0.0036..   +0.0050 |  1545  23 | +0.051  -1.16  -2.68  -2.66  -2.67  -2.69 |  18
  d8    +0.0050..   +0.0060 |  1545  24 | +0.016  -1.25  -2.77  -2.75  -2.80  -2.87 |  17
  d9    +0.0061..   +2.9408 |  1546  23 | -0.135  -1.57  -3.08  -3.15  -3.22  -3.32 |  46
-- r2 (n=15344)  cols: lo..hi | n pairs | g120% n0_60 n50_60 n50_120 n50_180 n50_300 | heat%
  d0    -0.7467..   -0.0061 |  1534  24 | -0.283  -1.62  -3.13  -3.22  -3.32  -3.49 |  52
  d1    -0.0061..   -0.0040 |  1534  24 | -0.060  -1.24  -2.76  -2.81  -2.74  -2.91 |  20
  d2    -0.0040..   -0.0007 |  1535  24 | +0.072  -1.23  -2.75  -2.72  -2.83  -2.86 |  33
  d3    -0.0007..   +0.0000 |  1534  23 | +0.006  -1.33  -2.84  -2.83  -2.83  -2.94 |  20
  d4    +0.0000..   +0.0000 |  1535  21 | +0.030  -1.22  -2.74  -2.74  -2.80  -2.85 |  13
  d5    +0.0000..   +0.0003 |  1534  21 | +0.008  -1.32  -2.84  -2.82  -2.79  -2.77 |  14
  d6    +0.0003..   +0.0010 |  1534  23 | -0.018  -1.35  -2.87  -2.86  -2.86  -2.88 |  20
  d7    +0.0010..   +0.0042 |  1535  23 | -0.028  -1.36  -2.88  -2.83  -2.81  -2.96 |  37
  d8    +0.0042..   +0.0064 |  1534  24 | -0.094  -1.32  -2.84  -2.86  -2.89  -2.85 |  22
  d9    +0.0064..   +2.9601 |  1535  23 | -0.091  -1.49  -3.01  -3.04  -3.12  -3.22 |  57
-- r60 (n=15437)  cols: lo..hi | n pairs | g120% n0_60 n50_60 n50_120 n50_180 n50_300 | heat%
  d0    -0.7475..   -0.0061 |  1543  23 | -0.287  -1.62  -3.14  -3.24  -3.35  -3.54 |  53
  d1    -0.0061..   -0.0046 |  1544  24 | -0.018  -1.26  -2.78  -2.77  -2.77  -2.75 |  16
  d2    -0.0046..   -0.0010 |  1544  24 | -0.033  -1.29  -2.81  -2.82  -2.82  -2.91 |  35
  d3    -0.0010..   -0.0001 |  1543  23 | +0.035  -1.33  -2.85  -2.79  -2.87  -3.11 |  23
  d4    -0.0001..   +0.0000 |  1544  24 | +0.033  -1.21  -2.73  -2.73  -2.79  -2.84 |  13
  d5    +0.0000..   +0.0004 |  1544  22 | +0.005  -1.30  -2.82  -2.83  -2.83  -2.81 |  15
  d6    +0.0004..   +0.0010 |  1543  24 | +0.038  -1.25  -2.77  -2.78  -2.77  -2.78 |  23
  d7    +0.0010..   +0.0047 |  1544  23 | -0.002  -1.34  -2.85  -2.81  -2.76  -2.89 |  35
  d8    +0.0047..   +0.0064 |  1544  24 | -0.140  -1.40  -2.91  -2.92  -2.91  -2.92 |  18
  d9    +0.0064..   +0.4550 |  1544  23 | -0.090  -1.49  -3.00  -3.05  -3.12  -3.20 |  57
-- r120 (n=15421)  cols: lo..hi | n pairs | g120% n0_60 n50_60 n50_120 n50_180 n50_300 | heat%
  d0    -0.7470..   -0.0064 |  1542  25 | -0.296  -1.55  -3.06  -3.19  -3.33  -3.54 |  57
  d1    -0.0064..   -0.0047 |  1542  24 | -0.080  -1.31  -2.83  -2.88  -2.82  -2.84 |  18
  d2    -0.0047..   -0.0019 |  1542  24 | -0.033  -1.29  -2.81  -2.81  -2.82  -2.91 |  24
  d3    -0.0019..   -0.0004 |  1542  24 | +0.070  -1.26  -2.78  -2.74  -2.94  -3.20 |  24
  d4    -0.0004..   +0.0000 |  1542  24 | -0.054  -1.37  -2.89  -2.83  -2.83  -2.80 |  15
  d5    +0.0000..   +0.0005 |  1542  21 | -0.047  -1.35  -2.87  -2.86  -2.85  -2.81 |  16
  d6    +0.0005..   +0.0016 |  1542  24 | +0.012  -1.32  -2.84  -2.82  -2.81  -2.84 |  26
  d7    +0.0016..   +0.0049 |  1542  23 | -0.003  -1.34  -2.86  -2.79  -2.81  -2.79 |  27
  d8    +0.0049..   +0.0068 |  1542  24 | +0.034  -1.27  -2.79  -2.80  -2.80  -2.84 |  19
  d9    +0.0068..   +0.4543 |  1543  23 | -0.060  -1.41  -2.93  -2.99  -2.99  -3.17 |  63
-- r300 (n=15370)  cols: lo..hi | n pairs | g120% n0_60 n50_60 n50_120 n50_180 n50_300 | heat%
  d0    -0.7480..   -0.0073 |  1537  25 | -0.362  -1.58  -3.09  -3.23  -3.34  -3.49 |  65
  d1    -0.0073..   -0.0048 |  1537  24 | -0.024  -1.29  -2.80  -2.85  -2.92  -3.02 |  16
  d2    -0.0048..   -0.0027 |  1537  24 | +0.009  -1.30  -2.82  -2.76  -2.76  -2.74 |  18
  d3    -0.0027..   -0.0009 |  1537  24 | +0.011  -1.30  -2.82  -2.80  -2.78  -2.85 |  18
  d4    -0.0009..   +0.0003 |  1537  24 | -0.065  -1.39  -2.91  -2.89  -2.98  -3.08 |  18
  d5    +0.0003..   +0.0013 |  1537  24 | +0.028  -1.28  -2.80  -2.79  -2.79  -2.82 |  19
  d6    +0.0013..   +0.0029 |  1537  24 | +0.002  -1.33  -2.85  -2.83  -2.81  -2.80 |  19
  d7    +0.0029..   +0.0054 |  1537  23 | -0.061  -1.35  -2.87  -2.86  -2.86  -2.89 |  21
  d8    +0.0054..   +0.0085 |  1537  23 | +0.033  -1.31  -2.83  -2.83  -2.82  -2.85 |  20
  d9    +0.0085..   +2.9415 |  1537  23 | -0.011  -1.36  -2.87  -2.88  -2.92  -3.19 |  73
-- hi15 (n=15452)  cols: lo..hi | n pairs | g120% n0_60 n50_60 n50_120 n50_180 n50_300 | heat%
  d0    -0.7500..   -0.0185 |  1545  11 | -0.257  -1.48  -2.99  -3.09  -3.19  -3.44 |  83
  d1    -0.0184..   -0.0088 |  1545  22 | -0.071  -1.46  -2.98  -2.94  -2.93  -2.98 |  38
  d2    -0.0088..   -0.0068 |  1545  23 | -0.009  -1.39  -2.91  -2.92  -2.93  -3.01 |  22
  d3    -0.0068..   -0.0056 |  1545  25 | -0.019  -1.32  -2.84  -2.84  -2.89  -2.96 |  17
  d4    -0.0056..   -0.0048 |  1546  24 | -0.003  -1.24  -2.76  -2.73  -2.72  -2.83 |  14
  d5    -0.0048..   -0.0026 |  1545  23 | +0.007  -1.28  -2.80  -2.79  -2.77  -2.80 |  20
  d6    -0.0026..   -0.0010 |  1545  24 | -0.014  -1.31  -2.83  -2.84  -2.83  -2.89 |  20
  d7    -0.0010..   -0.0003 |  1545  21 | -0.090  -1.39  -2.90  -2.90  -2.96  -3.01 |  17
  d8    -0.0003..   +0.0000 |  1545  25 | +0.006  -1.32  -2.84  -2.85  -2.89  -2.91 |  30
  d9    +0.0000..   +0.0000 |  1546  20 | -0.007  -1.30  -2.82  -2.84  -2.91  -2.93 |  27
-- lo15 (n=15452)  cols: lo..hi | n pairs | g120% n0_60 n50_60 n50_120 n50_180 n50_300 | heat%
  d0    +0.0000..   +0.0000 |  1545  26 | -0.143  -1.33  -2.84  -2.90  -2.96  -3.01 |  35
  d1    +0.0000..   +0.0014 |  1545  25 | +0.004  -1.32  -2.84  -2.79  -2.78  -2.76 |  20
  d2    +0.0014..   +0.0031 |  1545  23 | +0.007  -1.29  -2.81  -2.78  -2.82  -3.01 |  22
  d3    +0.0031..   +0.0050 |  1545  23 | -0.010  -1.33  -2.84  -2.80  -2.80  -2.88 |  22
  d4    +0.0050..   +0.0060 |  1546  24 | -0.001  -1.25  -2.77  -2.76  -2.76  -2.73 |  14
  d5    +0.0060..   +0.0072 |  1545  24 | -0.030  -1.34  -2.86  -2.85  -2.92  -2.91 |  19
  d6    +0.0072..   +0.0086 |  1545  23 | -0.058  -1.42  -2.94  -2.95  -2.92  -2.97 |  18
  d7    +0.0086..   +0.0110 |  1545  23 | +0.016  -1.38  -2.89  -2.89  -2.91  -2.94 |  21
  d8    +0.0110..   +0.0216 |  1545  21 | -0.060  -1.43  -2.95  -3.00  -3.02  -3.00 |  37
  d9    +0.0216..   +2.9690 |  1546  12 | -0.182  -1.41  -2.93  -3.02  -3.13  -3.55 |  81
-- db5 (n=15452)  cols: lo..hi | n pairs | g120% n0_60 n50_60 n50_120 n50_180 n50_300 | heat%
  d0  -877.0000..   -3.0000 |  1545  23 | -0.118  -1.41  -2.92  -2.95  -3.00  -3.32 |  65
  d1    -3.0000..   -2.0000 |  1545  24 | -0.007  -1.35  -2.87  -2.87  -2.91  -3.00 |  14
  d2    -2.0000..   -1.0000 |  1545  24 | -0.053  -1.37  -2.89  -2.88  -2.84  -2.87 |  10
  d3    -1.0000..   +0.0000 |  1545  20 | +0.055  -1.26  -2.78  -2.77  -2.75  -2.75 |  14
  d4    +0.0000..   +0.0000 |  1546  23 | -0.014  -1.27  -2.79  -2.78  -2.76  -2.88 |  23
  d5    +0.0000..   +1.0000 |  1545  24 | +0.000  -1.27  -2.79  -2.78  -2.81  -2.80 |  22
  d6    +1.0000..   +1.0000 |  1545  22 | -0.046  -1.39  -2.91  -2.88  -2.88  -2.91 |  28
  d7    +1.0000..   +2.0000 |  1545  25 | +0.039  -1.37  -2.89  -2.82  -2.90  -2.88 |  16
  d8    +2.0000..   +3.0000 |  1545  22 | +0.027  -1.32  -2.83  -2.84  -2.87  -2.76 |  19
  d9    +3.0000.. +653.0000 |  1546  24 | -0.340  -1.48  -2.99  -3.15  -3.29  -3.58 |  77
-- ds5 (n=15452)  cols: lo..hi | n pairs | g120% n0_60 n50_60 n50_120 n50_180 n50_300 | heat%
  d0  -895.0000..   -2.0000 |  1545  23 | -0.185  -1.46  -2.98  -3.03  -3.05  -3.29 |  50
  d1    -2.0000..   -1.0000 |  1545  24 | +0.015  -1.40  -2.91  -2.85  -2.83  -2.84 |  21
  d2    -1.0000..   -1.0000 |  1545  21 | +0.005  -1.25  -2.77  -2.81  -2.80  -2.92 |  14
  d3    -1.0000..   +0.0000 |  1545  22 | -0.079  -1.32  -2.84  -2.87  -2.83  -2.85 |  24
  d4    +0.0000..   +0.0000 |  1546  21 | -0.005  -1.31  -2.83  -2.82  -2.93  -2.95 |  27
  d5    +0.0000..   +1.0000 |  1545  23 | +0.038  -1.36  -2.88  -2.78  -2.78  -2.85 |  22
  d6    +1.0000..   +1.0000 |  1545  21 | -0.021  -1.35  -2.87  -2.85  -2.86  -3.00 |  19
  d7    +1.0000..   +1.0000 |  1545  19 | +0.041  -1.29  -2.81  -2.81  -2.80  -2.78 |  21
  d8    +1.0000..   +2.0000 |  1545  25 | -0.009  -1.35  -2.86  -2.87  -2.91  -2.79 |  22
  d9    +2.0000.. +554.0000 |  1546  21 | -0.257  -1.41  -2.92  -3.05  -3.20  -3.49 |  68
-- dnet (n=15452)  cols: lo..hi | n pairs | g120% n0_60 n50_60 n50_120 n50_180 n50_300 | heat%
  d0  -876.0000..   -3.0000 |  1545  21 | -0.176  -1.39  -2.91  -2.95  -3.00  -3.25 |  69
  d1    -3.0000..   -1.0000 |  1545  24 | +0.023  -1.30  -2.82  -2.79  -2.86  -3.01 |  16
  d2    -1.0000..   -1.0000 |  1545  23 | -0.010  -1.31  -2.82  -2.83  -2.82  -2.94 |  15
  d3    -1.0000..   +0.0000 |  1545  22 | -0.047  -1.33  -2.85  -2.88  -2.81  -2.81 |  16
  d4    +0.0000..   +0.0000 |  1546  21 | -0.026  -1.35  -2.86  -2.86  -2.88  -2.89 |  14
  d5    +0.0000..   +0.0000 |  1545  18 | +0.037  -1.34  -2.85  -2.84  -2.84  -2.80 |  17
  d6    +0.0000..   +1.0000 |  1545  24 | -0.040  -1.48  -3.00  -2.89  -2.96  -2.94 |  17
  d7    +1.0000..   +1.0000 |  1545  19 | +0.030  -1.31  -2.83  -2.83  -2.82  -2.82 |  24
  d8    +1.0000..   +2.0000 |  1545  23 | +0.039  -1.30  -2.82  -2.81  -2.87  -2.91 |  22
  d9    +2.0000.. +633.0000 |  1546  20 | -0.288  -1.38  -2.90  -3.05  -3.17  -3.39 |  78
-- dvl (n=15452)  cols: lo..hi | n pairs | g120% n0_60 n50_60 n50_120 n50_180 n50_300 | heat%
  d0    -0.1375..   -0.0005 |  1545  19 | -0.137  -1.50  -3.02  -3.07  -3.11  -3.35 |  58
  d1    -0.0005..   -0.0002 |  1545  24 | -0.049  -1.48  -3.00  -2.94  -2.93  -3.00 |  17
  d2    -0.0002..   -0.0001 |  1545  24 | +0.046  -1.22  -2.74  -2.73  -2.77  -2.84 |  11
  d3    -0.0001..   -0.0000 |  1545  24 | -0.005  -1.25  -2.77  -2.76  -2.76  -2.76 |  12
  d4    -0.0000..   +0.0000 |  1546  23 | +0.001  -1.22  -2.74  -2.71  -2.78  -2.74 |  29
  d5    +0.0000..   +0.0001 |  1545  23 | -0.044  -1.24  -2.75  -2.80  -2.82  -2.87 |  20
  d6    +0.0001..   +0.0002 |  1545  24 | -0.040  -1.32  -2.84  -2.83  -2.84  -2.82 |  15
  d7    +0.0002..   +0.0003 |  1545  24 | +0.034  -1.31  -2.83  -2.78  -2.77  -2.84 |  15
  d8    +0.0003..   +0.0007 |  1545  24 | +0.018  -1.47  -2.98  -2.97  -2.99  -2.96 |  29
  d9    +0.0007..   +0.3551 |  1546  18 | -0.281  -1.48  -3.00  -3.14  -3.24  -3.57 |  82
-- bshare (n=15452)  cols: lo..hi | n pairs | g120% n0_60 n50_60 n50_120 n50_180 n50_300 | heat%
  d0    +0.0000..   +0.4375 |  1545   9 | -0.144  -1.31  -2.83  -2.81  -2.83  -2.89 |  32
  d1    +0.4375..   +0.5500 |  1545  23 | +0.036  -1.29  -2.81  -2.80  -2.84  -2.79 |  18
  d2    +0.5500..   +0.5714 |  1545  25 | +0.024  -1.36  -2.88  -2.85  -2.82  -2.82 |  14
  d3    +0.5714..   +0.5909 |  1545  25 | +0.053  -1.38  -2.90  -2.86  -2.94  -2.98 |  15
  d4    +0.5909..   +0.6000 |  1546  24 | -0.030  -1.37  -2.89  -2.88  -2.85  -2.87 |  10
  d5    +0.6000..   +0.6087 |  1545  23 | +0.074  -1.32  -2.84  -2.81  -2.81  -2.82 |  13
  d6    +0.6087..   +0.6250 |  1545  24 | -0.065  -1.40  -2.92  -2.93  -2.96  -3.10 |  13
  d7    +0.6250..   +0.6522 |  1545  23 | -0.043  -1.36  -2.88  -2.91  -2.90  -2.96 |  12
  d8    +0.6522..   +0.7600 |  1545  21 | -0.267  -1.46  -2.98  -3.11  -3.28  -3.77 |  61
  d9    +0.7603..   +1.0000 |  1546  10 | -0.093  -1.23  -2.75  -2.77  -2.77  -2.76 | 100
-- vacc (n=15452)  cols: lo..hi | n pairs | g120% n0_60 n50_60 n50_120 n50_180 n50_300 | heat%
  d0    +0.0000..   +0.4880 |  1545  11 | +0.001  -1.23  -2.75  -2.70  -2.79  -2.86 |  26
  d1    +0.4895..   +0.6907 |  1545  23 | +0.010  -1.34  -2.86  -2.81  -2.77  -2.79 |  26
  d2    +0.6908..   +0.7714 |  1545  24 | -0.078  -1.46  -2.98  -2.93  -2.95  -3.03 |  23
  d3    +0.7714..   +0.8216 |  1545  24 | -0.111  -1.37  -2.89  -2.96  -2.97  -3.19 |  20
  d4    +0.8216..   +0.8653 |  1546  23 | -0.000  -1.33  -2.85  -2.84  -2.92  -2.93 |  18
  d5    +0.8653..   +0.9061 |  1545  23 | +0.019  -1.32  -2.84  -2.82  -2.82  -2.81 |  16
  d6    +0.9061..   +0.9503 |  1545  23 | +0.041  -1.31  -2.83  -2.84  -2.83  -2.92 |  16
  d7    +0.9503..   +1.0135 |  1545  23 | +0.034  -1.34  -2.86  -2.83  -2.81  -2.86 |  17
  d8    +1.0136..   +1.2689 |  1545  24 | -0.129  -1.42  -2.93  -3.03  -3.04  -3.17 |  29
  d9    +1.2693..  +11.1794 |  1546  18 | -0.242  -1.36  -2.88  -2.99  -3.10  -3.21 |  98
-- turn (n=15452)  cols: lo..hi | n pairs | g120% n0_60 n50_60 n50_120 n50_180 n50_300 | heat%
  d0    +0.0000..   +0.0009 |  1545   8 | +0.020  -1.15  -2.67  -2.56  -2.62  -2.68 |  33
  d1    +0.0009..   +0.0012 |  1545  16 | -0.107  -1.30  -2.81  -2.82  -2.85  -2.99 |   6
  d2    +0.0012..   +0.0014 |  1545  16 | -0.049  -1.25  -2.77  -2.76  -2.88  -2.93 |   5
  d3    +0.0014..   +0.0016 |  1545  16 | +0.034  -1.22  -2.74  -2.71  -2.68  -2.75 |   8
  d4    +0.0016..   +0.0017 |  1546  17 | +0.025  -1.20  -2.72  -2.71  -2.69  -2.70 |   9
  d5    +0.0017..   +0.0022 |  1545  21 | +0.021  -1.24  -2.76  -2.75  -2.75  -2.75 |  15
  d6    +0.0022..   +0.0030 |  1545  18 | +0.030  -1.53  -3.04  -3.05  -3.03  -3.05 |  29
  d7    +0.0030..   +0.0037 |  1545  15 | +0.031  -1.62  -3.13  -3.12  -3.12  -3.09 |  27
  d8    +0.0037..   +0.0252 |  1545  17 | +0.011  -1.45  -2.97  -2.98  -2.96  -2.94 |  60
  d9    +0.0253..   +0.4237 |  1546   6 | -0.473  -1.54  -3.06  -3.28  -3.43  -3.87 |  97
-- tot5 (n=15452)  cols: lo..hi | n pairs | g120% n0_60 n50_60 n50_120 n50_180 n50_300 | heat%
  d0    +1.0000..  +13.0000 |  1545   7 | -0.071  -1.16  -2.68  -2.73  -2.74  -2.82 |  47
  d1   +13.0000..  +19.0000 |  1545  22 | -0.103  -1.40  -2.92  -2.83  -2.90  -3.13 |  16
  d2   +19.0000..  +20.0000 |  1545  23 | -0.033  -1.26  -2.78  -2.78  -2.75  -2.75 |   6
  d3   +20.0000..  +22.0000 |  1545  23 | +0.012  -1.25  -2.76  -2.75  -2.80  -2.79 |   7
  d4   +22.0000..  +23.0000 |  1546  23 | +0.070  -1.26  -2.78  -2.74  -2.74  -2.84 |   7
  d5   +23.0000..  +24.0000 |  1545  22 | +0.101  -1.28  -2.79  -2.75  -2.78  -2.77 |  10
  d6   +24.0000..  +26.0000 |  1545  22 | +0.056  -1.40  -2.92  -2.91  -2.91  -2.91 |  17
  d7   +26.0000..  +29.0000 |  1545  17 | +0.010  -1.58  -3.09  -3.09  -3.08  -3.07 |  27
  d8   +29.0000.. +243.0000 |  1545  17 | -0.097  -1.44  -2.95  -3.00  -2.96  -2.92 |  52
  d9  +243.0000..+4390.0000 |  1546   8 | -0.402  -1.48  -3.00  -3.17  -3.35  -3.77 | 100
-- dt_prev (n=15344)  cols: lo..hi | n pairs | g120% n0_60 n50_60 n50_120 n50_180 n50_300 | heat%
  d0    +3.8950..  +28.0590 |  1534  24 | -0.112  -1.45  -2.96  -2.96  -2.96  -3.10 |  30
  d1   +28.0600..  +30.1340 |  1534  24 | -0.031  -1.33  -2.85  -2.88  -2.85  -2.87 |  30
  d2   +30.1350..  +30.8490 |  1535  24 | -0.039  -1.36  -2.88  -2.90  -2.95  -3.06 |  29
  d3   +30.8490..  +31.5710 |  1534  23 | +0.022  -1.41  -2.92  -2.85  -2.86  -2.95 |  29
  d4   +31.5720..  +32.4420 |  1535  23 | -0.015  -1.34  -2.85  -2.88  -2.94  -3.20 |  29
  d5   +32.4420..  +33.4540 |  1534  24 | -0.030  -1.37  -2.88  -2.88  -2.96  -3.01 |  30
  d6   +33.4540..  +35.1030 |  1534  24 | -0.047  -1.38  -2.90  -2.91  -2.95  -2.99 |  30
  d7   +35.1060..  +62.1480 |  1535  24 | +0.023  -1.30  -2.82  -2.80  -2.87  -2.95 |  25
  d8   +62.1550..  +94.2500 |  1534  25 | -0.195  -1.37  -2.89  -2.94  -2.94  -2.88 |  25
  d9   +94.2530..+1114.4250 |  1535  24 | -0.036  -1.17  -2.69  -2.72  -2.72  -2.74 |  32
-- mkt_r1_60 (n=15449)  cols: lo..hi | n pairs | g120% n0_60 n50_60 n50_120 n50_180 n50_300 | heat%
  d0    -0.0106..   -0.0015 |  1544  24 | -0.014  -1.32  -2.83  -2.84  -2.87  -2.99 |  31
  d1    -0.0015..   -0.0007 |  1545  24 | -0.052  -1.28  -2.80  -2.88  -2.85  -2.88 |  29
  d2    -0.0007..   -0.0004 |  1545  24 | -0.044  -1.35  -2.87  -2.86  -2.86  -2.90 |  29
  d3    -0.0004..   -0.0002 |  1545  23 | -0.041  -1.36  -2.87  -2.87  -2.89  -3.02 |  29
  d4    -0.0002..   +0.0002 |  1545  25 | -0.024  -1.32  -2.84  -2.86  -2.95  -3.12 |  29
  d5    +0.0002..   +0.0003 |  1545  23 | -0.013  -1.30  -2.81  -2.84  -2.89  -2.88 |  30
  d6    +0.0003..   +0.0005 |  1545  24 | +0.011  -1.34  -2.86  -2.82  -2.89  -2.92 |  27
  d7    +0.0005..   +0.0007 |  1545  25 | -0.121  -1.43  -2.94  -2.95  -2.93  -2.95 |  29
  d8    +0.0007..   +0.0015 |  1545  24 | -0.123  -1.43  -2.94  -2.96  -3.03  -3.16 |  27
  d9    +0.0015..   +0.0097 |  1545  24 | -0.035  -1.38  -2.90  -2.85  -2.85  -2.94 |  29
-- mkt_r60_120 (n=15449)  cols: lo..hi | n pairs | g120% n0_60 n50_60 n50_120 n50_180 n50_300 | heat%
  d0    -0.0131..   -0.0013 |  1544  24 | -0.000  -1.33  -2.85  -2.82  -2.82  -2.94 |  30
  d1    -0.0013..   -0.0006 |  1545  24 | -0.040  -1.32  -2.83  -2.85  -2.95  -3.10 |  29
  d2    -0.0006..   -0.0002 |  1545  24 | -0.000  -1.28  -2.80  -2.82  -2.90  -2.95 |  29
  d3    -0.0002..   +0.0000 |  1545  24 | -0.030  -1.27  -2.79  -2.86  -2.87  -2.92 |  31
  d4    +0.0000..   +0.0000 |  1545  21 | -0.169  -1.45  -2.97  -3.00  -2.99  -2.99 |  30
  d5    +0.0000..   +0.0001 |  1545  24 | -0.086  -1.38  -2.90  -2.94  -3.00  -3.15 |  28
  d6    +0.0001..   +0.0004 |  1545  25 | -0.145  -1.43  -2.95  -2.98  -3.02  -3.13 |  31
  d7    +0.0004..   +0.0006 |  1545  24 | -0.024  -1.32  -2.84  -2.85  -2.82  -2.86 |  26
  d8    +0.0006..   +0.0012 |  1545  24 | +0.000  -1.32  -2.84  -2.84  -2.87  -2.93 |  27
  d9    +0.0012..   +0.0130 |  1545  24 | +0.039  -1.38  -2.90  -2.77  -2.76  -2.78 |  28
-- mkt_r300_120 (n=15449)  cols: lo..hi | n pairs | g120% n0_60 n50_60 n50_120 n50_180 n50_300 | heat%
  d0    -0.0345..   -0.0032 |  1544  24 | +0.050  -1.32  -2.83  -2.77  -2.81  -2.90 |  31
  d1    -0.0032..   -0.0019 |  1545  24 | -0.031  -1.30  -2.82  -2.86  -2.88  -2.93 |  29
  d2    -0.0019..   -0.0010 |  1545  23 | -0.095  -1.34  -2.86  -2.92  -2.96  -3.05 |  30
  d3    -0.0010..   -0.0004 |  1545  26 | -0.042  -1.35  -2.87  -2.90  -2.91  -2.92 |  29
  d4    -0.0004..   +0.0001 |  1545  25 | -0.060  -1.34  -2.86  -2.90  -2.89  -2.98 |  30
  d5    +0.0001..   +0.0006 |  1545  24 | -0.070  -1.40  -2.91  -2.91  -2.98  -3.04 |  31
  d6    +0.0006..   +0.0011 |  1545  24 | -0.011  -1.30  -2.82  -2.83  -2.92  -2.98 |  29
  d7    +0.0011..   +0.0017 |  1545  24 | -0.032  -1.31  -2.83  -2.85  -2.85  -3.02 |  26
  d8    +0.0017..   +0.0029 |  1545  23 | -0.149  -1.42  -2.94  -2.97  -2.94  -2.99 |  26
  d9    +0.0029..   +0.0177 |  1545  23 | -0.016  -1.41  -2.93  -2.83  -2.86  -2.95 |  28
