U50 heat=1 hold= 60 RANDOM mean net50 -2.818 (salts -2.78 -2.83 -2.79 -2.84 -2.85) tph 65.9
   MOM_STEP_0.3     n  2029 tph  78.6 net50 -2.879 gap -0.061 net0 -1.362 gross -0.072 win  0.0 pairs 21 top 0.12
   MOM_STEP_0.5     n  1557 tph  60.3 net50 -2.915 gap -0.097 net0 -1.398 gross -0.065 win  0.1 pairs 21 top 0.16
   MOM_STEP_1.0     n    20 tph   0.8 net50 -2.687 gap +0.131 net0 -1.167 gross +0.211 win  5.0 pairs 11 top 0.35
   REV_STEP_0.3     n  2021 tph  78.3 net50 -2.836 gap -0.018 net0 -1.318 gross -0.032 win  0.0 pairs 22 top 0.12
   REV_STEP_0.5     n  1448 tph  56.1 net50 -2.901 gap -0.083 net0 -1.384 gross -0.043 win  0.1 pairs 22 top 0.17
   REV_STEP_1.0     n    18 tph   0.7 net50 -3.079 gap -0.261 net0 -1.565 gross -0.011 win  0.0 pairs  4 top 0.61
   MOM_2STEP_0.5    n  1156 tph  44.8 net50 -2.927 gap -0.109 net0 -1.411 gross -0.058 win  0.1 pairs 21 top 0.19
   REV_2STEP_0.5    n   976 tph  37.8 net50 -2.923 gap -0.105 net0 -1.407 gross -0.031 win  0.0 pairs 21 top 0.23
   BUYJUMP_2        n   977 tph  37.9 net50 -2.801 gap +0.017 net0 -1.283 gross +0.033 win  0.0 pairs 20 top 0.14
   BUYJUMP_4        n   122 tph   4.7 net50 -2.774 gap +0.044 net0 -1.255 gross -0.008 win  0.8 pairs 11 top 0.36
   BUYJUMP_DB5_3    n   381 tph  14.8 net50 -2.914 gap -0.096 net0 -1.398 gross +0.040 win  0.0 pairs 20 top 0.27
   SELLJUMP_REV_3   n   448 tph  17.4 net50 -2.917 gap -0.099 net0 -1.400 gross -0.103 win  0.0 pairs 19 top 0.18
   BSHARE_HI_0.62   n  1074 tph  41.6 net50 -2.829 gap -0.011 net0 -1.311 gross +0.007 win  0.2 pairs 21 top 0.14
   BSHARE_LO_0.50   n   716 tph  27.7 net50 -2.687 gap +0.131 net0 -1.166 gross -0.036 win  0.4 pairs 14 top 0.27
   VACC_HI_1.0      n   741 tph  28.7 net50 -2.877 gap -0.059 net0 -1.360 gross -0.035 win  0.0 pairs 21 top 0.16
   VACC_LO_0.7      n  1106 tph  42.9 net50 -2.825 gap -0.007 net0 -1.307 gross -0.086 win  0.2 pairs 20 top 0.16
   AT_15M_HIGH      n  1312 tph  50.8 net50 -2.825 gap -0.007 net0 -1.307 gross -0.023 win  0.1 pairs 22 top 0.13
   PULLBACK_BOUNCE  n   133 tph   5.2 net50 -3.098 gap -0.280 net0 -1.586 gross -0.173 win  0.0 pairs 13 top 0.29
   NEAR_15M_LOW     n  1467 tph  56.9 net50 -2.844 gap -0.026 net0 -1.326 gross -0.083 win  0.0 pairs 23 top 0.09
   MKT_UP           n  1144 tph  44.3 net50 -2.806 gap +0.012 net0 -1.288 gross +0.031 win  0.2 pairs 21 top 0.12
   MKT_DN           n  1078 tph  41.8 net50 -2.848 gap -0.030 net0 -1.330 gross -0.039 win  0.1 pairs 21 top 0.13
   MKT_UP_MOM       n   863 tph  33.4 net50 -2.806 gap +0.012 net0 -1.287 gross +0.036 win  0.0 pairs 21 top 0.12
   MKT_DN_COINDIP   n   619 tph  24.0 net50 -2.814 gap +0.004 net0 -1.297 gross -0.021 win  0.0 pairs 21 top 0.11
   QUIET            n  2390 tph  92.6 net50 -2.779 gap +0.039 net0 -1.260 gross -0.083 win  0.0 pairs 21 top 0.12
   QUIET_REV        n  1587 tph  61.5 net50 -2.723 gap +0.095 net0 -1.204 gross -0.022 win  0.1 pairs 18 top 0.13
   SLOW_REFRESH     n  1890 tph  73.2 net50 -2.792 gap +0.026 net0 -1.274 gross -0.073 win  0.1 pairs 21 top 0.10
U50 heat=1 hold=120 RANDOM mean net50 -2.813 (salts -2.81 -2.79 -2.79 -2.88 -2.80) tph 50.8
   MOM_STEP_0.3     n  1490 tph  57.7 net50 -2.852 gap -0.039 net0 -1.334 gross -0.042 win  0.1 pairs 21 top 0.12
   MOM_STEP_0.5     n  1215 tph  47.1 net50 -2.835 gap -0.022 net0 -1.317 gross +0.011 win  0.1 pairs 21 top 0.16
   MOM_STEP_1.0     n    20 tph   0.8 net50 -2.678 gap +0.135 net0 -1.158 gross +0.220 win  5.0 pairs 11 top 0.35
   REV_STEP_0.3     n  1477 tph  57.2 net50 -2.855 gap -0.042 net0 -1.337 gross -0.049 win  0.0 pairs 22 top 0.12
   REV_STEP_0.5     n  1112 tph  43.1 net50 -2.914 gap -0.101 net0 -1.397 gross -0.060 win  0.0 pairs 22 top 0.17
   REV_STEP_1.0     n    18 tph   0.7 net50 -3.054 gap -0.241 net0 -1.540 gross +0.017 win  0.0 pairs  4 top 0.61
   MOM_2STEP_0.5    n   955 tph  37.0 net50 -2.923 gap -0.110 net0 -1.407 gross -0.066 win  0.2 pairs 21 top 0.18
   REV_2STEP_0.5    n   831 tph  32.2 net50 -2.988 gap -0.175 net0 -1.472 gross -0.112 win  0.0 pairs 21 top 0.21
   BUYJUMP_2        n   857 tph  33.2 net50 -2.792 gap +0.021 net0 -1.274 gross +0.038 win  0.1 pairs 20 top 0.13
   BUYJUMP_4        n   112 tph   4.3 net50 -2.779 gap +0.034 net0 -1.260 gross -0.018 win  0.9 pairs 11 top 0.38
   BUYJUMP_DB5_3    n   354 tph  13.7 net50 -2.936 gap -0.123 net0 -1.421 gross +0.011 win  0.3 pairs 20 top 0.27
   SELLJUMP_REV_3   n   408 tph  15.8 net50 -2.713 gap +0.100 net0 -1.193 gross +0.108 win  0.5 pairs 19 top 0.17
   BSHARE_HI_0.62   n   865 tph  33.5 net50 -2.815 gap -0.002 net0 -1.297 gross +0.013 win  0.1 pairs 21 top 0.14
   BSHARE_LO_0.50   n   593 tph  23.0 net50 -2.567 gap +0.246 net0 -1.045 gross +0.081 win  0.3 pairs 14 top 0.27
   VACC_HI_1.0      n   617 tph  23.9 net50 -2.882 gap -0.069 net0 -1.366 gross -0.046 win  0.2 pairs 21 top 0.15
   VACC_LO_0.7      n   899 tph  34.8 net50 -2.701 gap +0.112 net0 -1.181 gross +0.038 win  0.1 pairs 20 top 0.17
   AT_15M_HIGH      n   966 tph  37.4 net50 -2.858 gap -0.045 net0 -1.341 gross -0.059 win  0.0 pairs 22 top 0.14
   PULLBACK_BOUNCE  n   111 tph   4.3 net50 -2.911 gap -0.098 net0 -1.397 gross +0.013 win  2.7 pairs 13 top 0.28
   NEAR_15M_LOW     n  1100 tph  42.6 net50 -2.744 gap +0.069 net0 -1.225 gross +0.017 win  0.1 pairs 23 top 0.09
   MKT_UP           n   908 tph  35.2 net50 -2.766 gap +0.047 net0 -1.247 gross +0.074 win  0.2 pairs 21 top 0.12
   MKT_DN           n   843 tph  32.7 net50 -2.760 gap +0.053 net0 -1.241 gross +0.051 win  0.4 pairs 21 top 0.13
   MKT_UP_MOM       n   715 tph  27.7 net50 -2.793 gap +0.020 net0 -1.274 gross +0.048 win  0.0 pairs 21 top 0.11
   MKT_DN_COINDIP   n   494 tph  19.1 net50 -2.725 gap +0.088 net0 -1.206 gross +0.075 win  0.4 pairs 21 top 0.12
   QUIET            n  1594 tph  61.8 net50 -2.663 gap +0.150 net0 -1.143 gross +0.038 win  0.1 pairs 21 top 0.12
   QUIET_REV        n  1159 tph  44.9 net50 -2.741 gap +0.072 net0 -1.222 gross -0.043 win  0.0 pairs 18 top 0.13
   SLOW_REFRESH     n  1417 tph  54.9 net50 -2.767 gap +0.046 net0 -1.248 gross -0.043 win  0.1 pairs 21 top 0.10
U50 heat=1 hold=180 RANDOM mean net50 -2.831 (salts -2.79 -2.78 -2.88 -2.88 -2.82) tph 40.6
   MOM_STEP_0.3     n  1139 tph  44.1 net50 -2.856 gap -0.025 net0 -1.339 gross -0.046 win  0.4 pairs 21 top 0.12
   MOM_STEP_0.5     n   956 tph  37.0 net50 -2.902 gap -0.071 net0 -1.386 gross -0.061 win  0.3 pairs 21 top 0.15
   MOM_STEP_1.0     n    19 tph   0.7 net50 -2.593 gap +0.238 net0 -1.071 gross +0.294 win  5.3 pairs 11 top 0.32
   REV_STEP_0.3     n  1035 tph  40.1 net50 -3.017 gap -0.186 net0 -1.502 gross -0.212 win  0.2 pairs 22 top 0.12
   REV_STEP_0.5     n   853 tph  33.0 net50 -2.911 gap -0.080 net0 -1.394 gross -0.061 win  0.2 pairs 22 top 0.17
   REV_STEP_1.0     n    16 tph   0.6 net50 -3.084 gap -0.253 net0 -1.570 gross -0.016 win  0.0 pairs  4 top 0.56
   MOM_2STEP_0.5    n   789 tph  30.6 net50 -2.935 gap -0.104 net0 -1.419 gross -0.078 win  0.1 pairs 21 top 0.18
   REV_2STEP_0.5    n   731 tph  28.3 net50 -2.860 gap -0.029 net0 -1.343 gross +0.010 win  0.1 pairs 21 top 0.20
   BUYJUMP_2        n   750 tph  29.1 net50 -2.781 gap +0.050 net0 -1.262 gross +0.045 win  0.1 pairs 20 top 0.13
   BUYJUMP_4        n   102 tph   4.0 net50 -2.766 gap +0.065 net0 -1.247 gross -0.010 win  1.0 pairs 11 top 0.37
   BUYJUMP_DB5_3    n   322 tph  12.5 net50 -3.090 gap -0.259 net0 -1.577 gross -0.160 win  0.9 pairs 20 top 0.26
   SELLJUMP_REV_3   n   384 tph  14.9 net50 -2.644 gap +0.187 net0 -1.124 gross +0.172 win  1.0 pairs 19 top 0.17
   BSHARE_HI_0.62   n   710 tph  27.5 net50 -2.810 gap +0.021 net0 -1.291 gross +0.015 win  0.1 pairs 21 top 0.13
   BSHARE_LO_0.50   n   516 tph  20.0 net50 -2.640 gap +0.191 net0 -1.119 gross +0.005 win  0.4 pairs 14 top 0.25
   VACC_HI_1.0      n   538 tph  20.9 net50 -2.877 gap -0.046 net0 -1.361 gross -0.045 win  0.2 pairs 21 top 0.14
   VACC_LO_0.7      n   758 tph  29.4 net50 -2.655 gap +0.176 net0 -1.134 gross +0.079 win  0.4 pairs 20 top 0.16
   AT_15M_HIGH      n   770 tph  29.8 net50 -2.875 gap -0.044 net0 -1.357 gross -0.072 win  0.3 pairs 22 top 0.13
   PULLBACK_BOUNCE  n    98 tph   3.8 net50 -3.087 gap -0.256 net0 -1.576 gross -0.170 win  2.0 pairs 13 top 0.29
   NEAR_15M_LOW     n   859 tph  33.3 net50 -2.847 gap -0.016 net0 -1.330 gross -0.092 win  0.5 pairs 23 top 0.09
   MKT_UP           n   760 tph  29.4 net50 -2.811 gap +0.020 net0 -1.293 gross +0.034 win  0.1 pairs 21 top 0.12
   MKT_DN           n   722 tph  28.0 net50 -2.731 gap +0.100 net0 -1.212 gross +0.077 win  0.4 pairs 21 top 0.12
   MKT_UP_MOM       n   605 tph  23.4 net50 -2.788 gap +0.043 net0 -1.269 gross +0.066 win  0.2 pairs 21 top 0.11
   MKT_DN_COINDIP   n   416 tph  16.1 net50 -2.632 gap +0.199 net0 -1.112 gross +0.167 win  0.7 pairs 21 top 0.12
   QUIET            n  1253 tph  48.5 net50 -2.723 gap +0.108 net0 -1.203 gross -0.023 win  0.2 pairs 21 top 0.12
   QUIET_REV        n   951 tph  36.9 net50 -2.804 gap +0.027 net0 -1.285 gross -0.109 win  0.1 pairs 18 top 0.13
   SLOW_REFRESH     n  1074 tph  41.6 net50 -2.774 gap +0.057 net0 -1.255 gross -0.048 win  0.2 pairs 21 top 0.10
U50 heat=1 hold=300 RANDOM mean net50 -2.853 (salts -2.79 -2.76 -2.85 -2.92 -2.94) tph 27.4
   MOM_STEP_0.3     n   777 tph  30.1 net50 -2.892 gap -0.039 net0 -1.375 gross -0.083 win  0.4 pairs 21 top 0.12
   MOM_STEP_0.5     n   675 tph  26.2 net50 -2.981 gap -0.128 net0 -1.466 gross -0.139 win  0.4 pairs 21 top 0.15
   MOM_STEP_1.0     n    19 tph   0.7 net50 -2.695 gap +0.158 net0 -1.174 gross +0.189 win  5.3 pairs 11 top 0.32
   REV_STEP_0.3     n   793 tph  30.7 net50 -2.856 gap -0.003 net0 -1.338 gross -0.061 win  0.3 pairs 22 top 0.11
   REV_STEP_0.5     n   632 tph  24.5 net50 -2.932 gap -0.079 net0 -1.415 gross -0.090 win  0.2 pairs 22 top 0.15
   REV_STEP_1.0     n    13 tph   0.5 net50 -3.789 gap -0.936 net0 -2.286 gross -0.752 win  0.0 pairs  4 top 0.46
   MOM_2STEP_0.5    n   591 tph  22.9 net50 -2.949 gap -0.096 net0 -1.433 gross -0.101 win  0.7 pairs 20 top 0.17
   REV_2STEP_0.5    n   558 tph  21.6 net50 -2.875 gap -0.022 net0 -1.357 gross -0.019 win  0.7 pairs 21 top 0.18
   BUYJUMP_2        n   589 tph  22.8 net50 -2.939 gap -0.086 net0 -1.423 gross -0.119 win  0.5 pairs 20 top 0.13
   BUYJUMP_4        n    98 tph   3.8 net50 -2.864 gap -0.011 net0 -1.346 gross -0.109 win  2.0 pairs 11 top 0.37
   BUYJUMP_DB5_3    n   280 tph  10.8 net50 -3.267 gap -0.414 net0 -1.757 gross -0.354 win  1.4 pairs 20 top 0.24
   SELLJUMP_REV_3   n   350 tph  13.6 net50 -2.752 gap +0.101 net0 -1.233 gross +0.057 win  0.3 pairs 19 top 0.16
   BSHARE_HI_0.62   n   563 tph  21.8 net50 -2.819 gap +0.034 net0 -1.301 gross +0.004 win  0.2 pairs 21 top 0.14
   BSHARE_LO_0.50   n   411 tph  15.9 net50 -2.670 gap +0.183 net0 -1.149 gross -0.025 win  0.5 pairs 14 top 0.24
   VACC_HI_1.0      n   442 tph  17.1 net50 -2.850 gap +0.003 net0 -1.333 gross -0.022 win  0.5 pairs 21 top 0.14
   VACC_LO_0.7      n   589 tph  22.8 net50 -2.684 gap +0.169 net0 -1.164 gross +0.051 win  0.8 pairs 20 top 0.16
   AT_15M_HIGH      n   543 tph  21.0 net50 -2.752 gap +0.101 net0 -1.232 gross +0.053 win  0.2 pairs 22 top 0.13
   PULLBACK_BOUNCE  n    85 tph   3.3 net50 -3.110 gap -0.257 net0 -1.599 gross -0.203 win  2.4 pairs 13 top 0.29
   NEAR_15M_LOW     n   598 tph  23.2 net50 -2.948 gap -0.095 net0 -1.431 gross -0.195 win  0.3 pairs 22 top 0.10
   MKT_UP           n   546 tph  21.2 net50 -2.845 gap +0.008 net0 -1.327 gross +0.016 win  0.4 pairs 21 top 0.13
   MKT_DN           n   554 tph  21.5 net50 -3.010 gap -0.157 net0 -1.495 gross -0.208 win  0.4 pairs 21 top 0.13
   MKT_UP_MOM       n   473 tph  18.3 net50 -2.961 gap -0.108 net0 -1.445 gross -0.109 win  0.4 pairs 21 top 0.11
   MKT_DN_COINDIP   n   329 tph  12.8 net50 -2.969 gap -0.116 net0 -1.453 gross -0.178 win  1.2 pairs 20 top 0.13
   QUIET            n   810 tph  31.4 net50 -2.774 gap +0.079 net0 -1.255 gross -0.077 win  0.1 pairs 19 top 0.11
   QUIET_REV        n   661 tph  25.6 net50 -2.859 gap -0.006 net0 -1.342 gross -0.171 win  0.2 pairs 18 top 0.13
   SLOW_REFRESH     n   763 tph  29.6 net50 -2.853 gap +0.000 net0 -1.335 gross -0.130 win  0.1 pairs 21 top 0.10
U50 heat=0 hold= 60 RANDOM mean net50 -2.852 (salts -2.81 -2.88 -2.86 -2.82 -2.88) tph 86.6
   MOM_STEP_0.3     n  2377 tph  92.1 net50 -2.849 gap +0.003 net0 -1.332 gross -0.029 win  0.5 pairs 24 top 0.10
   MOM_STEP_0.5     n  1935 tph  75.0 net50 -2.952 gap -0.100 net0 -1.437 gross -0.092 win  0.6 pairs 24 top 0.12
   MOM_STEP_1.0     n   217 tph   8.4 net50 -3.249 gap -0.397 net0 -1.739 gross -0.421 win  4.6 pairs 18 top 0.58
   REV_STEP_0.3     n  2423 tph  93.9 net50 -2.898 gap -0.046 net0 -1.381 gross -0.085 win  0.5 pairs 26 top 0.09
   REV_STEP_0.5     n  1926 tph  74.6 net50 -2.966 gap -0.114 net0 -1.451 gross -0.102 win  0.7 pairs 26 top 0.13
   REV_STEP_1.0     n   201 tph   7.8 net50 -3.482 gap -0.630 net0 -1.977 gross -0.671 win  3.5 pairs 11 top 0.68
   MOM_2STEP_0.5    n  1678 tph  65.0 net50 -2.971 gap -0.119 net0 -1.456 gross -0.110 win  0.7 pairs 24 top 0.14
   REV_2STEP_0.5    n  1438 tph  55.7 net50 -3.025 gap -0.173 net0 -1.510 gross -0.148 win  0.6 pairs 25 top 0.15
   BUYJUMP_2        n  1701 tph  65.9 net50 -2.863 gap -0.011 net0 -1.346 gross -0.064 win  1.0 pairs 23 top 0.18
   BUYJUMP_4        n   642 tph  24.9 net50 -2.904 gap -0.052 net0 -1.388 gross -0.175 win  2.3 pairs 16 top 0.48
   BUYJUMP_DB5_3    n  1020 tph  39.5 net50 -3.023 gap -0.171 net0 -1.510 gross -0.190 win  1.4 pairs 24 top 0.30
   SELLJUMP_REV_3   n   989 tph  38.3 net50 -3.014 gap -0.162 net0 -1.499 gross -0.235 win  1.3 pairs 23 top 0.29
   BSHARE_HI_0.62   n  1926 tph  74.6 net50 -2.875 gap -0.023 net0 -1.359 gross -0.083 win  0.8 pairs 24 top 0.17
   BSHARE_LO_0.50   n   972 tph  37.7 net50 -2.770 gap +0.082 net0 -1.251 gross -0.085 win  0.3 pairs 18 top 0.24
   VACC_HI_1.0      n  1353 tph  52.4 net50 -2.860 gap -0.008 net0 -1.344 gross -0.055 win  0.8 pairs 24 top 0.10
   VACC_LO_0.7      n  1483 tph  57.5 net50 -2.822 gap +0.030 net0 -1.304 gross -0.085 win  0.3 pairs 23 top 0.15
   AT_15M_HIGH      n  1689 tph  65.5 net50 -2.859 gap -0.007 net0 -1.342 gross -0.054 win  0.4 pairs 25 top 0.10
   PULLBACK_BOUNCE  n   466 tph  18.1 net50 -2.992 gap -0.140 net0 -1.479 gross -0.173 win  2.1 pairs 15 top 0.44
   NEAR_15M_LOW     n  1829 tph  70.9 net50 -2.881 gap -0.029 net0 -1.363 gross -0.124 win  0.1 pairs 26 top 0.10
   MKT_UP           n  1366 tph  52.9 net50 -2.783 gap +0.069 net0 -1.265 gross +0.027 win  0.8 pairs 24 top 0.09
   MKT_DN           n  1287 tph  49.9 net50 -2.870 gap -0.018 net0 -1.354 gross -0.062 win  0.8 pairs 24 top 0.10
   MKT_UP_MOM       n  1101 tph  42.7 net50 -2.818 gap +0.034 net0 -1.300 gross +0.014 win  0.5 pairs 24 top 0.09
   MKT_DN_COINDIP   n   794 tph  30.8 net50 -2.766 gap +0.086 net0 -1.248 gross +0.024 win  0.6 pairs 24 top 0.10
   QUIET            n  2587 tph 100.2 net50 -2.728 gap +0.124 net0 -1.208 gross -0.043 win  0.1 pairs 20 top 0.12
   QUIET_REV        n  1697 tph  65.8 net50 -2.713 gap +0.139 net0 -1.193 gross -0.019 win  0.1 pairs 18 top 0.12
   SLOW_REFRESH     n  2262 tph  87.7 net50 -2.773 gap +0.079 net0 -1.254 gross -0.050 win  0.1 pairs 24 top 0.11
U50 heat=0 hold=120 RANDOM mean net50 -2.862 (salts -2.86 -2.82 -2.90 -2.88 -2.85) tph 62.7
   MOM_STEP_0.3     n  1726 tph  66.9 net50 -2.898 gap -0.036 net0 -1.382 gross -0.080 win  1.2 pairs 24 top 0.09
   MOM_STEP_0.5     n  1363 tph  52.8 net50 -3.016 gap -0.154 net0 -1.501 gross -0.160 win  1.1 pairs 24 top 0.12
   MOM_STEP_1.0     n   197 tph   7.6 net50 -3.290 gap -0.428 net0 -1.780 gross -0.466 win  6.6 pairs 18 top 0.55
   REV_STEP_0.3     n  1711 tph  66.3 net50 -2.885 gap -0.023 net0 -1.368 gross -0.070 win  0.6 pairs 25 top 0.10
   REV_STEP_0.5     n  1416 tph  54.9 net50 -3.056 gap -0.194 net0 -1.542 gross -0.196 win  1.1 pairs 26 top 0.13
   REV_STEP_1.0     n   183 tph   7.1 net50 -3.841 gap -0.979 net0 -2.340 gross -1.039 win  4.9 pairs 11 top 0.65
   MOM_2STEP_0.5    n  1306 tph  50.6 net50 -3.038 gap -0.176 net0 -1.524 gross -0.186 win  1.2 pairs 24 top 0.13
   REV_2STEP_0.5    n  1180 tph  45.7 net50 -3.092 gap -0.230 net0 -1.579 gross -0.228 win  0.8 pairs 25 top 0.15
   BUYJUMP_2        n  1346 tph  52.2 net50 -2.895 gap -0.033 net0 -1.379 gross -0.093 win  1.8 pairs 23 top 0.16
   BUYJUMP_4        n   521 tph  20.2 net50 -3.093 gap -0.231 net0 -1.580 gross -0.372 win  4.4 pairs 16 top 0.43
   BUYJUMP_DB5_3    n   861 tph  33.4 net50 -3.125 gap -0.263 net0 -1.613 gross -0.289 win  3.0 pairs 24 top 0.26
   SELLJUMP_REV_3   n   824 tph  31.9 net50 -3.010 gap -0.148 net0 -1.495 gross -0.230 win  2.5 pairs 23 top 0.26
   BSHARE_HI_0.62   n  1427 tph  55.3 net50 -2.905 gap -0.043 net0 -1.388 gross -0.113 win  1.6 pairs 24 top 0.16
   BSHARE_LO_0.50   n   782 tph  30.3 net50 -2.746 gap +0.116 net0 -1.227 gross -0.064 win  0.4 pairs 18 top 0.24
   VACC_HI_1.0      n  1089 tph  42.2 net50 -2.982 gap -0.120 net0 -1.467 gross -0.192 win  1.6 pairs 25 top 0.10
   VACC_LO_0.7      n  1154 tph  44.7 net50 -2.767 gap +0.095 net0 -1.248 gross -0.028 win  0.3 pairs 23 top 0.16
   AT_15M_HIGH      n  1184 tph  45.9 net50 -2.879 gap -0.017 net0 -1.363 gross -0.073 win  0.6 pairs 25 top 0.11
   PULLBACK_BOUNCE  n   369 tph  14.3 net50 -3.023 gap -0.161 net0 -1.508 gross -0.202 win  4.6 pairs 15 top 0.43
   NEAR_15M_LOW     n  1320 tph  51.1 net50 -2.900 gap -0.038 net0 -1.383 gross -0.144 win  0.4 pairs 26 top 0.10
   MKT_UP           n  1048 tph  40.6 net50 -2.772 gap +0.090 net0 -1.253 gross +0.041 win  0.8 pairs 24 top 0.09
   MKT_DN           n   965 tph  37.4 net50 -2.822 gap +0.040 net0 -1.305 gross -0.017 win  0.9 pairs 24 top 0.10
   MKT_UP_MOM       n   858 tph  33.2 net50 -2.843 gap +0.019 net0 -1.326 gross -0.012 win  0.6 pairs 24 top 0.09
   MKT_DN_COINDIP   n   599 tph  23.2 net50 -2.779 gap +0.083 net0 -1.261 gross +0.016 win  1.0 pairs 24 top 0.10
   QUIET            n  1755 tph  68.0 net50 -2.760 gap +0.102 net0 -1.241 gross -0.073 win  0.1 pairs 21 top 0.12
   QUIET_REV        n  1234 tph  47.8 net50 -2.722 gap +0.140 net0 -1.202 gross -0.031 win  0.0 pairs 18 top 0.12
   SLOW_REFRESH     n  1703 tph  66.0 net50 -2.810 gap +0.052 net0 -1.292 gross -0.085 win  0.2 pairs 24 top 0.10
U50 heat=0 hold=180 RANDOM mean net50 -2.912 (salts -2.85 -2.84 -2.99 -2.94 -2.95) tph 47.6
   MOM_STEP_0.3     n  1256 tph  48.7 net50 -2.987 gap -0.075 net0 -1.472 gross -0.168 win  1.3 pairs 24 top 0.10
   MOM_STEP_0.5     n  1140 tph  44.2 net50 -2.895 gap +0.017 net0 -1.378 gross -0.039 win  2.0 pairs 24 top 0.12
   MOM_STEP_1.0     n   177 tph   6.9 net50 -3.590 gap -0.678 net0 -2.086 gross -0.781 win  7.9 pairs 18 top 0.53
   REV_STEP_0.3     n  1176 tph  45.6 net50 -3.004 gap -0.092 net0 -1.489 gross -0.191 win  1.7 pairs 25 top 0.10
   REV_STEP_0.5     n  1034 tph  40.1 net50 -3.094 gap -0.182 net0 -1.581 gross -0.235 win  2.2 pairs 26 top 0.13
   REV_STEP_1.0     n   166 tph   6.4 net50 -3.962 gap -1.050 net0 -2.464 gross -1.157 win  8.4 pairs 11 top 0.61
   MOM_2STEP_0.5    n  1007 tph  39.0 net50 -2.950 gap -0.038 net0 -1.435 gross -0.099 win  1.8 pairs 24 top 0.13
   REV_2STEP_0.5    n   961 tph  37.2 net50 -3.097 gap -0.185 net0 -1.584 gross -0.233 win  2.4 pairs 25 top 0.14
   BUYJUMP_2        n  1088 tph  42.2 net50 -2.916 gap -0.004 net0 -1.400 gross -0.116 win  2.5 pairs 23 top 0.15
   BUYJUMP_4        n   436 tph  16.9 net50 -3.238 gap -0.326 net0 -1.727 gross -0.527 win  5.3 pairs 16 top 0.39
   BUYJUMP_DB5_3    n   733 tph  28.4 net50 -3.329 gap -0.417 net0 -1.820 gross -0.495 win  3.4 pairs 24 top 0.23
   SELLJUMP_REV_3   n   707 tph  27.4 net50 -2.937 gap -0.025 net0 -1.421 gross -0.153 win  5.4 pairs 22 top 0.24
   BSHARE_HI_0.62   n  1123 tph  43.5 net50 -2.994 gap -0.082 net0 -1.480 gross -0.209 win  2.1 pairs 24 top 0.16
   BSHARE_LO_0.50   n   660 tph  25.6 net50 -2.811 gap +0.101 net0 -1.292 gross -0.134 win  0.8 pairs 18 top 0.23
   VACC_HI_1.0      n   876 tph  33.9 net50 -2.917 gap -0.005 net0 -1.401 gross -0.116 win  1.9 pairs 24 top 0.09
   VACC_LO_0.7      n   961 tph  37.2 net50 -2.748 gap +0.164 net0 -1.228 gross -0.012 win  1.5 pairs 23 top 0.16
   AT_15M_HIGH      n   954 tph  37.0 net50 -2.880 gap +0.032 net0 -1.364 gross -0.072 win  0.7 pairs 25 top 0.11
   PULLBACK_BOUNCE  n   319 tph  12.4 net50 -3.202 gap -0.290 net0 -1.693 gross -0.384 win  6.0 pairs 15 top 0.42
   NEAR_15M_LOW     n   994 tph  38.5 net50 -3.020 gap -0.108 net0 -1.505 gross -0.264 win  0.7 pairs 26 top 0.10
   MKT_UP           n   863 tph  33.4 net50 -2.777 gap +0.135 net0 -1.259 gross +0.041 win  1.3 pairs 24 top 0.10
   MKT_DN           n   809 tph  31.4 net50 -2.967 gap -0.055 net0 -1.453 gross -0.171 win  1.2 pairs 24 top 0.10
   MKT_UP_MOM       n   737 tph  28.6 net50 -2.841 gap +0.071 net0 -1.323 gross +0.005 win  1.5 pairs 24 top 0.09
   MKT_DN_COINDIP   n   503 tph  19.5 net50 -2.834 gap +0.078 net0 -1.317 gross -0.036 win  1.2 pairs 24 top 0.10
   QUIET            n  1347 tph  52.2 net50 -2.737 gap +0.175 net0 -1.218 gross -0.051 win  0.2 pairs 20 top 0.11
   QUIET_REV        n  1017 tph  39.4 net50 -2.781 gap +0.131 net0 -1.263 gross -0.094 win  0.2 pairs 18 top 0.12
   SLOW_REFRESH     n  1142 tph  44.2 net50 -2.762 gap +0.150 net0 -1.243 gross -0.032 win  0.4 pairs 24 top 0.12
U50 heat=0 hold=300 RANDOM mean net50 -2.998 (salts -2.95 -2.98 -3.06 -2.92 -3.08) tph 31.0
   MOM_STEP_0.3     n   735 tph  28.5 net50 -3.068 gap -0.070 net0 -1.555 gross -0.251 win  2.6 pairs 24 top 0.11
   MOM_STEP_0.5     n   689 tph  26.7 net50 -2.912 gap +0.086 net0 -1.396 gross -0.054 win  2.8 pairs 24 top 0.12
   MOM_STEP_1.0     n   151 tph   5.8 net50 -3.457 gap -0.459 net0 -1.951 gross -0.641 win 10.6 pairs 17 top 0.48
   REV_STEP_0.3     n   828 tph  32.1 net50 -3.047 gap -0.049 net0 -1.533 gross -0.236 win  2.8 pairs 26 top 0.10
   REV_STEP_0.5     n   738 tph  28.6 net50 -3.097 gap -0.099 net0 -1.584 gross -0.249 win  3.4 pairs 26 top 0.12
   REV_STEP_1.0     n   137 tph   5.3 net50 -4.304 gap -1.306 net0 -2.811 gross -1.511 win 12.4 pairs 11 top 0.56
   MOM_2STEP_0.5    n   761 tph  29.5 net50 -3.059 gap -0.061 net0 -1.546 gross -0.215 win  2.8 pairs 23 top 0.12
   REV_2STEP_0.5    n   702 tph  27.2 net50 -2.984 gap +0.014 net0 -1.469 gross -0.124 win  3.7 pairs 23 top 0.14
   BUYJUMP_2        n   780 tph  30.2 net50 -3.121 gap -0.123 net0 -1.608 gross -0.330 win  3.6 pairs 22 top 0.14
   BUYJUMP_4        n   345 tph  13.4 net50 -3.200 gap -0.202 net0 -1.689 gross -0.489 win  7.0 pairs 16 top 0.34
   BUYJUMP_DB5_3    n   541 tph  21.0 net50 -3.182 gap -0.184 net0 -1.671 gross -0.355 win  5.4 pairs 22 top 0.21
   SELLJUMP_REV_3   n   563 tph  21.8 net50 -3.097 gap -0.099 net0 -1.583 gross -0.315 win  5.0 pairs 22 top 0.20
   BSHARE_HI_0.62   n   777 tph  30.1 net50 -3.043 gap -0.045 net0 -1.529 gross -0.251 win  3.1 pairs 24 top 0.15
   BSHARE_LO_0.50   n   502 tph  19.4 net50 -2.851 gap +0.147 net0 -1.333 gross -0.173 win  0.8 pairs 18 top 0.23
   VACC_HI_1.0      n   612 tph  23.7 net50 -3.060 gap -0.062 net0 -1.546 gross -0.259 win  1.8 pairs 24 top 0.10
   VACC_LO_0.7      n   712 tph  27.6 net50 -2.772 gap +0.226 net0 -1.253 gross -0.032 win  1.3 pairs 23 top 0.15
   AT_15M_HIGH      n   663 tph  25.7 net50 -2.940 gap +0.058 net0 -1.424 gross -0.135 win  1.2 pairs 25 top 0.11
   PULLBACK_BOUNCE  n   241 tph   9.3 net50 -3.084 gap -0.086 net0 -1.572 gross -0.258 win  9.5 pairs 15 top 0.39
   NEAR_15M_LOW     n   616 tph  23.9 net50 -3.124 gap -0.126 net0 -1.611 gross -0.371 win  1.6 pairs 24 top 0.11
   MKT_UP           n   613 tph  23.8 net50 -2.782 gap +0.216 net0 -1.263 gross +0.035 win  2.3 pairs 23 top 0.10
   MKT_DN           n   553 tph  21.4 net50 -3.170 gap -0.172 net0 -1.658 gross -0.372 win  2.7 pairs 24 top 0.11
   MKT_UP_MOM       n   534 tph  20.7 net50 -2.990 gap +0.008 net0 -1.475 gross -0.138 win  1.3 pairs 24 top 0.09
   MKT_DN_COINDIP   n   378 tph  14.7 net50 -2.803 gap +0.195 net0 -1.286 gross -0.005 win  3.4 pairs 23 top 0.10
   QUIET            n   852 tph  33.0 net50 -2.922 gap +0.076 net0 -1.405 gross -0.240 win  0.1 pairs 20 top 0.12
   QUIET_REV        n   690 tph  26.7 net50 -2.680 gap +0.318 net0 -1.160 gross +0.009 win  0.3 pairs 18 top 0.12
   SLOW_REFRESH     n   799 tph  31.0 net50 -2.904 gap +0.094 net0 -1.387 gross -0.168 win  0.6 pairs 25 top 0.11
U95 heat=1 hold= 60 RANDOM mean net50 -3.164 (salts -3.16 -3.17 -3.12 -3.17 -3.20) tph 114.3
   MOM_STEP_0.3     n  3199 tph 124.0 net50 -3.200 gap -0.036 net0 -1.813 gross -0.049 win  0.3 pairs 46 top 0.07
   MOM_STEP_0.5     n  3043 tph 117.9 net50 -3.243 gap -0.079 net0 -1.871 gross -0.032 win  0.4 pairs 45 top 0.08
   MOM_STEP_1.0     n   871 tph  33.8 net50 -3.698 gap -0.534 net0 -2.424 gross -0.025 win  1.0 pairs 31 top 0.20
   REV_STEP_0.3     n  3155 tph 122.3 net50 -3.200 gap -0.036 net0 -1.819 gross -0.020 win  0.5 pairs 46 top 0.07
   REV_STEP_0.5     n  2880 tph 111.6 net50 -3.283 gap -0.119 net0 -1.922 gross -0.036 win  0.5 pairs 46 top 0.08
   REV_STEP_1.0     n   975 tph  37.8 net50 -3.681 gap -0.517 net0 -2.407 gross +0.005 win  1.6 pairs 26 top 0.19
   MOM_2STEP_0.5    n  2693 tph 104.3 net50 -3.260 gap -0.096 net0 -1.898 gross -0.015 win  0.4 pairs 45 top 0.09
   REV_2STEP_0.5    n  2785 tph 107.9 net50 -3.338 gap -0.174 net0 -1.996 gross -0.028 win  0.6 pairs 44 top 0.08
   BUYJUMP_2        n  2339 tph  90.6 net50 -3.263 gap -0.099 net0 -1.898 gross -0.027 win  0.4 pairs 44 top 0.08
   BUYJUMP_4        n   815 tph  31.6 net50 -3.478 gap -0.314 net0 -2.170 gross -0.053 win  1.6 pairs 29 top 0.15
   BUYJUMP_DB5_3    n  1196 tph  46.3 net50 -3.424 gap -0.260 net0 -2.076 gross -0.071 win  0.8 pairs 44 top 0.13
   SELLJUMP_REV_3   n  1633 tph  63.3 net50 -3.363 gap -0.199 net0 -2.027 gross -0.042 win  0.9 pairs 43 top 0.10
   BSHARE_HI_0.62   n  1833 tph  71.0 net50 -3.098 gap +0.066 net0 -1.692 gross -0.001 win  0.3 pairs 44 top 0.09
   BSHARE_LO_0.50   n  2948 tph 114.2 net50 -3.292 gap -0.128 net0 -1.963 gross +0.002 win  0.7 pairs 33 top 0.08
   VACC_HI_1.0      n  1463 tph  56.7 net50 -3.144 gap +0.020 net0 -1.755 gross -0.014 win  0.2 pairs 44 top 0.09
   VACC_LO_0.7      n  3250 tph 125.9 net50 -3.313 gap -0.149 net0 -1.967 gross -0.050 win  0.5 pairs 43 top 0.08
   AT_15M_HIGH      n  1896 tph  73.5 net50 -3.029 gap +0.135 net0 -1.603 gross -0.016 win  0.1 pairs 45 top 0.09
   PULLBACK_BOUNCE  n  1394 tph  54.0 net50 -3.634 gap -0.470 net0 -2.341 gross -0.139 win  0.6 pairs 36 top 0.14
   NEAR_15M_LOW     n  2325 tph  90.1 net50 -3.144 gap +0.020 net0 -1.746 gross -0.063 win  0.2 pairs 45 top 0.05
   MKT_UP           n  1766 tph  68.4 net50 -3.180 gap -0.016 net0 -1.803 gross +0.009 win  0.8 pairs 45 top 0.07
   MKT_DN           n  1673 tph  64.8 net50 -3.179 gap -0.015 net0 -1.803 gross +0.003 win  0.6 pairs 45 top 0.07
   MKT_UP_MOM       n  1409 tph  54.6 net50 -3.171 gap -0.007 net0 -1.780 gross -0.029 win  0.5 pairs 45 top 0.07
   MKT_DN_COINDIP   n  1139 tph  44.1 net50 -3.265 gap -0.101 net0 -1.896 gross -0.055 win  0.4 pairs 44 top 0.07
   QUIET            n  2854 tph 110.6 net50 -2.823 gap +0.341 net0 -1.348 gross -0.010 win  0.2 pairs 36 top 0.10
   QUIET_REV        n  1643 tph  63.7 net50 -2.747 gap +0.417 net0 -1.237 gross -0.018 win  0.1 pairs 31 top 0.13
   SLOW_REFRESH     n  3231 tph 125.2 net50 -3.098 gap +0.066 net0 -1.707 gross -0.008 win  0.2 pairs 44 top 0.05
U95 heat=1 hold=120 RANDOM mean net50 -3.195 (salts -3.15 -3.23 -3.15 -3.23 -3.22) tph 74.8
   MOM_STEP_0.3     n  2074 tph  80.4 net50 -3.199 gap -0.004 net0 -1.820 gross -0.010 win  1.3 pairs 44 top 0.07
   MOM_STEP_0.5     n  1940 tph  75.2 net50 -3.331 gap -0.136 net0 -1.968 gross -0.085 win  1.4 pairs 45 top 0.08
   MOM_STEP_1.0     n   776 tph  30.1 net50 -3.756 gap -0.561 net0 -2.483 gross -0.092 win  2.7 pairs 30 top 0.18
   REV_STEP_0.3     n  2194 tph  85.0 net50 -3.191 gap +0.004 net0 -1.817 gross +0.011 win  1.0 pairs 45 top 0.07
   REV_STEP_0.5     n  1852 tph  71.8 net50 -3.335 gap -0.140 net0 -1.984 gross -0.060 win  1.1 pairs 47 top 0.07
   REV_STEP_1.0     n   852 tph  33.0 net50 -3.633 gap -0.438 net0 -2.358 gross +0.038 win  1.9 pairs 26 top 0.17
   MOM_2STEP_0.5    n  1867 tph  72.3 net50 -3.296 gap -0.101 net0 -1.940 gross -0.035 win  1.1 pairs 44 top 0.08
   REV_2STEP_0.5    n  1941 tph  75.2 net50 -3.410 gap -0.215 net0 -2.068 gross -0.104 win  1.4 pairs 43 top 0.08
   BUYJUMP_2        n  1754 tph  68.0 net50 -3.277 gap -0.082 net0 -1.913 gross -0.035 win  1.1 pairs 44 top 0.08
   BUYJUMP_4        n   722 tph  28.0 net50 -3.576 gap -0.381 net0 -2.269 gross -0.166 win  2.5 pairs 29 top 0.15
   BUYJUMP_DB5_3    n  1055 tph  40.9 net50 -3.353 gap -0.158 net0 -2.003 gross -0.009 win  1.8 pairs 44 top 0.12
   SELLJUMP_REV_3   n  1371 tph  53.1 net50 -3.422 gap -0.227 net0 -2.086 gross -0.104 win  1.6 pairs 43 top 0.10
   BSHARE_HI_0.62   n  1415 tph  54.8 net50 -3.145 gap +0.050 net0 -1.747 gross -0.033 win  0.6 pairs 44 top 0.08
   BSHARE_LO_0.50   n  2056 tph  79.7 net50 -3.286 gap -0.091 net0 -1.958 gross +0.010 win  1.8 pairs 32 top 0.09
   VACC_HI_1.0      n  1185 tph  45.9 net50 -3.147 gap +0.048 net0 -1.760 gross -0.009 win  1.2 pairs 44 top 0.08
   VACC_LO_0.7      n  2155 tph  83.5 net50 -3.270 gap -0.075 net0 -1.926 gross +0.005 win  1.3 pairs 41 top 0.08
   AT_15M_HIGH      n  1319 tph  51.1 net50 -3.054 gap +0.141 net0 -1.638 gross -0.009 win  0.2 pairs 45 top 0.10
   PULLBACK_BOUNCE  n  1143 tph  44.3 net50 -3.626 gap -0.431 net0 -2.334 gross -0.134 win  1.9 pairs 36 top 0.13
   NEAR_15M_LOW     n  1570 tph  60.8 net50 -3.104 gap +0.091 net0 -1.713 gross +0.007 win  0.5 pairs 48 top 0.06
   MKT_UP           n  1260 tph  48.8 net50 -3.124 gap +0.071 net0 -1.748 gross +0.071 win  1.5 pairs 43 top 0.07
   MKT_DN           n  1221 tph  47.3 net50 -3.164 gap +0.031 net0 -1.789 gross +0.021 win  1.0 pairs 45 top 0.06
   MKT_UP_MOM       n  1049 tph  40.6 net50 -3.133 gap +0.062 net0 -1.745 gross +0.015 win  1.0 pairs 45 top 0.07
   MKT_DN_COINDIP   n   839 tph  32.5 net50 -3.254 gap -0.059 net0 -1.887 gross -0.036 win  1.0 pairs 42 top 0.07
   QUIET            n  1916 tph  74.2 net50 -2.808 gap +0.387 net0 -1.338 gross +0.021 win  0.1 pairs 36 top 0.10
   QUIET_REV        n  1249 tph  48.4 net50 -2.753 gap +0.442 net0 -1.244 gross -0.026 win  0.1 pairs 31 top 0.12
   SLOW_REFRESH     n  2034 tph  78.8 net50 -3.157 gap +0.038 net0 -1.775 gross -0.038 win  0.6 pairs 44 top 0.05
U95 heat=1 hold=180 RANDOM mean net50 -3.235 (salts -3.25 -3.23 -3.24 -3.28 -3.17) tph 56.2
   MOM_STEP_0.3     n  1471 tph  57.0 net50 -3.225 gap +0.010 net0 -1.854 gross -0.010 win  2.4 pairs 45 top 0.07
   MOM_STEP_0.5     n  1331 tph  51.6 net50 -3.275 gap -0.040 net0 -1.914 gross -0.017 win  2.1 pairs 44 top 0.08
   MOM_STEP_1.0     n   712 tph  27.6 net50 -3.761 gap -0.526 net0 -2.487 gross -0.102 win  4.1 pairs 30 top 0.18
   REV_STEP_0.3     n  1366 tph  52.9 net50 -3.345 gap -0.110 net0 -1.983 gross -0.106 win  2.7 pairs 44 top 0.07
   REV_STEP_0.5     n  1370 tph  53.1 net50 -3.307 gap -0.072 net0 -1.959 gross -0.014 win  1.9 pairs 44 top 0.08
   REV_STEP_1.0     n   761 tph  29.5 net50 -3.736 gap -0.501 net0 -2.463 gross -0.083 win  3.4 pairs 26 top 0.17
   MOM_2STEP_0.5    n  1381 tph  53.5 net50 -3.409 gap -0.174 net0 -2.061 gross -0.138 win  2.3 pairs 43 top 0.08
   REV_2STEP_0.5    n  1460 tph  56.6 net50 -3.301 gap -0.066 net0 -1.966 gross +0.040 win  2.5 pairs 44 top 0.08
   BUYJUMP_2        n  1355 tph  52.5 net50 -3.309 gap -0.074 net0 -1.951 gross -0.052 win  2.1 pairs 44 top 0.08
   BUYJUMP_4        n   654 tph  25.3 net50 -3.592 gap -0.357 net0 -2.285 gross -0.183 win  3.5 pairs 29 top 0.15
   BUYJUMP_DB5_3    n   905 tph  35.1 net50 -3.562 gap -0.327 net0 -2.215 gross -0.231 win  3.5 pairs 44 top 0.12
   SELLJUMP_REV_3   n  1150 tph  44.6 net50 -3.426 gap -0.191 net0 -2.093 gross -0.103 win  2.3 pairs 42 top 0.10
   BSHARE_HI_0.62   n  1081 tph  41.9 net50 -3.177 gap +0.058 net0 -1.784 gross -0.051 win  1.0 pairs 44 top 0.08
   BSHARE_LO_0.50   n  1540 tph  59.7 net50 -3.239 gap -0.004 net0 -1.913 gross +0.077 win  3.1 pairs 32 top 0.09
   VACC_HI_1.0      n   977 tph  37.9 net50 -3.174 gap +0.061 net0 -1.791 gross -0.027 win  1.3 pairs 44 top 0.08
   VACC_LO_0.7      n  1602 tph  62.1 net50 -3.282 gap -0.047 net0 -1.942 gross +0.009 win  2.6 pairs 40 top 0.08
   AT_15M_HIGH      n   992 tph  38.4 net50 -3.128 gap +0.107 net0 -1.721 gross -0.062 win  1.2 pairs 45 top 0.10
   PULLBACK_BOUNCE  n   967 tph  37.5 net50 -3.690 gap -0.455 net0 -2.398 gross -0.206 win  3.9 pairs 36 top 0.13
   NEAR_15M_LOW     n  1150 tph  44.6 net50 -3.165 gap +0.070 net0 -1.782 gross -0.027 win  1.0 pairs 46 top 0.06
   MKT_UP           n  1066 tph  41.3 net50 -3.233 gap +0.002 net0 -1.862 gross -0.022 win  1.8 pairs 44 top 0.07
   MKT_DN           n  1012 tph  39.2 net50 -3.286 gap -0.051 net0 -1.917 gross -0.088 win  2.2 pairs 45 top 0.07
   MKT_UP_MOM       n   916 tph  35.5 net50 -3.158 gap +0.077 net0 -1.770 gross -0.005 win  1.4 pairs 44 top 0.06
   MKT_DN_COINDIP   n   686 tph  26.6 net50 -3.485 gap -0.250 net0 -2.121 gross -0.283 win  1.5 pairs 42 top 0.07
   QUIET            n  1359 tph  52.7 net50 -2.872 gap +0.363 net0 -1.404 gross -0.043 win  0.4 pairs 36 top 0.10
   QUIET_REV        n   980 tph  38.0 net50 -2.841 gap +0.394 net0 -1.337 gross -0.107 win  0.2 pairs 30 top 0.13
   SLOW_REFRESH     n  1455 tph  56.4 net50 -3.263 gap -0.028 net0 -1.887 gross -0.132 win  1.3 pairs 43 top 0.05
U95 heat=1 hold=300 RANDOM mean net50 -3.376 (salts -3.46 -3.42 -3.18 -3.37 -3.46) tph 34.8
   MOM_STEP_0.3     n   955 tph  37.0 net50 -3.276 gap +0.100 net0 -1.910 gross -0.044 win  3.5 pairs 43 top 0.08
   MOM_STEP_0.5     n   973 tph  37.7 net50 -3.243 gap +0.133 net0 -1.887 gross +0.029 win  4.0 pairs 43 top 0.08
   MOM_STEP_1.0     n   585 tph  22.7 net50 -3.723 gap -0.347 net0 -2.448 gross -0.082 win  6.3 pairs 30 top 0.16
   REV_STEP_0.3     n   925 tph  35.8 net50 -3.280 gap +0.096 net0 -1.923 gross -0.011 win  4.0 pairs 44 top 0.08
   REV_STEP_0.5     n   911 tph  35.3 net50 -3.261 gap +0.115 net0 -1.915 gross +0.048 win  4.4 pairs 44 top 0.09
   REV_STEP_1.0     n   612 tph  23.7 net50 -3.779 gap -0.403 net0 -2.507 gross -0.133 win  6.4 pairs 24 top 0.16
   MOM_2STEP_0.5    n   937 tph  36.3 net50 -3.280 gap +0.096 net0 -1.939 gross +0.033 win  4.9 pairs 44 top 0.08
   REV_2STEP_0.5    n   953 tph  36.9 net50 -3.355 gap +0.021 net0 -2.022 gross -0.016 win  4.9 pairs 43 top 0.09
   BUYJUMP_2        n   933 tph  36.1 net50 -3.367 gap +0.009 net0 -2.019 gross -0.091 win  4.5 pairs 42 top 0.09
   BUYJUMP_4        n   571 tph  22.1 net50 -3.736 gap -0.360 net0 -2.430 gross -0.338 win  6.0 pairs 29 top 0.14
   BUYJUMP_DB5_3    n   707 tph  27.4 net50 -3.562 gap -0.186 net0 -2.219 gross -0.221 win  6.5 pairs 42 top 0.12
   SELLJUMP_REV_3   n   832 tph  32.2 net50 -3.542 gap -0.166 net0 -2.211 gross -0.225 win  4.6 pairs 42 top 0.10
   BSHARE_HI_0.62   n   776 tph  30.1 net50 -3.254 gap +0.122 net0 -1.869 gross -0.107 win  2.1 pairs 44 top 0.08
   BSHARE_LO_0.50   n  1008 tph  39.1 net50 -3.358 gap +0.018 net0 -2.036 gross -0.032 win  5.0 pairs 28 top 0.09
   VACC_HI_1.0      n   725 tph  28.1 net50 -3.212 gap +0.164 net0 -1.833 gross -0.053 win  2.8 pairs 44 top 0.08
   VACC_LO_0.7      n  1007 tph  39.0 net50 -3.440 gap -0.064 net0 -2.109 gross -0.130 win  4.6 pairs 36 top 0.09
   AT_15M_HIGH      n   728 tph  28.2 net50 -3.026 gap +0.350 net0 -1.620 gross +0.045 win  1.6 pairs 43 top 0.10
   PULLBACK_BOUNCE  n   738 tph  28.6 net50 -3.664 gap -0.288 net0 -2.374 gross -0.187 win  6.2 pairs 32 top 0.13
   NEAR_15M_LOW     n   780 tph  30.2 net50 -3.273 gap +0.103 net0 -1.898 gross -0.123 win  2.6 pairs 44 top 0.05
   MKT_UP           n   717 tph  27.8 net50 -3.254 gap +0.122 net0 -1.889 gross -0.032 win  3.2 pairs 43 top 0.08
   MKT_DN           n   727 tph  28.2 net50 -3.457 gap -0.081 net0 -2.087 gross -0.271 win  3.4 pairs 43 top 0.07
   MKT_UP_MOM       n   637 tph  24.7 net50 -3.176 gap +0.200 net0 -1.797 gross -0.008 win  3.3 pairs 43 top 0.06
   MKT_DN_COINDIP   n   492 tph  19.1 net50 -3.581 gap -0.205 net0 -2.219 gross -0.374 win  3.5 pairs 39 top 0.07
   QUIET            n   896 tph  34.7 net50 -2.962 gap +0.414 net0 -1.501 gross -0.124 win  0.9 pairs 31 top 0.09
   QUIET_REV        n   687 tph  26.6 net50 -2.716 gap +0.660 net0 -1.210 gross +0.016 win  0.4 pairs 29 top 0.13
   SLOW_REFRESH     n   949 tph  36.8 net50 -3.282 gap +0.094 net0 -1.914 gross -0.123 win  2.3 pairs 43 top 0.06
U95 heat=0 hold= 60 RANDOM mean net50 -3.345 (salts -3.33 -3.36 -3.36 -3.31 -3.36) tph 156.7
   MOM_STEP_0.3     n  4483 tph 173.7 net50 -3.356 gap -0.011 net0 -2.003 gross +0.014 win  2.1 pairs 52 top 0.06
   MOM_STEP_0.5     n  3873 tph 150.1 net50 -3.438 gap -0.093 net0 -2.099 gross -0.003 win  2.2 pairs 52 top 0.07
   MOM_STEP_1.0     n  2538 tph  98.3 net50 -3.696 gap -0.351 net0 -2.409 gross +0.011 win  4.0 pairs 41 top 0.10
   REV_STEP_0.3     n  4496 tph 174.2 net50 -3.397 gap -0.052 net0 -2.043 gross -0.047 win  1.4 pairs 51 top 0.06
   REV_STEP_0.5     n  4241 tph 164.3 net50 -3.452 gap -0.107 net0 -2.111 gross -0.054 win  1.5 pairs 51 top 0.06
   REV_STEP_1.0     n  2472 tph  95.8 net50 -3.800 gap -0.455 net0 -2.513 gross -0.105 win  3.1 pairs 35 top 0.10
   MOM_2STEP_0.5    n  4155 tph 161.0 net50 -3.450 gap -0.105 net0 -2.115 gross -0.022 win  2.0 pairs 52 top 0.07
   REV_2STEP_0.5    n  4092 tph 158.6 net50 -3.540 gap -0.195 net0 -2.212 gross -0.104 win  1.6 pairs 50 top 0.06
   BUYJUMP_2        n  4164 tph 161.3 net50 -3.505 gap -0.160 net0 -2.167 gross -0.092 win  2.0 pairs 51 top 0.08
   BUYJUMP_4        n  2875 tph 111.4 net50 -3.618 gap -0.273 net0 -2.298 gross -0.102 win  3.3 pairs 38 top 0.13
   BUYJUMP_DB5_3    n  3391 tph 131.4 net50 -3.566 gap -0.221 net0 -2.234 gross -0.071 win  3.3 pairs 50 top 0.11
   SELLJUMP_REV_3   n  3340 tph 129.4 net50 -3.538 gap -0.193 net0 -2.208 gross -0.074 win  3.0 pairs 50 top 0.10
   BSHARE_HI_0.62   n  3976 tph 154.1 net50 -3.325 gap +0.020 net0 -1.960 gross -0.038 win  1.9 pairs 51 top 0.10
   BSHARE_LO_0.50   n  3734 tph 144.7 net50 -3.367 gap -0.022 net0 -2.042 gross -0.027 win  1.2 pairs 38 top 0.08
   VACC_HI_1.0      n  3352 tph 129.9 net50 -3.295 gap +0.050 net0 -1.940 gross -0.007 win  2.2 pairs 53 top 0.05
   VACC_LO_0.7      n  4184 tph 162.1 net50 -3.444 gap -0.099 net0 -2.109 gross -0.077 win  1.1 pairs 46 top 0.06
   AT_15M_HIGH      n  2768 tph 107.3 net50 -3.180 gap +0.165 net0 -1.790 gross -0.003 win  1.6 pairs 53 top 0.06
   PULLBACK_BOUNCE  n  3257 tph 126.2 net50 -3.611 gap -0.266 net0 -2.310 gross -0.050 win  2.7 pairs 40 top 0.09
   NEAR_15M_LOW     n  2950 tph 114.3 net50 -3.229 gap +0.116 net0 -1.849 gross -0.045 win  0.6 pairs 52 top 0.04
   MKT_UP           n  2289 tph  88.7 net50 -3.388 gap -0.043 net0 -2.040 gross -0.004 win  2.0 pairs 49 top 0.07
   MKT_DN           n  2160 tph  83.7 net50 -3.394 gap -0.049 net0 -2.045 gross -0.019 win  1.9 pairs 51 top 0.07
   MKT_UP_MOM       n  1952 tph  75.6 net50 -3.409 gap -0.064 net0 -2.057 gross -0.050 win  1.4 pairs 51 top 0.07
   MKT_DN_COINDIP   n  1537 tph  59.6 net50 -3.420 gap -0.075 net0 -2.074 gross -0.048 win  1.8 pairs 51 top 0.06
   QUIET            n  2950 tph 114.3 net50 -2.893 gap +0.452 net0 -1.425 gross -0.072 win  0.1 pairs 34 top 0.09
   QUIET_REV        n  1760 tph  68.2 net50 -2.738 gap +0.607 net0 -1.228 gross -0.017 win  0.1 pairs 31 top 0.12
   SLOW_REFRESH     n  3855 tph 149.4 net50 -3.172 gap +0.173 net0 -1.794 gross -0.037 win  0.2 pairs 50 top 0.05
U95 heat=0 hold=120 RANDOM mean net50 -3.439 (salts -3.45 -3.51 -3.41 -3.42 -3.40) tph 96.8
   MOM_STEP_0.3     n  2351 tph  91.1 net50 -3.563 gap -0.124 net0 -2.226 gross -0.119 win  4.1 pairs 52 top 0.08
   MOM_STEP_0.5     n  2380 tph  92.2 net50 -3.495 gap -0.056 net0 -2.162 gross -0.028 win  4.1 pairs 52 top 0.08
   MOM_STEP_1.0     n  1955 tph  75.8 net50 -3.765 gap -0.326 net0 -2.478 gross -0.068 win  6.4 pairs 39 top 0.10
   REV_STEP_0.3     n  2535 tph  98.2 net50 -3.495 gap -0.056 net0 -2.154 gross -0.084 win  3.2 pairs 51 top 0.07
   REV_STEP_0.5     n  2560 tph  99.2 net50 -3.573 gap -0.134 net0 -2.241 gross -0.130 win  3.3 pairs 49 top 0.07
   REV_STEP_1.0     n  1889 tph  73.2 net50 -3.873 gap -0.434 net0 -2.587 gross -0.191 win  4.7 pairs 35 top 0.10
   MOM_2STEP_0.5    n  2496 tph  96.7 net50 -3.590 gap -0.151 net0 -2.265 gross -0.117 win  4.2 pairs 50 top 0.08
   REV_2STEP_0.5    n  2554 tph  99.0 net50 -3.580 gap -0.141 net0 -2.256 gross -0.114 win  3.1 pairs 50 top 0.07
   BUYJUMP_2        n  2586 tph 100.2 net50 -3.595 gap -0.156 net0 -2.263 gross -0.157 win  4.4 pairs 49 top 0.09
   BUYJUMP_4        n  2084 tph  80.8 net50 -3.688 gap -0.249 net0 -2.371 gross -0.178 win  6.0 pairs 37 top 0.12
   BUYJUMP_DB5_3    n  2293 tph  88.8 net50 -3.736 gap -0.297 net0 -2.409 gross -0.234 win  5.5 pairs 48 top 0.11
   SELLJUMP_REV_3   n  2276 tph  88.2 net50 -3.601 gap -0.162 net0 -2.276 gross -0.117 win  5.5 pairs 50 top 0.10
   BSHARE_HI_0.62   n  2464 tph  95.5 net50 -3.425 gap +0.014 net0 -2.070 gross -0.101 win  3.9 pairs 51 top 0.11
   BSHARE_LO_0.50   n  2336 tph  90.5 net50 -3.368 gap +0.071 net0 -2.047 gross -0.005 win  2.7 pairs 36 top 0.08
   VACC_HI_1.0      n  2179 tph  84.4 net50 -3.309 gap +0.130 net0 -1.960 gross +0.009 win  4.1 pairs 52 top 0.05
   VACC_LO_0.7      n  2539 tph  98.4 net50 -3.494 gap -0.055 net0 -2.167 gross -0.098 win  2.2 pairs 41 top 0.07
   AT_15M_HIGH      n  1790 tph  69.4 net50 -3.171 gap +0.268 net0 -1.789 gross +0.049 win  2.7 pairs 52 top 0.06
   PULLBACK_BOUNCE  n  2261 tph  87.6 net50 -3.617 gap -0.178 net0 -2.316 gross -0.050 win  4.7 pairs 39 top 0.09
   NEAR_15M_LOW     n  1942 tph  75.2 net50 -3.244 gap +0.195 net0 -1.872 gross -0.028 win  1.9 pairs 49 top 0.05
   MKT_UP           n  1630 tph  63.2 net50 -3.396 gap +0.043 net0 -2.050 gross +0.002 win  3.8 pairs 48 top 0.08
   MKT_DN           n  1508 tph  58.4 net50 -3.341 gap +0.098 net0 -1.994 gross +0.054 win  3.2 pairs 51 top 0.08
   MKT_UP_MOM       n  1438 tph  55.7 net50 -3.433 gap +0.006 net0 -2.083 gross -0.069 win  3.5 pairs 50 top 0.07
   MKT_DN_COINDIP   n  1071 tph  41.5 net50 -3.417 gap +0.022 net0 -2.071 gross -0.036 win  2.8 pairs 51 top 0.07
   QUIET            n  2008 tph  77.8 net50 -2.850 gap +0.589 net0 -1.387 gross -0.009 win  0.1 pairs 35 top 0.09
   QUIET_REV        n  1325 tph  51.3 net50 -2.737 gap +0.702 net0 -1.228 gross -0.019 win  0.1 pairs 31 top 0.12
   SLOW_REFRESH     n  2289 tph  88.7 net50 -3.293 gap +0.146 net0 -1.927 gross -0.119 win  1.0 pairs 49 top 0.06
U95 heat=0 hold=180 RANDOM mean net50 -3.488 (salts -3.47 -3.49 -3.48 -3.51 -3.48) tph 67.7
   MOM_STEP_0.3     n  1846 tph  71.5 net50 -3.590 gap -0.102 net0 -2.260 gross -0.124 win  6.8 pairs 48 top 0.08
   MOM_STEP_0.5     n  1826 tph  70.8 net50 -3.683 gap -0.195 net0 -2.358 gross -0.201 win  6.5 pairs 51 top 0.08
   MOM_STEP_1.0     n  1544 tph  59.8 net50 -3.823 gap -0.335 net0 -2.537 gross -0.123 win  9.5 pairs 40 top 0.10
   REV_STEP_0.3     n  1847 tph  71.6 net50 -3.564 gap -0.076 net0 -2.227 gross -0.123 win  6.5 pairs 48 top 0.08
   REV_STEP_0.5     n  1776 tph  68.8 net50 -3.579 gap -0.091 net0 -2.251 gross -0.104 win  5.5 pairs 49 top 0.08
   REV_STEP_1.0     n  1500 tph  58.1 net50 -3.947 gap -0.459 net0 -2.663 gross -0.265 win  7.1 pairs 35 top 0.10
   MOM_2STEP_0.5    n  1791 tph  69.4 net50 -3.612 gap -0.124 net0 -2.291 gross -0.107 win  7.8 pairs 50 top 0.09
   REV_2STEP_0.5    n  1802 tph  69.8 net50 -3.645 gap -0.157 net0 -2.328 gross -0.147 win  6.8 pairs 48 top 0.08
   BUYJUMP_2        n  1830 tph  70.9 net50 -3.525 gap -0.037 net0 -2.198 gross -0.048 win  7.0 pairs 48 top 0.10
   BUYJUMP_4        n  1612 tph  62.5 net50 -3.632 gap -0.144 net0 -2.317 gross -0.105 win  8.7 pairs 38 top 0.12
   BUYJUMP_DB5_3    n  1701 tph  65.9 net50 -3.785 gap -0.297 net0 -2.462 gross -0.265 win  7.3 pairs 48 top 0.11
   SELLJUMP_REV_3   n  1658 tph  64.2 net50 -3.601 gap -0.113 net0 -2.280 gross -0.089 win  8.4 pairs 47 top 0.11
   BSHARE_HI_0.62   n  1747 tph  67.7 net50 -3.411 gap +0.077 net0 -2.059 gross -0.058 win  6.2 pairs 51 top 0.11
   BSHARE_LO_0.50   n  1656 tph  64.2 net50 -3.434 gap +0.054 net0 -2.117 gross -0.057 win  4.3 pairs 31 top 0.09
   VACC_HI_1.0      n  1485 tph  57.5 net50 -3.494 gap -0.006 net0 -2.153 gross -0.153 win  5.9 pairs 51 top 0.06
   VACC_LO_0.7      n  1794 tph  69.5 net50 -3.532 gap -0.044 net0 -2.211 gross -0.095 win  4.6 pairs 37 top 0.07
   AT_15M_HIGH      n  1392 tph  53.9 net50 -3.343 gap +0.145 net0 -1.972 gross -0.087 win  4.0 pairs 52 top 0.06
   PULLBACK_BOUNCE  n  1580 tph  61.2 net50 -3.642 gap -0.154 net0 -2.343 gross -0.053 win  7.5 pairs 37 top 0.10
   NEAR_15M_LOW     n  1368 tph  53.0 net50 -3.309 gap +0.179 net0 -1.948 gross -0.047 win  3.4 pairs 48 top 0.05
   MKT_UP           n  1306 tph  50.6 net50 -3.395 gap +0.093 net0 -2.050 gross +0.017 win  4.7 pairs 49 top 0.08
   MKT_DN           n  1201 tph  46.5 net50 -3.479 gap +0.009 net0 -2.137 gross -0.083 win  5.7 pairs 51 top 0.08
   MKT_UP_MOM       n  1179 tph  45.7 net50 -3.426 gap +0.062 net0 -2.076 gross -0.048 win  3.9 pairs 51 top 0.07
   MKT_DN_COINDIP   n   855 tph  33.1 net50 -3.509 gap -0.021 net0 -2.165 gross -0.133 win  4.7 pairs 48 top 0.06
   QUIET            n  1452 tph  56.3 net50 -2.980 gap +0.508 net0 -1.523 gross -0.130 win  0.5 pairs 35 top 0.09
   QUIET_REV        n  1050 tph  40.7 net50 -2.822 gap +0.666 net0 -1.317 gross -0.093 win  0.3 pairs 31 top 0.12
   SLOW_REFRESH     n  1623 tph  62.9 net50 -3.442 gap +0.046 net0 -2.084 gross -0.253 win  1.7 pairs 50 top 0.06
U95 heat=0 hold=300 RANDOM mean net50 -3.647 (salts -3.65 -3.77 -3.57 -3.69 -3.55) tph 42.3
   MOM_STEP_0.3     n  1162 tph  45.0 net50 -3.752 gap -0.105 net0 -2.425 gross -0.271 win  8.4 pairs 48 top 0.09
   MOM_STEP_0.5     n  1159 tph  44.9 net50 -3.747 gap -0.100 net0 -2.427 gross -0.241 win  9.5 pairs 50 top 0.09
   MOM_STEP_1.0     n  1056 tph  40.9 net50 -3.911 gap -0.264 net0 -2.626 gross -0.211 win 12.2 pairs 37 top 0.10
   REV_STEP_0.3     n  1145 tph  44.4 net50 -3.778 gap -0.131 net0 -2.452 gross -0.302 win  9.3 pairs 48 top 0.09
   REV_STEP_0.5     n  1145 tph  44.4 net50 -3.658 gap -0.011 net0 -2.337 gross -0.154 win  9.7 pairs 48 top 0.09
   REV_STEP_1.0     n  1046 tph  40.5 net50 -4.104 gap -0.457 net0 -2.821 gross -0.430 win 11.2 pairs 33 top 0.10
   MOM_2STEP_0.5    n  1154 tph  44.7 net50 -3.779 gap -0.132 net0 -2.464 gross -0.257 win  9.4 pairs 48 top 0.09
   REV_2STEP_0.5    n  1132 tph  43.9 net50 -3.708 gap -0.061 net0 -2.391 gross -0.199 win 10.1 pairs 48 top 0.09
   BUYJUMP_2        n  1153 tph  44.7 net50 -3.758 gap -0.111 net0 -2.440 gross -0.255 win 10.4 pairs 47 top 0.10
   BUYJUMP_4        n  1092 tph  42.3 net50 -3.706 gap -0.059 net0 -2.395 gross -0.170 win 12.3 pairs 37 top 0.12
   BUYJUMP_DB5_3    n  1119 tph  43.4 net50 -3.839 gap -0.192 net0 -2.519 gross -0.317 win 11.1 pairs 41 top 0.11
   SELLJUMP_REV_3   n  1123 tph  43.5 net50 -3.648 gap -0.001 net0 -2.334 gross -0.125 win  9.8 pairs 43 top 0.10
   BSHARE_HI_0.62   n  1112 tph  43.1 net50 -3.509 gap +0.138 net0 -2.167 gross -0.114 win 10.3 pairs 49 top 0.12
   BSHARE_LO_0.50   n   936 tph  36.3 net50 -3.454 gap +0.193 net0 -2.142 gross -0.046 win  6.6 pairs 29 top 0.10
   VACC_HI_1.0      n   954 tph  37.0 net50 -3.390 gap +0.257 net0 -2.056 gross -0.005 win  9.1 pairs 49 top 0.06
   VACC_LO_0.7      n  1110 tph  43.0 net50 -3.714 gap -0.067 net0 -2.396 gross -0.263 win  6.5 pairs 40 top 0.07
   AT_15M_HIGH      n   931 tph  36.1 net50 -3.473 gap +0.174 net0 -2.112 gross -0.186 win  5.8 pairs 52 top 0.06
   PULLBACK_BOUNCE  n  1109 tph  43.0 net50 -3.555 gap +0.092 net0 -2.255 gross +0.039 win 11.6 pairs 36 top 0.10
   NEAR_15M_LOW     n   946 tph  36.7 net50 -3.568 gap +0.079 net0 -2.211 gross -0.303 win  4.3 pairs 48 top 0.05
   MKT_UP           n   901 tph  34.9 net50 -3.735 gap -0.088 net0 -2.398 gross -0.309 win  6.5 pairs 49 top 0.09
   MKT_DN           n   845 tph  32.7 net50 -3.549 gap +0.098 net0 -2.205 gross -0.149 win  8.6 pairs 50 top 0.08
   MKT_UP_MOM       n   837 tph  32.4 net50 -3.592 gap +0.055 net0 -2.249 gross -0.213 win  6.1 pairs 50 top 0.08
   MKT_DN_COINDIP   n   609 tph  23.6 net50 -3.729 gap -0.082 net0 -2.388 gross -0.346 win  7.6 pairs 46 top 0.07
   QUIET            n   822 tph  31.9 net50 -2.895 gap +0.752 net0 -1.440 gross -0.034 win  1.2 pairs 33 top 0.10
   QUIET_REV        n   726 tph  28.1 net50 -2.739 gap +0.908 net0 -1.234 gross -0.013 win  0.6 pairs 30 top 0.12
   SLOW_REFRESH     n  1023 tph  39.6 net50 -3.448 gap +0.199 net0 -2.095 gross -0.234 win  3.4 pairs 49 top 0.06
secs 19.4
