E50 heat=1 hold= 60 RANDOM mean net50 -2.802 (salts -2.74 -2.82 -2.68 -2.76 -3.00) tph 18.6
   MOM_STEP_0.3     n   566 tph  21.9 net50 -3.040 gap -0.238 net0 -1.525 gross -0.259 win  0.0 pairs  8 top 0.30
   MOM_STEP_0.5     n   417 tph  16.2 net50 -2.984 gap -0.182 net0 -1.468 gross -0.142 win  0.0 pairs  8 top 0.38
   MOM_STEP_1.0     n     6 tph   0.2 net50 -2.692 gap +0.110 net0 -1.172 gross +0.011 win  0.0 pairs  5 top 0.33
   REV_STEP_0.3     n   607 tph  23.5 net50 -2.802 gap +0.000 net0 -1.283 gross -0.024 win  0.0 pairs  8 top 0.29
   REV_STEP_0.5     n   428 tph  16.6 net50 -2.891 gap -0.089 net0 -1.374 gross -0.049 win  0.0 pairs  8 top 0.37
   REV_STEP_1.0     n     4 tph   0.1 net50 -2.692 gap +0.110 net0 -1.172 gross +0.251 win  0.0 pairs  2 top 0.75
   MOM_2STEP_0.5    n   266 tph  10.3 net50 -2.834 gap -0.032 net0 -1.317 gross +0.037 win  0.0 pairs  8 top 0.52
   REV_2STEP_0.5    n   341 tph  13.2 net50 -2.848 gap -0.046 net0 -1.330 gross -0.026 win  0.0 pairs  8 top 0.43
   BUYJUMP_2        n   326 tph  12.6 net50 -2.828 gap -0.026 net0 -1.310 gross -0.030 win  0.0 pairs  7 top 0.37
   BUYJUMP_4        n    89 tph   3.5 net50 -2.711 gap +0.091 net0 -1.191 gross -0.048 win  0.0 pairs  6 top 0.49
   BUYJUMP_DB5_3    n   140 tph   5.4 net50 -2.904 gap -0.102 net0 -1.387 gross -0.022 win  0.0 pairs  7 top 0.62
   SELLJUMP_REV_3   n   223 tph   8.6 net50 -2.912 gap -0.110 net0 -1.395 gross -0.180 win  0.0 pairs  6 top 0.35
   BSHARE_HI_0.62   n   231 tph   8.9 net50 -2.956 gap -0.154 net0 -1.440 gross -0.068 win  0.0 pairs  8 top 0.61
   BSHARE_LO_0.50   n   657 tph  25.5 net50 -2.663 gap +0.139 net0 -1.142 gross -0.039 win  0.3 pairs  6 top 0.29
   VACC_HI_1.0      n   194 tph   7.5 net50 -2.905 gap -0.103 net0 -1.388 gross -0.086 win  0.0 pairs  7 top 0.43
   VACC_LO_0.7      n   758 tph  29.4 net50 -2.828 gap -0.026 net0 -1.310 gross -0.129 win  0.1 pairs  7 top 0.24
   AT_15M_HIGH      n   220 tph   8.5 net50 -2.747 gap +0.055 net0 -1.228 gross +0.013 win  0.0 pairs  8 top 0.24
   PULLBACK_BOUNCE  n    87 tph   3.4 net50 -3.208 gap -0.406 net0 -1.696 gross -0.360 win  0.0 pairs  6 top 0.44
   NEAR_15M_LOW     n   530 tph  20.5 net50 -2.852 gap -0.050 net0 -1.334 gross -0.162 win  0.0 pairs  8 top 0.25
   MKT_UP           n   400 tph  15.5 net50 -2.769 gap +0.033 net0 -1.250 gross -0.000 win  0.2 pairs  8 top 0.30
   MKT_DN           n   387 tph  15.0 net50 -2.870 gap -0.068 net0 -1.353 gross -0.118 win  0.0 pairs  8 top 0.25
   MKT_UP_MOM       n   260 tph  10.1 net50 -2.804 gap -0.002 net0 -1.285 gross -0.031 win  0.0 pairs  8 top 0.29
   MKT_DN_COINDIP   n   219 tph   8.5 net50 -2.724 gap +0.078 net0 -1.204 gross +0.006 win  0.0 pairs  8 top 0.28
   QUIET            n   795 tph  30.8 net50 -2.784 gap +0.018 net0 -1.265 gross -0.128 win  0.1 pairs  8 top 0.28
   QUIET_REV        n   383 tph  14.8 net50 -2.669 gap +0.133 net0 -1.148 gross -0.004 win  0.0 pairs  8 top 0.29
   SLOW_REFRESH     n   707 tph  27.4 net50 -2.737 gap +0.065 net0 -1.217 gross -0.072 win  0.1 pairs  8 top 0.25
E50 heat=1 hold=120 RANDOM mean net50 -2.800 (salts -2.90 -2.82 -2.67 -2.75 -2.86) tph 16.2
   MOM_STEP_0.3     n   483 tph  18.7 net50 -2.919 gap -0.119 net0 -1.402 gross -0.144 win  0.0 pairs  8 top 0.30
   MOM_STEP_0.5     n   362 tph  14.0 net50 -2.994 gap -0.194 net0 -1.478 gross -0.165 win  0.0 pairs  8 top 0.38
   MOM_STEP_1.0     n     6 tph   0.2 net50 -2.676 gap +0.124 net0 -1.155 gross +0.027 win  0.0 pairs  5 top 0.33
   REV_STEP_0.3     n   507 tph  19.6 net50 -2.794 gap +0.006 net0 -1.275 gross -0.029 win  0.0 pairs  8 top 0.29
   REV_STEP_0.5     n   355 tph  13.8 net50 -2.919 gap -0.119 net0 -1.402 gross -0.086 win  0.0 pairs  8 top 0.38
   REV_STEP_1.0     n     4 tph   0.1 net50 -2.624 gap +0.176 net0 -1.103 gross +0.328 win  0.0 pairs  2 top 0.75
   MOM_2STEP_0.5    n   237 tph   9.2 net50 -2.832 gap -0.032 net0 -1.314 gross +0.023 win  0.0 pairs  8 top 0.49
   REV_2STEP_0.5    n   302 tph  11.7 net50 -3.052 gap -0.252 net0 -1.538 gross -0.252 win  0.0 pairs  8 top 0.40
   BUYJUMP_2        n   288 tph  11.2 net50 -2.819 gap -0.019 net0 -1.300 gross -0.024 win  0.0 pairs  7 top 0.36
   BUYJUMP_4        n    84 tph   3.2 net50 -2.744 gap +0.056 net0 -1.225 gross -0.075 win  0.0 pairs  6 top 0.50
   BUYJUMP_DB5_3    n   130 tph   5.0 net50 -2.906 gap -0.106 net0 -1.390 gross -0.027 win  0.0 pairs  7 top 0.61
   SELLJUMP_REV_3   n   200 tph   7.8 net50 -2.529 gap +0.271 net0 -1.006 gross +0.217 win  0.5 pairs  6 top 0.35
   BSHARE_HI_0.62   n   196 tph   7.6 net50 -2.950 gap -0.150 net0 -1.434 gross -0.087 win  0.0 pairs  8 top 0.56
   BSHARE_LO_0.50   n   546 tph  21.2 net50 -2.531 gap +0.269 net0 -1.008 gross +0.093 win  0.2 pairs  6 top 0.29
   VACC_HI_1.0      n   164 tph   6.3 net50 -2.897 gap -0.097 net0 -1.381 gross -0.086 win  0.0 pairs  7 top 0.41
   VACC_LO_0.7      n   623 tph  24.1 net50 -2.636 gap +0.164 net0 -1.114 gross +0.063 win  0.2 pairs  7 top 0.24
   AT_15M_HIGH      n   189 tph   7.3 net50 -2.737 gap +0.063 net0 -1.218 gross +0.007 win  0.0 pairs  8 top 0.22
   PULLBACK_BOUNCE  n    73 tph   2.8 net50 -3.159 gap -0.359 net0 -1.646 gross -0.314 win  0.0 pairs  6 top 0.42
   NEAR_15M_LOW     n   433 tph  16.8 net50 -2.604 gap +0.196 net0 -1.082 gross +0.085 win  0.2 pairs  8 top 0.24
   MKT_UP           n   359 tph  13.9 net50 -2.646 gap +0.154 net0 -1.125 gross +0.117 win  0.3 pairs  8 top 0.29
   MKT_DN           n   349 tph  13.5 net50 -2.671 gap +0.129 net0 -1.150 gross +0.078 win  0.3 pairs  8 top 0.24
   MKT_UP_MOM       n   235 tph   9.1 net50 -2.766 gap +0.034 net0 -1.247 gross -0.005 win  0.0 pairs  8 top 0.27
   MKT_DN_COINDIP   n   193 tph   7.5 net50 -2.507 gap +0.293 net0 -0.983 gross +0.224 win  0.5 pairs  8 top 0.28
   QUIET            n   644 tph  24.9 net50 -2.599 gap +0.201 net0 -1.077 gross +0.058 win  0.2 pairs  8 top 0.28
   QUIET_REV        n   335 tph  13.0 net50 -2.653 gap +0.147 net0 -1.132 gross +0.005 win  0.0 pairs  8 top 0.29
   SLOW_REFRESH     n   590 tph  22.9 net50 -2.625 gap +0.175 net0 -1.103 gross +0.042 win  0.2 pairs  8 top 0.25
E50 heat=1 hold=180 RANDOM mean net50 -2.806 (salts -2.85 -2.79 -2.79 -2.73 -2.86) tph 14.5
   MOM_STEP_0.3     n   412 tph  16.0 net50 -2.892 gap -0.086 net0 -1.375 gross -0.132 win  0.2 pairs  8 top 0.27
   MOM_STEP_0.5     n   314 tph  12.2 net50 -2.954 gap -0.148 net0 -1.438 gross -0.140 win  0.3 pairs  8 top 0.35
   MOM_STEP_1.0     n     6 tph   0.2 net50 -2.660 gap +0.146 net0 -1.139 gross +0.040 win  0.0 pairs  5 top 0.33
   REV_STEP_0.3     n   442 tph  17.1 net50 -2.958 gap -0.152 net0 -1.441 gross -0.209 win  0.2 pairs  8 top 0.27
   REV_STEP_0.5     n   307 tph  11.9 net50 -2.872 gap -0.066 net0 -1.355 gross -0.053 win  0.3 pairs  8 top 0.36
   REV_STEP_1.0     n     4 tph   0.1 net50 -2.331 gap +0.475 net0 -0.805 gross +0.618 win  0.0 pairs  2 top 0.75
   MOM_2STEP_0.5    n   214 tph   8.3 net50 -2.812 gap -0.006 net0 -1.294 gross +0.030 win  0.0 pairs  8 top 0.46
   REV_2STEP_0.5    n   268 tph  10.4 net50 -2.798 gap +0.008 net0 -1.280 gross -0.004 win  0.0 pairs  8 top 0.37
   BUYJUMP_2        n   261 tph  10.1 net50 -2.830 gap -0.024 net0 -1.312 gross -0.040 win  0.0 pairs  7 top 0.36
   BUYJUMP_4        n    78 tph   3.0 net50 -2.680 gap +0.126 net0 -1.159 gross -0.008 win  0.0 pairs  6 top 0.49
   BUYJUMP_DB5_3    n   115 tph   4.5 net50 -3.525 gap -0.719 net0 -2.018 gross -0.682 win  0.0 pairs  7 top 0.57
   SELLJUMP_REV_3   n   190 tph   7.4 net50 -2.476 gap +0.330 net0 -0.953 gross +0.268 win  1.1 pairs  6 top 0.35
   BSHARE_HI_0.62   n   169 tph   6.5 net50 -2.971 gap -0.165 net0 -1.455 gross -0.133 win  0.0 pairs  8 top 0.51
   BSHARE_LO_0.50   n   473 tph  18.3 net50 -2.610 gap +0.196 net0 -1.088 gross +0.011 win  0.2 pairs  6 top 0.27
   VACC_HI_1.0      n   145 tph   5.6 net50 -2.931 gap -0.125 net0 -1.414 gross -0.123 win  0.0 pairs  7 top 0.41
   VACC_LO_0.7      n   530 tph  20.5 net50 -2.584 gap +0.222 net0 -1.061 gross +0.107 win  0.6 pairs  7 top 0.23
   AT_15M_HIGH      n   173 tph   6.7 net50 -2.727 gap +0.079 net0 -1.207 gross +0.013 win  0.0 pairs  8 top 0.22
   PULLBACK_BOUNCE  n    64 tph   2.5 net50 -3.219 gap -0.413 net0 -1.707 gross -0.378 win  0.0 pairs  6 top 0.44
   NEAR_15M_LOW     n   382 tph  14.8 net50 -2.553 gap +0.253 net0 -1.030 gross +0.133 win  0.3 pairs  8 top 0.24
   MKT_UP           n   314 tph  12.2 net50 -2.738 gap +0.068 net0 -1.219 gross +0.010 win  0.0 pairs  8 top 0.27
   MKT_DN           n   311 tph  12.1 net50 -2.598 gap +0.208 net0 -1.076 gross +0.148 win  0.6 pairs  8 top 0.24
   MKT_UP_MOM       n   220 tph   8.5 net50 -2.734 gap +0.072 net0 -1.214 gross +0.028 win  0.0 pairs  8 top 0.28
   MKT_DN_COINDIP   n   180 tph   7.0 net50 -2.455 gap +0.351 net0 -0.931 gross +0.266 win  0.6 pairs  8 top 0.29
   QUIET            n   552 tph  21.4 net50 -2.559 gap +0.247 net0 -1.037 gross +0.097 win  0.5 pairs  8 top 0.26
   QUIET_REV        n   303 tph  11.7 net50 -2.905 gap -0.099 net0 -1.388 gross -0.259 win  0.3 pairs  8 top 0.27
   SLOW_REFRESH     n   518 tph  20.1 net50 -2.611 gap +0.195 net0 -1.089 gross +0.056 win  0.4 pairs  8 top 0.25
E50 heat=1 hold=300 RANDOM mean net50 -2.821 (salts -2.84 -2.76 -2.88 -2.77 -2.85) tph 12.0
   MOM_STEP_0.3     n   337 tph  13.1 net50 -3.231 gap -0.410 net0 -1.719 gross -0.492 win  0.0 pairs  8 top 0.26
   MOM_STEP_0.5     n   247 tph   9.6 net50 -3.109 gap -0.288 net0 -1.595 gross -0.307 win  0.0 pairs  8 top 0.34
   MOM_STEP_1.0     n     6 tph   0.2 net50 -2.671 gap +0.150 net0 -1.150 gross +0.032 win  0.0 pairs  5 top 0.33
   REV_STEP_0.3     n   367 tph  14.2 net50 -2.819 gap +0.002 net0 -1.300 gross -0.088 win  0.3 pairs  8 top 0.24
   REV_STEP_0.5     n   252 tph   9.8 net50 -2.977 gap -0.156 net0 -1.461 gross -0.180 win  0.0 pairs  8 top 0.33
   REV_STEP_1.0     n     4 tph   0.1 net50 -2.477 gap +0.344 net0 -0.954 gross +0.467 win  0.0 pairs  2 top 0.75
   MOM_2STEP_0.5    n   177 tph   6.9 net50 -2.807 gap +0.014 net0 -1.289 gross +0.016 win  1.1 pairs  8 top 0.42
   REV_2STEP_0.5    n   231 tph   8.9 net50 -2.775 gap +0.046 net0 -1.256 gross +0.001 win  0.4 pairs  8 top 0.34
   BUYJUMP_2        n   217 tph   8.4 net50 -2.883 gap -0.062 net0 -1.366 gross -0.108 win  0.0 pairs  7 top 0.34
   BUYJUMP_4        n    75 tph   2.9 net50 -2.756 gap +0.065 net0 -1.236 gross -0.081 win  0.0 pairs  6 top 0.48
   BUYJUMP_DB5_3    n    97 tph   3.8 net50 -2.961 gap -0.140 net0 -1.445 gross -0.102 win  1.0 pairs  7 top 0.58
   SELLJUMP_REV_3   n   169 tph   6.5 net50 -2.701 gap +0.120 net0 -1.181 gross +0.036 win  0.0 pairs  6 top 0.33
   BSHARE_HI_0.62   n   148 tph   5.7 net50 -2.939 gap -0.118 net0 -1.422 gross -0.122 win  0.0 pairs  8 top 0.46
   BSHARE_LO_0.50   n   375 tph  14.5 net50 -2.622 gap +0.199 net0 -1.100 gross -0.002 win  0.3 pairs  6 top 0.26
   VACC_HI_1.0      n   130 tph   5.0 net50 -2.906 gap -0.085 net0 -1.389 gross -0.116 win  0.0 pairs  7 top 0.38
   VACC_LO_0.7      n   419 tph  16.2 net50 -2.677 gap +0.144 net0 -1.156 gross +0.008 win  0.2 pairs  7 top 0.23
   AT_15M_HIGH      n   154 tph   6.0 net50 -2.757 gap +0.064 net0 -1.238 gross -0.022 win  0.6 pairs  8 top 0.22
   PULLBACK_BOUNCE  n    57 tph   2.2 net50 -3.260 gap -0.439 net0 -1.749 gross -0.423 win  0.0 pairs  6 top 0.44
   NEAR_15M_LOW     n   316 tph  12.2 net50 -2.718 gap +0.103 net0 -1.198 gross -0.043 win  0.3 pairs  8 top 0.23
   MKT_UP           n   266 tph  10.3 net50 -3.005 gap -0.184 net0 -1.490 gross -0.273 win  0.4 pairs  8 top 0.25
   MKT_DN           n   260 tph  10.1 net50 -2.810 gap +0.011 net0 -1.291 gross -0.075 win  0.4 pairs  8 top 0.23
   MKT_UP_MOM       n   193 tph   7.5 net50 -3.178 gap -0.357 net0 -1.665 gross -0.431 win  0.5 pairs  8 top 0.28
   MKT_DN_COINDIP   n   161 tph   6.2 net50 -3.155 gap -0.334 net0 -1.642 gross -0.458 win  0.6 pairs  8 top 0.28
   QUIET            n   434 tph  16.8 net50 -2.629 gap +0.192 net0 -1.107 gross +0.023 win  0.2 pairs  8 top 0.24
   QUIET_REV        n   271 tph  10.5 net50 -2.695 gap +0.126 net0 -1.174 gross -0.048 win  0.4 pairs  8 top 0.28
   SLOW_REFRESH     n   416 tph  16.1 net50 -2.711 gap +0.110 net0 -1.191 gross -0.047 win  0.2 pairs  8 top 0.25
E50 heat=0 hold= 60 RANDOM mean net50 -2.834 (salts -2.81 -2.84 -2.81 -2.73 -2.98) tph 38.8
   MOM_STEP_0.3     n  1159 tph  44.9 net50 -3.001 gap -0.167 net0 -1.486 gross -0.215 win  0.7 pairs 11 top 0.20
   MOM_STEP_0.5     n   890 tph  34.5 net50 -3.005 gap -0.171 net0 -1.490 gross -0.178 win  0.9 pairs 11 top 0.23
   MOM_STEP_1.0     n   174 tph   6.7 net50 -3.386 gap -0.552 net0 -1.876 gross -0.581 win  4.6 pairs  8 top 0.72
   REV_STEP_0.3     n  1201 tph  46.5 net50 -2.822 gap +0.012 net0 -1.304 gross -0.039 win  1.2 pairs 11 top 0.20
   REV_STEP_0.5     n   879 tph  34.1 net50 -2.900 gap -0.066 net0 -1.384 gross -0.069 win  1.6 pairs 11 top 0.24
   REV_STEP_1.0     n   180 tph   7.0 net50 -3.041 gap -0.207 net0 -1.529 gross -0.248 win  3.9 pairs  8 top 0.76
   MOM_2STEP_0.5    n   698 tph  27.1 net50 -2.978 gap -0.144 net0 -1.463 gross -0.167 win  1.1 pairs 11 top 0.30
   REV_2STEP_0.5    n   730 tph  28.3 net50 -2.936 gap -0.102 net0 -1.420 gross -0.142 win  1.2 pairs 11 top 0.28
   BUYJUMP_2        n   931 tph  36.1 net50 -2.877 gap -0.043 net0 -1.361 gross -0.127 win  1.5 pairs 10 top 0.33
   BUYJUMP_4        n   536 tph  20.8 net50 -2.920 gap -0.086 net0 -1.404 gross -0.217 win  2.4 pairs  9 top 0.57
   BUYJUMP_DB5_3    n   658 tph  25.5 net50 -2.982 gap -0.148 net0 -1.467 gross -0.221 win  2.0 pairs 10 top 0.47
   SELLJUMP_REV_3   n   667 tph  25.9 net50 -2.952 gap -0.118 net0 -1.436 gross -0.221 win  1.8 pairs  9 top 0.44
   BSHARE_HI_0.62   n   981 tph  38.0 net50 -2.955 gap -0.121 net0 -1.440 gross -0.201 win  1.5 pairs 11 top 0.35
   BSHARE_LO_0.50   n   898 tph  34.8 net50 -2.673 gap +0.161 net0 -1.153 gross -0.010 win  0.2 pairs  8 top 0.27
   VACC_HI_1.0      n   756 tph  29.3 net50 -2.909 gap -0.075 net0 -1.392 gross -0.164 win  1.3 pairs 10 top 0.19
   VACC_LO_0.7      n  1083 tph  42.0 net50 -2.826 gap +0.008 net0 -1.308 gross -0.122 win  0.5 pairs 10 top 0.21
   AT_15M_HIGH      n   522 tph  20.2 net50 -2.865 gap -0.031 net0 -1.347 gross -0.119 win  0.8 pairs 11 top 0.15
   PULLBACK_BOUNCE  n   403 tph  15.6 net50 -2.972 gap -0.138 net0 -1.457 gross -0.193 win  2.5 pairs  8 top 0.51
   NEAR_15M_LOW     n   863 tph  33.4 net50 -2.814 gap +0.020 net0 -1.295 gross -0.119 win  0.2 pairs 11 top 0.21
   MKT_UP           n   788 tph  30.5 net50 -2.782 gap +0.052 net0 -1.264 gross -0.028 win  1.0 pairs 11 top 0.19
   MKT_DN           n   769 tph  29.8 net50 -2.829 gap +0.005 net0 -1.312 gross -0.083 win  1.2 pairs 11 top 0.19
   MKT_UP_MOM       n   544 tph  21.1 net50 -2.803 gap +0.031 net0 -1.284 gross -0.042 win  0.9 pairs 11 top 0.20
   MKT_DN_COINDIP   n   408 tph  15.8 net50 -2.669 gap +0.165 net0 -1.149 gross +0.068 win  1.2 pairs 11 top 0.22
   QUIET            n  1138 tph  44.1 net50 -2.757 gap +0.077 net0 -1.237 gross -0.127 win  0.1 pairs  9 top 0.28
   QUIET_REV        n   483 tph  18.7 net50 -2.635 gap +0.199 net0 -1.114 gross +0.012 win  0.0 pairs  8 top 0.29
   SLOW_REFRESH     n  1269 tph  49.2 net50 -2.767 gap +0.067 net0 -1.248 gross -0.085 win  0.2 pairs 11 top 0.22
E50 heat=0 hold=120 RANDOM mean net50 -2.845 (salts -2.88 -2.86 -2.80 -2.73 -2.94) tph 32.4
   MOM_STEP_0.3     n   937 tph  36.3 net50 -2.984 gap -0.139 net0 -1.469 gross -0.205 win  1.8 pairs 11 top 0.19
   MOM_STEP_0.5     n   746 tph  28.9 net50 -3.027 gap -0.182 net0 -1.513 gross -0.210 win  2.4 pairs 11 top 0.22
   MOM_STEP_1.0     n   156 tph   6.0 net50 -3.532 gap -0.687 net0 -2.025 gross -0.735 win  6.4 pairs  8 top 0.70
   REV_STEP_0.3     n   957 tph  37.1 net50 -2.836 gap +0.009 net0 -1.318 gross -0.063 win  2.1 pairs 11 top 0.19
   REV_STEP_0.5     n   707 tph  27.4 net50 -3.006 gap -0.161 net0 -1.492 gross -0.188 win  2.1 pairs 11 top 0.23
   REV_STEP_1.0     n   162 tph   6.3 net50 -3.315 gap -0.470 net0 -1.806 gross -0.532 win  5.6 pairs  8 top 0.73
   MOM_2STEP_0.5    n   595 tph  23.1 net50 -3.096 gap -0.251 net0 -1.582 gross -0.295 win  2.0 pairs 11 top 0.28
   REV_2STEP_0.5    n   625 tph  24.2 net50 -2.997 gap -0.152 net0 -1.482 gross -0.215 win  1.9 pairs 11 top 0.26
   BUYJUMP_2        n   769 tph  29.8 net50 -2.976 gap -0.131 net0 -1.461 gross -0.233 win  2.9 pairs 10 top 0.29
   BUYJUMP_4        n   434 tph  16.8 net50 -3.141 gap -0.296 net0 -1.628 gross -0.450 win  4.8 pairs  9 top 0.52
   BUYJUMP_DB5_3    n   540 tph  20.9 net50 -3.089 gap -0.244 net0 -1.575 gross -0.327 win  4.1 pairs 10 top 0.41
   SELLJUMP_REV_3   n   552 tph  21.4 net50 -2.914 gap -0.069 net0 -1.398 gross -0.184 win  3.1 pairs  9 top 0.38
   BSHARE_HI_0.62   n   766 tph  29.7 net50 -3.041 gap -0.196 net0 -1.527 gross -0.294 win  2.7 pairs 11 top 0.31
   BSHARE_LO_0.50   n   724 tph  28.1 net50 -2.600 gap +0.245 net0 -1.078 gross +0.064 win  0.1 pairs  8 top 0.26
   VACC_HI_1.0      n   602 tph  23.3 net50 -2.942 gap -0.097 net0 -1.425 gross -0.202 win  2.3 pairs 10 top 0.18
   VACC_LO_0.7      n   873 tph  33.8 net50 -2.749 gap +0.096 net0 -1.229 gross -0.044 win  0.5 pairs 10 top 0.21
   AT_15M_HIGH      n   451 tph  17.5 net50 -2.926 gap -0.081 net0 -1.409 gross -0.186 win  0.9 pairs 11 top 0.15
   PULLBACK_BOUNCE  n   319 tph  12.4 net50 -3.062 gap -0.217 net0 -1.548 gross -0.283 win  4.4 pairs  8 top 0.50
   NEAR_15M_LOW     n   696 tph  27.0 net50 -2.739 gap +0.106 net0 -1.219 gross -0.051 win  0.7 pairs 11 top 0.22
   MKT_UP           n   679 tph  26.3 net50 -2.716 gap +0.129 net0 -1.196 gross +0.037 win  1.6 pairs 11 top 0.18
   MKT_DN           n   670 tph  26.0 net50 -2.818 gap +0.027 net0 -1.300 gross -0.079 win  1.8 pairs 11 top 0.19
   MKT_UP_MOM       n   487 tph  18.9 net50 -2.812 gap +0.033 net0 -1.293 gross -0.058 win  1.6 pairs 11 top 0.19
   MKT_DN_COINDIP   n   355 tph  13.8 net50 -2.746 gap +0.099 net0 -1.227 gross -0.015 win  1.4 pairs 11 top 0.22
   QUIET            n   891 tph  34.5 net50 -2.631 gap +0.214 net0 -1.109 gross +0.003 win  0.1 pairs  9 top 0.27
   QUIET_REV        n   419 tph  16.2 net50 -2.622 gap +0.223 net0 -1.101 gross +0.018 win  0.0 pairs  8 top 0.28
   SLOW_REFRESH     n  1014 tph  39.3 net50 -2.708 gap +0.137 net0 -1.188 gross -0.025 win  0.3 pairs 11 top 0.21
E50 heat=0 hold=180 RANDOM mean net50 -2.905 (salts -2.90 -2.96 -2.87 -2.79 -3.00) tph 27.8
   MOM_STEP_0.3     n   773 tph  29.9 net50 -3.008 gap -0.103 net0 -1.492 gross -0.239 win  2.8 pairs 11 top 0.19
   MOM_STEP_0.5     n   630 tph  24.4 net50 -3.102 gap -0.197 net0 -1.589 gross -0.301 win  2.7 pairs 11 top 0.21
   MOM_STEP_1.0     n   139 tph   5.4 net50 -3.917 gap -1.012 net0 -2.416 gross -1.139 win  7.9 pairs  8 top 0.68
   REV_STEP_0.3     n   801 tph  31.0 net50 -3.012 gap -0.107 net0 -1.497 gross -0.251 win  2.4 pairs 11 top 0.18
   REV_STEP_0.5     n   610 tph  23.6 net50 -3.056 gap -0.151 net0 -1.542 gross -0.249 win  3.3 pairs 11 top 0.22
   REV_STEP_1.0     n   146 tph   5.7 net50 -3.373 gap -0.468 net0 -1.867 gross -0.587 win  9.6 pairs  8 top 0.70
   MOM_2STEP_0.5    n   527 tph  20.4 net50 -3.118 gap -0.213 net0 -1.605 gross -0.323 win  3.6 pairs 11 top 0.27
   REV_2STEP_0.5    n   544 tph  21.1 net50 -3.028 gap -0.123 net0 -1.514 gross -0.252 win  3.7 pairs 11 top 0.24
   BUYJUMP_2        n   654 tph  25.3 net50 -3.100 gap -0.195 net0 -1.586 gross -0.362 win  3.1 pairs 10 top 0.26
   BUYJUMP_4        n   366 tph  14.2 net50 -3.331 gap -0.426 net0 -1.821 gross -0.649 win  5.5 pairs  9 top 0.47
   BUYJUMP_DB5_3    n   452 tph  17.5 net50 -3.440 gap -0.535 net0 -1.933 gross -0.691 win  4.0 pairs 10 top 0.38
   SELLJUMP_REV_3   n   478 tph  18.5 net50 -2.827 gap +0.078 net0 -1.310 gross -0.091 win  6.9 pairs  9 top 0.35
   BSHARE_HI_0.62   n   625 tph  24.2 net50 -3.143 gap -0.238 net0 -1.629 gross -0.407 win  4.8 pairs 11 top 0.29
   BSHARE_LO_0.50   n   608 tph  23.6 net50 -2.656 gap +0.249 net0 -1.135 gross +0.003 win  0.2 pairs  8 top 0.25
   VACC_HI_1.0      n   500 tph  19.4 net50 -3.025 gap -0.120 net0 -1.510 gross -0.290 win  3.2 pairs 10 top 0.18
   VACC_LO_0.7      n   748 tph  29.0 net50 -2.705 gap +0.200 net0 -1.185 gross -0.006 win  1.7 pairs 10 top 0.21
   AT_15M_HIGH      n   394 tph  15.3 net50 -3.110 gap -0.205 net0 -1.596 gross -0.381 win  1.5 pairs 11 top 0.15
   PULLBACK_BOUNCE  n   276 tph  10.7 net50 -3.229 gap -0.324 net0 -1.719 gross -0.452 win  6.2 pairs  8 top 0.49
   NEAR_15M_LOW     n   601 tph  23.3 net50 -2.823 gap +0.082 net0 -1.305 gross -0.138 win  0.7 pairs 11 top 0.21
   MKT_UP           n   583 tph  22.6 net50 -2.763 gap +0.142 net0 -1.243 gross -0.012 win  2.7 pairs 11 top 0.18
   MKT_DN           n   585 tph  22.7 net50 -3.044 gap -0.139 net0 -1.531 gross -0.311 win  1.9 pairs 11 top 0.19
   MKT_UP_MOM       n   445 tph  17.2 net50 -2.811 gap +0.094 net0 -1.292 gross -0.059 win  2.5 pairs 11 top 0.18
   MKT_DN_COINDIP   n   322 tph  12.5 net50 -2.882 gap +0.023 net0 -1.365 gross -0.163 win  1.2 pairs 11 top 0.22
   QUIET            n   751 tph  29.1 net50 -2.659 gap +0.246 net0 -1.138 gross -0.028 win  0.4 pairs  9 top 0.26
   QUIET_REV        n   380 tph  14.7 net50 -2.811 gap +0.094 net0 -1.293 gross -0.180 win  0.5 pairs  8 top 0.27
   SLOW_REFRESH     n   841 tph  32.6 net50 -2.754 gap +0.151 net0 -1.235 gross -0.076 win  0.6 pairs 11 top 0.22
E50 heat=0 hold=300 RANDOM mean net50 -2.938 (salts -3.02 -2.92 -2.95 -2.74 -3.06) tph 21.5
   MOM_STEP_0.3     n   572 tph  22.2 net50 -3.319 gap -0.381 net0 -1.808 gross -0.570 win  3.7 pairs 11 top 0.18
   MOM_STEP_0.5     n   483 tph  18.7 net50 -3.105 gap -0.167 net0 -1.591 gross -0.313 win  4.6 pairs 11 top 0.20
   MOM_STEP_1.0     n   115 tph   4.5 net50 -3.675 gap -0.737 net0 -2.171 gross -0.884 win 12.2 pairs  8 top 0.64
   REV_STEP_0.3     n   582 tph  22.6 net50 -3.061 gap -0.123 net0 -1.546 gross -0.308 win  4.6 pairs 11 top 0.17
   REV_STEP_0.5     n   486 tph  18.8 net50 -3.079 gap -0.141 net0 -1.565 gross -0.287 win  5.3 pairs 11 top 0.21
   REV_STEP_1.0     n   121 tph   4.7 net50 -3.589 gap -0.651 net0 -2.085 gross -0.810 win 14.0 pairs  8 top 0.64
   MOM_2STEP_0.5    n   426 tph  16.5 net50 -3.096 gap -0.158 net0 -1.582 gross -0.313 win  5.2 pairs 11 top 0.25
   REV_2STEP_0.5    n   431 tph  16.7 net50 -3.044 gap -0.106 net0 -1.529 gross -0.281 win  6.0 pairs 11 top 0.23
   BUYJUMP_2        n   511 tph  19.8 net50 -3.153 gap -0.215 net0 -1.641 gross -0.422 win  4.9 pairs 10 top 0.23
   BUYJUMP_4        n   289 tph  11.2 net50 -3.257 gap -0.319 net0 -1.746 gross -0.578 win  7.6 pairs  9 top 0.41
   BUYJUMP_DB5_3    n   360 tph  13.9 net50 -3.361 gap -0.423 net0 -1.852 gross -0.611 win  7.5 pairs 10 top 0.33
   SELLJUMP_REV_3   n   380 tph  14.7 net50 -2.925 gap +0.013 net0 -1.408 gross -0.189 win  6.8 pairs  9 top 0.30
   BSHARE_HI_0.62   n   476 tph  18.4 net50 -3.167 gap -0.229 net0 -1.655 gross -0.431 win  5.9 pairs 11 top 0.26
   BSHARE_LO_0.50   n   463 tph  17.9 net50 -2.610 gap +0.328 net0 -1.088 gross +0.051 win  0.4 pairs  8 top 0.25
   VACC_HI_1.0      n   377 tph  14.6 net50 -3.120 gap -0.182 net0 -1.607 gross -0.394 win  2.9 pairs 10 top 0.18
   VACC_LO_0.7      n   568 tph  22.0 net50 -2.749 gap +0.189 net0 -1.229 gross -0.049 win  1.2 pairs 10 top 0.20
   AT_15M_HIGH      n   333 tph  12.9 net50 -2.953 gap -0.015 net0 -1.437 gross -0.222 win  2.7 pairs 11 top 0.15
   PULLBACK_BOUNCE  n   206 tph   8.0 net50 -3.107 gap -0.169 net0 -1.594 gross -0.327 win  9.7 pairs  8 top 0.46
   NEAR_15M_LOW     n   468 tph  18.1 net50 -2.939 gap -0.001 net0 -1.423 gross -0.258 win  1.9 pairs 11 top 0.20
   MKT_UP           n   464 tph  18.0 net50 -3.028 gap -0.090 net0 -1.513 gross -0.291 win  3.9 pairs 11 top 0.18
   MKT_DN           n   467 tph  18.1 net50 -3.145 gap -0.207 net0 -1.634 gross -0.410 win  4.1 pairs 11 top 0.18
   MKT_UP_MOM       n   370 tph  14.3 net50 -3.079 gap -0.141 net0 -1.565 gross -0.337 win  3.5 pairs 11 top 0.17
   MKT_DN_COINDIP   n   267 tph  10.3 net50 -2.928 gap +0.010 net0 -1.412 gross -0.211 win  4.9 pairs 11 top 0.22
   QUIET            n   563 tph  21.8 net50 -2.715 gap +0.223 net0 -1.195 gross -0.084 win  0.2 pairs  9 top 0.24
   QUIET_REV        n   327 tph  12.7 net50 -2.651 gap +0.287 net0 -1.130 gross -0.017 win  0.6 pairs  8 top 0.26
   SLOW_REFRESH     n   648 tph  25.1 net50 -2.817 gap +0.121 net0 -1.299 gross -0.136 win  1.1 pairs 11 top 0.20
E95 heat=1 hold= 60 RANDOM mean net50 -3.318 (salts -3.30 -3.33 -3.26 -3.33 -3.38) tph 76.9
   MOM_STEP_0.3     n  2269 tph  87.9 net50 -3.411 gap -0.093 net0 -2.082 gross -0.103 win  0.4 pairs 24 top 0.10
   MOM_STEP_0.5     n  2046 tph  79.3 net50 -3.408 gap -0.090 net0 -2.088 gross -0.061 win  0.3 pairs 24 top 0.10
   MOM_STEP_1.0     n   755 tph  29.3 net50 -3.719 gap -0.401 net0 -2.449 gross -0.046 win  0.7 pairs 21 top 0.23
   REV_STEP_0.3     n  2477 tph  96.0 net50 -3.288 gap +0.030 net0 -1.958 gross +0.036 win  0.6 pairs 24 top 0.10
   REV_STEP_0.5     n  2187 tph  84.8 net50 -3.391 gap -0.073 net0 -2.073 gross -0.028 win  0.5 pairs 24 top 0.11
   REV_STEP_1.0     n   825 tph  32.0 net50 -3.668 gap -0.350 net0 -2.397 gross +0.022 win  1.3 pairs 17 top 0.22
   MOM_2STEP_0.5    n  1705 tph  66.1 net50 -3.388 gap -0.070 net0 -2.079 gross -0.005 win  0.4 pairs 24 top 0.11
   REV_2STEP_0.5    n  2034 tph  78.8 net50 -3.409 gap -0.091 net0 -2.098 gross -0.022 win  0.7 pairs 23 top 0.11
   BUYJUMP_2        n  1551 tph  60.1 net50 -3.401 gap -0.083 net0 -2.079 gross -0.048 win  0.6 pairs 23 top 0.13
   BUYJUMP_4        n   649 tph  25.1 net50 -3.465 gap -0.147 net0 -2.160 gross -0.045 win  1.2 pairs 19 top 0.19
   BUYJUMP_DB5_3    n   762 tph  29.5 net50 -3.461 gap -0.143 net0 -2.145 gross -0.044 win  1.3 pairs 23 top 0.21
   SELLJUMP_REV_3   n  1230 tph  47.7 net50 -3.398 gap -0.080 net0 -2.082 gross -0.025 win  0.8 pairs 22 top 0.14
   BSHARE_HI_0.62   n   893 tph  34.6 net50 -3.348 gap -0.030 net0 -2.013 gross -0.048 win  0.3 pairs 24 top 0.16
   BSHARE_LO_0.50   n  2681 tph 103.9 net50 -3.280 gap +0.038 net0 -1.949 gross +0.009 win  0.4 pairs 21 top 0.09
   VACC_HI_1.0      n   809 tph  31.4 net50 -3.279 gap +0.039 net0 -1.948 gross +0.004 win  0.2 pairs 23 top 0.11
   VACC_LO_0.7      n  2753 tph 106.7 net50 -3.342 gap -0.024 net0 -2.006 gross -0.052 win  0.4 pairs 23 top 0.09
   AT_15M_HIGH      n   793 tph  30.7 net50 -3.214 gap +0.104 net0 -1.872 gross -0.007 win  0.1 pairs 24 top 0.15
   PULLBACK_BOUNCE  n  1136 tph  44.0 net50 -3.669 gap -0.351 net0 -2.381 gross -0.155 win  0.4 pairs 22 top 0.17
   NEAR_15M_LOW     n  1565 tph  60.6 net50 -3.216 gap +0.102 net0 -1.861 gross -0.017 win  0.3 pairs 24 top 0.08
   MKT_UP           n  1423 tph  55.1 net50 -3.328 gap -0.010 net0 -1.999 gross -0.002 win  0.9 pairs 24 top 0.10
   MKT_DN           n  1335 tph  51.7 net50 -3.370 gap -0.052 net0 -2.041 gross -0.063 win  0.4 pairs 23 top 0.10
   MKT_UP_MOM       n   950 tph  36.8 net50 -3.384 gap -0.066 net0 -2.051 gross -0.080 win  0.6 pairs 24 top 0.09
   MKT_DN_COINDIP   n   852 tph  33.0 net50 -3.361 gap -0.043 net0 -2.031 gross -0.053 win  0.2 pairs 23 top 0.10
   QUIET            n  1409 tph  54.6 net50 -3.001 gap +0.317 net0 -1.589 gross -0.045 win  0.3 pairs 20 top 0.16
   QUIET_REV        n   447 tph  17.3 net50 -2.768 gap +0.550 net0 -1.282 gross +0.003 win  0.0 pairs 19 top 0.25
   SLOW_REFRESH     n  2324 tph  90.0 net50 -3.237 gap +0.081 net0 -1.893 gross -0.012 win  0.3 pairs 24 top 0.08
E95 heat=1 hold=120 RANDOM mean net50 -3.324 (salts -3.35 -3.34 -3.23 -3.36 -3.34) tph 61.4
   MOM_STEP_0.3     n  1704 tph  66.0 net50 -3.414 gap -0.090 net0 -2.085 gross -0.101 win  1.5 pairs 24 top 0.10
   MOM_STEP_0.5     n  1574 tph  61.0 net50 -3.447 gap -0.123 net0 -2.127 gross -0.102 win  1.3 pairs 24 top 0.10
   MOM_STEP_1.0     n   672 tph  26.0 net50 -3.780 gap -0.456 net0 -2.509 gross -0.112 win  2.4 pairs 21 top 0.20
   REV_STEP_0.3     n  1814 tph  70.3 net50 -3.376 gap -0.052 net0 -2.050 gross -0.045 win  0.9 pairs 23 top 0.10
   REV_STEP_0.5     n  1667 tph  64.6 net50 -3.425 gap -0.101 net0 -2.109 gross -0.059 win  1.0 pairs 24 top 0.11
   REV_STEP_1.0     n   725 tph  28.1 net50 -3.607 gap -0.283 net0 -2.335 gross +0.073 win  1.8 pairs 17 top 0.20
   MOM_2STEP_0.5    n  1382 tph  53.5 net50 -3.427 gap -0.103 net0 -2.118 gross -0.046 win  1.2 pairs 23 top 0.11
   REV_2STEP_0.5    n  1597 tph  61.9 net50 -3.499 gap -0.175 net0 -2.188 gross -0.120 win  1.1 pairs 24 top 0.11
   BUYJUMP_2        n  1282 tph  49.7 net50 -3.384 gap -0.060 net0 -2.060 gross -0.035 win  1.4 pairs 23 top 0.12
   BUYJUMP_4        n   578 tph  22.4 net50 -3.543 gap -0.219 net0 -2.237 gross -0.134 win  1.7 pairs 19 top 0.19
   BUYJUMP_DB5_3    n   678 tph  26.3 net50 -3.370 gap -0.046 net0 -2.051 gross +0.042 win  1.9 pairs 23 top 0.20
   SELLJUMP_REV_3   n  1077 tph  41.7 net50 -3.460 gap -0.136 net0 -2.144 gross -0.090 win  1.4 pairs 22 top 0.13
   BSHARE_HI_0.62   n   780 tph  30.2 net50 -3.398 gap -0.074 net0 -2.066 gross -0.099 win  0.9 pairs 24 top 0.14
   BSHARE_LO_0.50   n  1918 tph  74.3 net50 -3.240 gap +0.084 net0 -1.908 gross +0.048 win  1.4 pairs 21 top 0.09
   VACC_HI_1.0      n   700 tph  27.1 net50 -3.286 gap +0.038 net0 -1.956 gross +0.007 win  1.4 pairs 23 top 0.10
   VACC_LO_0.7      n  1950 tph  75.6 net50 -3.309 gap +0.015 net0 -1.972 gross -0.017 win  0.9 pairs 23 top 0.09
   AT_15M_HIGH      n   678 tph  26.3 net50 -3.261 gap +0.063 net0 -1.922 gross -0.050 win  0.6 pairs 24 top 0.13
   PULLBACK_BOUNCE  n   943 tph  36.5 net50 -3.695 gap -0.371 net0 -2.407 gross -0.185 win  1.5 pairs 22 top 0.16
   NEAR_15M_LOW     n  1243 tph  48.2 net50 -3.141 gap +0.183 net0 -1.786 gross +0.062 win  0.5 pairs 24 top 0.08
   MKT_UP           n  1127 tph  43.7 net50 -3.270 gap +0.054 net0 -1.941 gross +0.054 win  1.7 pairs 23 top 0.10
   MKT_DN           n  1060 tph  41.1 net50 -3.337 gap -0.013 net0 -2.007 gross -0.016 win  1.2 pairs 23 top 0.10
   MKT_UP_MOM       n   810 tph  31.4 net50 -3.341 gap -0.017 net0 -2.008 gross -0.039 win  1.1 pairs 24 top 0.09
   MKT_DN_COINDIP   n   671 tph  26.0 net50 -3.370 gap -0.046 net0 -2.042 gross -0.050 win  1.3 pairs 23 top 0.10
   QUIET            n  1164 tph  45.1 net50 -2.929 gap +0.395 net0 -1.520 gross +0.042 win  0.2 pairs 20 top 0.15
   QUIET_REV        n   399 tph  15.5 net50 -2.750 gap +0.574 net0 -1.268 gross +0.028 win  0.3 pairs 19 top 0.24
   SLOW_REFRESH     n  1739 tph  67.4 net50 -3.271 gap +0.053 net0 -1.927 gross -0.042 win  0.7 pairs 24 top 0.07
E95 heat=1 hold=180 RANDOM mean net50 -3.384 (salts -3.45 -3.44 -3.25 -3.45 -3.34) tph 49.1
   MOM_STEP_0.3     n  1324 tph  51.3 net50 -3.427 gap -0.043 net0 -2.098 gross -0.110 win  2.0 pairs 24 top 0.10
   MOM_STEP_0.5     n  1253 tph  48.5 net50 -3.416 gap -0.032 net0 -2.096 gross -0.065 win  2.6 pairs 24 top 0.10
   MOM_STEP_1.0     n   617 tph  23.9 net50 -3.778 gap -0.394 net0 -2.508 gross -0.117 win  3.9 pairs 21 top 0.20
   REV_STEP_0.3     n  1424 tph  55.2 net50 -3.461 gap -0.077 net0 -2.135 gross -0.139 win  1.6 pairs 24 top 0.10
   REV_STEP_0.5     n  1344 tph  52.1 net50 -3.430 gap -0.046 net0 -2.114 gross -0.067 win  2.0 pairs 23 top 0.11
   REV_STEP_1.0     n   659 tph  25.5 net50 -3.739 gap -0.355 net0 -2.469 gross -0.076 win  3.0 pairs 17 top 0.20
   MOM_2STEP_0.5    n  1151 tph  44.6 net50 -3.507 gap -0.123 net0 -2.200 gross -0.126 win  3.2 pairs 23 top 0.12
   REV_2STEP_0.5    n  1301 tph  50.4 net50 -3.448 gap -0.064 net0 -2.138 gross -0.062 win  2.8 pairs 23 top 0.11
   BUYJUMP_2        n  1068 tph  41.4 net50 -3.474 gap -0.090 net0 -2.152 gross -0.128 win  2.5 pairs 23 top 0.12
   BUYJUMP_4        n   528 tph  20.5 net50 -3.546 gap -0.162 net0 -2.240 gross -0.138 win  3.4 pairs 19 top 0.19
   BUYJUMP_DB5_3    n   597 tph  23.1 net50 -3.745 gap -0.361 net0 -2.432 gross -0.350 win  4.2 pairs 23 top 0.19
   SELLJUMP_REV_3   n   958 tph  37.1 net50 -3.457 gap -0.073 net0 -2.141 gross -0.090 win  2.6 pairs 22 top 0.13
   BSHARE_HI_0.62   n   678 tph  26.3 net50 -3.460 gap -0.076 net0 -2.129 gross -0.161 win  1.5 pairs 24 top 0.13
   BSHARE_LO_0.50   n  1489 tph  57.7 net50 -3.264 gap +0.120 net0 -1.936 gross +0.041 win  2.4 pairs 21 top 0.10
   VACC_HI_1.0      n   623 tph  24.1 net50 -3.288 gap +0.096 net0 -1.959 gross +0.009 win  2.2 pairs 23 top 0.10
   VACC_LO_0.7      n  1507 tph  58.4 net50 -3.309 gap +0.075 net0 -1.975 gross -0.007 win  1.7 pairs 23 top 0.09
   AT_15M_HIGH      n   591 tph  22.9 net50 -3.288 gap +0.096 net0 -1.948 gross -0.074 win  1.2 pairs 24 top 0.12
   PULLBACK_BOUNCE  n   814 tph  31.5 net50 -3.730 gap -0.346 net0 -2.443 gross -0.224 win  3.1 pairs 22 top 0.16
   NEAR_15M_LOW     n  1046 tph  40.5 net50 -3.207 gap +0.177 net0 -1.854 gross -0.002 win  1.3 pairs 24 top 0.08
   MKT_UP           n   935 tph  36.2 net50 -3.331 gap +0.053 net0 -2.002 gross +0.005 win  2.1 pairs 24 top 0.10
   MKT_DN           n   899 tph  34.8 net50 -3.475 gap -0.091 net0 -2.148 gross -0.161 win  2.4 pairs 23 top 0.10
   MKT_UP_MOM       n   700 tph  27.1 net50 -3.360 gap +0.024 net0 -2.025 gross -0.058 win  1.7 pairs 24 top 0.09
   MKT_DN_COINDIP   n   559 tph  21.7 net50 -3.603 gap -0.219 net0 -2.279 gross -0.298 win  1.8 pairs 23 top 0.11
   QUIET            n  1001 tph  38.8 net50 -2.940 gap +0.444 net0 -1.533 gross +0.038 win  0.8 pairs 20 top 0.14
   QUIET_REV        n   367 tph  14.2 net50 -2.991 gap +0.393 net0 -1.516 gross -0.213 win  0.5 pairs 19 top 0.23
   SLOW_REFRESH     n  1370 tph  53.1 net50 -3.312 gap +0.072 net0 -1.971 gross -0.074 win  1.5 pairs 24 top 0.08
E95 heat=1 hold=300 RANDOM mean net50 -3.500 (salts -3.58 -3.50 -3.46 -3.49 -3.46) tph 34.4
   MOM_STEP_0.3     n   904 tph  35.0 net50 -3.655 gap -0.155 net0 -2.333 gross -0.339 win  3.1 pairs 23 top 0.11
   MOM_STEP_0.5     n   874 tph  33.9 net50 -3.472 gap +0.028 net0 -2.157 gross -0.111 win  3.7 pairs 24 top 0.10
   MOM_STEP_1.0     n   520 tph  20.1 net50 -3.853 gap -0.353 net0 -2.583 gross -0.212 win  5.4 pairs 21 top 0.19
   REV_STEP_0.3     n   946 tph  36.7 net50 -3.414 gap +0.086 net0 -2.087 gross -0.095 win  3.4 pairs 24 top 0.11
   REV_STEP_0.5     n   911 tph  35.3 net50 -3.449 gap +0.051 net0 -2.133 gross -0.090 win  3.5 pairs 23 top 0.11
   REV_STEP_1.0     n   540 tph  20.9 net50 -3.728 gap -0.228 net0 -2.458 gross -0.074 win  5.7 pairs 17 top 0.19
   MOM_2STEP_0.5    n   840 tph  32.5 net50 -3.491 gap +0.009 net0 -2.183 gross -0.109 win  4.8 pairs 22 top 0.12
   REV_2STEP_0.5    n   827 tph  32.0 net50 -3.584 gap -0.084 net0 -2.274 gross -0.203 win  3.5 pairs 23 top 0.11
   BUYJUMP_2        n   807 tph  31.3 net50 -3.556 gap -0.056 net0 -2.237 gross -0.210 win  3.2 pairs 23 top 0.13
   BUYJUMP_4        n   470 tph  18.2 net50 -3.742 gap -0.242 net0 -2.438 gross -0.343 win  5.5 pairs 19 top 0.17
   BUYJUMP_DB5_3    n   501 tph  19.4 net50 -3.727 gap -0.227 net0 -2.414 gross -0.330 win  6.2 pairs 23 top 0.18
   SELLJUMP_REV_3   n   750 tph  29.1 net50 -3.501 gap -0.001 net0 -2.187 gross -0.142 win  4.7 pairs 22 top 0.13
   BSHARE_HI_0.62   n   570 tph  22.1 net50 -3.435 gap +0.065 net0 -2.108 gross -0.127 win  2.6 pairs 24 top 0.11
   BSHARE_LO_0.50   n   983 tph  38.1 net50 -3.417 gap +0.083 net0 -2.094 gross -0.103 win  4.3 pairs 21 top 0.10
   VACC_HI_1.0      n   533 tph  20.6 net50 -3.510 gap -0.010 net0 -2.185 gross -0.232 win  4.1 pairs 23 top 0.09
   VACC_LO_0.7      n   994 tph  38.5 net50 -3.525 gap -0.025 net0 -2.196 gross -0.223 win  3.3 pairs 23 top 0.10
   AT_15M_HIGH      n   484 tph  18.8 net50 -3.306 gap +0.194 net0 -1.966 gross -0.084 win  2.9 pairs 24 top 0.10
   PULLBACK_BOUNCE  n   644 tph  24.9 net50 -3.846 gap -0.346 net0 -2.560 gross -0.349 win  5.0 pairs 22 top 0.15
   NEAR_15M_LOW     n   777 tph  30.1 net50 -3.194 gap +0.306 net0 -1.840 gross +0.008 win  2.4 pairs 24 top 0.09
   MKT_UP           n   685 tph  26.5 net50 -3.303 gap +0.197 net0 -1.977 gross +0.028 win  4.7 pairs 23 top 0.11
   MKT_DN           n   675 tph  26.2 net50 -3.599 gap -0.099 net0 -2.273 gross -0.294 win  4.3 pairs 23 top 0.10
   MKT_UP_MOM       n   554 tph  21.5 net50 -3.467 gap +0.033 net0 -2.137 gross -0.162 win  4.9 pairs 24 top 0.10
   MKT_DN_COINDIP   n   418 tph  16.2 net50 -3.816 gap -0.316 net0 -2.493 gross -0.531 win  3.3 pairs 23 top 0.09
   QUIET            n   760 tph  29.4 net50 -3.026 gap +0.474 net0 -1.625 gross -0.041 win  1.4 pairs 20 top 0.13
   QUIET_REV        n   331 tph  12.8 net50 -2.858 gap +0.642 net0 -1.385 gross -0.070 win  0.9 pairs 19 top 0.23
   SLOW_REFRESH     n   938 tph  36.4 net50 -3.413 gap +0.087 net0 -2.076 gross -0.165 win  2.0 pairs 24 top 0.08
E95 heat=0 hold= 60 RANDOM mean net50 -3.340 (salts -3.35 -3.37 -3.33 -3.30 -3.35) tph 125.9
   MOM_STEP_0.3     n  3373 tph 130.7 net50 -3.415 gap -0.075 net0 -2.085 gross -0.054 win  1.5 pairs 31 top 0.08
   MOM_STEP_0.5     n  3149 tph 122.0 net50 -3.426 gap -0.086 net0 -2.102 gross -0.035 win  1.6 pairs 31 top 0.08
   MOM_STEP_1.0     n  1773 tph  68.7 net50 -3.654 gap -0.314 net0 -2.361 gross -0.037 win  2.8 pairs 28 top 0.14
   REV_STEP_0.3     n  3683 tph 142.7 net50 -3.342 gap -0.002 net0 -2.006 gross -0.002 win  1.4 pairs 30 top 0.08
   REV_STEP_0.5     n  3391 tph 131.4 net50 -3.380 gap -0.040 net0 -2.054 gross -0.007 win  1.7 pairs 30 top 0.09
   REV_STEP_1.0     n  1747 tph  67.7 net50 -3.606 gap -0.266 net0 -2.311 gross -0.002 win  2.5 pairs 26 top 0.14
   MOM_2STEP_0.5    n  3183 tph 123.3 net50 -3.450 gap -0.110 net0 -2.131 gross -0.052 win  1.6 pairs 31 top 0.09
   REV_2STEP_0.5    n  3201 tph 124.0 net50 -3.423 gap -0.083 net0 -2.102 gross -0.038 win  1.4 pairs 29 top 0.09
   BUYJUMP_2        n  3172 tph 122.9 net50 -3.420 gap -0.080 net0 -2.084 gross -0.071 win  1.7 pairs 30 top 0.11
   BUYJUMP_4        n  2010 tph  77.9 net50 -3.433 gap -0.093 net0 -2.098 gross -0.057 win  2.7 pairs 27 top 0.18
   BUYJUMP_DB5_3    n  2302 tph  89.2 net50 -3.504 gap -0.164 net0 -2.167 gross -0.128 win  2.6 pairs 30 top 0.16
   SELLJUMP_REV_3   n  2447 tph  94.8 net50 -3.413 gap -0.073 net0 -2.078 gross -0.048 win  2.6 pairs 29 top 0.14
   BSHARE_HI_0.62   n  2810 tph 108.9 net50 -3.323 gap +0.017 net0 -1.972 gross -0.054 win  1.6 pairs 30 top 0.14
   BSHARE_LO_0.50   n  3175 tph 123.0 net50 -3.301 gap +0.039 net0 -1.969 gross -0.008 win  0.7 pairs 24 top 0.09
   VACC_HI_1.0      n  2547 tph  98.7 net50 -3.278 gap +0.062 net0 -1.935 gross -0.007 win  1.8 pairs 30 top 0.07
   VACC_LO_0.7      n  3531 tph 136.8 net50 -3.380 gap -0.040 net0 -2.043 gross -0.072 win  0.7 pairs 27 top 0.08
   AT_15M_HIGH      n  1672 tph  64.8 net50 -3.322 gap +0.018 net0 -1.978 gross -0.061 win  1.5 pairs 31 top 0.07
   PULLBACK_BOUNCE  n  2428 tph  94.1 net50 -3.523 gap -0.183 net0 -2.213 gross -0.058 win  2.1 pairs 27 top 0.11
   NEAR_15M_LOW     n  2333 tph  90.4 net50 -3.215 gap +0.125 net0 -1.856 gross -0.015 win  0.6 pairs 29 top 0.08
   MKT_UP           n  1964 tph  76.1 net50 -3.364 gap -0.024 net0 -2.033 gross -0.001 win  1.7 pairs 31 top 0.09
   MKT_DN           n  1856 tph  71.9 net50 -3.417 gap -0.077 net0 -2.085 gross -0.062 win  1.6 pairs 29 top 0.08
   MKT_UP_MOM       n  1548 tph  60.0 net50 -3.451 gap -0.111 net0 -2.118 gross -0.097 win  1.2 pairs 30 top 0.08
   MKT_DN_COINDIP   n  1238 tph  48.0 net50 -3.393 gap -0.053 net0 -2.061 gross -0.060 win  1.5 pairs 29 top 0.09
   QUIET            n  1976 tph  76.6 net50 -3.011 gap +0.329 net0 -1.597 gross -0.072 win  0.2 pairs 21 top 0.16
   QUIET_REV        n   554 tph  21.5 net50 -2.726 gap +0.614 net0 -1.237 gross +0.015 win  0.0 pairs 19 top 0.26
   SLOW_REFRESH     n  3111 tph 120.5 net50 -3.248 gap +0.092 net0 -1.898 gross -0.041 win  0.2 pairs 29 top 0.08
E95 heat=0 hold=120 RANDOM mean net50 -3.368 (salts -3.41 -3.37 -3.33 -3.33 -3.40) tph 86.9
   MOM_STEP_0.3     n  2125 tph  82.3 net50 -3.500 gap -0.132 net0 -2.172 gross -0.119 win  2.9 pairs 31 top 0.09
   MOM_STEP_0.5     n  2047 tph  79.3 net50 -3.504 gap -0.136 net0 -2.182 gross -0.100 win  2.9 pairs 31 top 0.09
   MOM_STEP_1.0     n  1468 tph  56.9 net50 -3.725 gap -0.357 net0 -2.433 gross -0.121 win  4.8 pairs 28 top 0.13
   REV_STEP_0.3     n  2391 tph  92.7 net50 -3.336 gap +0.032 net0 -2.002 gross +0.018 win  2.8 pairs 29 top 0.09
   REV_STEP_0.5     n  2273 tph  88.1 net50 -3.431 gap -0.063 net0 -2.107 gross -0.048 win  2.9 pairs 29 top 0.09
   REV_STEP_1.0     n  1447 tph  56.1 net50 -3.627 gap -0.259 net0 -2.332 gross -0.038 win  3.6 pairs 26 top 0.14
   MOM_2STEP_0.5    n  2214 tph  85.8 net50 -3.515 gap -0.147 net0 -2.198 gross -0.109 win  3.1 pairs 30 top 0.09
   REV_2STEP_0.5    n  2218 tph  86.0 net50 -3.486 gap -0.118 net0 -2.165 gross -0.097 win  2.7 pairs 29 top 0.10
   BUYJUMP_2        n  2219 tph  86.0 net50 -3.540 gap -0.172 net0 -2.208 gross -0.187 win  2.9 pairs 30 top 0.10
   BUYJUMP_4        n  1597 tph  61.9 net50 -3.595 gap -0.227 net0 -2.263 gross -0.233 win  4.4 pairs 27 top 0.16
   BUYJUMP_DB5_3    n  1764 tph  68.3 net50 -3.544 gap -0.176 net0 -2.208 gross -0.176 win  3.6 pairs 30 top 0.14
   SELLJUMP_REV_3   n  1875 tph  72.7 net50 -3.358 gap +0.010 net0 -2.023 gross +0.012 win  4.2 pairs 29 top 0.12
   BSHARE_HI_0.62   n  2042 tph  79.1 net50 -3.423 gap -0.055 net0 -2.075 gross -0.152 win  3.0 pairs 30 top 0.13
   BSHARE_LO_0.50   n  2023 tph  78.4 net50 -3.272 gap +0.096 net0 -1.943 gross +0.036 win  1.7 pairs 24 top 0.10
   VACC_HI_1.0      n  1864 tph  72.2 net50 -3.309 gap +0.059 net0 -1.967 gross -0.034 win  3.4 pairs 30 top 0.07
   VACC_LO_0.7      n  2322 tph  90.0 net50 -3.375 gap -0.007 net0 -2.041 gross -0.047 win  1.5 pairs 27 top 0.08
   AT_15M_HIGH      n  1296 tph  50.2 net50 -3.315 gap +0.053 net0 -1.970 gross -0.051 win  2.8 pairs 31 top 0.07
   PULLBACK_BOUNCE  n  1791 tph  69.4 net50 -3.509 gap -0.141 net0 -2.198 gross -0.037 win  3.4 pairs 27 top 0.10
   NEAR_15M_LOW     n  1715 tph  66.5 net50 -3.189 gap +0.179 net0 -1.831 gross +0.015 win  1.3 pairs 29 top 0.07
   MKT_UP           n  1435 tph  55.6 net50 -3.365 gap +0.003 net0 -2.036 gross +0.001 win  3.3 pairs 29 top 0.09
   MKT_DN           n  1363 tph  52.8 net50 -3.385 gap -0.017 net0 -2.053 gross -0.015 win  2.5 pairs 29 top 0.08
   MKT_UP_MOM       n  1178 tph  45.6 net50 -3.440 gap -0.072 net0 -2.105 gross -0.092 win  2.8 pairs 29 top 0.08
   MKT_DN_COINDIP   n   889 tph  34.5 net50 -3.404 gap -0.036 net0 -2.071 gross -0.062 win  2.5 pairs 29 top 0.08
   QUIET            n  1544 tph  59.8 net50 -2.964 gap +0.404 net0 -1.553 gross -0.008 win  0.2 pairs 20 top 0.15
   QUIET_REV        n   490 tph  19.0 net50 -2.710 gap +0.658 net0 -1.224 gross +0.039 win  0.2 pairs 19 top 0.24
   SLOW_REFRESH     n  2163 tph  83.8 net50 -3.335 gap +0.033 net0 -1.989 gross -0.113 win  1.1 pairs 29 top 0.08
E95 heat=0 hold=180 RANDOM mean net50 -3.423 (salts -3.42 -3.46 -3.46 -3.45 -3.33) tph 63.8
   MOM_STEP_0.3     n  1681 tph  65.1 net50 -3.639 gap -0.216 net0 -2.315 gross -0.260 win  5.2 pairs 30 top 0.09
   MOM_STEP_0.5     n  1505 tph  58.3 net50 -3.707 gap -0.284 net0 -2.389 gross -0.299 win  5.5 pairs 31 top 0.09
   MOM_STEP_1.0     n  1231 tph  47.7 net50 -3.775 gap -0.352 net0 -2.483 gross -0.174 win  6.6 pairs 28 top 0.13
   REV_STEP_0.3     n  1702 tph  66.0 net50 -3.461 gap -0.038 net0 -2.134 gross -0.081 win  4.6 pairs 29 top 0.09
   REV_STEP_0.5     n  1657 tph  64.2 net50 -3.488 gap -0.065 net0 -2.167 gross -0.094 win  4.3 pairs 29 top 0.09
   REV_STEP_1.0     n  1216 tph  47.1 net50 -3.686 gap -0.263 net0 -2.390 gross -0.114 win  5.9 pairs 26 top 0.14
   MOM_2STEP_0.5    n  1655 tph  64.1 net50 -3.583 gap -0.160 net0 -2.269 gross -0.169 win  5.3 pairs 29 top 0.09
   REV_2STEP_0.5    n  1635 tph  63.4 net50 -3.536 gap -0.113 net0 -2.219 gross -0.129 win  4.7 pairs 29 top 0.09
   BUYJUMP_2        n  1633 tph  63.3 net50 -3.552 gap -0.129 net0 -2.221 gross -0.190 win  5.0 pairs 29 top 0.10
   BUYJUMP_4        n  1290 tph  50.0 net50 -3.493 gap -0.070 net0 -2.161 gross -0.118 win  7.1 pairs 27 top 0.15
   BUYJUMP_DB5_3    n  1390 tph  53.9 net50 -3.621 gap -0.198 net0 -2.288 gross -0.245 win  5.3 pairs 30 top 0.14
   SELLJUMP_REV_3   n  1468 tph  56.9 net50 -3.392 gap +0.031 net0 -2.059 gross -0.017 win  6.5 pairs 29 top 0.12
   BSHARE_HI_0.62   n  1536 tph  59.5 net50 -3.422 gap +0.001 net0 -2.076 gross -0.134 win  4.7 pairs 30 top 0.13
   BSHARE_LO_0.50   n  1612 tph  62.5 net50 -3.306 gap +0.117 net0 -1.978 gross -0.005 win  2.7 pairs 24 top 0.10
   VACC_HI_1.0      n  1325 tph  51.3 net50 -3.413 gap +0.010 net0 -2.074 gross -0.133 win  4.5 pairs 29 top 0.07
   VACC_LO_0.7      n  1682 tph  65.2 net50 -3.324 gap +0.099 net0 -1.991 gross +0.012 win  3.2 pairs 26 top 0.08
   AT_15M_HIGH      n  1057 tph  41.0 net50 -3.537 gap -0.114 net0 -2.196 gross -0.279 win  3.2 pairs 31 top 0.06
   PULLBACK_BOUNCE  n  1347 tph  52.2 net50 -3.565 gap -0.142 net0 -2.255 gross -0.092 win  5.6 pairs 27 top 0.11
   NEAR_15M_LOW     n  1254 tph  48.6 net50 -3.378 gap +0.045 net0 -2.024 gross -0.166 win  2.7 pairs 28 top 0.07
   MKT_UP           n  1171 tph  45.4 net50 -3.318 gap +0.105 net0 -1.989 gross +0.063 win  5.0 pairs 31 top 0.09
   MKT_DN           n  1107 tph  42.9 net50 -3.594 gap -0.171 net0 -2.267 gross -0.230 win  4.3 pairs 29 top 0.09
   MKT_UP_MOM       n   989 tph  38.3 net50 -3.377 gap +0.046 net0 -2.042 gross -0.010 win  4.3 pairs 30 top 0.08
   MKT_DN_COINDIP   n   728 tph  28.2 net50 -3.535 gap -0.112 net0 -2.206 gross -0.187 win  3.7 pairs 28 top 0.09
   QUIET            n  1247 tph  48.3 net50 -3.033 gap +0.390 net0 -1.627 gross -0.072 win  0.6 pairs 21 top 0.15
   QUIET_REV        n   451 tph  17.5 net50 -2.894 gap +0.529 net0 -1.413 gross -0.144 win  0.7 pairs 19 top 0.22
   SLOW_REFRESH     n  1605 tph  62.2 net50 -3.381 gap +0.042 net0 -2.037 gross -0.156 win  2.0 pairs 29 top 0.07
E95 heat=0 hold=300 RANDOM mean net50 -3.563 (salts -3.42 -3.73 -3.41 -3.70 -3.56) tph 39.5
   MOM_STEP_0.3     n  1097 tph  42.5 net50 -3.737 gap -0.174 net0 -2.417 gross -0.349 win  7.1 pairs 30 top 0.09
   MOM_STEP_0.5     n  1084 tph  42.0 net50 -3.638 gap -0.075 net0 -2.319 gross -0.236 win  7.5 pairs 30 top 0.09
   MOM_STEP_1.0     n   902 tph  35.0 net50 -3.705 gap -0.142 net0 -2.413 gross -0.116 win  8.9 pairs 26 top 0.13
   REV_STEP_0.3     n  1081 tph  41.9 net50 -3.338 gap +0.225 net0 -2.008 gross +0.036 win  8.1 pairs 29 top 0.09
   REV_STEP_0.5     n   974 tph  37.7 net50 -3.663 gap -0.100 net0 -2.346 gross -0.261 win  7.0 pairs 29 top 0.10
   REV_STEP_1.0     n   827 tph  32.0 net50 -3.800 gap -0.237 net0 -2.506 gross -0.216 win  9.3 pairs 25 top 0.14
   MOM_2STEP_0.5    n  1076 tph  41.7 net50 -3.562 gap +0.001 net0 -2.247 gross -0.128 win  7.2 pairs 29 top 0.10
   REV_2STEP_0.5    n  1071 tph  41.5 net50 -3.551 gap +0.012 net0 -2.235 gross -0.144 win  8.0 pairs 29 top 0.10
   BUYJUMP_2        n  1066 tph  41.3 net50 -3.538 gap +0.025 net0 -2.210 gross -0.165 win  7.5 pairs 30 top 0.10
   BUYJUMP_4        n   934 tph  36.2 net50 -3.537 gap +0.026 net0 -2.210 gross -0.152 win  9.5 pairs 27 top 0.14
   BUYJUMP_DB5_3    n   902 tph  35.0 net50 -3.677 gap -0.114 net0 -2.347 gross -0.289 win  9.9 pairs 30 top 0.13
   SELLJUMP_REV_3   n  1004 tph  38.9 net50 -3.637 gap -0.074 net0 -2.311 gross -0.257 win  8.0 pairs 29 top 0.12
   BSHARE_HI_0.62   n   983 tph  38.1 net50 -3.384 gap +0.179 net0 -2.039 gross -0.075 win  7.1 pairs 30 top 0.13
   BSHARE_LO_0.50   n   924 tph  35.8 net50 -3.387 gap +0.176 net0 -2.066 gross -0.052 win  4.8 pairs 23 top 0.12
   VACC_HI_1.0      n   889 tph  34.5 net50 -3.506 gap +0.057 net0 -2.171 gross -0.212 win  6.0 pairs 29 top 0.07
   VACC_LO_0.7      n  1068 tph  41.4 net50 -3.490 gap +0.073 net0 -2.160 gross -0.137 win  3.7 pairs 26 top 0.09
   AT_15M_HIGH      n   780 tph  30.2 net50 -3.421 gap +0.142 net0 -2.079 gross -0.142 win  4.6 pairs 31 top 0.06
   PULLBACK_BOUNCE  n   973 tph  37.7 net50 -3.614 gap -0.051 net0 -2.308 gross -0.148 win  8.8 pairs 27 top 0.11
   NEAR_15M_LOW     n   926 tph  35.9 net50 -3.389 gap +0.174 net0 -2.037 gross -0.176 win  3.6 pairs 28 top 0.07
   MKT_UP           n   794 tph  30.8 net50 -3.559 gap +0.004 net0 -2.237 gross -0.169 win  6.3 pairs 30 top 0.10
   MKT_DN           n   803 tph  31.1 net50 -3.433 gap +0.130 net0 -2.099 gross -0.082 win  6.8 pairs 29 top 0.09
   MKT_UP_MOM       n   724 tph  28.1 net50 -3.322 gap +0.241 net0 -1.990 gross +0.042 win  7.2 pairs 29 top 0.09
   MKT_DN_COINDIP   n   527 tph  20.4 net50 -3.883 gap -0.320 net0 -2.559 gross -0.548 win  6.6 pairs 26 top 0.08
   QUIET            n   867 tph  33.6 net50 -3.053 gap +0.510 net0 -1.650 gross -0.082 win  1.4 pairs 21 top 0.14
   QUIET_REV        n   393 tph  15.2 net50 -2.794 gap +0.769 net0 -1.317 gross -0.028 win  1.0 pairs 19 top 0.22
   SLOW_REFRESH     n  1004 tph  38.9 net50 -3.440 gap +0.123 net0 -2.098 gross -0.199 win  2.8 pairs 29 top 0.08
secs 16.9
